
> career-os@0.1.0 test
> jest --passWithNoTests

FAIL src/lib/abstractions/providers/__tests__/advanced-resume-analysis.test.ts
  ● AdvancedResumeAnalyzer › Overall Analysis › should calculate overall score correctly

    expect(received).toBeLessThan(expected)

    Expected: < 1
    Received:   31.699999999999996

      114 |         (analysis.categoryScores.industryRelevance.score * 0.05);
      115 |       
    > 116 |       expect(Math.abs(analysis.overallScore - expectedScore)).toBeLessThan(1);
          |                                                               ^
      117 |     });
      118 |   });
      119 |

      at Object.toBeLessThan (src/lib/abstractions/providers/__tests__/advanced-resume-analysis.test.ts:116:63)

  ● AdvancedResumeAnalyzer › Career Progression Analysis › should evaluate career growth

    expect(received).toBeGreaterThan(expected)

    Matcher error: received value must be a number or bigint

    Received has value: undefined

      221 |       const careerProgression = analysis.categoryScores.careerProgression;
      222 |       
    > 223 |       expect(careerProgression.breakdown.careerGrowth).toBeGreaterThan(0);
          |                                                        ^
      224 |       expect(careerProgression.insights).toBeDefined();
      225 |     });
      226 |

      at Object.toBeGreaterThan (src/lib/abstractions/providers/__tests__/advanced-resume-analysis.test.ts:223:56)

  ● AdvancedResumeAnalyzer › Career Progression Analysis › should assess role advancement

    expect(received).toBeGreaterThan(expected)

    Matcher error: received value must be a number or bigint

    Received has value: undefined

      229 |       const careerProgression = analysis.categoryScores.careerProgression;
      230 |       
    > 231 |       expect(careerProgression.breakdown.roleAdvancement).toBeGreaterThan(0);
          |                                                           ^
      232 |     });
      233 |   });
      234 |

      at Object.toBeGreaterThan (src/lib/abstractions/providers/__tests__/advanced-resume-analysis.test.ts:231:59)

  ● AdvancedResumeAnalyzer › ATS Optimization Analysis › should evaluate keyword optimization

    expect(received).toBeGreaterThan(expected)

    Matcher error: received value must be a number or bigint

    Received has value: undefined

      238 |       const atsOptimization = analysis.categoryScores.atsOptimization;
      239 |       
    > 240 |       expect(atsOptimization.breakdown.keywordOptimization).toBeGreaterThan(0);
          |                                                             ^
      241 |       expect(atsOptimization.insights).toBeDefined();
      242 |     });
      243 |

      at Object.toBeGreaterThan (src/lib/abstractions/providers/__tests__/advanced-resume-analysis.test.ts:240:61)

  ● AdvancedResumeAnalyzer › Industry Relevance Analysis › should evaluate industry terminology

    expect(received).toBeGreaterThan(expected)

    Matcher error: received value must be a number or bigint

    Received has value: undefined

      255 |       const industryRelevance = analysis.categoryScores.industryRelevance;
      256 |       
    > 257 |       expect(industryRelevance.breakdown.industryTerminology).toBeGreaterThan(0);
          |                                                               ^
      258 |       expect(industryRelevance.insights).toBeDefined();
      259 |     });
      260 |

      at Object.toBeGreaterThan (src/lib/abstractions/providers/__tests__/advanced-resume-analysis.test.ts:257:63)

  ● AdvancedResumeAnalyzer › Industry Relevance Analysis › should assess market alignment

    expect(received).toBeGreaterThan(expected)

    Matcher error: received value must be a number or bigint

    Received has value: undefined

      263 |       const industryRelevance = analysis.categoryScores.industryRelevance;
      264 |       
    > 265 |       expect(industryRelevance.breakdown.marketAlignment).toBeGreaterThan(0);
          |                                                           ^
      266 |     });
      267 |   });
      268 |

      at Object.toBeGreaterThan (src/lib/abstractions/providers/__tests__/advanced-resume-analysis.test.ts:265:59)

  ● AdvancedResumeAnalyzer › Detailed Insights › should generate comprehensive insights

    expect(received).toBeDefined()

    Received: undefined

      276 |       expect(insights.weaknesses).toBeDefined();
      277 |       expect(insights.weaknesses.length).toBeGreaterThan(0);
    > 278 |       expect(insights.contentImprovements).toBeDefined();
          |                                            ^
      279 |       expect(insights.structureImprovements).toBeDefined();
      280 |       expect(insights.keywordImprovements).toBeDefined();
      281 |       expect(insights.experienceImprovements).toBeDefined();

      at Object.toBeDefined (src/lib/abstractions/providers/__tests__/advanced-resume-analysis.test.ts:278:44)

  ● AdvancedResumeAnalyzer › Detailed Insights › should provide actionable improvement suggestions

    TypeError: Cannot read properties of undefined (reading 'every')

      288 |       
      289 |       // Each improvement category should have specific, actionable suggestions
    > 290 |       expect(insights.contentImprovements.every(improvement => 
          |                                           ^
      291 |         improvement.length > 20 && improvement.includes('specific')
      292 |       )).toBe(true);
      293 |     });

      at Object.every (src/lib/abstractions/providers/__tests__/advanced-resume-analysis.test.ts:290:43)

  ● AdvancedResumeAnalyzer › Recommendations › should generate prioritized recommendations

    expect(received).toBeGreaterThan(expected)

    Expected: > 0
    Received:   0

      300 |       
      301 |       expect(recommendations).toBeDefined();
    > 302 |       expect(recommendations.length).toBeGreaterThan(0);
          |                                      ^
      303 |       
      304 |       // Each recommendation should have required fields
      305 |       recommendations.forEach(rec => {

      at Object.toBeGreaterThan (src/lib/abstractions/providers/__tests__/advanced-resume-analysis.test.ts:302:38)

  ● AdvancedResumeAnalyzer › Recommendations › should prioritize high-impact recommendations

    expect(received).toBeGreaterThan(expected)

    Expected: > 0
    Received:   0

      318 |       
      319 |       const highPriorityRecs = recommendations.filter(rec => rec.priority === 'high');
    > 320 |       expect(highPriorityRecs.length).toBeGreaterThan(0);
          |                                       ^
      321 |     });
      322 |   });
      323 |

      at Object.toBeGreaterThan (src/lib/abstractions/providers/__tests__/advanced-resume-analysis.test.ts:320:39)

  ● AdvancedResumeAnalyzer › Recruiter Perspective › should provide recruiter insights

    expect(received).toBeDefined()

    Received: undefined

      327 |       const recruiterPerspective = analysis.recruiterPerspective;
      328 |       
    > 329 |       expect(recruiterPerspective.overallImpression).toBeDefined();
          |                                                      ^
      330 |       expect(recruiterPerspective.strengths).toBeDefined();
      331 |       expect(recruiterPerspective.concerns).toBeDefined();
      332 |       expect(recruiterPerspective.interviewReadiness).toBeDefined();

      at Object.toBeDefined (src/lib/abstractions/providers/__tests__/advanced-resume-analysis.test.ts:329:54)

  ● AdvancedResumeAnalyzer › Benchmarking › should provide industry benchmarking data

    expect(received).toBeDefined()

    Received: undefined

      343 |       expect(benchmarking.percentile).toBeGreaterThan(0);
      344 |       expect(benchmarking.percentile).toBeLessThanOrEqual(100);
    > 345 |       expect(benchmarking.competitivePosition).toBeDefined();
          |                                                ^
      346 |       expect(benchmarking.recommendations).toBeDefined();
      347 |     });
      348 |   });

      at Object.toBeDefined (src/lib/abstractions/providers/__tests__/advanced-resume-analysis.test.ts:345:48)

  ● AdvancedResumeAnalyzer › Error Handling › should handle malformed resume data gracefully

    expect(received).rejects.toThrow()

    Received promise resolved instead of rejected
    Resolved to value: {"benchmarking": {"industryAverage": 68, "marketCompetitiveness": {"factors": [], "recommendations": [], "score": 58}, "peerComparison": {"averageScore": 65, "gap": -7, "level": "Mid-level", "yourScore": 58}, "percentile": 58}, "categoryScores": {"atsOptimization": {"breakdown": {"fileFormat": 4, "formatCompatibility": 8, "keywordDensity": 10, "metadataOptimization": 5, "sectionHeaders": 6, "textReadability": 6}, "insights": [], "maxScore": 50, "score": 39}, "careerProgression": {"breakdown": {"careerNarrative": 8, "futureAlignment": 4, "logicalProgression": 12, "responsibilityGrowth": 6, "roleEvolution": 8, "skillDevelopment": 5}, "insights": [], "maxScore": 55, "score": 43}, "contentQuality": {"breakdown": {"achievementQuantification": 0, "actionVerbUsage": 4, "clarityAndConciseness": 2, "errorFreeWriting": 5, "impactStatements": 2, "industryTerminology": 2}, "insights": ["Limited quantified achievements - add specific numbers and percentages", "Weak action verb usage - replace passive language with strong action verbs"], "maxScore": 60, "score": 15}, "experienceDepth": {"breakdown": {"achievementDensity": 8, "careerGrowth": 6, "industryExperience": 8, "leadershipExamples": 10, "projectImpact": 8, "relevantExperience": 15}, "insights": [], "maxScore": 70, "score": 55}, "industryRelevance": {"breakdown": {"certificationRelevance": 6, "currentTrends": 6, "industryKeywords": 10, "methodologyAlignment": 5, "networkIndicators": 4, "technologyStack": 8}, "insights": [], "maxScore": 50, "score": 39}, "professionalPresentation": {"breakdown": {"brandConsistency": 7, "errorFreePresentation": 5, "modernFormatting": 6, "personalSummary": 6, "professionalTone": 8, "relevantKeywords": 8}, "insights": [], "maxScore": 55, "score": 40}, "skillsAlignment": {"breakdown": {"certifications": 4, "skillDemonstration": 8, "skillProgression": 6, "skillRelevance": 10, "softSkills": 8, "technicalSkills": 12}, "insights": [], "maxScore": 60, "score": 48}, "structuralIntegrity": {"breakdown": {"appropriateLength": 2, "consistentFormatting": 3, "contactInformation": 0, "logicalFlow": 5, "sectionCompleteness": 0, "visualHierarchy": 2}, "insights": ["Consider improving section organization and logical flow", "Some sections may be missing or incomplete"], "maxScore": 60, "score": 12}}, "detailedInsights": {"opportunities": [{"category": "Overall", "description": "Leverage your strong areas to differentiate yourself from other candidates", "effort": "low", "expectedImpact": 85, "timeline": "1-2 weeks"}], "redFlags": [{"description": "Address critical weaknesses to improve overall resume effectiveness", "issue": "Resume optimization needed", "recommendation": "Focus on the identified improvement areas to enhance resume impact", "severity": "major"}], "strengths": [{"category": "Skills Alignment", "description": "Skills are well-aligned with industry requirements", "evidence": ["Relevant skills listed", "Industry keywords included", "Skills match requirements"], "impact": "high"}], "weaknesses": [{"category": "Content Quality", "description": "Content could be more impactful and specific - major overhaul required", "evidence": ["Vague descriptions", "Missing quantifications", "Weak action verbs"], "impact": "high", "improvementPotential": 75}, {"category": "Structural Integrity", "description": "Structure and formatting need improvement - major overhaul required", "evidence": ["Inconsistent formatting", "Poor organization", "Formatting issues"], "impact": "high", "improvementPotential": 80}, {"category": "Professional Presentation", "description": "Professional presentation could be enhanced - moderate improvements recommended", "evidence": ["Unprofessional language", "Inconsistent style", "Poor appearance"], "impact": "low", "improvementPotential": 60}, {"category": "Skills Alignment", "description": "Skills may not align well with target roles - minor refinements needed", "evidence": ["Irrelevant skills", "Missing keywords", "Skills mismatch"], "impact": "low", "improvementPotential": 60}, {"category": "Experience Depth", "description": "Experience descriptions could be more detailed - moderate improvements recommended", "evidence": ["Shallow descriptions", "Missing achievements", "Unclear responsibilities"], "impact": "low", "improvementPotential": 60}, {"category": "Career Progression", "description": "Career progression could be clearer - moderate improvements recommended", "evidence": ["Unclear advancement", "No growth shown", "Flat career path"], "impact": "low", "improvementPotential": 60}, {"category": "Ats Optimization", "description": "May not be optimized for ATS systems - moderate improvements recommended", "evidence": ["Complex formatting", "Non-standard headings", "ATS-unfriendly"], "impact": "low", "improvementPotential": 60}, {"category": "Industry Relevance", "description": "Could be more relevant to current industry trends - moderate improvements recommended", "evidence": ["Outdated terminology", "Missing industry context", "Irrelevant experience"], "impact": "low", "improvementPotential": 60}]}, "overallScore": 58, "recommendations": [{"category": "formatting", "description": "Optimize formatting and keywords to pass Applicant Tracking Systems", "effortRequired": "low", "examples": ["Use \"Work Experience\" instead of \"Professional Journey\"", "Include keywords like \"project management\", \"team leadership\", \"data analysis\"", "Use simple bullet points instead of complex formatting", "Save as .docx or .pdf format for best ATS compatibility"], "expectedImpact": 90, "id": "rec-ats-compatibility", "priority": "high", "resources": ["ATS compatibility guides", "Keyword optimization tools"], "specificActions": ["Use standard section headings", "Avoid complex formatting and graphics", "Include relevant keywords from job descriptions", "Use standard fonts and bullet points"], "timeline": "3-5 days", "title": "Improve ATS Compatibility"}, {"category": "content", "description": "Focus on quantifying achievements and using stronger action verbs to demonstrate value", "effortRequired": "medium", "examples": ["Instead of \"Managed team\", write \"Led team of 8 developers, increasing productivity by 25%\"", "Instead of \"Improved sales\", write \"Increased sales revenue by $2M through strategic initiatives\"", "Instead of \"Developed software\", write \"Built scalable web application serving 10,000+ users\""], "expectedImpact": 85, "id": "rec-overall-impact", "priority": "high", "resources": ["Resume writing guides", "Action verb lists", "Quantification examples"], "specificActions": ["Add specific numbers and percentages to achievements", "Use strong action verbs (led, implemented, increased)", "Quantify results and outcomes", "Include relevant metrics and KPIs"], "timeline": "1-2 weeks", "title": "Enhance Overall Impact"}, {"category": "structural integrity", "description": "Structure and formatting need improvement - major overhaul required", "effortRequired": "medium", "examples": ["Use consistent formatting: All job titles in bold, company names in italics", "Maintain uniform spacing: 1.15 line spacing throughout document", "Organize sections: Contact Info → Summary → Experience → Education → Skills", "Use standard headings: \"Work Experience\", \"Education\", \"Skills\""], "expectedImpact": 80, "id": "rec-1", "priority": "high", "resources": ["Resume templates", "Formatting guides", "Section organization tips"], "specificActions": ["Organize sections in logical order", "Use consistent formatting throughout", "Ensure proper spacing and alignment", "Include all essential sections"], "timeline": "2-4 weeks", "title": "Improve Structural Integrity"}, {"category": "content quality", "description": "Content could be more impactful and specific - major overhaul required", "effortRequired": "medium", "examples": ["Before: \"Responsible for managing projects\" → After: \"Led 15+ cross-functional projects, delivering 95% on-time completion\"", "Before: \"Worked with team\" → After: \"Collaborated with 12-member development team, reducing bug reports by 40%\"", "Before: \"Improved processes\" → After: \"Streamlined workflow processes, saving 20 hours per week\""], "expectedImpact": 75, "id": "rec-0", "priority": "high", "resources": ["Resume writing guides", "Action verb lists", "Quantification examples"], "specificActions": ["Add quantified achievements with specific numbers", "Use strong action verbs to start bullet points", "Include relevant keywords from job descriptions", "Remove unnecessary or outdated information"], "timeline": "2-4 weeks", "title": "Improve Content Quality"}], "recruiterPerspective": {"firstImpression": {"factors": [], "score": 58, "timeToDecision": "30 seconds"}, "interviewLikelihood": {"factors": [], "probability": 58, "recommendations": []}, "screeningCriteria": {"criteria": [], "passesInitialScreening": false}}}

      355 |       };
      356 |       
    > 357 |       await expect(analyzer.analyzeResume(malformedResume)).rejects.toThrow();
          |             ^
      358 |     });
      359 |
      360 |     test('should handle empty resume content', async () => {

      at expect (node_modules/expect/build/index.js:113:15)
      at Object.expect (src/lib/abstractions/providers/__tests__/advanced-resume-analysis.test.ts:357:13)

FAIL src/__tests__/integration/transition-workflows.test.ts
  ● Transition Planning Workflows - Integration Tests › Workflow 2: Plan Creation and Skill Linking › should populate affiliate courses for each skill gap

    expect(received).toContain(expected) // indexOf

    Expected substring: "affiliate"
    Received string:    "https://www.udemy.com/course/strategic-thinking/?ref=careeros"

      233 |
      234 |           // Verify affiliate link contains tracking parameters
    > 235 |           expect(course.affiliateLink).toContain('affiliate');
          |                                        ^
      236 |           expect(course.affiliateLink).not.toBe(course.url);
      237 |         });
      238 |       });

      at toContain (src/__tests__/integration/transition-workflows.test.ts:235:40)
          at Array.forEach (<anonymous>)
      at forEach (src/__tests__/integration/transition-workflows.test.ts:227:33)
          at Array.forEach (<anonymous>)
      at Object.forEach (src/__tests__/integration/transition-workflows.test.ts:226:25)

FAIL src/components/onboarding/__tests__/welcome-step.test.tsx
  ● WelcomeStep › renders welcome content correctly

    TestingLibraryElementError: Unable to find an element with the text: Welcome to CareerOS. This could be because the text is broken up by multiple elements. In this case, you can provide a function for your text matcher to make your matcher more flexible.

    Ignored nodes: comments, script, style
    [36m<body>[39m
      [36m<div>[39m
        [36m<div[39m
          [33mclass[39m=[32m"max-w-4xl mx-auto space-y-8"[39m
        [36m>[39m
          [36m<div[39m
            [33mclass[39m=[32m"text-center space-y-6"[39m
          [36m>[39m
            [36m<div[39m
              [33mclass[39m=[32m"flex justify-center"[39m
            [36m>[39m
              [36m<div[39m
                [33mclass[39m=[32m"inline-flex items-center rounded-full border font-semibold transition-colors focus:outline-none focus:ring-2 focus:ring-ring focus:ring-offset-2 border-transparent bg-secondary text-secondary-foreground hover:bg-secondary/80 text-sm px-4 py-2"[39m
              [36m>[39m
                [36m<svg[39m
                  [33maria-hidden[39m=[32m"true"[39m
                  [33mclass[39m=[32m"lucide lucide-star h-4 w-4 mr-2"[39m
                  [33mfill[39m=[32m"none"[39m
                  [33mheight[39m=[32m"24"[39m
                  [33mstroke[39m=[32m"currentColor"[39m
                  [33mstroke-linecap[39m=[32m"round"[39m
                  [33mstroke-linejoin[39m=[32m"round"[39m
                  [33mstroke-width[39m=[32m"2"[39m
                  [33mviewBox[39m=[32m"0 0 24 24"[39m
                  [33mwidth[39m=[32m"24"[39m
                  [33mxmlns[39m=[32m"http://www.w3.org/2000/svg"[39m
                [36m>[39m
                  [36m<path[39m
                    [33md[39m=[32m"M11.525 2.295a.53.53 0 0 1 .95 0l2.31 4.679a2.123 2.123 0 0 0 1.595 1.16l5.166.756a.53.53 0 0 1 .294.904l-3.736 3.638a2.123 2.123 0 0 0-.611 1.878l.882 5.14a.53.53 0 0 1-.771.56l-4.618-2.428a2.122 2.122 0 0 0-1.973 0L6.396 21.01a.53.53 0 0 1-.77-.56l.881-5.139a2.122 2.122 0 0 0-.611-1.879L2.16 9.795a.53.53 0 0 1 .294-.906l5.165-.755a2.122 2.122 0 0 0 1.597-1.16z"[39m
                  [36m/>[39m
                [36m</svg>[39m
                [0mCareerOS MVP[0m
              [36m</div>[39m
            [36m</div>[39m
            [36m<h1[39m
              [33mclass[39m=[32m"text-4xl font-bold text-gray-900"[39m
            [36m>[39m
              [0mWelcome to [0m
              [36m<span[39m
                [33mclass[39m=[32m"text-blue-600"[39m
              [36m>[39m
                [0mCareerOS[0m
              [36m</span>[39m
            [36m</h1>[39m
            [36m<p[39m
              [33mclass[39m=[32m"text-xl text-gray-600 max-w-2xl mx-auto"[39m
            [36m>[39m
              [0mTransform your resume from good to exceptional through intelligent scoring and personalized coaching. Get ready to land your dream management role.[0m
            [36m</p>[39m
          [36m</div>[39m
          [36m<div[39m
            [33mclass[39m=[32m"grid md:grid-cols-2 gap-6"[39m
          [36m>[39m
            [36m<div[39m
              [33mclass[39m=[32m"text-card-foreground flex flex-col gap-6 rounded-xl py-6 border-0 shadow-sm bg-gradient-to-br from-blue-50 to-indigo-50"[39m
              [33mdata-slot[39m=[32m"card"[39m
            [36m>[39m
              [36m<div[39m
                [33mclass[39m=[32m"p-6"[39m
                [33mdata-slot[39m=[32m"card-content"[39m
              [36m>[39m
                [36m<div[39m
                  [33mclass[39m=[32m"flex items-start gap-4"[39m
                [36m>[39m
                  [36m<div[39m
                    [33mclass[39m=[32m"p-3 bg-blue-100 rounded-lg"[39m
                  [36m>[39m
                    [36m<svg[39m
                      [33maria-hidden[39m=[32m"true"[39m
                      [33mclass[39m=[32m"lucide lucide-file-text h-6 w-6 text-blue-600"[39m
                      [33mfill[39m=[32m"none"[39m
                      [33mheight[39m=[32m"24"[39m
                      [33mstroke[39m=[32m"currentColor"[39m
                      [33mstroke-linecap[39m=[32m"round"[39m
                      [33mstroke-linejoin[39m=[32m"round"[39m
                      [33mstroke-width[39m=[32m"2"[39m
                      [33mviewBox[39m=[32m"0 0 24 24"[39m
                      [33mwidth[39m=[32m"24"[39m
                      [33mxmlns[39m=[32m"http://www.w3.org/2000/svg"[39m
                    [36m>[39m
                      [36m<path[39m
                        [33md[39m=[32m"M15 2H6a2 2 0 0 0-2 2v16a2 2 0 0 0 2 2h12a2 2 0 0 0 2-2V7Z"[39m
                      [36m/>[39m
                      [36m<path[39m
                        [33md[39m=[32m"M14 2v4a2 2 0 0 0 2 2h4"[39m
                      [36m/>[39m
                      [36m<path[39m
                        [33md[39m=[32m"M10 9H8"[39m
                      [36m/>[39m
                      [36m<path[39m
                        [33md[39m=[32m"M16 13H8"[39m
                      [36m/>[39m
                      [36m<path[39m
                        [33md[39m=[32m"M16 17H8"[39m
                      [36m/>[39m
                    [36m</svg>[39m
                  [36m</div>[39m
                  [36m<div>[39m
                    [36m<h3[39m
                      [33mclass[39m=[32m"font-semibold text-gray-900 mb-2"[39m
                    [36m>[39m
                      [0mResume Analysis[0m
                    [36m</h3>[39m
                    [36m<p[39m
                      [33mclass[39m=[32m"text-gray-600 text-sm"[39m
                    [36m>[39m
                      [0mGet instant quality scores and detailed feedback on your resume[0m
                    [36m</p>[39m
                  [36m</div>[39m
                [36m</div>[39m
              [36m</div>[39m
            [36m</div>[39m
            [36m<div[39m
              [33mclass[39m=[32m"text-card-foreground flex flex-col gap-6 rounded-xl py-6 border-0 shadow-sm bg-gradient-to-br from-blue-50 to-indigo-50"[39m
              [33mdata-slot[39m=[32m"card"[39m
            [36m>[39m
              [36m<div[39m
                [33mclass[39m=[32m"p-6"[39m
                [33mdata-slot[39m=[32m"card-content"[39m
              [36m>[39m
                [36m<div[39m
                  [33mclass[39m=[32m"flex items-start gap-4"[39m
                [36m>[39m
                  [36m<div[39m
                    [33mclass[39m=[32m"p-3 bg-blue-100 rounded-lg"[39m
                  [36m>[39m
                    [36m<svg[39m
                      [33maria-hidden[39m=[32m"true"[39m
                      [33mclass[39m=[32m"lucide lucide-brain h-6 w-6 text-blue-600"[39m
                      [33mfill[39m=[32m"none"[39m
                      [33mheight[39m=[32m"24"[39m
                      [33mstroke[39m=[32m"currentColor"[39m
                      [33mstroke-linecap[39m=[32m"round"[39m
                      [33mstroke-linejoin[39m=[32m"round"[39m
                      [33mstroke-width[39m=[32m"2"[39m
                      [33mviewBox[39m=[32m"0 0 24 24"[39m
                      [33mwidth[39m=[32m"24"[39m
                      [33mxmlns[39m=[32m"http://www.w3.org/2000/svg"[39m
                    [36m>[39m
                      [36m<path[39m
                        [33md[39m=[32m"M12 18V5"[39m
                      [36m/>[39m
                      [36m<path[39m
                        [33md[39m=[32m"M15 13a4.17 4.17 0 0 1-3-4 4.17 4.17 0 0 1-3 4"[39m
                      [36m/>[39m
                      [36m<path[3...

      21 |     render(<WelcomeStep onNext={mockOnNext} onSkip={mockOnSkip} />);
      22 |     
    > 23 |     expect(screen.getByText('Welcome to CareerOS')).toBeInTheDocument();
         |                   ^
      24 |     expect(screen.getByText(/Transform your resume from good to exceptional/)).toBeInTheDocument();
      25 |   });
      26 |

      at Object.getElementError (node_modules/@testing-library/dom/dist/config.js:37:19)
      at node_modules/@testing-library/dom/dist/query-helpers.js:76:38
      at node_modules/@testing-library/dom/dist/query-helpers.js:52:17
      at node_modules/@testing-library/dom/dist/query-helpers.js:95:19
      at Object.getByText (src/components/onboarding/__tests__/welcome-step.test.tsx:23:19)

FAIL src/lib/abstractions/providers/__tests__/api-analysis.test.ts
  ● Console

    console.log
      🎯 APIAnalysisProvider: Starting advanced resume quality scoring...

      at APIAnalysisProvider.log [as scoreResumeQuality] (src/lib/abstractions/providers/api-analysis.ts:201:15)

    console.log
      ✅ APIAnalysisProvider: Advanced scoring completed with score: 85

      at APIAnalysisProvider.log [as scoreResumeQuality] (src/lib/abstractions/providers/api-analysis.ts:239:15)

    console.log
      🎯 APIAnalysisProvider: Starting advanced resume quality scoring...

      at APIAnalysisProvider.log [as scoreResumeQuality] (src/lib/abstractions/providers/api-analysis.ts:201:15)

    console.log
      ✅ APIAnalysisProvider: Advanced scoring completed with score: 65

      at APIAnalysisProvider.log [as scoreResumeQuality] (src/lib/abstractions/providers/api-analysis.ts:239:15)

    console.log
      🎯 APIAnalysisProvider: Starting advanced resume quality scoring...

      at APIAnalysisProvider.log [as scoreResumeQuality] (src/lib/abstractions/providers/api-analysis.ts:201:15)

    console.error
      Advanced analysis failed, falling back to API call: Error: Analysis failed
          at Object.<anonymous> (/Users/jonsiu/Projects/career-os/career-os-app/src/lib/abstractions/providers/__tests__/api-analysis.test.ts:198:60)
          at Promise.then.completed (/Users/jonsiu/Projects/career-os/career-os-app/node_modules/jest-circus/build/utils.js:298:28)
          at new Promise (<anonymous>)
          at callAsyncCircusFn (/Users/jonsiu/Projects/career-os/career-os-app/node_modules/jest-circus/build/utils.js:231:10)
          at _callCircusTest (/Users/jonsiu/Projects/career-os/career-os-app/node_modules/jest-circus/build/run.js:316:40)
          at processTicksAndRejections (node:internal/process/task_queues:105:5)
          at _runTest (/Users/jonsiu/Projects/career-os/career-os-app/node_modules/jest-circus/build/run.js:252:3)
          at _runTestsForDescribeBlock (/Users/jonsiu/Projects/career-os/career-os-app/node_modules/jest-circus/build/run.js:126:9)
          at _runTestsForDescribeBlock (/Users/jonsiu/Projects/career-os/career-os-app/node_modules/jest-circus/build/run.js:121:9)
          at _runTestsForDescribeBlock (/Users/jonsiu/Projects/career-os/career-os-app/node_modules/jest-circus/build/run.js:121:9)
          at run (/Users/jonsiu/Projects/career-os/career-os-app/node_modules/jest-circus/build/run.js:71:3)
          at runAndTransformResultsToJestFormat (/Users/jonsiu/Projects/career-os/career-os-app/node_modules/jest-circus/build/legacy-code-todo-rewrite/jestAdapterInit.js:122:21)
          at jestAdapter (/Users/jonsiu/Projects/career-os/career-os-app/node_modules/jest-circus/build/legacy-code-todo-rewrite/jestAdapter.js:79:19)
          at runTestInternal (/Users/jonsiu/Projects/career-os/career-os-app/node_modules/jest-runner/build/runTest.js:367:16)
          at runTest (/Users/jonsiu/Projects/career-os/career-os-app/node_modules/jest-runner/build/runTest.js:444:34)
          at Object.worker (/Users/jonsiu/Projects/career-os/career-os-app/node_modules/jest-runner/build/testWorker.js:106:12)

      241 |       
      242 |     } catch (error) {
    > 243 |       console.error('Advanced analysis failed, falling back to API call:', error);
          |               ^
      244 |       
      245 |       try {
      246 |         const result = await this.makeAPICall('basic', { resumeId: resume.id });

      at APIAnalysisProvider.error [as scoreResumeQuality] (src/lib/abstractions/providers/api-analysis.ts:243:15)
      at Object.<anonymous> (src/lib/abstractions/providers/__tests__/api-analysis.test.ts:240:22)

    console.log
      🎯 APIAnalysisProvider: Starting advanced resume quality scoring...

      at APIAnalysisProvider.log [as scoreResumeQuality] (src/lib/abstractions/providers/api-analysis.ts:201:15)

    console.error
      Advanced analysis failed, falling back to API call: Error: Analysis failed
          at Object.<anonymous> (/Users/jonsiu/Projects/career-os/career-os-app/src/lib/abstractions/providers/__tests__/api-analysis.test.ts:255:60)
          at Promise.then.completed (/Users/jonsiu/Projects/career-os/career-os-app/node_modules/jest-circus/build/utils.js:298:28)
          at new Promise (<anonymous>)
          at callAsyncCircusFn (/Users/jonsiu/Projects/career-os/career-os-app/node_modules/jest-circus/build/utils.js:231:10)
          at _callCircusTest (/Users/jonsiu/Projects/career-os/career-os-app/node_modules/jest-circus/build/run.js:316:40)
          at processTicksAndRejections (node:internal/process/task_queues:105:5)
          at _runTest (/Users/jonsiu/Projects/career-os/career-os-app/node_modules/jest-circus/build/run.js:252:3)
          at _runTestsForDescribeBlock (/Users/jonsiu/Projects/career-os/career-os-app/node_modules/jest-circus/build/run.js:126:9)
          at _runTestsForDescribeBlock (/Users/jonsiu/Projects/career-os/career-os-app/node_modules/jest-circus/build/run.js:121:9)
          at _runTestsForDescribeBlock (/Users/jonsiu/Projects/career-os/career-os-app/node_modules/jest-circus/build/run.js:121:9)
          at run (/Users/jonsiu/Projects/career-os/career-os-app/node_modules/jest-circus/build/run.js:71:3)
          at runAndTransformResultsToJestFormat (/Users/jonsiu/Projects/career-os/career-os-app/node_modules/jest-circus/build/legacy-code-todo-rewrite/jestAdapterInit.js:122:21)
          at jestAdapter (/Users/jonsiu/Projects/career-os/career-os-app/node_modules/jest-circus/build/legacy-code-todo-rewrite/jestAdapter.js:79:19)
          at runTestInternal (/Users/jonsiu/Projects/career-os/career-os-app/node_modules/jest-runner/build/runTest.js:367:16)
          at runTest (/Users/jonsiu/Projects/career-os/career-os-app/node_modules/jest-runner/build/runTest.js:444:34)
          at Object.worker (/Users/jonsiu/Projects/career-os/career-os-app/node_modules/jest-runner/build/testWorker.js:106:12)

      241 |       
      242 |     } catch (error) {
    > 243 |       console.error('Advanced analysis failed, falling back to API call:', error);
          |               ^
      244 |       
      245 |       try {
      246 |         const result = await this.makeAPICall('basic', { resumeId: resume.id });

      at APIAnalysisProvider.error [as scoreResumeQuality] (src/lib/abstractions/providers/api-analysis.ts:243:15)
      at Object.<anonymous> (src/lib/abstractions/providers/__tests__/api-analysis.test.ts:302:22)

    console.error
      Basic analysis API call failed: Error: API failed
          at Object.<anonymous> (/Users/jonsiu/Projects/career-os/career-os-app/src/lib/abstractions/providers/__tests__/api-analysis.test.ts:258:50)
          at Promise.then.completed (/Users/jonsiu/Projects/career-os/career-os-app/node_modules/jest-circus/build/utils.js:298:28)
          at new Promise (<anonymous>)
          at callAsyncCircusFn (/Users/jonsiu/Projects/career-os/career-os-app/node_modules/jest-circus/build/utils.js:231:10)
          at _callCircusTest (/Users/jonsiu/Projects/career-os/career-os-app/node_modules/jest-circus/build/run.js:316:40)
          at processTicksAndRejections (node:internal/process/task_queues:105:5)
          at _runTest (/Users/jonsiu/Projects/career-os/career-os-app/node_modules/jest-circus/build/run.js:252:3)
          at _runTestsForDescribeBlock (/Users/jonsiu/Projects/career-os/career-os-app/node_modules/jest-circus/build/run.js:126:9)
          at _runTestsForDescribeBlock (/Users/jonsiu/Projects/career-os/career-os-app/node_modules/jest-circus/build/run.js:121:9)
          at _runTestsForDescribeBlock (/Users/jonsiu/Projects/career-os/career-os-app/node_modules/jest-circus/build/run.js:121:9)
          at run (/Users/jonsiu/Projects/career-os/career-os-app/node_modules/jest-circus/build/run.js:71:3)
          at runAndTransformResultsToJestFormat (/Users/jonsiu/Projects/career-os/career-os-app/node_modules/jest-circus/build/legacy-code-todo-rewrite/jestAdapterInit.js:122:21)
          at jestAdapter (/Users/jonsiu/Projects/career-os/career-os-app/node_modules/jest-circus/build/legacy-code-todo-rewrite/jestAdapter.js:79:19)
          at runTestInternal (/Users/jonsiu/Projects/career-os/career-os-app/node_modules/jest-runner/build/runTest.js:367:16)
          at runTest (/Users/jonsiu/Projects/career-os/career-os-app/node_modules/jest-runner/build/runTest.js:444:34)
          at Object.worker (/Users/jonsiu/Projects/career-os/career-os-app/node_modules/jest-runner/build/testWorker.js:106:12)

      247 |         return result.data;
      248 |       } catch (apiError) {
    > 249 |         console.error('Basic analysis API call failed:', apiError);
          |                 ^
      250 |         // Final fallback to local rule-based analysis
      251 |         const { ConvexAnalysisProvider } = await import('./convex-analysis');
      252 |         const provider = new ConvexAnalysisProvider();

      at APIAnalysisProvider.error [as scoreResumeQuality] (src/lib/abstractions/providers/api-analysis.ts:249:17)
      at Object.<anonymous> (src/lib/abstractions/providers/__tests__/api-analysis.test.ts:302:22)

    console.error
      Advanced analysis API call failed: Error: API failed
          at Object.<anonymous> (/Users/jonsiu/Projects/career-os/career-os-app/src/lib/abstractions/providers/__tests__/api-analysis.test.ts:258:50)
          at Promise.then.completed (/Users/jonsiu/Projects/career-os/career-os-app/node_modules/jest-circus/build/utils.js:298:28)
          at new Promise (<anonymous>)
          at callAsyncCircusFn (/Users/jonsiu/Projects/career-os/career-os-app/node_modules/jest-circus/build/utils.js:231:10)
          at _callCircusTest (/Users/jonsiu/Projects/career-os/career-os-app/node_modules/jest-circus/build/run.js:316:40)
          at processTicksAndRejections (node:internal/process/task_queues:105:5)
          at _runTest (/Users/jonsiu/Projects/career-os/career-os-app/node_modules/jest-circus/build/run.js:252:3)
          at _runTestsForDescribeBlock (/Users/jonsiu/Projects/career-os/career-os-app/node_modules/jest-circus/build/run.js:126:9)
          at _runTestsForDescribeBlock (/Users/jonsiu/Projects/career-os/career-os-app/node_modules/jest-circus/build/run.js:121:9)
          at _runTestsForDescribeBlock (/Users/jonsiu/Projects/career-os/career-os-app/node_modules/jest-circus/build/run.js:121:9)
          at run (/Users/jonsiu/Projects/career-os/career-os-app/node_modules/jest-circus/build/run.js:71:3)
          at runAndTransformResultsToJestFormat (/Users/jonsiu/Projects/career-os/career-os-app/node_modules/jest-circus/build/legacy-code-todo-rewrite/jestAdapterInit.js:122:21)
          at jestAdapter (/Users/jonsiu/Projects/career-os/career-os-app/node_modules/jest-circus/build/legacy-code-todo-rewrite/jestAdapter.js:79:19)
          at runTestInternal (/Users/jonsiu/Projects/career-os/career-os-app/node_modules/jest-runner/build/runTest.js:367:16)
          at runTest (/Users/jonsiu/Projects/career-os/career-os-app/node_modules/jest-runner/build/runTest.js:444:34)
          at Object.worker (/Users/jonsiu/Projects/career-os/career-os-app/node_modules/jest-runner/build/testWorker.js:106:12)

      286 |       return result.data;
      287 |     } catch (error) {
    > 288 |       console.error('Advanced analysis API call failed:', error);
          |               ^
      289 |       // Fallback to local advanced analysis
      290 |       const { ConvexAnalysisProvider } = await import('./convex-analysis');
      291 |       const provider = new ConvexAnalysisProvider();

      at APIAnalysisProvider.error [as performAdvancedResumeAnalysis] (src/lib/abstractions/providers/api-analysis.ts:288:15)
      at Object.<anonymous> (src/lib/abstractions/providers/__tests__/api-analysis.test.ts:357:22)

    console.error
      Advanced analysis API call failed: Error: API failed
          at Object.<anonymous> (/Users/jonsiu/Projects/career-os/career-os-app/src/lib/abstractions/providers/__tests__/api-analysis.test.ts:258:50)
          at Promise.then.completed (/Users/jonsiu/Projects/career-os/career-os-app/node_modules/jest-circus/build/utils.js:298:28)
          at new Promise (<anonymous>)
          at callAsyncCircusFn (/Users/jonsiu/Projects/career-os/career-os-app/node_modules/jest-circus/build/utils.js:231:10)
          at _callCircusTest (/Users/jonsiu/Projects/career-os/career-os-app/node_modules/jest-circus/build/run.js:316:40)
          at processTicksAndRejections (node:internal/process/task_queues:105:5)
          at _runTest (/Users/jonsiu/Projects/career-os/career-os-app/node_modules/jest-circus/build/run.js:252:3)
          at _runTestsForDescribeBlock (/Users/jonsiu/Projects/career-os/career-os-app/node_modules/jest-circus/build/run.js:126:9)
          at _runTestsForDescribeBlock (/Users/jonsiu/Projects/career-os/career-os-app/node_modules/jest-circus/build/run.js:121:9)
          at _runTestsForDescribeBlock (/Users/jonsiu/Projects/career-os/career-os-app/node_modules/jest-circus/build/run.js:121:9)
          at run (/Users/jonsiu/Projects/career-os/career-os-app/node_modules/jest-circus/build/run.js:71:3)
          at runAndTransformResultsToJestFormat (/Users/jonsiu/Projects/career-os/career-os-app/node_modules/jest-circus/build/legacy-code-todo-rewrite/jestAdapterInit.js:122:21)
          at jestAdapter (/Users/jonsiu/Projects/career-os/career-os-app/node_modules/jest-circus/build/legacy-code-todo-rewrite/jestAdapter.js:79:19)
          at runTestInternal (/Users/jonsiu/Projects/career-os/career-os-app/node_modules/jest-runner/build/runTest.js:367:16)
          at runTest (/Users/jonsiu/Projects/career-os/career-os-app/node_modules/jest-runner/build/runTest.js:444:34)
          at Object.worker (/Users/jonsiu/Projects/career-os/career-os-app/node_modules/jest-runner/build/testWorker.js:106:12)

      286 |       return result.data;
      287 |     } catch (error) {
    > 288 |       console.error('Advanced analysis API call failed:', error);
          |               ^
      289 |       // Fallback to local advanced analysis
      290 |       const { ConvexAnalysisProvider } = await import('./convex-analysis');
      291 |       const provider = new ConvexAnalysisProvider();

      at APIAnalysisProvider.error [as performAdvancedResumeAnalysis] (src/lib/abstractions/providers/api-analysis.ts:288:15)
      at Object.<anonymous> (src/lib/abstractions/providers/__tests__/api-analysis.test.ts:366:7)

    console.log
      🎯 APIAnalysisProvider: Starting advanced resume quality scoring...

      at APIAnalysisProvider.log [as scoreResumeQuality] (src/lib/abstractions/providers/api-analysis.ts:201:15)

    console.log
      ✅ APIAnalysisProvider: Advanced scoring completed with score: 82

      at APIAnalysisProvider.log [as scoreResumeQuality] (src/lib/abstractions/providers/api-analysis.ts:239:15)

  ● APIAnalysisProvider › performAdvancedResumeAnalysis › should perform advanced analysis successfully

    TypeError: provider.performAdvancedResumeAnalysis is not a function

      290 |       const { ConvexAnalysisProvider } = await import('./convex-analysis');
      291 |       const provider = new ConvexAnalysisProvider();
    > 292 |       return await provider.performAdvancedResumeAnalysis(resume);
          |                             ^
      293 |     }
      294 |   }
      295 |

      at APIAnalysisProvider.performAdvancedResumeAnalysis (src/lib/abstractions/providers/api-analysis.ts:292:29)
      at Object.<anonymous> (src/lib/abstractions/providers/__tests__/api-analysis.test.ts:357:22)

  ● APIAnalysisProvider › performAdvancedResumeAnalysis › should handle advanced analysis errors

    expect(received).rejects.toThrow(expected)

    Expected substring: "Advanced resume analysis failed: Advanced analysis failed"
    Received message:   "provider.performAdvancedResumeAnalysis is not a function"

          290 |       const { ConvexAnalysisProvider } = await import('./convex-analysis');
          291 |       const provider = new ConvexAnalysisProvider();
        > 292 |       return await provider.performAdvancedResumeAnalysis(resume);
              |                             ^
          293 |     }
          294 |   }
          295 |

      at APIAnalysisProvider.performAdvancedResumeAnalysis (src/lib/abstractions/providers/api-analysis.ts:292:29)
      at Object.<anonymous> (src/lib/abstractions/providers/__tests__/api-analysis.test.ts:366:7)
      at Object.toThrow (node_modules/expect/build/index.js:218:22)
      at Object.toThrow (src/lib/abstractions/providers/__tests__/api-analysis.test.ts:367:18)

FAIL src/components/skill-gap/__tests__/RadarChart.test.tsx
  ● RadarChart Component › displays all dimension names in the chart

    TestingLibraryElementError: Found multiple elements with the text: Technical Skills

    Here are the matching elements:

    Ignored nodes: comments, script, style
    [36m<text[39m
      [33mclass[39m=[32m"text-xs font-medium fill-gray-700"[39m
      [33mdominant-baseline[39m=[32m"middle"[39m
      [33mstyle[39m=[32m"font-size: 12px;"[39m
      [33mtext-anchor[39m=[32m"middle"[39m
      [33mx[39m=[32m"200"[39m
      [33my[39m=[32m"30"[39m
    [36m>[39m
      [0mTechnical Skills[0m
    [36m</text>[39m

    Ignored nodes: comments, script, style
    [36m<td[39m
      [33mclass[39m=[32m"p-2 font-medium"[39m
    [36m>[39m
      [0mTechnical Skills[0m
    [36m</td>[39m

    (If this is intentional, then use the `*AllBy*` variant of the query (like `queryAllByText`, `getAllByText`, or `findAllByText`)).

    Ignored nodes: comments, script, style
    [36m<body>[39m
      [36m<div>[39m
        [36m<div[39m
          [33mclass[39m=[32m"bg-card text-card-foreground flex flex-col gap-6 rounded-xl border py-6 shadow-sm w-full"[39m
          [33mdata-slot[39m=[32m"card"[39m
        [36m>[39m
          [36m<div[39m
            [33mclass[39m=[32m"@container/card-header grid auto-rows-min grid-rows-[auto_auto] items-start gap-1.5 px-6 has-data-[slot=card-action]:grid-cols-[1fr_auto] [.border-b]:pb-6"[39m
            [33mdata-slot[39m=[32m"card-header"[39m
          [36m>[39m
            [36m<div[39m
              [33mclass[39m=[32m"leading-none font-semibold flex items-center gap-2"[39m
              [33mdata-slot[39m=[32m"card-title"[39m
            [36m>[39m
              [0mSkill Profile Comparison[0m
              [36m<svg[39m
                [33maria-hidden[39m=[32m"true"[39m
                [33mclass[39m=[32m"lucide lucide-info h-4 w-4 text-muted-foreground"[39m
                [33mfill[39m=[32m"none"[39m
                [33mheight[39m=[32m"24"[39m
                [33mstroke[39m=[32m"currentColor"[39m
                [33mstroke-linecap[39m=[32m"round"[39m
                [33mstroke-linejoin[39m=[32m"round"[39m
                [33mstroke-width[39m=[32m"2"[39m
                [33mviewBox[39m=[32m"0 0 24 24"[39m
                [33mwidth[39m=[32m"24"[39m
                [33mxmlns[39m=[32m"http://www.w3.org/2000/svg"[39m
              [36m>[39m
                [36m<circle[39m
                  [33mcx[39m=[32m"12"[39m
                  [33mcy[39m=[32m"12"[39m
                  [33mr[39m=[32m"10"[39m
                [36m/>[39m
                [36m<path[39m
                  [33md[39m=[32m"M12 16v-4"[39m
                [36m/>[39m
                [36m<path[39m
                  [33md[39m=[32m"M12 8h.01"[39m
                [36m/>[39m
              [36m</svg>[39m
            [36m</div>[39m
            [36m<div[39m
              [33mclass[39m=[32m"text-muted-foreground text-sm"[39m
              [33mdata-slot[39m=[32m"card-description"[39m
            [36m>[39m
              [0mCurrent vs. target skill levels across key dimensions[0m
            [36m</div>[39m
          [36m</div>[39m
          [36m<div[39m
            [33mclass[39m=[32m"px-6"[39m
            [33mdata-slot[39m=[32m"card-content"[39m
          [36m>[39m
            [36m<div[39m
              [33maria-label[39m=[32m"Chart legend"[39m
              [33mclass[39m=[32m"flex flex-wrap gap-4 mb-6 justify-center"[39m
              [33mrole[39m=[32m"list"[39m
            [36m>[39m
              [36m<div[39m
                [33mclass[39m=[32m"flex items-center gap-2"[39m
                [33mrole[39m=[32m"listitem"[39m
              [36m>[39m
                [36m<div[39m
                  [33maria-hidden[39m=[32m"true"[39m
                  [33mclass[39m=[32m"w-4 h-4 rounded-full bg-blue-500 opacity-60"[39m
                [36m/>[39m
                [36m<span[39m
                  [33mclass[39m=[32m"text-sm text-muted-foreground"[39m
                [36m>[39m
                  [0mCurrent Level[0m
                [36m</span>[39m
              [36m</div>[39m
              [36m<div[39m
                [33mclass[39m=[32m"flex items-center gap-2"[39m
                [33mrole[39m=[32m"listitem"[39m
              [36m>[39m
                [36m<div[39m
                  [33maria-hidden[39m=[32m"true"[39m
                  [33mclass[39m=[32m"w-4 h-4 rounded-full bg-green-500 opacity-60"[39m
                [36m/>[39m
                [36m<span[39m
                  [33mclass[39m=[32m"text-sm text-muted-foreground"[39m
                [36m>[39m
                  [0mTarget Level[0m
                [36m</span>[39m
              [36m</div>[39m
            [36m</div>[39m
            [36m<div[39m
              [33mclass[39m=[32m"flex justify-center"[39m
            [36m>[39m
              [36m<svg[39m
                [33maria-label[39m=[32m"Radar chart showing current vs target skill levels"[39m
                [33mclass[39m=[32m"w-full max-w-md"[39m
                [33mrole[39m=[32m"img"[39m
                [33mviewBox[39m=[32m"0 0 400 400"[39m
              [36m>[39m
                [36m<circle[39m
                  [33mcx[39m=[32m"200"[39m
                  [33mcy[39m=[32m"200"[39m
                  [33mfill[39m=[32m"none"[39m
                  [33mr[39m=[32m"28"[39m
                  [33mstroke[39m=[32m"#e5e7eb"[39m
                  [33mstroke-width[39m=[32m"1"[39m
                [36m/>[39m
                [36m<circle[39m
                  [33mcx[39m=[32m"200"[39m
                  [33mcy[39m=[32m"200"[39m
                  [33mfill[39m=[32m"none"[39m
                  [33mr[39m=[32m"56"[39m
                  [33mstroke[39m=[32m"#e5e7eb"[39m
                  [33mstroke-width[39m=[32m"1"[39m
                [36m/>[39m
                [36m<circle[39m
                  [33mcx[39m=[32m"200"[39m
                  [33mcy[39m=[32m"200"[39m
                  [33mfill[39m=[32m"none"[39m
                  [33mr[39m=[32m"84"[39m
                  [33mstroke[39m=[32m"#e5e7eb"[39m
                  [33mstroke-width[39m=[32m"1"[39m
                [36m/>[39m
                [36m<circle[39m
                  [33mcx[39m=[32m"200"[39m
                  [33mcy[39m=[32m"200"[39m
                  [33mfill[39m=[32m"none"[39m
                  [33mr[39m=[32m"112"[39m
                  [33mstroke[39m=[32m"#e5e7eb"[39m
                  [33mstroke-width[39m=[32m"1"[39m
                [36m/>[39m
                [36m<circle[39m
                  [33mcx[39m=[32m"200"[39m
                  [33mcy[39m=[32m"200"[39m
                  [33mfill[39m=[32m"none"[39m
                  [33mr[39m=[32m"140"[39m
                  [33mstroke[39m=[32m"#e5e7eb"[39m
                  [33mstroke-width[39m=[32m"1"[39m
                [36m/>[39m
                [36m<line[39m
                  [33mstroke[39m=[32m"#d1d5db"[39m
                  [33mstroke-width[39m=[32m"1"[39m
                  [33mx1[39m=[32m"200"[39m
                  [33mx2[39m=[32m"200"[39m
                  [33my1[39m=[32m"200"[39m
                  [33my2[39m=[32m"60"[39m
                [36m/>[39m
                [36m<line[39m
                  [33mstroke[39m=[32m"#d1d5db"[39m
                  [33mstroke-width[39m=[32m"1"[39m
                  [33mx1[39m=[32m"200"[39m
                  [33mx2[39m=[32m"333.14791228132145"[39m
                  [33my1[39m=[32m"200"[39m
                  [33my2[39m=[32m"156.73762078750738"[39m
                [36m/>[39m
                [36m<line[39m
                  [33mstroke[39m=[32m"#d1d5db"[39m
                  [33mstroke-width[39m=[32m"1"[39m
                  [33mx1[39m=[32m"200"[39m
                  [33mx2[39m=[32m"282.28993532094626"[39m
                  [33my1[39m=[32m"200"[39m
                  [33my2[39m=[32m"313.26237921249265"[39m
                [36m/>[39m
                [36m<line[39m
                  [33mstroke[39m=[32m"#d1d5db"[39m
                  [33mstroke-width[39m=[32m"1"[39m
                  [33mx1[39m=[32m"200"[39m
                  [33mx2[39m=[32m"117.71006467905377"[39m
                  [33my1[39m=[32m"200"[39m
        ...

      35 |     render(<RadarChart dimensions={mockDimensions} />);
      36 |
    > 37 |     expect(screen.getByText('Technical Skills')).toBeInTheDocument();
         |                   ^
      38 |     expect(screen.getByText('Soft Skills')).toBeInTheDocument();
      39 |     expect(screen.getByText('Domain Knowledge')).toBeInTheDocument();
      40 |     expect(screen.getByText('Tools & Technologies')).toBeInTheDocument();

      at Object.getElementError (node_modules/@testing-library/dom/dist/config.js:37:19)
      at getElementError (node_modules/@testing-library/dom/dist/query-helpers.js:20:35)
      at getMultipleElementsFoundError (node_modules/@testing-library/dom/dist/query-helpers.js:23:10)
      at node_modules/@testing-library/dom/dist/query-helpers.js:55:13
      at node_modules/@testing-library/dom/dist/query-helpers.js:95:19
      at Object.getByText (src/components/skill-gap/__tests__/RadarChart.test.tsx:37:19)

PASS src/components/onboarding/__tests__/completion-step.test.tsx
FAIL src/app/api/analytics/__tests__/conversion.test.ts
  ● Test suite failed to run

    Configuration error:

    Could not locate module @/convex/_generated/dataModel mapped as:
    /Users/jonsiu/Projects/career-os/career-os-app/convex/$1.

    Please check your configuration for these entries:
    {
      "moduleNameMapper": {
        "/^@\/convex\/(.*)$/": "/Users/jonsiu/Projects/career-os/career-os-app/convex/$1"
      },
      "resolver": undefined
    }

      27 |
      28 | // Mock Convex dataModel
    > 29 | jest.mock('@/convex/_generated/dataModel', () => ({
         |      ^
      30 |   Id: jest.fn(),
      31 | }));
      32 |

      at createNoMappedModuleFoundError (node_modules/jest-resolve/build/resolver.js:759:17)
      at Object.mock (src/app/api/analytics/__tests__/conversion.test.ts:29:6)

FAIL convex/__tests__/helpers/convex-testing-helper.ts
  ● Test suite failed to run

    Your test suite must contain at least one test.

      at onResult (node_modules/@jest/core/build/TestScheduler.js:133:18)
      at node_modules/@jest/core/build/TestScheduler.js:254:19
      at node_modules/emittery/index.js:363:13
          at Array.map (<anonymous>)
      at Emittery.emit (node_modules/emittery/index.js:361:23)

FAIL src/components/skill-gap/__tests__/PrioritizedRoadmap.test.tsx
  ● PrioritizedRoadmap Component › displays sorting controls

    TestingLibraryElementError: Found multiple elements with the role "button" and name `/Phase/`

    Here are the matching elements:

    Ignored nodes: comments, script, style
    [36m<button[39m
      [33mclass[39m=[32m"inline-flex items-center justify-center whitespace-nowrap font-medium transition-all disabled:pointer-events-none disabled:opacity-50 [&_svg]:pointer-events-none [&_svg:not([class*='size-'])]:size-4 shrink-0 [&_svg]:shrink-0 outline-none focus-visible:border-ring focus-visible:ring-ring/50 focus-visible:ring-[3px] aria-invalid:ring-destructive/20 dark:aria-invalid:ring-destructive/40 aria-invalid:border-destructive border bg-background shadow-xs hover:bg-accent hover:text-accent-foreground dark:bg-input/30 dark:border-input dark:hover:bg-input/50 h-8 rounded-md gap-1.5 px-3 has-[>svg]:px-2.5 text-xs"[39m
      [33mdata-slot[39m=[32m"button"[39m
    [36m>[39m
      [0mPhase[0m
    [36m</button>[39m

    Ignored nodes: comments, script, style
    [36m<button[39m
      [33maria-controls[39m=[32m"phase-1-content"[39m
      [33maria-expanded[39m=[32m"true"[39m
      [33mclass[39m=[32m"w-full text-left mb-4 group"[39m
    [36m>[39m
      [36m<div[39m
        [33mclass[39m=[32m"flex items-center justify-between p-4 rounded-lg border-2 transition-colors text-red-600 bg-red-50 border-red-300 hover:opacity-80"[39m
      [36m>[39m
        [36m<div>[39m
          [36m<div[39m
            [33mclass[39m=[32m"flex items-center gap-3"[39m
          [36m>[39m
            [36m<div[39m
              [33mclass[39m=[32m"inline-flex items-center rounded-full border px-2.5 py-0.5 transition-colors focus:outline-none focus:ring-2 focus:ring-ring focus:ring-offset-2 hover:bg-primary/80 text-xs font-bold text-red-600 bg-red-50 border-red-300"[39m
            [36m>[39m
              [0mPhase [0m
              [0m1[0m
            [36m</div>[39m
            [36m<h3[39m
              [33mclass[39m=[32m"font-semibold text-lg"[39m
            [36m>[39m
              [0mImmediate Focus[0m
            [36m</h3>[39m
          [36m</div>[39m
          [36m<p[39m
            [33mclass[39m=[32m"text-sm mt-1 opacity-70"[39m
          [36m>[39m
            [0m0-3 months[0m
          [36m</p>[39m
        [36m</div>[39m
        [36m<div[39m
          [33mclass[39m=[32m"flex items-center gap-3"[39m
        [36m>[39m
          [36m<div[39m
            [33mclass[39m=[32m"inline-flex items-center rounded-full border px-2.5 py-0.5 font-semibold transition-colors focus:outline-none focus:ring-2 focus:ring-ring focus:ring-offset-2 text-foreground text-xs"[39m
          [36m>[39m
            [0m2[0m
            [0m [0m
            [0mskills[0m
          [36m</div>[39m
          [36m<svg[39m
            [33maria-hidden[39m=[32m"true"[39m
            [33mclass[39m=[32m"lucide lucide-chevron-up h-5 w-5"[39m
            [33mfill[39m=[32m"none"[39m
            [33mheight[39m=[32m"24"[39m
            [33mstroke[39m=[32m"currentColor"[39m
            [33mstroke-linecap[39m=[32m"round"[39m
            [33mstroke-linejoin[39m=[32m"round"[39m
            [33mstroke-width[39m=[32m"2"[39m
            [33mviewBox[39m=[32m"0 0 24 24"[39m
            [33mwidth[39m=[32m"24"[39m
            [33mxmlns[39m=[32m"http://www.w3.org/2000/svg"[39m
          [36m>[39m
            [36m<path[39m
              [33md[39m=[32m"m18 15-6-6-6 6"[39m
            [36m/>[39m
          [36m</svg>[39m
        [36m</div>[39m
      [36m</div>[39m
    [36m</button>[39m

    Ignored nodes: comments, script, style
    [36m<button[39m
      [33maria-controls[39m=[32m"phase-2-content"[39m
      [33maria-expanded[39m=[32m"true"[39m
      [33mclass[39m=[32m"w-full text-left mb-4 group"[39m
    [36m>[39m
      [36m<div[39m
        [33mclass[39m=[32m"flex items-center justify-between p-4 rounded-lg border-2 transition-colors text-yellow-600 bg-yellow-50 border-yellow-300 hover:opacity-80"[39m
      [36m>[39m
        [36m<div>[39m
          [36m<div[39m
            [33mclass[39m=[32m"flex items-center gap-3"[39m
          [36m>[39m
            [36m<div[39m
              [33mclass[39m=[32m"inline-flex items-center rounded-full border px-2.5 py-0.5 transition-colors focus:outline-none focus:ring-2 focus:ring-ring focus:ring-offset-2 hover:bg-primary/80 text-xs font-bold text-yellow-600 bg-yellow-50 border-yellow-300"[39m
            [36m>[39m
              [0mPhase [0m
              [0m2[0m
            [36m</div>[39m
            [36m<h3[39m
              [33mclass[39m=[32m"font-semibold text-lg"[39m
            [36m>[39m
              [0mShort-term Goals[0m
            [36m</h3>[39m
          [36m</div>[39m
          [36m<p[39m
            [33mclass[39m=[32m"text-sm mt-1 opacity-70"[39m
          [36m>[39m
            [0m3-6 months[0m
          [36m</p>[39m
        [36m</div>[39m
        [36m<div[39m
          [33mclass[39m=[32m"flex items-center gap-3"[39m
        [36m>[39m
          [36m<div[39m
            [33mclass[39m=[32m"inline-flex items-center rounded-full border px-2.5 py-0.5 font-semibold transition-colors focus:outline-none focus:ring-2 focus:ring-ring focus:ring-offset-2 text-foreground text-xs"[39m
          [36m>[39m
            [0m1[0m
            [0m [0m
            [0mskill[0m
          [36m</div>[39m
          [36m<svg[39m
            [33maria-hidden[39m=[32m"true"[39m
            [33mclass[39m=[32m"lucide lucide-chevron-up h-5 w-5"[39m
            [33mfill[39m=[32m"none"[39m
            [33mheight[39m=[32m"24"[39m
            [33mstroke[39m=[32m"currentColor"[39m
            [33mstroke-linecap[39m=[32m"round"[39m
            [33mstroke-linejoin[39m=[32m"round"[39m
            [33mstroke-width[39m=[32m"2"[39m
            [33mviewBox[39m=[32m"0 0 24 24"[39m
            [33mwidth[39m=[32m"24"[39m
            [33mxmlns[39m=[32m"http://www.w3.org/2000/svg"[39m
          [36m>[39m
            [36m<path[39m
              [33md[39m=[32m"m18 15-6-6-6 6"[39m
            [36m/>[39m
          [36m</svg>[39m
        [36m</div>[39m
      [36m</div>[39m
    [36m</button>[39m

    Ignored nodes: comments, script, style
    [36m<button[39m
      [33maria-controls[39m=[32m"phase-3-content"[39m
      [33maria-expanded[39m=[32m"true"[39m
      [33mclass[39m=[32m"w-full text-left mb-4 group"[39m
    [36m>[39m
      [36m<div[39m
        [33mclass[39m=[32m"flex items-center justify-between p-4 rounded-lg border-2 transition-colors text-blue-600 bg-blue-50 border-blue-300 hover:opacity-80"[39m
      [36m>[39m
        [36m<div>[39m
          [36m<div[39m
            [33mclass[39m=[32m"flex items-center gap-3"[39m
          [36m>[39m
            [36m<div[39m
              [33mclass[39m=[32m"inline-flex items-center rounded-full border px-2.5 py-0.5 transition-colors focus:outline-none focus:ring-2 focus:ring-ring focus:ring-offset-2 hover:bg-primary/80 text-xs font-bold text-blue-600 bg-blue-50 border-blue-300"[39m
            [36m>[39m
              [0mPhase [0m
              [0m3[0m
            [36m</div>[39m
            [36m<h3[39m
              [33mclass[39m=[32m"font-semibold text-lg"[39m
            [36m>[39m
              [0mLong-term Investment[0m
            [36m</h3>[39m
          [36m</div>[39m
          [36m<p[39m
            [33mclass[39m=[32m"text-sm mt-1 opacity-70"[39m
          [36m>[39m
            [0m6-12 months[0m
          [36m</p>[39m
        [36m</div>[39m
        [36m<div[39m
          [33mclass[39m=[32m"flex items-center gap-3"[39m
        [36m>[39m
          [36m<div[39m
            [33mclass[39m=[32m"inline-flex items-center rounded-full border px-2.5 py-0.5 font-semibold transition-colors focus:outline-none focus:ring-2 focus:ring-ring focus:ring-offset-2 text-foreground text-xs"[39m
          [36m>[39m
            [0m1[0m
            [0m [0m
            [0mskill[0m
          [36m</div>[39m
          [36m<svg[39m
            [33maria-hidden[39m=[32m"true"[39m
            [33mclass[39m=[32m"lucide lucide-chevron-up h-5 w-5"[39m
            [33mfill[39m=[32m"none"[39m
            [33mheight[39m=[32m"24"[39m
            [33mstroke[39m=[32m"currentColor"[39m
            [33mstroke-linecap[39m=[32m"round"[39m
            [33mstroke-linejoin[39m=[32m"round"[39m
            [33mstroke-width[39m=[32m"2"[39m
            [33mviewBox[39m=[32m"0 0 24 24"[39m
            [33mwidth[39m=[32m"24"[39m
            [33mxmlns[39m=[32m"http://www.w3.org/2000/svg"[39m
          [36m>[39m
            [36m<path[39m
              [33md[39m=[32m"m18 15-6-6-6 6"[39m
            [36m/>[39m
          [36m</svg>[39m
        [36m</div>[39m
      [36m</div>[39m
    [36m</button>[39m

    (If this is intentional, then use the `*AllBy*` variant of the query (like `queryAllByText`, `getAllByText`, or `findAllByText`)).

    Ignored nodes: comments, script, style
    [36m<body>[39m
      [36m<div>[39m
        [36m<div[39m
          [33mclass[39m=[32m"bg-card text-card-foreground flex flex-col gap-6 rounded-xl border py-6 shadow-sm w-full"[39m
          [33mdata-slot[39m=[32m"card"[39m
        [36m>[39m
          [36m<div[39m
            [33mclass[39m=[32m"@container/card-header grid auto-rows-min grid-rows-[auto_auto] items-start gap-1.5 px-6 has-data-[slot=card-action]:grid-cols-[1fr_auto] [.border-b]:pb-6"[39m
            [33mdata-slot[39m=[32m"card-header"[39m
          [36m>[39m
            [36m<div[39m
              [33mclass[39m=[32m"leading-none font-semibold flex items-center gap-2"[39m
              [33mdata-slot[39m=[32m"card-title"[39m
            [36m>[39m
              [0mPrioritized Learning Roadmap[0m
              [36m<svg[39m
                [33maria-hidden[39m=[32m"true"[39m
                [33mclass[39m=[32m"lucide lucide-info h-4 w-4 text-muted-foreground"[39m
                [33mfill[39m=[32m"none"[39m
                [33mheight[39m=[32m"24"[39m
                [33mstroke[39m=[32m"currentColor"[39m
                [33mstroke-linecap[39m=[32m"round"[39m
                [33mstroke-linejoin[39m=[32m"round"[39m
                [33mstroke-width[39m=[32m"2"[39m
                [33mviewBox[39m=[32m"0 0 24 24"[39m
                [33mwidth[39m=[32m"24"[39m
                [33mxmlns[39m=[32m"http://www.w3.org/2000/svg"[39m
              [36m>[39m
                [36m<circle[39m
                  [33mcx[39m=[32m"12"[39m
                  [33mcy[39m=[32m"12"[39m
                  [33mr[39m=[32m"10"[39m
                [36m/>[39m
                [36m<path[39m
                  [33md[39m=[32m"M12 16v-4"[39m
                [36m/>[39m
                [36m<path[39m
                  [33md[39m=[32m"M12 8h.01"[39m
                [36m/>[39m
              [36m</svg>[39m
            [36m</div>[39m
            [36m<div[39m
              [33mclass[39m=[32m"text-muted-foreground text-sm"[39m
              [33mdata-slot[39m=[32m"card-description"[39m
            [36m>[39m
              [0mYour personalized learning path based on impact, time, and market demand[0m
            [36m</div>[39m
          [36m</div>[39m
          [36m<div[39m
            [33mclass[39m=[32m"px-6"[39m
            [33mdata-slot[39m=[32m"card-content"[39m
          [36m>[39m
            [36m<div[39m
              [33mclass[39m=[32m"flex flex-col sm:flex-row gap-3 mb-6 pb-4 border-b"[39m
            [36m>[39m
              [36m<div[39m
                [33mclass[39m=[32m"flex gap-2 flex-wrap"[39m
              [36m>[39m
                [36m<span[39m
                  [33mclass[39m=[32m"text-sm text-muted-foreground self-center"[39m
                [36m>[39m
                  [0mSort by:[0m
                [36m</span>[39m
                [36m<button[39m
                  [33mclass[39m=[32m"inline-flex items-center justify-center whitespace-nowrap font-medium transition-all disabled:pointer-events-none disabled:opacity-50 [&_svg]:pointer-events-none [&_svg:not([class*='size-'])]:size-4 shrink-0 [&_svg]:shrink-0 outline-none focus-visible:border-ring focus-visible:ring-ring/50 focus-visible:ring-[3px] aria-invalid:ring-destructive/20 dark:aria-invalid:ring-destructive/40 aria-invalid:border-destructive bg-primary text-primary-foreground shadow-xs hover:bg-primary/90 h-8 rounded-md gap-1.5 px-3 has-[>svg]:px-2.5 text-xs"[39m
                  [33mdata-slot[39m=[32m"button"[39m
                [36m>[39m
                  [36m<svg[39m
                    [33maria-hidden[39m=[32m"true"[39m
                    [33mclass[39m=[32m"lucide lucide-trending-up h-3 w-3 mr-1"[39m
                    [33mfill[39m=[32m"none"[39m
                    [33mheight[39m=[32m"24"[39m
                    [33mstroke[39m=[32m"currentColor"[39m
                    [33mstroke-linecap[39m=[32m"round"[39m
                    [33mstroke-linejoin[39m=[32m"round"[39m
                    [33mstroke-width[39m=[32m"2"[39m
                    [33mviewBox[39m=[32m"0 0 24 24"[39m
                    [33mwidth[39m=[32m"24"[39m
                    [33mxmlns[39m=[32m"http://www.w3.org/2000/svg"[39m
                  [36m>[39m
                    [36m<path[39m
                      [33md[39m=[32m"M16 7h6v6"[39m
                    [36m/>[39m
                    [36m<path[39m
                      [33md[39m=[32m"m22 7-8.5 8.5-5-5L2 17"[39m
                    [36m/>[39m
                  [36m</svg>[39m
                  [0mPriority[0m
                [36m</button>[39m
                [36m<button[39m
                  [33mclass[39m=[32m"inline-flex items-center justify-center whitespace-nowrap font-medium transition-all disabled:pointer-events-none disabled:opacity-50 [&_svg]:pointer-events-none [&_svg:not([class*='size-'])]:size-4 shrink-0 [&_svg]:shrink-0 outline-none focus-visible:border-ring focus-visible:ring-ring/50 focus-visible:ring-[3px] aria-invalid:ring-destructive/20 dark:aria-invalid:ring-destructive/40 aria-invalid:border-destructive border bg-background shadow-xs hover:bg-accent hover:text-accent-foreground dark:bg-input/30 dark:border-input dark:hover:bg-input/50 h-8 rounded-md gap-1.5 px-3 has-[>svg]:px-2.5 text-xs"[39m
                  [33mdata-slot[39m=[32m"button"[39m
                [36m>[39m
                  [36m<svg[39m
                    [33maria-hidden[39m=[32m"true"[39m
                    [33mclass[39m=[32m"lucide lucide-clock h-3 w-3 mr-1"[39m
                    [33mfill[39m=[32m"none"[39m
                    [33mheight[39m=[32m"24"[39m
                    [33mstroke[39m=[32m"currentColor"[39m
                    [33mstroke-linecap[39m=[32m"round"[39m
                    [33mstroke-linejoin[39m=[32m"round"[39m
                    [33mstroke-width[39m=[32m"2"[39m
                    [33mviewBox[39m=[32m"0 0 24 24"[39m
                    [33mwidth[39m=[32m"24"[39m
                    [33mxmlns[39m=[32m"http://www.w3.org/2000/svg"[39m
                  [36m>[39m
                    [36m<path[39m
                      [33md[39m=[32m"M12 6v6l4 2"[39m
                    [36m/>[39m
                    [36m<circle[39m
                      [33mcx[39m=[32m"12"[39m
                      [33mcy[39m=[32m"12"[39m
                      [33mr[39m=[32m"10"[39m
                    [36m/>[39m
                  [36m</svg>[39m
                  [0mTime[0m
                [36m</button>[39m
                [36m<button[39m
                  [33mclass[39m=[32m"inline-flex items-center justify-center whitespace-nowrap font-medium transition-all disabled:pointer-events-none disabled:opacity-50 [&_svg]:pointer-events-none [&_svg:not([class*='size-'])]:size-4 shrink-0 [&_svg]:shrink-0 outline-none focus-visible:border-ring focus-visible:ring-ring/50 focus-visible:ring-[3px] aria-invalid:ring-destructive/20 dark:aria-invalid:ring-destructive/40 aria-invalid:border-destructive border bg-background shadow-xs hover:bg-accent hover:text-accent-foreground dark:bg-input/30 dark:border-input dark:hover:bg-input/50 h-8 rounded-md gap-1.5 px-3 has-[>svg]:px-2.5 text-xs"[39m
                  [33mdata-slot[39m=[32m"button...

      55 |     expect(screen.getByRole('button', { name: /Priority/ })).toBeInTheDocument();
      56 |     expect(screen.getByRole('button', { name: /Time/ })).toBeInTheDocument();
    > 57 |     expect(screen.getByRole('button', { name: /Phase/ })).toBeInTheDocument();
         |                   ^
      58 |   });
      59 |
      60 |   it('displays all three phases with correct titles', () => {

      at Object.getElementError (node_modules/@testing-library/dom/dist/config.js:37:19)
      at getElementError (node_modules/@testing-library/dom/dist/query-helpers.js:20:35)
      at getMultipleElementsFoundError (node_modules/@testing-library/dom/dist/query-helpers.js:23:10)
      at node_modules/@testing-library/dom/dist/query-helpers.js:55:13
      at node_modules/@testing-library/dom/dist/query-helpers.js:95:19
      at Object.getByRole (src/components/skill-gap/__tests__/PrioritizedRoadmap.test.tsx:57:19)

FAIL src/components/skill-gap/__tests__/AnalysisResults.test.tsx
  ● AnalysisResults Component › displays overview tab by default

    TestingLibraryElementError: Found multiple elements with the text: Senior Software Engineer

    Here are the matching elements:

    Ignored nodes: comments, script, style
    [36m<strong>[39m
      [0mSenior Software Engineer[0m
    [36m</strong>[39m

    Ignored nodes: comments, script, style
    [36m<strong>[39m
      [0mSenior Software Engineer[0m
    [36m</strong>[39m

    (If this is intentional, then use the `*AllBy*` variant of the query (like `queryAllByText`, `getAllByText`, or `findAllByText`)).

    Ignored nodes: comments, script, style
    [36m<body>[39m
      [36m<div>[39m
        [36m<div[39m
          [33mclass[39m=[32m"w-full space-y-6"[39m
        [36m>[39m
          [36m<div[39m
            [33mclass[39m=[32m"bg-card text-card-foreground flex flex-col gap-6 rounded-xl border py-6 shadow-sm"[39m
            [33mdata-slot[39m=[32m"card"[39m
          [36m>[39m
            [36m<div[39m
              [33mclass[39m=[32m"@container/card-header grid auto-rows-min grid-rows-[auto_auto] items-start gap-1.5 px-6 has-data-[slot=card-action]:grid-cols-[1fr_auto] [.border-b]:pb-6"[39m
              [33mdata-slot[39m=[32m"card-header"[39m
            [36m>[39m
              [36m<div[39m
                [33mclass[39m=[32m"leading-none font-semibold flex items-center gap-2"[39m
                [33mdata-slot[39m=[32m"card-title"[39m
              [36m>[39m
                [36m<svg[39m
                  [33maria-hidden[39m=[32m"true"[39m
                  [33mclass[39m=[32m"lucide lucide-target h-5 w-5 text-blue-600"[39m
                  [33mfill[39m=[32m"none"[39m
                  [33mheight[39m=[32m"24"[39m
                  [33mstroke[39m=[32m"currentColor"[39m
                  [33mstroke-linecap[39m=[32m"round"[39m
                  [33mstroke-linejoin[39m=[32m"round"[39m
                  [33mstroke-width[39m=[32m"2"[39m
                  [33mviewBox[39m=[32m"0 0 24 24"[39m
                  [33mwidth[39m=[32m"24"[39m
                  [33mxmlns[39m=[32m"http://www.w3.org/2000/svg"[39m
                [36m>[39m
                  [36m<circle[39m
                    [33mcx[39m=[32m"12"[39m
                    [33mcy[39m=[32m"12"[39m
                    [33mr[39m=[32m"10"[39m
                  [36m/>[39m
                  [36m<circle[39m
                    [33mcx[39m=[32m"12"[39m
                    [33mcy[39m=[32m"12"[39m
                    [33mr[39m=[32m"6"[39m
                  [36m/>[39m
                  [36m<circle[39m
                    [33mcx[39m=[32m"12"[39m
                    [33mcy[39m=[32m"12"[39m
                    [33mr[39m=[32m"2"[39m
                  [36m/>[39m
                [36m</svg>[39m
                [0mQuick Actions[0m
              [36m</div>[39m
              [36m<div[39m
                [33mclass[39m=[32m"text-muted-foreground text-sm"[39m
                [33mdata-slot[39m=[32m"card-description"[39m
              [36m>[39m
                [0mIntegrate this analysis with your career development workflow[0m
              [36m</div>[39m
            [36m</div>[39m
            [36m<div[39m
              [33mclass[39m=[32m"px-6"[39m
              [33mdata-slot[39m=[32m"card-content"[39m
            [36m>[39m
              [36m<div[39m
                [33mclass[39m=[32m"flex flex-col sm:flex-row gap-3"[39m
              [36m>[39m
                [36m<button[39m
                  [33mclass[39m=[32m"inline-flex items-center justify-center gap-2 whitespace-nowrap rounded-md text-sm font-medium transition-all disabled:pointer-events-none disabled:opacity-50 [&_svg]:pointer-events-none [&_svg:not([class*='size-'])]:size-4 [&_svg]:shrink-0 outline-none focus-visible:border-ring focus-visible:ring-ring/50 focus-visible:ring-[3px] aria-invalid:ring-destructive/20 dark:aria-invalid:ring-destructive/40 aria-invalid:border-destructive border bg-background shadow-xs hover:bg-accent hover:text-accent-foreground dark:bg-input/30 dark:border-input dark:hover:bg-input/50 h-9 px-4 py-2 has-[>svg]:px-3 flex-1"[39m
                  [33mdata-slot[39m=[32m"button"[39m
                [36m>[39m
                  [36m<svg[39m
                    [33maria-hidden[39m=[32m"true"[39m
                    [33mclass[39m=[32m"lucide lucide-bookmark-plus h-4 w-4 mr-2"[39m
                    [33mfill[39m=[32m"none"[39m
                    [33mheight[39m=[32m"24"[39m
                    [33mstroke[39m=[32m"currentColor"[39m
                    [33mstroke-linecap[39m=[32m"round"[39m
                    [33mstroke-linejoin[39m=[32m"round"[39m
                    [33mstroke-width[39m=[32m"2"[39m
                    [33mviewBox[39m=[32m"0 0 24 24"[39m
                    [33mwidth[39m=[32m"24"[39m
                    [33mxmlns[39m=[32m"http://www.w3.org/2000/svg"[39m
                  [36m>[39m
                    [36m<path[39m
                      [33md[39m=[32m"m19 21-7-4-7 4V5a2 2 0 0 1 2-2h10a2 2 0 0 1 2 2v16z"[39m
                    [36m/>[39m
                    [36m<line[39m
                      [33mx1[39m=[32m"12"[39m
                      [33mx2[39m=[32m"12"[39m
                      [33my1[39m=[32m"7"[39m
                      [33my2[39m=[32m"13"[39m
                    [36m/>[39m
                    [36m<line[39m
                      [33mx1[39m=[32m"15"[39m
                      [33mx2[39m=[32m"9"[39m
                      [33my1[39m=[32m"10"[39m
                      [33my2[39m=[32m"10"[39m
                    [36m/>[39m
                  [36m</svg>[39m
                  [0mAdd All Gaps to Skills Tracker ([0m
                  [0m3[0m
                  [0m)[0m
                [36m</button>[39m
                [36m<button[39m
                  [33mclass[39m=[32m"inline-flex items-center justify-center gap-2 whitespace-nowrap rounded-md text-sm font-medium transition-all disabled:pointer-events-none disabled:opacity-50 [&_svg]:pointer-events-none [&_svg:not([class*='size-'])]:size-4 [&_svg]:shrink-0 outline-none focus-visible:border-ring focus-visible:ring-ring/50 focus-visible:ring-[3px] aria-invalid:ring-destructive/20 dark:aria-invalid:ring-destructive/40 aria-invalid:border-destructive bg-primary text-primary-foreground shadow-xs hover:bg-primary/90 h-9 px-4 py-2 has-[>svg]:px-3 flex-1"[39m
                  [33mdata-slot[39m=[32m"button"[39m
                [36m>[39m
                  [36m<svg[39m
                    [33maria-hidden[39m=[32m"true"[39m
                    [33mclass[39m=[32m"lucide lucide-map h-4 w-4 mr-2"[39m
                    [33mfill[39m=[32m"none"[39m
                    [33mheight[39m=[32m"24"[39m
                    [33mstroke[39m=[32m"currentColor"[39m
                    [33mstroke-linecap[39m=[32m"round"[39m
                    [33mstroke-linejoin[39m=[32m"round"[39m
                    [33mstroke-width[39m=[32m"2"[39m
                    [33mviewBox[39m=[32m"0 0 24 24"[39m
                    [33mwidth[39m=[32m"24"[39m
                    [33mxmlns[39m=[32m"http://www.w3.org/2000/svg"[39m
                  [36m>[39m
                    [36m<path[39m
                      [33md[39m=[32m"M14.106 5.553a2 2 0 0 0 1.788 0l3.659-1.83A1 1 0 0 1 21 4.619v12.764a1 1 0 0 1-.553.894l-4.553 2.277a2 2 0 0 1-1.788 0l-4.212-2.106a2 2 0 0 0-1.788 0l-3.659 1.83A1 1 0 0 1 3 19.381V6.618a1 1 0 0 1 .553-.894l4.553-2.277a2 2 0 0 1 1.788 0z"[39m
                    [36m/>[39m
                    [36m<path[39m
                      [33md[39m=[32m"M15 5.764v15"[39m
                    [36m/>[39m
                    [36m<path[39m
                      [33md[39m=[32m"M9 3.236v15"[39m
                    [36m/>[39m
                  [36m</svg>[39m
                  [0mCreate Career Plan from Roadmap[0m
          ...

      100 |
      101 |     expect(screen.getByText('Analysis Overview')).toBeInTheDocument();
    > 102 |     expect(screen.getByText('Senior Software Engineer')).toBeInTheDocument();
          |                   ^
      103 |   });
      104 |
      105 |   it('shows summary statistics in overview tab', () => {

      at Object.getElementError (node_modules/@testing-library/dom/dist/config.js:37:19)
      at getElementError (node_modules/@testing-library/dom/dist/query-helpers.js:20:35)
      at getMultipleElementsFoundError (node_modules/@testing-library/dom/dist/query-helpers.js:23:10)
      at node_modules/@testing-library/dom/dist/query-helpers.js:55:13
      at node_modules/@testing-library/dom/dist/query-helpers.js:95:19
      at Object.getByText (src/components/skill-gap/__tests__/AnalysisResults.test.tsx:102:19)

  ● AnalysisResults Component › shows summary statistics in overview tab

    TestingLibraryElementError: Found multiple elements with the text: 2

    Here are the matching elements:

    Ignored nodes: comments, script, style
    [36m<div[39m
      [33mclass[39m=[32m"text-3xl font-bold text-red-900"[39m
    [36m>[39m
      [0m2[0m
    [36m</div>[39m

    Ignored nodes: comments, script, style
    [36m<div[39m
      [33mclass[39m=[32m"text-3xl font-bold text-green-900"[39m
    [36m>[39m
      [0m2[0m
    [36m</div>[39m

    Ignored nodes: comments, script, style
    [36m<strong>[39m
      [0m2[0m
    [36m</strong>[39m

    Ignored nodes: comments, script, style
    [36m<strong>[39m
      [0m2[0m
    [36m</strong>[39m

    (If this is intentional, then use the `*AllBy*` variant of the query (like `queryAllByText`, `getAllByText`, or `findAllByText`)).

    Ignored nodes: comments, script, style
    [36m<body>[39m
      [36m<div>[39m
        [36m<div[39m
          [33mclass[39m=[32m"w-full space-y-6"[39m
        [36m>[39m
          [36m<div[39m
            [33mclass[39m=[32m"bg-card text-card-foreground flex flex-col gap-6 rounded-xl border py-6 shadow-sm"[39m
            [33mdata-slot[39m=[32m"card"[39m
          [36m>[39m
            [36m<div[39m
              [33mclass[39m=[32m"@container/card-header grid auto-rows-min grid-rows-[auto_auto] items-start gap-1.5 px-6 has-data-[slot=card-action]:grid-cols-[1fr_auto] [.border-b]:pb-6"[39m
              [33mdata-slot[39m=[32m"card-header"[39m
            [36m>[39m
              [36m<div[39m
                [33mclass[39m=[32m"leading-none font-semibold flex items-center gap-2"[39m
                [33mdata-slot[39m=[32m"card-title"[39m
              [36m>[39m
                [36m<svg[39m
                  [33maria-hidden[39m=[32m"true"[39m
                  [33mclass[39m=[32m"lucide lucide-target h-5 w-5 text-blue-600"[39m
                  [33mfill[39m=[32m"none"[39m
                  [33mheight[39m=[32m"24"[39m
                  [33mstroke[39m=[32m"currentColor"[39m
                  [33mstroke-linecap[39m=[32m"round"[39m
                  [33mstroke-linejoin[39m=[32m"round"[39m
                  [33mstroke-width[39m=[32m"2"[39m
                  [33mviewBox[39m=[32m"0 0 24 24"[39m
                  [33mwidth[39m=[32m"24"[39m
                  [33mxmlns[39m=[32m"http://www.w3.org/2000/svg"[39m
                [36m>[39m
                  [36m<circle[39m
                    [33mcx[39m=[32m"12"[39m
                    [33mcy[39m=[32m"12"[39m
                    [33mr[39m=[32m"10"[39m
                  [36m/>[39m
                  [36m<circle[39m
                    [33mcx[39m=[32m"12"[39m
                    [33mcy[39m=[32m"12"[39m
                    [33mr[39m=[32m"6"[39m
                  [36m/>[39m
                  [36m<circle[39m
                    [33mcx[39m=[32m"12"[39m
                    [33mcy[39m=[32m"12"[39m
                    [33mr[39m=[32m"2"[39m
                  [36m/>[39m
                [36m</svg>[39m
                [0mQuick Actions[0m
              [36m</div>[39m
              [36m<div[39m
                [33mclass[39m=[32m"text-muted-foreground text-sm"[39m
                [33mdata-slot[39m=[32m"card-description"[39m
              [36m>[39m
                [0mIntegrate this analysis with your career development workflow[0m
              [36m</div>[39m
            [36m</div>[39m
            [36m<div[39m
              [33mclass[39m=[32m"px-6"[39m
              [33mdata-slot[39m=[32m"card-content"[39m
            [36m>[39m
              [36m<div[39m
                [33mclass[39m=[32m"flex flex-col sm:flex-row gap-3"[39m
              [36m>[39m
                [36m<button[39m
                  [33mclass[39m=[32m"inline-flex items-center justify-center gap-2 whitespace-nowrap rounded-md text-sm font-medium transition-all disabled:pointer-events-none disabled:opacity-50 [&_svg]:pointer-events-none [&_svg:not([class*='size-'])]:size-4 [&_svg]:shrink-0 outline-none focus-visible:border-ring focus-visible:ring-ring/50 focus-visible:ring-[3px] aria-invalid:ring-destructive/20 dark:aria-invalid:ring-destructive/40 aria-invalid:border-destructive border bg-background shadow-xs hover:bg-accent hover:text-accent-foreground dark:bg-input/30 dark:border-input dark:hover:bg-input/50 h-9 px-4 py-2 has-[>svg]:px-3 flex-1"[39m
                  [33mdata-slot[39m=[32m"button"[39m
                [36m>[39m
                  [36m<svg[39m
                    [33maria-hidden[39m=[32m"true"[39m
                    [33mclass[39m=[32m"lucide lucide-bookmark-plus h-4 w-4 mr-2"[39m
                    [33mfill[39m=[32m"none"[39m
                    [33mheight[39m=[32m"24"[39m
                    [33mstroke[39m=[32m"currentColor"[39m
                    [33mstroke-linecap[39m=[32m"round"[39m
                    [33mstroke-linejoin[39m=[32m"round"[39m
                    [33mstroke-width[39m=[32m"2"[39m
                    [33mviewBox[39m=[32m"0 0 24 24"[39m
                    [33mwidth[39m=[32m"24"[39m
                    [33mxmlns[39m=[32m"http://www.w3.org/2000/svg"[39m
                  [36m>[39m
                    [36m<path[39m
                      [33md[39m=[32m"m19 21-7-4-7 4V5a2 2 0 0 1 2-2h10a2 2 0 0 1 2 2v16z"[39m
                    [36m/>[39m
                    [36m<line[39m
                      [33mx1[39m=[32m"12"[39m
                      [33mx2[39m=[32m"12"[39m
                      [33my1[39m=[32m"7"[39m
                      [33my2[39m=[32m"13"[39m
                    [36m/>[39m
                    [36m<line[39m
                      [33mx1[39m=[32m"15"[39m
                      [33mx2[39m=[32m"9"[39m
                      [33my1[39m=[32m"10"[39m
                      [33my2[39m=[32m"10"[39m
                    [36m/>[39m
                  [36m</svg>[39m
                  [0mAdd All Gaps to Skills Tracker ([0m
                  [0m3[0m
                  [0m)[0m
                [36m</button>[39m
                [36m<button[39m
                  [33mclass[39m=[32m"inline-flex items-center justify-center gap-2 whitespace-nowrap rounded-md text-sm font-medium transition-all disabled:pointer-events-none disabled:opacity-50 [&_svg]:pointer-events-none [&_svg:not([class*='size-'])]:size-4 [&_svg]:shrink-0 outline-none focus-visible:border-ring focus-visible:ring-ring/50 focus-visible:ring-[3px] aria-invalid:ring-destructive/20 dark:aria-invalid:ring-destructive/40 aria-invalid:border-destructive bg-primary text-primary-foreground shadow-xs hover:bg-primary/90 h-9 px-4 py-2 has-[>svg]:px-3 flex-1"[39m
                  [33mdata-slot[39m=[32m"button"[39m
                [36m>[39m
                  [36m<svg[39m
                    [33maria-hidden[39m=[32m"true"[39m
                    [33mclass[39m=[32m"lucide lucide-map h-4 w-4 mr-2"[39m
                    [33mfill[39m=[32m"none"[39m
                    [33mheight[39m=[32m"24"[39m
                    [33mstroke[39m=[32m"currentColor"[39m
                    [33mstroke-linecap[39m=[32m"round"[39m
                    [33mstroke-linejoin[39m=[32m"round"[39m
                    [33mstroke-width[39m=[32m"2"[39m
                    [33mviewBox[39m=[32m"0 0 24 24"[39m
                    [33mwidth[39m=[32m"24"[39m
                    [33mxmlns[39m=[32m"http://www.w3.org/2000/svg"[39m
                  [36m>[39m
                    [36m<path[39m
                      [33md[39m=[32m"M14.106 5.553a2 2 0 0 0 1.788 0l3.659-1.83A1 1 0 0 1 21 4.619v12.764a1 1 0 0 1-.553.894l-4.553 2.277a2 2 0 0 1-1.788 0l-4.212-2.106a2 2 0 0 0-1.788 0l-3.659 1.83A1 1 0 0 1 3 19.381V6.618a1 1 0 0 1 .553-.894l4.553-2.277a2 2 0 0 1 1.788 0z"[39m
                    [36m/>[39m
                    [36m<path[39m
                      [33md[39m=[32m"M15 5.764v15"[39m
                    [36m/>[39m
                    [36m<path[39m
                      [33md[39m=[32m"M9 3.236v15"[39m
                    [36m/>[39m
                  [36m</svg>[39m
                  [0mCreate Career Plan from Roadmap[0m
          ...

      107 |
      108 |     // Critical gaps count
    > 109 |     expect(screen.getByText('2')).toBeInTheDocument();
          |                   ^
      110 |     expect(screen.getByText('Critical Gaps')).toBeInTheDocument();
      111 |
      112 |     // Nice-to-have count

      at Object.getElementError (node_modules/@testing-library/dom/dist/config.js:37:19)
      at getElementError (node_modules/@testing-library/dom/dist/query-helpers.js:20:35)
      at getMultipleElementsFoundError (node_modules/@testing-library/dom/dist/query-helpers.js:23:10)
      at node_modules/@testing-library/dom/dist/query-helpers.js:55:13
      at node_modules/@testing-library/dom/dist/query-helpers.js:95:19
      at Object.getByText (src/components/skill-gap/__tests__/AnalysisResults.test.tsx:109:19)

  ● AnalysisResults Component › switches to Radar Chart tab when clicked

    TestingLibraryElementError: Unable to find an element with the text: Skill Profile Comparison. This could be because the text is broken up by multiple elements. In this case, you can provide a function for your text matcher to make your matcher more flexible.

    Ignored nodes: comments, script, style
    [36m<body>[39m
      [36m<div>[39m
        [36m<div[39m
          [33mclass[39m=[32m"w-full space-y-6"[39m
        [36m>[39m
          [36m<div[39m
            [33mclass[39m=[32m"bg-card text-card-foreground flex flex-col gap-6 rounded-xl border py-6 shadow-sm"[39m
            [33mdata-slot[39m=[32m"card"[39m
          [36m>[39m
            [36m<div[39m
              [33mclass[39m=[32m"@container/card-header grid auto-rows-min grid-rows-[auto_auto] items-start gap-1.5 px-6 has-data-[slot=card-action]:grid-cols-[1fr_auto] [.border-b]:pb-6"[39m
              [33mdata-slot[39m=[32m"card-header"[39m
            [36m>[39m
              [36m<div[39m
                [33mclass[39m=[32m"leading-none font-semibold flex items-center gap-2"[39m
                [33mdata-slot[39m=[32m"card-title"[39m
              [36m>[39m
                [36m<svg[39m
                  [33maria-hidden[39m=[32m"true"[39m
                  [33mclass[39m=[32m"lucide lucide-target h-5 w-5 text-blue-600"[39m
                  [33mfill[39m=[32m"none"[39m
                  [33mheight[39m=[32m"24"[39m
                  [33mstroke[39m=[32m"currentColor"[39m
                  [33mstroke-linecap[39m=[32m"round"[39m
                  [33mstroke-linejoin[39m=[32m"round"[39m
                  [33mstroke-width[39m=[32m"2"[39m
                  [33mviewBox[39m=[32m"0 0 24 24"[39m
                  [33mwidth[39m=[32m"24"[39m
                  [33mxmlns[39m=[32m"http://www.w3.org/2000/svg"[39m
                [36m>[39m
                  [36m<circle[39m
                    [33mcx[39m=[32m"12"[39m
                    [33mcy[39m=[32m"12"[39m
                    [33mr[39m=[32m"10"[39m
                  [36m/>[39m
                  [36m<circle[39m
                    [33mcx[39m=[32m"12"[39m
                    [33mcy[39m=[32m"12"[39m
                    [33mr[39m=[32m"6"[39m
                  [36m/>[39m
                  [36m<circle[39m
                    [33mcx[39m=[32m"12"[39m
                    [33mcy[39m=[32m"12"[39m
                    [33mr[39m=[32m"2"[39m
                  [36m/>[39m
                [36m</svg>[39m
                [0mQuick Actions[0m
              [36m</div>[39m
              [36m<div[39m
                [33mclass[39m=[32m"text-muted-foreground text-sm"[39m
                [33mdata-slot[39m=[32m"card-description"[39m
              [36m>[39m
                [0mIntegrate this analysis with your career development workflow[0m
              [36m</div>[39m
            [36m</div>[39m
            [36m<div[39m
              [33mclass[39m=[32m"px-6"[39m
              [33mdata-slot[39m=[32m"card-content"[39m
            [36m>[39m
              [36m<div[39m
                [33mclass[39m=[32m"flex flex-col sm:flex-row gap-3"[39m
              [36m>[39m
                [36m<button[39m
                  [33mclass[39m=[32m"inline-flex items-center justify-center gap-2 whitespace-nowrap rounded-md text-sm font-medium transition-all disabled:pointer-events-none disabled:opacity-50 [&_svg]:pointer-events-none [&_svg:not([class*='size-'])]:size-4 [&_svg]:shrink-0 outline-none focus-visible:border-ring focus-visible:ring-ring/50 focus-visible:ring-[3px] aria-invalid:ring-destructive/20 dark:aria-invalid:ring-destructive/40 aria-invalid:border-destructive border bg-background shadow-xs hover:bg-accent hover:text-accent-foreground dark:bg-input/30 dark:border-input dark:hover:bg-input/50 h-9 px-4 py-2 has-[>svg]:px-3 flex-1"[39m
                  [33mdata-slot[39m=[32m"button"[39m
                [36m>[39m
                  [36m<svg[39m
                    [33maria-hidden[39m=[32m"true"[39m
                    [33mclass[39m=[32m"lucide lucide-bookmark-plus h-4 w-4 mr-2"[39m
                    [33mfill[39m=[32m"none"[39m
                    [33mheight[39m=[32m"24"[39m
                    [33mstroke[39m=[32m"currentColor"[39m
                    [33mstroke-linecap[39m=[32m"round"[39m
                    [33mstroke-linejoin[39m=[32m"round"[39m
                    [33mstroke-width[39m=[32m"2"[39m
                    [33mviewBox[39m=[32m"0 0 24 24"[39m
                    [33mwidth[39m=[32m"24"[39m
                    [33mxmlns[39m=[32m"http://www.w3.org/2000/svg"[39m
                  [36m>[39m
                    [36m<path[39m
                      [33md[39m=[32m"m19 21-7-4-7 4V5a2 2 0 0 1 2-2h10a2 2 0 0 1 2 2v16z"[39m
                    [36m/>[39m
                    [36m<line[39m
                      [33mx1[39m=[32m"12"[39m
                      [33mx2[39m=[32m"12"[39m
                      [33my1[39m=[32m"7"[39m
                      [33my2[39m=[32m"13"[39m
                    [36m/>[39m
                    [36m<line[39m
                      [33mx1[39m=[32m"15"[39m
                      [33mx2[39m=[32m"9"[39m
                      [33my1[39m=[32m"10"[39m
                      [33my2[39m=[32m"10"[39m
                    [36m/>[39m
                  [36m</svg>[39m
                  [0mAdd All Gaps to Skills Tracker ([0m
                  [0m3[0m
                  [0m)[0m
                [36m</button>[39m
                [36m<button[39m
                  [33mclass[39m=[32m"inline-flex items-center justify-center gap-2 whitespace-nowrap rounded-md text-sm font-medium transition-all disabled:pointer-events-none disabled:opacity-50 [&_svg]:pointer-events-none [&_svg:not([class*='size-'])]:size-4 [&_svg]:shrink-0 outline-none focus-visible:border-ring focus-visible:ring-ring/50 focus-visible:ring-[3px] aria-invalid:ring-destructive/20 dark:aria-invalid:ring-destructive/40 aria-invalid:border-destructive bg-primary text-primary-foreground shadow-xs hover:bg-primary/90 h-9 px-4 py-2 has-[>svg]:px-3 flex-1"[39m
                  [33mdata-slot[39m=[32m"button"[39m
                [36m>[39m
                  [36m<svg[39m
                    [33maria-hidden[39m=[32m"true"[39m
                    [33mclass[39m=[32m"lucide lucide-map h-4 w-4 mr-2"[39m
                    [33mfill[39m=[32m"none"[39m
                    [33mheight[39m=[32m"24"[39m
                    [33mstroke[39m=[32m"currentColor"[39m
                    [33mstroke-linecap[39m=[32m"round"[39m
                    [33mstroke-linejoin[39m=[32m"round"[39m
                    [33mstroke-width[39m=[32m"2"[39m
                    [33mviewBox[39m=[32m"0 0 24 24"[39m
                    [33mwidth[39m=[32m"24"[39m
                    [33mxmlns[39m=[32m"http://www.w3.org/2000/svg"[39m
                  [36m>[39m
                    [36m<path[39m
                      [33md[39m=[32m"M14.106 5.553a2 2 0 0 0 1.788 0l3.659-1.83A1 1 0 0 1 21 4.619v12.764a1 1 0 0 1-.553.894l-4.553 2.277a2 2 0 0 1-1.788 0l-4.212-2.106a2 2 0 0 0-1.788 0l-3.659 1.83A1 1 0 0 1 3 19.381V6.618a1 1 0 0 1 .553-.894l4.553-2.277a2 2 0 0 1 1.788 0z"[39m
                    [36m/>[39m
                    [36m<path[39m
                      [33md[39m=[32m"M15 5.764v15"[39m
                    [36m/>[39m
                    [36m<path[39m
                      [33md[39m=[32m"M9 3.236v15"[39m
                    [36m/>[39m
                  [36m</svg>[39m
                  [0mCreate Career Plan from Roadmap[0m
          ...

      142 |
      143 |     // Should show the RadarChart component
    > 144 |     expect(screen.getAllByText('Skill Profile Comparison').length).toBeGreaterThan(0);
          |                   ^
      145 |   });
      146 |
      147 |   it('switches to Roadmap tab when clicked', () => {

      at Object.getElementError (node_modules/@testing-library/dom/dist/config.js:37:19)
      at node_modules/@testing-library/dom/dist/query-helpers.js:76:38
      at node_modules/@testing-library/dom/dist/query-helpers.js:109:15
      at Object.getAllByText (src/components/skill-gap/__tests__/AnalysisResults.test.tsx:144:19)

  ● AnalysisResults Component › switches to Roadmap tab when clicked

    TestingLibraryElementError: Unable to find an element with the text: Prioritized Learning Roadmap. This could be because the text is broken up by multiple elements. In this case, you can provide a function for your text matcher to make your matcher more flexible.

    Ignored nodes: comments, script, style
    [36m<body>[39m
      [36m<div>[39m
        [36m<div[39m
          [33mclass[39m=[32m"w-full space-y-6"[39m
        [36m>[39m
          [36m<div[39m
            [33mclass[39m=[32m"bg-card text-card-foreground flex flex-col gap-6 rounded-xl border py-6 shadow-sm"[39m
            [33mdata-slot[39m=[32m"card"[39m
          [36m>[39m
            [36m<div[39m
              [33mclass[39m=[32m"@container/card-header grid auto-rows-min grid-rows-[auto_auto] items-start gap-1.5 px-6 has-data-[slot=card-action]:grid-cols-[1fr_auto] [.border-b]:pb-6"[39m
              [33mdata-slot[39m=[32m"card-header"[39m
            [36m>[39m
              [36m<div[39m
                [33mclass[39m=[32m"leading-none font-semibold flex items-center gap-2"[39m
                [33mdata-slot[39m=[32m"card-title"[39m
              [36m>[39m
                [36m<svg[39m
                  [33maria-hidden[39m=[32m"true"[39m
                  [33mclass[39m=[32m"lucide lucide-target h-5 w-5 text-blue-600"[39m
                  [33mfill[39m=[32m"none"[39m
                  [33mheight[39m=[32m"24"[39m
                  [33mstroke[39m=[32m"currentColor"[39m
                  [33mstroke-linecap[39m=[32m"round"[39m
                  [33mstroke-linejoin[39m=[32m"round"[39m
                  [33mstroke-width[39m=[32m"2"[39m
                  [33mviewBox[39m=[32m"0 0 24 24"[39m
                  [33mwidth[39m=[32m"24"[39m
                  [33mxmlns[39m=[32m"http://www.w3.org/2000/svg"[39m
                [36m>[39m
                  [36m<circle[39m
                    [33mcx[39m=[32m"12"[39m
                    [33mcy[39m=[32m"12"[39m
                    [33mr[39m=[32m"10"[39m
                  [36m/>[39m
                  [36m<circle[39m
                    [33mcx[39m=[32m"12"[39m
                    [33mcy[39m=[32m"12"[39m
                    [33mr[39m=[32m"6"[39m
                  [36m/>[39m
                  [36m<circle[39m
                    [33mcx[39m=[32m"12"[39m
                    [33mcy[39m=[32m"12"[39m
                    [33mr[39m=[32m"2"[39m
                  [36m/>[39m
                [36m</svg>[39m
                [0mQuick Actions[0m
              [36m</div>[39m
              [36m<div[39m
                [33mclass[39m=[32m"text-muted-foreground text-sm"[39m
                [33mdata-slot[39m=[32m"card-description"[39m
              [36m>[39m
                [0mIntegrate this analysis with your career development workflow[0m
              [36m</div>[39m
            [36m</div>[39m
            [36m<div[39m
              [33mclass[39m=[32m"px-6"[39m
              [33mdata-slot[39m=[32m"card-content"[39m
            [36m>[39m
              [36m<div[39m
                [33mclass[39m=[32m"flex flex-col sm:flex-row gap-3"[39m
              [36m>[39m
                [36m<button[39m
                  [33mclass[39m=[32m"inline-flex items-center justify-center gap-2 whitespace-nowrap rounded-md text-sm font-medium transition-all disabled:pointer-events-none disabled:opacity-50 [&_svg]:pointer-events-none [&_svg:not([class*='size-'])]:size-4 [&_svg]:shrink-0 outline-none focus-visible:border-ring focus-visible:ring-ring/50 focus-visible:ring-[3px] aria-invalid:ring-destructive/20 dark:aria-invalid:ring-destructive/40 aria-invalid:border-destructive border bg-background shadow-xs hover:bg-accent hover:text-accent-foreground dark:bg-input/30 dark:border-input dark:hover:bg-input/50 h-9 px-4 py-2 has-[>svg]:px-3 flex-1"[39m
                  [33mdata-slot[39m=[32m"button"[39m
                [36m>[39m
                  [36m<svg[39m
                    [33maria-hidden[39m=[32m"true"[39m
                    [33mclass[39m=[32m"lucide lucide-bookmark-plus h-4 w-4 mr-2"[39m
                    [33mfill[39m=[32m"none"[39m
                    [33mheight[39m=[32m"24"[39m
                    [33mstroke[39m=[32m"currentColor"[39m
                    [33mstroke-linecap[39m=[32m"round"[39m
                    [33mstroke-linejoin[39m=[32m"round"[39m
                    [33mstroke-width[39m=[32m"2"[39m
                    [33mviewBox[39m=[32m"0 0 24 24"[39m
                    [33mwidth[39m=[32m"24"[39m
                    [33mxmlns[39m=[32m"http://www.w3.org/2000/svg"[39m
                  [36m>[39m
                    [36m<path[39m
                      [33md[39m=[32m"m19 21-7-4-7 4V5a2 2 0 0 1 2-2h10a2 2 0 0 1 2 2v16z"[39m
                    [36m/>[39m
                    [36m<line[39m
                      [33mx1[39m=[32m"12"[39m
                      [33mx2[39m=[32m"12"[39m
                      [33my1[39m=[32m"7"[39m
                      [33my2[39m=[32m"13"[39m
                    [36m/>[39m
                    [36m<line[39m
                      [33mx1[39m=[32m"15"[39m
                      [33mx2[39m=[32m"9"[39m
                      [33my1[39m=[32m"10"[39m
                      [33my2[39m=[32m"10"[39m
                    [36m/>[39m
                  [36m</svg>[39m
                  [0mAdd All Gaps to Skills Tracker ([0m
                  [0m3[0m
                  [0m)[0m
                [36m</button>[39m
                [36m<button[39m
                  [33mclass[39m=[32m"inline-flex items-center justify-center gap-2 whitespace-nowrap rounded-md text-sm font-medium transition-all disabled:pointer-events-none disabled:opacity-50 [&_svg]:pointer-events-none [&_svg:not([class*='size-'])]:size-4 [&_svg]:shrink-0 outline-none focus-visible:border-ring focus-visible:ring-ring/50 focus-visible:ring-[3px] aria-invalid:ring-destructive/20 dark:aria-invalid:ring-destructive/40 aria-invalid:border-destructive bg-primary text-primary-foreground shadow-xs hover:bg-primary/90 h-9 px-4 py-2 has-[>svg]:px-3 flex-1"[39m
                  [33mdata-slot[39m=[32m"button"[39m
                [36m>[39m
                  [36m<svg[39m
                    [33maria-hidden[39m=[32m"true"[39m
                    [33mclass[39m=[32m"lucide lucide-map h-4 w-4 mr-2"[39m
                    [33mfill[39m=[32m"none"[39m
                    [33mheight[39m=[32m"24"[39m
                    [33mstroke[39m=[32m"currentColor"[39m
                    [33mstroke-linecap[39m=[32m"round"[39m
                    [33mstroke-linejoin[39m=[32m"round"[39m
                    [33mstroke-width[39m=[32m"2"[39m
                    [33mviewBox[39m=[32m"0 0 24 24"[39m
                    [33mwidth[39m=[32m"24"[39m
                    [33mxmlns[39m=[32m"http://www.w3.org/2000/svg"[39m
                  [36m>[39m
                    [36m<path[39m
                      [33md[39m=[32m"M14.106 5.553a2 2 0 0 0 1.788 0l3.659-1.83A1 1 0 0 1 21 4.619v12.764a1 1 0 0 1-.553.894l-4.553 2.277a2 2 0 0 1-1.788 0l-4.212-2.106a2 2 0 0 0-1.788 0l-3.659 1.83A1 1 0 0 1 3 19.381V6.618a1 1 0 0 1 .553-.894l4.553-2.277a2 2 0 0 1 1.788 0z"[39m
                    [36m/>[39m
                    [36m<path[39m
                      [33md[39m=[32m"M15 5.764v15"[39m
                    [36m/>[39m
                    [36m<path[39m
                      [33md[39m=[32m"M9 3.236v15"[39m
                    [36m/>[39m
                  [36m</svg>[39m
                  [0mCreate Career Plan from Roadmap[0m
          ...

      152 |
      153 |     // Should show the PrioritizedRoadmap component
    > 154 |     expect(screen.getAllByText('Prioritized Learning Roadmap').length).toBeGreaterThan(0);
          |                   ^
      155 |   });
      156 |
      157 |   it('renders with custom className', () => {

      at Object.getElementError (node_modules/@testing-library/dom/dist/config.js:37:19)
      at node_modules/@testing-library/dom/dist/query-helpers.js:76:38
      at node_modules/@testing-library/dom/dist/query-helpers.js:109:15
      at Object.getAllByText (src/components/skill-gap/__tests__/AnalysisResults.test.tsx:154:19)

FAIL src/components/planning/__tests__/transition-ui.test.tsx (5.279 s)
  ● Transition UI Components › TransitionAssessmentFlow › should render the first step and navigate forward

    TestingLibraryElementError: Found multiple elements with the text: /current role/i

    Here are the matching elements:

    Ignored nodes: comments, script, style
    [36m<h2[39m
      [33mclass[39m=[32m"text-2xl font-bold text-gray-900"[39m
    [36m>[39m
      [0mTell us about your current role[0m
    [36m</h2>[39m

    Ignored nodes: comments, script, style
    [36m<label[39m
      [33mclass[39m=[32m"text-sm leading-none font-medium select-none group-data-[disabled=true]:pointer-events-none group-data-[disabled=true]:opacity-50 peer-disabled:cursor-not-allowed peer-disabled:opacity-50 flex items-center gap-2"[39m
      [33mdata-slot[39m=[32m"label"[39m
      [33mfor[39m=[32m"current-role"[39m
    [36m>[39m
      [36m<svg[39m
        [33maria-hidden[39m=[32m"true"[39m
        [33mclass[39m=[32m"lucide lucide-briefcase h-4 w-4 text-gray-500"[39m
        [33mfill[39m=[32m"none"[39m
        [33mheight[39m=[32m"24"[39m
        [33mstroke[39m=[32m"currentColor"[39m
        [33mstroke-linecap[39m=[32m"round"[39m
        [33mstroke-linejoin[39m=[32m"round"[39m
        [33mstroke-width[39m=[32m"2"[39m
        [33mviewBox[39m=[32m"0 0 24 24"[39m
        [33mwidth[39m=[32m"24"[39m
        [33mxmlns[39m=[32m"http://www.w3.org/2000/svg"[39m
      [36m>[39m
        [36m<path[39m
          [33md[39m=[32m"M16 20V4a2 2 0 0 0-2-2h-4a2 2 0 0 0-2 2v16"[39m
        [36m/>[39m
        [36m<rect[39m
          [33mheight[39m=[32m"14"[39m
          [33mrx[39m=[32m"2"[39m
          [33mwidth[39m=[32m"20"[39m
          [33mx[39m=[32m"2"[39m
          [33my[39m=[32m"6"[39m
        [36m/>[39m
      [36m</svg>[39m
      [0mCurrent Role Title *[0m
    [36m</label>[39m

    Ignored nodes: comments, script, style
    [36m<p[39m
      [33mclass[39m=[32m"text-sm text-gray-500"[39m
    [36m>[39m
      [0mTotal years of professional experience in your current role or similar roles[0m
    [36m</p>[39m

    (If this is intentional, then use the `*AllBy*` variant of the query (like `queryAllByText`, `getAllByText`, or `findAllByText`)).

    Ignored nodes: comments, script, style
    [36m<body>[39m
      [36m<div>[39m
        [36m<div[39m
          [33mclass[39m=[32m"min-h-screen bg-gradient-to-br from-blue-50 via-white to-indigo-50"[39m
        [36m>[39m
          [36m<div[39m
            [33mclass[39m=[32m"sticky top-0 z-10 bg-white/80 backdrop-blur-sm border-b"[39m
          [36m>[39m
            [36m<div[39m
              [33mclass[39m=[32m"max-w-4xl mx-auto px-4 py-4"[39m
            [36m>[39m
              [36m<div[39m
                [33mclass[39m=[32m"flex items-center justify-between"[39m
              [36m>[39m
                [36m<div[39m
                  [33mclass[39m=[32m"flex items-center gap-4"[39m
                [36m>[39m
                  [36m<button[39m
                    [33mclass[39m=[32m"inline-flex items-center justify-center whitespace-nowrap text-sm font-medium transition-all disabled:pointer-events-none disabled:opacity-50 [&_svg]:pointer-events-none [&_svg:not([class*='size-'])]:size-4 shrink-0 [&_svg]:shrink-0 outline-none focus-visible:border-ring focus-visible:ring-ring/50 focus-visible:ring-[3px] aria-invalid:ring-destructive/20 dark:aria-invalid:ring-destructive/40 aria-invalid:border-destructive hover:bg-accent dark:hover:bg-accent/50 h-8 rounded-md gap-1.5 px-3 has-[>svg]:px-2.5 text-gray-500 hover:text-gray-700"[39m
                    [33mdata-slot[39m=[32m"button"[39m
                  [36m>[39m
                    [36m<svg[39m
                      [33maria-hidden[39m=[32m"true"[39m
                      [33mclass[39m=[32m"lucide lucide-x h-4 w-4 mr-2"[39m
                      [33mfill[39m=[32m"none"[39m
                      [33mheight[39m=[32m"24"[39m
                      [33mstroke[39m=[32m"currentColor"[39m
                      [33mstroke-linecap[39m=[32m"round"[39m
                      [33mstroke-linejoin[39m=[32m"round"[39m
                      [33mstroke-width[39m=[32m"2"[39m
                      [33mviewBox[39m=[32m"0 0 24 24"[39m
                      [33mwidth[39m=[32m"24"[39m
                      [33mxmlns[39m=[32m"http://www.w3.org/2000/svg"[39m
                    [36m>[39m
                      [36m<path[39m
                        [33md[39m=[32m"M18 6 6 18"[39m
                      [36m/>[39m
                      [36m<path[39m
                        [33md[39m=[32m"m6 6 12 12"[39m
                      [36m/>[39m
                    [36m</svg>[39m
                    [0mExit[0m
                  [36m</button>[39m
                  [36m<div[39m
                    [33mclass[39m=[32m"text-sm text-gray-600"[39m
                  [36m>[39m
                    [0mStep [0m
                    [0m1[0m
                    [0m of [0m
                    [0m6[0m
                  [36m</div>[39m
                [36m</div>[39m
                [36m<div[39m
                  [33mclass[39m=[32m"flex items-center gap-2"[39m
                [36m>[39m
                  [36m<div[39m
                    [33mclass[39m=[32m"w-2 h-2 rounded-full bg-blue-600"[39m
                    [33mtitle[39m=[32m"Current Role"[39m
                  [36m/>[39m
                  [36m<div[39m
                    [33mclass[39m=[32m"w-2 h-2 rounded-full bg-gray-300"[39m
                    [33mtitle[39m=[32m"Target Role"[39m
                  [36m/>[39m
                  [36m<div[39m
                    [33mclass[39m=[32m"w-2 h-2 rounded-full bg-gray-300"[39m
                    [33mtitle[39m=[32m"Industry Changes"[39m
                  [36m/>[39m
                  [36m<div[39m
                    [33mclass[39m=[32m"w-2 h-2 rounded-full bg-gray-300"[39m
                    [33mtitle[39m=[32m"AI Analysis"[39m
                  [36m/>[39m
                  [36m<div[39m
                    [33mclass[39m=[32m"w-2 h-2 rounded-full bg-gray-300"[39m
                    [33mtitle[39m=[32m"Results"[39m
                  [36m/>[39m
                  [36m<div[39m
                    [33mclass[39m=[32m"w-2 h-2 rounded-full bg-gray-300"[39m
                    [33mtitle[39m=[32m"Customization"[39m
                  [36m/>[39m
                [36m</div>[39m
              [36m</div>[39m
              [36m<div[39m
                [33mclass[39m=[32m"mt-3"[39m
              [36m>[39m
                [36m<div[39m
                  [33maria-valuemax[39m=[32m"100"[39m
                  [33maria-valuemin[39m=[32m"0"[39m
                  [33mclass[39m=[32m"relative w-full overflow-hidden rounded-full bg-secondary h-2"[39m
                  [33mdata-max[39m=[32m"100"[39m
                  [33mdata-state[39m=[32m"indeterminate"[39m
                  [33mrole[39m=[32m"progressbar"[39m
                [36m>[39m
                  [36m<div[39m
                    [33mclass[39m=[32m"h-full w-full flex-1 bg-primary transition-all"[39m
                    [33mdata-max[39m=[32m"100"[39m
                    [33mdata-state[39m=[32m"indeterminate"[39m
                    [33mstyle[39m=[32m"transform: translateX(-83.33333333333334%);"[39m
                  [36m/>[39m
                [36m</div>[39m
              [36m</div>[39m
            [36m</div>[39m
          [36m</div>[39m
          [36m<div[39m
            [33mclass[39m=[32m"max-w-4xl mx-auto px-4 py-8"[39m
          [36m>[39m
            [36m<div[39m
              [33mclass[39m=[32m"bg-card text-card-foreground flex flex-col gap-6 rounded-xl py-6 border-0 shadow-lg"[39m
              [33mdata-slot[39m=[32m"card"[39m
            [36m>[39m
              [36m<div[39m
                [33mclass[39m=[32m"p-8"[39m
                [33mdata-slot[39m=[32m"card-content"[39m
              [36m>[39m
                [36m<div[39m
                  [33mclass[39m=[32m"space-y-6"[39m
                [36m>[39m
                  [36m<div[39m
                    [33mclass[39m=[32m"text-center mb-8"[39m
                  [36m>[39m
                    [36m<div[39m
                      [33mclass[39m=[32m"mx-auto w-16 h-16 bg-blue-100 rounded-full flex items-center justify-center mb-4"[39m
                    [36m>[39m
                      [36m<svg[39m
                        [33maria-hidden[39m=[32m"true"[39m
                        [33mclass[39m=[32m"lucide lucide-briefcase h-8 w-8 text-blue-600"[39m
                        [33mfill[39m=[32m"none"[39m
                        [33mheight[39m=[32m"24"[39m
                        [33mstroke[39m=[32m"currentColor"[39m
                        [33mstroke-linecap[39m=[32m"round"[39m
                        [33mstroke-linejoin[39m=[32m"round"[39m
                        [33mstroke-width[39m=[32m"2"[39m
                        [33mviewBox[39m=[32m"0 0 24 24"[39m
                        [33mwidth[39m=[32m"24"[39m
                        [33mxmlns[39m=[32m"http://www.w3.org/2000/svg"[39m
                      [36m>[39m
                        [36m<path[39m
                          [33md[39m=[32m"M16 20V4a2 2 0 0 0-2-2h-4a2 2 0 0 0-2 2v16"[39m
                        [36m/>[39m
                        [36m<rect[39m
                          [33mheight[39m=[32m"14"[39m
                          [33mrx[39m=[32m"2"[39m
                          [33mwidth[39m=[32m"20"[39m
                          [33mx[39m=[32m"2"[39m
                ...

      36 |
      37 |       // Check that the first step (CurrentRole) is rendered
    > 38 |       expect(screen.getByText(/current role/i)).toBeInTheDocument();
         |                     ^
      39 |
      40 |       // Fill in current role information
      41 |       const roleInput = screen.getByPlaceholderText(/e.g., Software Engineer/i);

      at Object.getElementError (node_modules/@testing-library/dom/dist/config.js:37:19)
      at getElementError (node_modules/@testing-library/dom/dist/query-helpers.js:20:35)
      at getMultipleElementsFoundError (node_modules/@testing-library/dom/dist/query-helpers.js:23:10)
      at node_modules/@testing-library/dom/dist/query-helpers.js:55:13
      at node_modules/@testing-library/dom/dist/query-helpers.js:95:19
      at Object.getByText (src/components/planning/__tests__/transition-ui.test.tsx:38:21)

  ● Transition UI Components › TransitionAssessmentFlow › should allow navigation backward through steps

    Found multiple elements with the text: /target role/i

    Here are the matching elements:

    Ignored nodes: comments, script, style
    [36m<h2[39m
      [33mclass[39m=[32m"text-2xl font-bold text-gray-900"[39m
    [36m>[39m
      [0mWhat's your target role?[0m
    [36m</h2>[39m

    Ignored nodes: comments, script, style
    [36m<label[39m
      [33mclass[39m=[32m"text-sm leading-none font-medium select-none group-data-[disabled=true]:pointer-events-none group-data-[disabled=true]:opacity-50 peer-disabled:cursor-not-allowed peer-disabled:opacity-50 flex items-center gap-2"[39m
      [33mdata-slot[39m=[32m"label"[39m
      [33mfor[39m=[32m"target-role"[39m
    [36m>[39m
      [36m<svg[39m
        [33maria-hidden[39m=[32m"true"[39m
        [33mclass[39m=[32m"lucide lucide-target h-4 w-4 text-gray-500"[39m
        [33mfill[39m=[32m"none"[39m
        [33mheight[39m=[32m"24"[39m
        [33mstroke[39m=[32m"currentColor"[39m
        [33mstroke-linecap[39m=[32m"round"[39m
        [33mstroke-linejoin[39m=[32m"round"[39m
        [33mstroke-width[39m=[32m"2"[39m
        [33mviewBox[39m=[32m"0 0 24 24"[39m
        [33mwidth[39m=[32m"24"[39m
        [33mxmlns[39m=[32m"http://www.w3.org/2000/svg"[39m
      [36m>[39m
        [36m<circle[39m
          [33mcx[39m=[32m"12"[39m
          [33mcy[39m=[32m"12"[39m
          [33mr[39m=[32m"10"[39m
        [36m/>[39m
        [36m<circle[39m
          [33mcx[39m=[32m"12"[39m
          [33mcy[39m=[32m"12"[39m
          [33mr[39m=[32m"6"[39m
        [36m/>[39m
        [36m<circle[39m
          [33mcx[39m=[32m"12"[39m
          [33mcy[39m=[32m"12"[39m
          [33mr[39m=[32m"2"[39m
        [36m/>[39m
      [36m</svg>[39m
      [0mTarget Role Title *[0m
    [36m</label>[39m

    Ignored nodes: comments, script, style
    [36m<p[39m
      [33mclass[39m=[32m"text-sm text-green-900"[39m
    [36m>[39m
      [36m<strong>[39m
        [0mNext step:[0m
      [36m</strong>[39m
      [0m We'll analyze the differences between your current and target roles to identify the type of transition you're making.[0m
    [36m</p>[39m

    (If this is intentional, then use the `*AllBy*` variant of the query (like `queryAllByText`, `getAllByText`, or `findAllByText`)).

    Ignored nodes: comments, script, style
    [36m<body>[39m
      [36m<div>[39m
        [36m<div[39m
          [33mclass[39m=[32m"min-h-screen bg-gradient-to-br from-blue-50 via-white to-indigo-50"[39m
        [36m>[39m
          [36m<div[39m
            [33mclass[39m=[32m"sticky top-0 z-10 bg-white/80 backdrop-blur-sm border-b"[39m
          [36m>[39m
            [36m<div[39m
              [33mclass[39m=[32m"max-w-4xl mx-auto px-4 py-4"[39m
            [36m>[39m
              [36m<div[39m
                [33mclass[39m=[32m"flex items-center justify-between"[39m
              [36m>[39m
                [36m<div[39m
                  [33mclass[39m=[32m"flex items-center gap-4"[39m
                [36m>[39m
                  [36m<button[39m
                    [33mclass[39m=[32m"inline-flex items-center justify-center whitespace-nowrap text-sm font-medium transition-all disabled:pointer-events-none disabled:opacity-50 [&_svg]:pointer-events-none [&_svg:not([class*='size-'])]:size-4 shrink-0 [&_svg]:shrink-0 outline-none focus-visible:border-ring focus-visible:ring-ring/50 focus-visible:ring-[3px] aria-invalid:ring-destructive/20 dark:aria-invalid:ring-destructive/40 aria-invalid:border-destructive hover:bg-accent dark:hover:bg-accent/50 h-8 rounded-md gap-1.5 px-3 has-[>svg]:px-2.5 text-gray-500 hover:text-gray-700"[39m
                    [33mdata-slot[39m=[32m"button"[39m
                  [36m>[39m
                    [36m<svg[39m
                      [33maria-hidden[39m=[32m"true"[39m
                      [33mclass[39m=[32m"lucide lucide-x h-4 w-4 mr-2"[39m
                      [33mfill[39m=[32m"none"[39m
                      [33mheight[39m=[32m"24"[39m
                      [33mstroke[39m=[32m"currentColor"[39m
                      [33mstroke-linecap[39m=[32m"round"[39m
                      [33mstroke-linejoin[39m=[32m"round"[39m
                      [33mstroke-width[39m=[32m"2"[39m
                      [33mviewBox[39m=[32m"0 0 24 24"[39m
                      [33mwidth[39m=[32m"24"[39m
                      [33mxmlns[39m=[32m"http://www.w3.org/2000/svg"[39m
                    [36m>[39m
                      [36m<path[39m
                        [33md[39m=[32m"M18 6 6 18"[39m
                      [36m/>[39m
                      [36m<path[39m
                        [33md[39m=[32m"m6 6 12 12"[39m
                      [36m/>[39m
                    [36m</svg>[39m
                    [0mExit[0m
                  [36m</button>[39m
                  [36m<div[39m
                    [33mclass[39m=[32m"text-sm text-gray-600"[39m
                  [36m>[39m
                    [0mStep [0m
                    [0m2[0m
                    [0m of [0m
                    [0m6[0m
                  [36m</div>[39m
                [36m</div>[39m
                [36m<div[39m
                  [33mclass[39m=[32m"flex items-center gap-2"[39m
                [36m>[39m
                  [36m<div[39m
                    [33mclass[39m=[32m"w-2 h-2 rounded-full bg-blue-600"[39m
                    [33mtitle[39m=[32m"Current Role"[39m
                  [36m/>[39m
                  [36m<div[39m
                    [33mclass[39m=[32m"w-2 h-2 rounded-full bg-blue-600"[39m
                    [33mtitle[39m=[32m"Target Role"[39m
                  [36m/>[39m
                  [36m<div[39m
                    [33mclass[39m=[32m"w-2 h-2 rounded-full bg-gray-300"[39m
                    [33mtitle[39m=[32m"Industry Changes"[39m
                  [36m/>[39m
                  [36m<div[39m
                    [33mclass[39m=[32m"w-2 h-2 rounded-full bg-gray-300"[39m
                    [33mtitle[39m=[32m"AI Analysis"[39m
                  [36m/>[39m
                  [36m<div[39m
                    [33mclass[39m=[32m"w-2 h-2 rounded-full bg-gray-300"[39m
                    [33mtitle[39m=[32m"Results"[39m
                  [36m/>[39m
                  [36m<div[39m
                    [33mclass[39m=[32m"w-2 h-2 rounded-full bg-gray-300"[39m
                    [33mtitle[39m=[32m"Customization"[39m
                  [36m/>[39m
                [36m</div>[39m
              [36m</div>[39m
              [36m<div[39m
                [33mclass[39m=[32m"mt-3"[39m
              [36m>[39m
                [36m<div[39m
                  [33maria-valuemax[39m=[32m"100"[39m
                  [33maria-valuemin[39m=[32m"0"[39m
                  [33mclass[39m=[32m"relative w-full overflow-hidden rounded-full bg-secondary h-2"[39m
                  [33mdata-max[39m=[32m"100"[39m
                  [33mdata-state[39m=[32m"indeterminate"[39m
                  [33mrole[39m=[32m"progressbar"[39m
                [36m>[39m
                  [36m<div[39m
                    [33mclass[39m=[32m"h-full w-full flex-1 bg-primary transition-all"[39m
                    [33mdata-max[39m=[32m"100"[39m
                    [33mdata-state[39m=[32m"indeterminate"[39m
                    [33mstyle[39m=[32m"transform: translateX(-66.66666666666667%);"[39m
                  [36m/>[39m
                [36m</div>[39m
              [36m</div>[39m
            [36m</div>[39m
          [36m</div>[39m
          [36m<div[39m
            [33mclass[39m=[32m"max-w-4xl mx-auto px-4 py-8"[39m
          [36m>[39m
            [36m<div[39m
              [33mclass[39m=[32m"bg-card text-card-foreground flex flex-col gap-6 rounded-xl py-6 border-0 shadow-lg"[39m
              [33mdata-slot[39m=[32m"card"[39m
            [36m>[39m
              [36m<div[39m
                [33mclass[39m=[32m"p-8"[39m
                [33mdata-slot[39m=[32m"card-content"[39m
              [36m>[39m
                [36m<div[39m
                  [33mclass[39m=[32m"space-y-6"[39m
                [36m>[39m
                  [36m<div[39m
                    [33mclass[39m=[32m"text-center mb-8"[39m
                  [36m>[39m
                    [36m<div[39m
                      [33mclass[39m=[32m"mx-auto w-16 h-16 bg-green-100 rounded-full flex items-center justify-center mb-4"[39m
                    [36m>[39m
                      [36m<svg[39m
                        [33maria-hidden[39m=[32m"true"[39m
                        [33mclass[39m=[32m"lucide lucide-target h-8 w-8 text-green-600"[39m
                        [33mfill[39m=[32m"none"[39m
                        [33mheight[39m=[32m"24"[39m
                        [33mstroke[39m=[32m"currentColor"[39m
                        [33mstroke-linecap[39m=[32m"round"[39m
                        [33mstroke-linejoin[39m=[32m"round"[39m
                        [33mstroke-width[39m=[32m"2"[39m
                        [33mviewBox[39m=[32m"0 0 24 24"[39m
                        [33mwidth[39m=[32m"24"[39m
                        [33mxmlns[39m=[32m"http://www.w3.org/2000/svg"[39m
                      [36m>[39m
                        [36m<circle[39m
                          [33mcx[39m=[32m"12"[39m
                          [33mcy[39m=[32m"12"[39m
                          [33mr[39m=[32m"10"[39m
                        [36m/>[39m
                        [36m<circle[39m
                          [33mcx[39m=[32m"12"[39m
                          [33mcy[39m=[32m"12"[39m
                          [33mr[39m=[32m"6"[39m
         ...

      69 |       fireEvent.click(screen.getByRole('button', { name: /next/i }));
      70 |
    > 71 |       await waitFor(() => {
         |                    ^
      72 |         expect(screen.getByText(/target role/i)).toBeInTheDocument();
      73 |       });
      74 |

      at waitForWrapper (node_modules/@testing-library/dom/dist/wait-for.js:163:27)
      at Object.<anonymous> (src/components/planning/__tests__/transition-ui.test.tsx:71:20)

  ● Transition UI Components › TransitionAssessmentFlow › should validate required fields before allowing next step

    TestingLibraryElementError: Found multiple elements with the text: /current role/i

    Here are the matching elements:

    Ignored nodes: comments, script, style
    [36m<h2[39m
      [33mclass[39m=[32m"text-2xl font-bold text-gray-900"[39m
    [36m>[39m
      [0mTell us about your current role[0m
    [36m</h2>[39m

    Ignored nodes: comments, script, style
    [36m<label[39m
      [33mclass[39m=[32m"text-sm leading-none font-medium select-none group-data-[disabled=true]:pointer-events-none group-data-[disabled=true]:opacity-50 peer-disabled:cursor-not-allowed peer-disabled:opacity-50 flex items-center gap-2"[39m
      [33mdata-slot[39m=[32m"label"[39m
      [33mfor[39m=[32m"current-role"[39m
    [36m>[39m
      [36m<svg[39m
        [33maria-hidden[39m=[32m"true"[39m
        [33mclass[39m=[32m"lucide lucide-briefcase h-4 w-4 text-gray-500"[39m
        [33mfill[39m=[32m"none"[39m
        [33mheight[39m=[32m"24"[39m
        [33mstroke[39m=[32m"currentColor"[39m
        [33mstroke-linecap[39m=[32m"round"[39m
        [33mstroke-linejoin[39m=[32m"round"[39m
        [33mstroke-width[39m=[32m"2"[39m
        [33mviewBox[39m=[32m"0 0 24 24"[39m
        [33mwidth[39m=[32m"24"[39m
        [33mxmlns[39m=[32m"http://www.w3.org/2000/svg"[39m
      [36m>[39m
        [36m<path[39m
          [33md[39m=[32m"M16 20V4a2 2 0 0 0-2-2h-4a2 2 0 0 0-2 2v16"[39m
        [36m/>[39m
        [36m<rect[39m
          [33mheight[39m=[32m"14"[39m
          [33mrx[39m=[32m"2"[39m
          [33mwidth[39m=[32m"20"[39m
          [33mx[39m=[32m"2"[39m
          [33my[39m=[32m"6"[39m
        [36m/>[39m
      [36m</svg>[39m
      [0mCurrent Role Title *[0m
    [36m</label>[39m

    Ignored nodes: comments, script, style
    [36m<p[39m
      [33mclass[39m=[32m"text-sm text-gray-500"[39m
    [36m>[39m
      [0mTotal years of professional experience in your current role or similar roles[0m
    [36m</p>[39m

    (If this is intentional, then use the `*AllBy*` variant of the query (like `queryAllByText`, `getAllByText`, or `findAllByText`)).

    Ignored nodes: comments, script, style
    [36m<body>[39m
      [36m<div>[39m
        [36m<div[39m
          [33mclass[39m=[32m"min-h-screen bg-gradient-to-br from-blue-50 via-white to-indigo-50"[39m
        [36m>[39m
          [36m<div[39m
            [33mclass[39m=[32m"sticky top-0 z-10 bg-white/80 backdrop-blur-sm border-b"[39m
          [36m>[39m
            [36m<div[39m
              [33mclass[39m=[32m"max-w-4xl mx-auto px-4 py-4"[39m
            [36m>[39m
              [36m<div[39m
                [33mclass[39m=[32m"flex items-center justify-between"[39m
              [36m>[39m
                [36m<div[39m
                  [33mclass[39m=[32m"flex items-center gap-4"[39m
                [36m>[39m
                  [36m<button[39m
                    [33mclass[39m=[32m"inline-flex items-center justify-center whitespace-nowrap text-sm font-medium transition-all disabled:pointer-events-none disabled:opacity-50 [&_svg]:pointer-events-none [&_svg:not([class*='size-'])]:size-4 shrink-0 [&_svg]:shrink-0 outline-none focus-visible:border-ring focus-visible:ring-ring/50 focus-visible:ring-[3px] aria-invalid:ring-destructive/20 dark:aria-invalid:ring-destructive/40 aria-invalid:border-destructive hover:bg-accent dark:hover:bg-accent/50 h-8 rounded-md gap-1.5 px-3 has-[>svg]:px-2.5 text-gray-500 hover:text-gray-700"[39m
                    [33mdata-slot[39m=[32m"button"[39m
                  [36m>[39m
                    [36m<svg[39m
                      [33maria-hidden[39m=[32m"true"[39m
                      [33mclass[39m=[32m"lucide lucide-x h-4 w-4 mr-2"[39m
                      [33mfill[39m=[32m"none"[39m
                      [33mheight[39m=[32m"24"[39m
                      [33mstroke[39m=[32m"currentColor"[39m
                      [33mstroke-linecap[39m=[32m"round"[39m
                      [33mstroke-linejoin[39m=[32m"round"[39m
                      [33mstroke-width[39m=[32m"2"[39m
                      [33mviewBox[39m=[32m"0 0 24 24"[39m
                      [33mwidth[39m=[32m"24"[39m
                      [33mxmlns[39m=[32m"http://www.w3.org/2000/svg"[39m
                    [36m>[39m
                      [36m<path[39m
                        [33md[39m=[32m"M18 6 6 18"[39m
                      [36m/>[39m
                      [36m<path[39m
                        [33md[39m=[32m"m6 6 12 12"[39m
                      [36m/>[39m
                    [36m</svg>[39m
                    [0mExit[0m
                  [36m</button>[39m
                  [36m<div[39m
                    [33mclass[39m=[32m"text-sm text-gray-600"[39m
                  [36m>[39m
                    [0mStep [0m
                    [0m1[0m
                    [0m of [0m
                    [0m6[0m
                  [36m</div>[39m
                [36m</div>[39m
                [36m<div[39m
                  [33mclass[39m=[32m"flex items-center gap-2"[39m
                [36m>[39m
                  [36m<div[39m
                    [33mclass[39m=[32m"w-2 h-2 rounded-full bg-blue-600"[39m
                    [33mtitle[39m=[32m"Current Role"[39m
                  [36m/>[39m
                  [36m<div[39m
                    [33mclass[39m=[32m"w-2 h-2 rounded-full bg-gray-300"[39m
                    [33mtitle[39m=[32m"Target Role"[39m
                  [36m/>[39m
                  [36m<div[39m
                    [33mclass[39m=[32m"w-2 h-2 rounded-full bg-gray-300"[39m
                    [33mtitle[39m=[32m"Industry Changes"[39m
                  [36m/>[39m
                  [36m<div[39m
                    [33mclass[39m=[32m"w-2 h-2 rounded-full bg-gray-300"[39m
                    [33mtitle[39m=[32m"AI Analysis"[39m
                  [36m/>[39m
                  [36m<div[39m
                    [33mclass[39m=[32m"w-2 h-2 rounded-full bg-gray-300"[39m
                    [33mtitle[39m=[32m"Results"[39m
                  [36m/>[39m
                  [36m<div[39m
                    [33mclass[39m=[32m"w-2 h-2 rounded-full bg-gray-300"[39m
                    [33mtitle[39m=[32m"Customization"[39m
                  [36m/>[39m
                [36m</div>[39m
              [36m</div>[39m
              [36m<div[39m
                [33mclass[39m=[32m"mt-3"[39m
              [36m>[39m
                [36m<div[39m
                  [33maria-valuemax[39m=[32m"100"[39m
                  [33maria-valuemin[39m=[32m"0"[39m
                  [33mclass[39m=[32m"relative w-full overflow-hidden rounded-full bg-secondary h-2"[39m
                  [33mdata-max[39m=[32m"100"[39m
                  [33mdata-state[39m=[32m"indeterminate"[39m
                  [33mrole[39m=[32m"progressbar"[39m
                [36m>[39m
                  [36m<div[39m
                    [33mclass[39m=[32m"h-full w-full flex-1 bg-primary transition-all"[39m
                    [33mdata-max[39m=[32m"100"[39m
                    [33mdata-state[39m=[32m"indeterminate"[39m
                    [33mstyle[39m=[32m"transform: translateX(-83.33333333333334%);"[39m
                  [36m/>[39m
                [36m</div>[39m
              [36m</div>[39m
            [36m</div>[39m
          [36m</div>[39m
          [36m<div[39m
            [33mclass[39m=[32m"max-w-4xl mx-auto px-4 py-8"[39m
          [36m>[39m
            [36m<div[39m
              [33mclass[39m=[32m"bg-card text-card-foreground flex flex-col gap-6 rounded-xl py-6 border-0 shadow-lg"[39m
              [33mdata-slot[39m=[32m"card"[39m
            [36m>[39m
              [36m<div[39m
                [33mclass[39m=[32m"p-8"[39m
                [33mdata-slot[39m=[32m"card-content"[39m
              [36m>[39m
                [36m<div[39m
                  [33mclass[39m=[32m"space-y-6"[39m
                [36m>[39m
                  [36m<div[39m
                    [33mclass[39m=[32m"text-center mb-8"[39m
                  [36m>[39m
                    [36m<div[39m
                      [33mclass[39m=[32m"mx-auto w-16 h-16 bg-blue-100 rounded-full flex items-center justify-center mb-4"[39m
                    [36m>[39m
                      [36m<svg[39m
                        [33maria-hidden[39m=[32m"true"[39m
                        [33mclass[39m=[32m"lucide lucide-briefcase h-8 w-8 text-blue-600"[39m
                        [33mfill[39m=[32m"none"[39m
                        [33mheight[39m=[32m"24"[39m
                        [33mstroke[39m=[32m"currentColor"[39m
                        [33mstroke-linecap[39m=[32m"round"[39m
                        [33mstroke-linejoin[39m=[32m"round"[39m
                        [33mstroke-width[39m=[32m"2"[39m
                        [33mviewBox[39m=[32m"0 0 24 24"[39m
                        [33mwidth[39m=[32m"24"[39m
                        [33mxmlns[39m=[32m"http://www.w3.org/2000/svg"[39m
                      [36m>[39m
                        [36m<path[39m
                          [33md[39m=[32m"M16 20V4a2 2 0 0 0-2-2h-4a2 2 0 0 0-2 2v16"[39m
                        [36m/>[39m
                        [36m<rect[39m
                          [33mheight[39m=[32m"14"[39m
                          [33mrx[39m=[32m"2"[39m
                          [33mwidth[39m=[32m"20"[39m
                          [33mx[39m=[32m"2"[39m
                ...

       98 |
       99 |       // Should display validation error or keep user on same step
    > 100 |       expect(screen.getByText(/current role/i)).toBeInTheDocument();
          |                     ^
      101 |     });
      102 |   });
      103 |

      at Object.getElementError (node_modules/@testing-library/dom/dist/config.js:37:19)
      at getElementError (node_modules/@testing-library/dom/dist/query-helpers.js:20:35)
      at getMultipleElementsFoundError (node_modules/@testing-library/dom/dist/query-helpers.js:23:10)
      at node_modules/@testing-library/dom/dist/query-helpers.js:55:13
      at node_modules/@testing-library/dom/dist/query-helpers.js:95:19
      at Object.getByText (src/components/planning/__tests__/transition-ui.test.tsx:100:21)

  ● Transition UI Components › TransitionPlanCard › should display transition metadata correctly

    TestingLibraryElementError: Unable to find an element with the text: /cross-role/i. This could be because the text is broken up by multiple elements. In this case, you can provide a function for your text matcher to make your matcher more flexible.

    Ignored nodes: comments, script, style
    [36m<body>[39m
      [36m<div>[39m
        [36m<div[39m
          [33mclass[39m=[32m"bg-card text-card-foreground flex flex-col gap-6 rounded-xl border py-6 shadow-sm cursor-pointer transition-all hover:shadow-lg"[39m
          [33mdata-slot[39m=[32m"card"[39m
        [36m>[39m
          [36m<div[39m
            [33mclass[39m=[32m"@container/card-header grid auto-rows-min grid-rows-[auto_auto] items-start gap-1.5 px-6 has-data-[slot=card-action]:grid-cols-[1fr_auto] [.border-b]:pb-6"[39m
            [33mdata-slot[39m=[32m"card-header"[39m
          [36m>[39m
            [36m<div[39m
              [33mclass[39m=[32m"flex items-start justify-between"[39m
            [36m>[39m
              [36m<div[39m
                [33mclass[39m=[32m"flex-1"[39m
              [36m>[39m
                [36m<div[39m
                  [33mclass[39m=[32m"font-semibold text-lg"[39m
                  [33mdata-slot[39m=[32m"card-title"[39m
                [36m>[39m
                  [0mIC to Manager Transition[0m
                [36m</div>[39m
                [36m<p[39m
                  [33mclass[39m=[32m"text-sm text-gray-600 mt-1"[39m
                [36m>[39m
                  [0mTransition from Individual Contributor to Engineering Manager[0m
                [36m</p>[39m
              [36m</div>[39m
              [36m<div[39m
                [33mclass[39m=[32m"flex gap-1 ml-2"[39m
              [36m/>[39m
            [36m</div>[39m
            [36m<div[39m
              [33mclass[39m=[32m"flex items-center gap-2 mt-3 text-sm"[39m
            [36m>[39m
              [36m<span[39m
                [33mclass[39m=[32m"font-medium text-gray-700"[39m
              [36m>[39m
                [0mSenior Software Engineer[0m
              [36m</span>[39m
              [36m<svg[39m
                [33maria-hidden[39m=[32m"true"[39m
                [33mclass[39m=[32m"lucide lucide-arrow-right h-4 w-4 text-gray-400"[39m
                [33mfill[39m=[32m"none"[39m
                [33mheight[39m=[32m"24"[39m
                [33mstroke[39m=[32m"currentColor"[39m
                [33mstroke-linecap[39m=[32m"round"[39m
                [33mstroke-linejoin[39m=[32m"round"[39m
                [33mstroke-width[39m=[32m"2"[39m
                [33mviewBox[39m=[32m"0 0 24 24"[39m
                [33mwidth[39m=[32m"24"[39m
                [33mxmlns[39m=[32m"http://www.w3.org/2000/svg"[39m
              [36m>[39m
                [36m<path[39m
                  [33md[39m=[32m"M5 12h14"[39m
                [36m/>[39m
                [36m<path[39m
                  [33md[39m=[32m"m12 5 7 7-7 7"[39m
                [36m/>[39m
              [36m</svg>[39m
              [36m<span[39m
                [33mclass[39m=[32m"font-medium text-blue-600"[39m
              [36m>[39m
                [0mEngineering Manager[0m
              [36m</span>[39m
            [36m</div>[39m
            [36m<div[39m
              [33mclass[39m=[32m"flex flex-wrap gap-2 mt-3"[39m
            [36m>[39m
              [36m<div[39m
                [33mclass[39m=[32m"inline-flex items-center rounded-full border px-2.5 py-0.5 text-xs font-semibold transition-colors focus:outline-none focus:ring-2 focus:ring-ring focus:ring-offset-2 border-transparent hover:bg-primary/80 bg-blue-100 text-blue-800"[39m
              [36m>[39m
                [0mrole[0m
              [36m</div>[39m
              [36m<div[39m
                [33mclass[39m=[32m"inline-flex items-center rounded-full border px-2.5 py-0.5 text-xs font-semibold transition-colors focus:outline-none focus:ring-2 focus:ring-ring focus:ring-offset-2 border-transparent hover:bg-primary/80 bg-green-100 text-green-800"[39m
              [36m>[39m
                [0mactive[0m
              [36m</div>[39m
            [36m</div>[39m
          [36m</div>[39m
          [36m<div[39m
            [33mclass[39m=[32m"px-6 space-y-4"[39m
            [33mdata-slot[39m=[32m"card-content"[39m
          [36m>[39m
            [36m<div[39m
              [33mclass[39m=[32m"grid grid-cols-3 gap-3"[39m
            [36m>[39m
              [36m<div[39m
                [33mclass[39m=[32m"text-center p-2 bg-blue-50 rounded-lg"[39m
              [36m>[39m
                [36m<svg[39m
                  [33maria-hidden[39m=[32m"true"[39m
                  [33mclass[39m=[32m"lucide lucide-calendar mx-auto h-5 w-5 text-blue-600 mb-1"[39m
                  [33mfill[39m=[32m"none"[39m
                  [33mheight[39m=[32m"24"[39m
                  [33mstroke[39m=[32m"currentColor"[39m
                  [33mstroke-linecap[39m=[32m"round"[39m
                  [33mstroke-linejoin[39m=[32m"round"[39m
                  [33mstroke-width[39m=[32m"2"[39m
                  [33mviewBox[39m=[32m"0 0 24 24"[39m
                  [33mwidth[39m=[32m"24"[39m
                  [33mxmlns[39m=[32m"http://www.w3.org/2000/svg"[39m
                [36m>[39m
                  [36m<path[39m
                    [33md[39m=[32m"M8 2v4"[39m
                  [36m/>[39m
                  [36m<path[39m
                    [33md[39m=[32m"M16 2v4"[39m
                  [36m/>[39m
                  [36m<rect[39m
                    [33mheight[39m=[32m"18"[39m
                    [33mrx[39m=[32m"2"[39m
                    [33mwidth[39m=[32m"18"[39m
                    [33mx[39m=[32m"3"[39m
                    [33my[39m=[32m"4"[39m
                  [36m/>[39m
                  [36m<path[39m
                    [33md[39m=[32m"M3 10h18"[39m
                  [36m/>[39m
                [36m</svg>[39m
                [36m<div[39m
                  [33mclass[39m=[32m"text-sm font-bold text-blue-600"[39m
                [36m>[39m
                  [0m8-12mo[0m
                [36m</div>[39m
                [36m<div[39m
                  [33mclass[39m=[32m"text-xs text-gray-600"[39m
                [36m>[39m
                  [0mTimeline[0m
                [36m</div>[39m
              [36m</div>[39m
              [36m<div[39m
                [33mclass[39m=[32m"text-center p-2 bg-purple-50 rounded-lg"[39m
              [36m>[39m
                [36m<svg[39m
                  [33maria-hidden[39m=[32m"true"[39m
                  [33mclass[39m=[32m"lucide lucide-target mx-auto h-5 w-5 text-purple-600 mb-1"[39m
                  [33mfill[39m=[32m"none"[39m
                  [33mheight[39m=[32m"24"[39m
                  [33mstroke[39m=[32m"currentColor"[39m
                  [33mstroke-linecap[39m=[32m"round"[39m
                  [33mstroke-linejoin[39m=[32m"round"[39m
                  [33mstroke-width[39m=[32m"2"[39m
                  [33mviewBox[39m=[32m"0 0 24 24"[39m
                  [33mwidth[39m=[32m"24"[39m
                  [33mxmlns[39m=[32m"http://www.w3.org/2000/svg"[39m
                [36m>[39m
                  [36m<circle[39m
                    [33mcx[39m=[32m"12"[39m
                    [33mcy[39m=[32m"12"[39m
                    [33mr[39m=[32m"10"[39m
                  [36m/>[39m
                  [36m<circle[39m
                    [33mcx[39m=[32m"12"[39m
                    [33mcy[39m=[32m"12"[39m
                    [33mr[39m=[32m"6"[39m
                  [36m/>[39m
                  [36m<circle[39m
                    [33mcx[39m=[32m"12"[39m
                    [33mcy[39m=[32m"12"[39m
                    [33mr[39m=[32m"2"[39m
                  [36m/>[39m
                [36m</svg>[39m
                [36m<div[39m
                  [33mclass[39m=[32m"text-sm font-bold text-purple-600"[39m
                [36m>[39m
                  [0m0[0m
                  [0m/[0m
                  [0m0[0m
                [36m</div>[39m
                [36m<div[39m
                  [33mclass[39m=[32m"text-xs text-gray-600"[39m
                [36m>[39m
                  [0mMilestones[0m
                [36m</div>[39m
              [36m</div>[39m
              [36m<div[39m
                [33mclass[39m=[32m"text-center p-2 bg-green-50 rounded-lg"[39m
              [36m>[39m
                [36m<svg[39m
                  [33maria-hidden[39m=[32m"true"[39m
                  [33mclass[39m=[32m"lucide lucide-trending-up mx-auto h-5 w-5 text-green-600 mb-1"[39m
                  [33mfill[39m=[32m"none"[39m
                  [33mheight[39m=[32m"24"[39m
                  [33mstroke[39m=[32m"currentColor"[39m
                  [33mstroke-linecap[39m=[32m"round"[39m
                  [33mstroke-linejoin[39m=[32m"round"[39m
                  [33mstroke-width[39m=[32m"2"[39m
                  [33mviewBox[39m=[32m"0 0 24 24"[39m
                  [33mwidth[39m=[32m"24"[39m
                  [33mxmlns[39m=[32m"http://www.w3.org/2000/svg"[39m
                [36m>[39m
                  [36m<path[39m
                    [33md[39m=[32m"M16 7h6v6"[39m
                  [36m/>[39m
                  [36m<path[39m
                    [33md[39m=[32m"m22 7-8.5 8.5-5-5L2 17"[39m
                  [36m/>[39m
                [36m</svg>[39m
                [36m<div[39m
                  [33mclass[39m=[32m"text-sm font-bold text-green-600"[39m
                [36m>[39m
                  [0m35[0m
                  [0m%[0m
                [36m</div>[39m
                [36m<div[39m
                  [33mclass[39m=[32m"text-xs text-gray-600"[39m
                [36m>[39m
                  [0mProgress[0m
                [36m</div>[39m
              [36m</div>[39m
            [36m</div>[39m
            [36m<div[39m
              [33mclass[39m=[32m"space-y-2"[39m
            [36m>[39m
              [36m<div[39m
                [33mclass[39m=[32m"flex items-center justify-between text-sm"[39m
              [36m>[39m
                [36m<span[39m
                  [33mclass[39m=[32m"text-gray-600"[39m
                [36m>[39m
                  [0mOverall Progress[0m
                [36m</span>[39m
                [36m<span[39m
                  [33mclass[39m=[32m"font-medium text-gray-900"[39m
                [36m>[39m
                  [0m35[0m
                  [0m%[0m
                [36m</span>[39m
              [36m</div>[39m
              [36m<div[39m
                [33maria-valuemax[39m=[32m"100"[39m
                [33maria-valuemin[39m=[32m"0"[39m
                [33mclass[39m=[32m"relative w-full overflow-hidden rounded-full bg-secondary h-2"[39m
                [33mdata-max[39m=[32m"100"[39m
                [33mdata-state[39m=[32m"indeterminate"[39m
                [33mrole[39m=[32m"progressbar"[39m
              [36m>[39m
                [36m<div[39m
                  [33mclass[39m=[32m"h-full w-full flex-1 bg-primary transition-all"[39m
                  [33mdata-max[39m=[32m"100"[39m
                  [33mdata-state[39m=[32m"indeterminate"[39m
                  [33mstyle[39m=[32m"transform: translateX(-65%);"[39m
                [36m/>[39m
              [36m</div>[39m
            [36m</div>[39m
            [36m<div[39m
              [33mclass[39m=[32m"border-t pt-3"[39m
            [36m>[39m
              [36m<div[39m
                [33mclass[39m=[32m"flex items-center gap-2 text-xs text-gray-600 mb-2"[39m
              [36m>[39m
                [36m<svg[39m
                  [33maria-hidden[39m=[32m"true"[39m
                  [33mclass[39m=[32m"lucide lucide-users h-3 w-3"[39m
                  [33mfill[39m=[32m"none"[39m
                  [33mheight[39m=[32m"24"[39m
                  [33mstroke[39m=[32m"currentColor"[39m
                  [33mstroke-linecap[39m=[32m"round"[39m
                  [33mstroke-linejoin[39m=[32m"round"[39m
                  [33mstroke-width[39m=[32m"2"[39m
                  [33mviewBox[39m=[32m"0 0 24 24"[39m
                  [33mwidth[39m=[32m"24"[39m
                  [33mxmlns[39m=[32m"http://www.w3.org/2000/svg"[39m
                [36m>[39m
                  [36m<path[39m
                    [33md[39m=[32m"M16 21v-2a4 4 0 0 0-4-4H6a4 4 0 0 0-4 4v2"[39m
                  [36m/>[39m
                  [36m<path[39m
                    [33md[39m=[32m"M16 3.128a4 4 0 0 1 0 7.744"[39m
                  [36m/>[39m
                  [36m<path[39m
                    [33md[39m=[32m"M22 21v-2a4 4 0 0 0-3-3.87"[39m
                  [36m/>[39m
                  [36m<circle[39m
                    [33mcx[39m=[32m"9"[39m
                    [33mcy[39m=[32m"7"[39m
                    [33mr[39m=[32m"4"[39m
                  [36m/>[39m
                [36m</svg>[39m
                [36m<span[39m
                  [33mclass[39m=[32m"font-medium"[39m
                [36m>[39m
                  [0mBridge Roles[0m
                [36m</span>[39m
              [36m</div>[39m
              [36m<div[39m
                [33mclass[39m=[32m"flex flex-wrap gap-1"[39m
              [36m>[39m
                [36m<div[39m
                  [33mclass[39m=[32m"inline-flex items-center rounded-full border px-2.5 py-0.5 font-semibold transition-colors focus:outline-none focus:ring-2 focus:ring-ring focus:ring-offset-2 text-foreground text-xs"[39m
                [36m>[39m
                  [0mTech Lead[0m
                [36m</div>[39m
                [36m<div[39m
                  [33mclass[39m=[32m"inline-flex items-center rounded-full border px-2.5 py-0.5 font-semibold transition-colors focus:outline-none focus:ring-2 focus:ring-ring focus:ring-offset-2 text-foreground text-xs"[39m
                [36m>[39m
                  [0mStaff Engineer[0m
                [36m</div>[39m
              [36m</div>[39m
            [36m</div>[39m
            [36m<div[39m
              [33mclass[39m=[32m"border-t pt-3"[39m
            [36m>[39m
              [36m<div[39m
                [33mclass[39m=[32m"flex items-center gap-2 text-xs text-gray-600 mb-2"[39m
              [36m>[39m
                [36m<svg[39m
                  [33maria-hidden[39m=[32m"true"[39m
                  [33mclass[39m=[32m"lucide lucide-users h-3 w-3"[39m
                  [33mfill[39m=[32m"none"[39m
                  [33mheight[39m=[32m"24"[39m
                  [33mstroke[39m=[32m"currentColor"[39m
                  [33mstroke-linecap[39m=[32m"round"[39m
                  [33mstroke-linejoin[39m=[32m"round"[39m
                  [33mstroke-width[39m=[32m"2"[39m
                  [33mviewBox[39m=[32m"0 0 24 24"[39m
                  [33mwidth[39m=[32m"24"[39m
                  [33mxmlns[39m=[32m"http://www.w3.org/2000/svg"[39m
                [36m>[39m
                  [36m<path[39m
                    [33md[39m=[32m"M16 21v-2a4 4 0 0 0-4-4H6a4 4 0 0 0-4 4v2"[39m
                  [36m/>[39m
                  [36m<path[39m
                    [33md[39m=[32m"M16 3.128a4 4 0 0 1 0 7.744"[39m
                  [36m/>[39m
                  [36m<path[39m
                    [33md[39m=[32m"M22 21v-2a4 4 0 0 0-3-3.87"[39m
                  [36m/>[39m
                  [36m<circle[39m
                    [33mcx[39m=[32m"9"[39m
                    [33mcy[39m=[32m"7"[39m
                    [33mr[39m=[32m"4"[39m
                  [36m/>[39m
                [36m</svg>[39m
                [36m<span[39m
                  [33mclass[39m=[32m"font-medium"[39m
                [36m>[39m
                  [0mSimilar Transitions[0m
                [36m</span>[39m
              [36m</div>[39m
              [36m<p[39m
                [33mclass[39m=[32m"text-sm text-gray-700"[39m
              [36m>[39m
                [0mAverage: [0m
                [36m<strong>[39m
                  [0m10 months[0m
                [36m</strong>[39m
                [0m • Success Rate: [0m
                [36m<strong>[39m
                  [0m75[0m
                  [0m%[0m
                [36m</strong>[39m
              [36m</p>[39m
            [36m</div>[39m
          [36m</div>[39m
        [36m</div>[39m
      [36m</div>[39m
    [36m</body>[39m

      137 |       // Check that all key information is displayed
      138 |       expect(screen.getByText('IC to Manager Transition')).toBeInTheDocument();
    > 139 |       expect(screen.getByText(/cross-role/i)).toBeInTheDocument();
          |                     ^
      140 |       expect(screen.getByText(/8-12 months/i)).toBeInTheDocument();
      141 |       expect(screen.getByText(/35%/i)).toBeInTheDocument();
      142 |       expect(screen.getByText(/Tech Lead/i)).toBeInTheDocument();

      at Object.getElementError (node_modules/@testing-library/dom/dist/config.js:37:19)
      at node_modules/@testing-library/dom/dist/query-helpers.js:76:38
      at node_modules/@testing-library/dom/dist/query-helpers.js:52:17
      at node_modules/@testing-library/dom/dist/query-helpers.js:95:19
      at Object.getByText (src/components/planning/__tests__/transition-ui.test.tsx:139:21)

  ● Transition UI Components › CourseRecommendations › should display course recommendations with affiliate links

    TestingLibraryElementError: Found multiple elements with the text: /affiliate/i

    Here are the matching elements:

    Ignored nodes: comments, script, style
    [36m<p[39m
      [33mclass[39m=[32m"text-xs text-blue-900"[39m
    [36m>[39m
      [36m<strong>[39m
        [0mAffiliate Disclosure:[0m
      [36m</strong>[39m
      [0m These are affiliate links. We may earn a commission if you enroll in a course, at no additional cost to you. We only recommend courses we believe will help you develop this skill.[0m
    [36m</p>[39m

    Ignored nodes: comments, script, style
    [36m<strong>[39m
      [0mAffiliate Disclosure:[0m
    [36m</strong>[39m

    (If this is intentional, then use the `*AllBy*` variant of the query (like `queryAllByText`, `getAllByText`, or `findAllByText`)).

    Ignored nodes: comments, script, style
    [36m<body>[39m
      [36m<div>[39m
        [36m<div[39m
          [33mclass[39m=[32m"space-y-4"[39m
        [36m>[39m
          [36m<div[39m
            [33mclass[39m=[32m"bg-blue-50 border border-blue-200 rounded-lg p-3 flex items-start gap-2"[39m
          [36m>[39m
            [36m<svg[39m
              [33maria-hidden[39m=[32m"true"[39m
              [33mclass[39m=[32m"lucide lucide-info h-4 w-4 text-blue-600 flex-shrink-0 mt-0.5"[39m
              [33mfill[39m=[32m"none"[39m
              [33mheight[39m=[32m"24"[39m
              [33mstroke[39m=[32m"currentColor"[39m
              [33mstroke-linecap[39m=[32m"round"[39m
              [33mstroke-linejoin[39m=[32m"round"[39m
              [33mstroke-width[39m=[32m"2"[39m
              [33mviewBox[39m=[32m"0 0 24 24"[39m
              [33mwidth[39m=[32m"24"[39m
              [33mxmlns[39m=[32m"http://www.w3.org/2000/svg"[39m
            [36m>[39m
              [36m<circle[39m
                [33mcx[39m=[32m"12"[39m
                [33mcy[39m=[32m"12"[39m
                [33mr[39m=[32m"10"[39m
              [36m/>[39m
              [36m<path[39m
                [33md[39m=[32m"M12 16v-4"[39m
              [36m/>[39m
              [36m<path[39m
                [33md[39m=[32m"M12 8h.01"[39m
              [36m/>[39m
            [36m</svg>[39m
            [36m<p[39m
              [33mclass[39m=[32m"text-xs text-blue-900"[39m
            [36m>[39m
              [36m<strong>[39m
                [0mAffiliate Disclosure:[0m
              [36m</strong>[39m
              [0m These are affiliate links. We may earn a commission if you enroll in a course, at no additional cost to you. We only recommend courses we believe will help you develop this skill.[0m
            [36m</p>[39m
          [36m</div>[39m
          [36m<div[39m
            [33mclass[39m=[32m"grid grid-cols-1 md:grid-cols-2 gap-3"[39m
          [36m>[39m
            [36m<div[39m
              [33mclass[39m=[32m"bg-card text-card-foreground flex flex-col gap-6 rounded-xl border py-6 shadow-sm hover:shadow-md transition-shadow"[39m
              [33mdata-slot[39m=[32m"card"[39m
            [36m>[39m
              [36m<div[39m
                [33mclass[39m=[32m"p-4"[39m
                [33mdata-slot[39m=[32m"card-content"[39m
              [36m>[39m
                [36m<div[39m
                  [33mclass[39m=[32m"space-y-3"[39m
                [36m>[39m
                  [36m<div[39m
                    [33mclass[39m=[32m"flex items-center justify-between"[39m
                  [36m>[39m
                    [36m<div[39m
                      [33mclass[39m=[32m"inline-flex items-center rounded-full border px-2.5 py-0.5 text-xs font-semibold transition-colors focus:outline-none focus:ring-2 focus:ring-ring focus:ring-offset-2 border-transparent hover:bg-primary/80 bg-blue-100 text-blue-800"[39m
                    [36m>[39m
                      [0mCoursera[0m
                    [36m</div>[39m
                    [36m<span[39m
                      [33mclass[39m=[32m"text-lg font-bold text-gray-900"[39m
                    [36m>[39m
                      [0m$[0m
                      [0m49.99[0m
                    [36m</span>[39m
                  [36m</div>[39m
                  [36m<h5[39m
                    [33mclass[39m=[32m"font-semibold text-gray-900 line-clamp-2"[39m
                  [36m>[39m
                    [0mLeadership Fundamentals[0m
                  [36m</h5>[39m
                  [36m<a[39m
                    [33mclass[39m=[32m"flex items-center gap-2 text-blue-600 hover:text-blue-800 text-sm font-medium transition-colors"[39m
                    [33mhref[39m=[32m"https://coursera.org/course/leadership?aff=careeros"[39m
                    [33mrel[39m=[32m"noopener noreferrer"[39m
                    [33mtarget[39m=[32m"_blank"[39m
                  [36m>[39m
                    [0mView Course[0m
                    [36m<svg[39m
                      [33maria-hidden[39m=[32m"true"[39m
                      [33mclass[39m=[32m"lucide lucide-external-link h-4 w-4"[39m
                      [33mfill[39m=[32m"none"[39m
                      [33mheight[39m=[32m"24"[39m
                      [33mstroke[39m=[32m"currentColor"[39m
                      [33mstroke-linecap[39m=[32m"round"[39m
                      [33mstroke-linejoin[39m=[32m"round"[39m
                      [33mstroke-width[39m=[32m"2"[39m
                      [33mviewBox[39m=[32m"0 0 24 24"[39m
                      [33mwidth[39m=[32m"24"[39m
                      [33mxmlns[39m=[32m"http://www.w3.org/2000/svg"[39m
                    [36m>[39m
                      [36m<path[39m
                        [33md[39m=[32m"M15 3h6v6"[39m
                      [36m/>[39m
                      [36m<path[39m
                        [33md[39m=[32m"M10 14 21 3"[39m
                      [36m/>[39m
                      [36m<path[39m
                        [33md[39m=[32m"M18 13v6a2 2 0 0 1-2 2H5a2 2 0 0 1-2-2V8a2 2 0 0 1 2-2h6"[39m
                      [36m/>[39m
                    [36m</svg>[39m
                  [36m</a>[39m
                  [36m<p[39m
                    [33mclass[39m=[32m"text-xs text-gray-600"[39m
                  [36m>[39m
                    [0mLearn [0m
                    [0mLeadership[0m
                    [0m from industry experts with hands-on projects[0m
                  [36m</p>[39m
                [36m</div>[39m
              [36m</div>[39m
            [36m</div>[39m
            [36m<div[39m
              [33mclass[39m=[32m"bg-card text-card-foreground flex flex-col gap-6 rounded-xl border py-6 shadow-sm hover:shadow-md transition-shadow"[39m
              [33mdata-slot[39m=[32m"card"[39m
            [36m>[39m
              [36m<div[39m
                [33mclass[39m=[32m"p-4"[39m
                [33mdata-slot[39m=[32m"card-content"[39m
              [36m>[39m
                [36m<div[39m
                  [33mclass[39m=[32m"space-y-3"[39m
                [36m>[39m
                  [36m<div[39m
                    [33mclass[39m=[32m"flex items-center justify-between"[39m
                  [36m>[39m
                    [36m<div[39m
                      [33mclass[39m=[32m"inline-flex items-center rounded-full border px-2.5 py-0.5 text-xs font-semibold transition-colors focus:outline-none focus:ring-2 focus:ring-ring focus:ring-offset-2 border-transparent hover:bg-primary/80 bg-purple-100 text-purple-800"[39m
                    [36m>[39m
                      [0mUdemy[0m
                    [36m</div>[39m
                    [36m<span[39m
                      [33mclass[39m=[32m"text-lg font-bold text-gray-900"[39m
                    [36m>[39m
                      [0m$[0m
                      [0m29.99[0m
                    [36m</span>[39m
                  [36m</div>[39m
                  [36m<h5[39m
                    [33mclass[39m=[32m"font-semibold text-gray-900 line-clamp-2"[39m
                  [36m>[39m
                    [0mManagement Essentials[0m
                  [36m</h5>[39m
                  [36m<a[39m
                    [33mclass[39m=[32m"flex items-center gap-2 text-blue-600 hover:text-blue-800 text-sm font-medium transition-colors"[39m
                    [33mhref[39m=[32m"https://udemy.com/course/management?aff=careeros"[39m
                    [33mrel[39m=[32m"noopener noreferrer"[39m
                    [33mtarget[39m=[32m"_blank"[39m
                  [36m>[39m
                    [0mView Course[0m
                    [36m<svg[39m
                      [33maria-hidden[39m=[32m"true"[39m
                      [33mclass[39m=[32m"lucide lucide-external-link h-4 w-4"[39m
                      [33mfill[39m=[32m"none"[39m
                      [33mheight[39m=[32m"24"[39m
                      [33mstroke[39m=[32m"currentColor"[39m
                      [33mstroke-linecap[39m=[32m"round"[39m
                      [33mstroke-linejoin[39m=[32m"round"[39m
                      [33mstroke-width[39m=[32m"2"[39m
                      [33mviewBox[39m=[32m"0 0 24 24"[39m
                      [33mwidth[39m=[32m"24"[39m
                      [33mxmlns[39m=[32m"http://www.w3.org/2000/svg"[39m
                    [36m>[39m
                      [36m<path[39m
                        [33md[39m=[32m"M15 3h6v6"[39m
                      [36m/>[39m
                      [36m<path[39m
                        [33md[39m=[32m"M10 14 21 3"[39m
                      [36m/>[39m
                      [36m<path[39m
                        [33md[39m=[32m"M18 13v6a2 2 0 0 1-2 2H5a2 2 0 0 1-2-2V8a2 2 0 0 1 2-2h6"[39m
                      [36m/>[39m
                    [36m</svg>[39m
                  [36m</a>[39m
                  [36m<p[39m
                    [33mclass[39m=[32m"text-xs text-gray-600"[39m
                  [36m>[39m
                    [0mLearn [0m
                    [0mLeadership[0m
                    [0m from industry experts with hands-on projects[0m
                  [36m</p>[39m
                [36m</div>[39m
              [36m</div>[39m
            [36m</div>[39m
          [36m</div>[39m
          [36m<div[39m
            [33mclass[39m=[32m"text-xs text-gray-500 text-center mt-4"[39m
          [36m>[39m
            [36m<p>[39m
              [0mCan't find what you're looking for?[0m
              [0m [0m
              [36m<a[39m
                [33mclass[39m=[32m"text-blue-600 hover:underline"[39m
                [33mhref[39m=[32m"https://www.google.com/search?q=Leadership%20online%20course"[39m
                [33mrel[39m=[32m"noopener noreferrer"[39m
                [33mtarget[39m=[32m"_blank"[39m
              [36m>[39m
                [0mSearch for more courses[0m
              [36m</a>[39m
            [36m</p>[39m
          [36m</div>[39m
        [36m</div>[39m
      [36m</div>[39m
    [36m</body>[39m

      230 |
      231 |       // Check for affiliate disclosure
    > 232 |       expect(screen.getByText(/affiliate/i)).toBeInTheDocument();
          |                     ^
      233 |
      234 |       // Check that prices are displayed
      235 |       expect(screen.getByText(/\$49\.99/)).toBeInTheDocument();

      at Object.getElementError (node_modules/@testing-library/dom/dist/config.js:37:19)
      at getElementError (node_modules/@testing-library/dom/dist/query-helpers.js:20:35)
      at getMultipleElementsFoundError (node_modules/@testing-library/dom/dist/query-helpers.js:23:10)
      at node_modules/@testing-library/dom/dist/query-helpers.js:55:13
      at node_modules/@testing-library/dom/dist/query-helpers.js:95:19
      at Object.getByText (src/components/planning/__tests__/transition-ui.test.tsx:232:21)

  ● Transition UI Components › CourseRecommendations › should render affiliate links with proper attributes

    TestingLibraryElementError: Unable to find an accessible element with the role "link" and name `/Leadership Fundamentals/i`

    Here are the accessible roles:

      paragraph:

      Name "":
      [36m<p[39m
        [33mclass[39m=[32m"text-xs text-blue-900"[39m
      [36m/>[39m

      Name "":
      [36m<p[39m
        [33mclass[39m=[32m"text-xs text-gray-600"[39m
      [36m/>[39m

      Name "":
      [36m<p />[39m

      --------------------------------------------------
      strong:

      Name "":
      [36m<strong />[39m

      --------------------------------------------------
      heading:

      Name "Leadership Fundamentals":
      [36m<h5[39m
        [33mclass[39m=[32m"font-semibold text-gray-900 line-clamp-2"[39m
      [36m/>[39m

      --------------------------------------------------
      link:

      Name "View Course":
      [36m<a[39m
        [33mclass[39m=[32m"flex items-center gap-2 text-blue-600 hover:text-blue-800 text-sm font-medium transition-colors"[39m
        [33mhref[39m=[32m"https://coursera.org/course/leadership?aff=careeros"[39m
        [33mrel[39m=[32m"noopener noreferrer"[39m
        [33mtarget[39m=[32m"_blank"[39m
      [36m/>[39m

      Name "Search for more courses":
      [36m<a[39m
        [33mclass[39m=[32m"text-blue-600 hover:underline"[39m
        [33mhref[39m=[32m"https://www.google.com/search?q=Leadership%20online%20course"[39m
        [33mrel[39m=[32m"noopener noreferrer"[39m
        [33mtarget[39m=[32m"_blank"[39m
      [36m/>[39m

      --------------------------------------------------

    Ignored nodes: comments, script, style
    [36m<body>[39m
      [36m<div>[39m
        [36m<div[39m
          [33mclass[39m=[32m"space-y-4"[39m
        [36m>[39m
          [36m<div[39m
            [33mclass[39m=[32m"bg-blue-50 border border-blue-200 rounded-lg p-3 flex items-start gap-2"[39m
          [36m>[39m
            [36m<svg[39m
              [33maria-hidden[39m=[32m"true"[39m
              [33mclass[39m=[32m"lucide lucide-info h-4 w-4 text-blue-600 flex-shrink-0 mt-0.5"[39m
              [33mfill[39m=[32m"none"[39m
              [33mheight[39m=[32m"24"[39m
              [33mstroke[39m=[32m"currentColor"[39m
              [33mstroke-linecap[39m=[32m"round"[39m
              [33mstroke-linejoin[39m=[32m"round"[39m
              [33mstroke-width[39m=[32m"2"[39m
              [33mviewBox[39m=[32m"0 0 24 24"[39m
              [33mwidth[39m=[32m"24"[39m
              [33mxmlns[39m=[32m"http://www.w3.org/2000/svg"[39m
            [36m>[39m
              [36m<circle[39m
                [33mcx[39m=[32m"12"[39m
                [33mcy[39m=[32m"12"[39m
                [33mr[39m=[32m"10"[39m
              [36m/>[39m
              [36m<path[39m
                [33md[39m=[32m"M12 16v-4"[39m
              [36m/>[39m
              [36m<path[39m
                [33md[39m=[32m"M12 8h.01"[39m
              [36m/>[39m
            [36m</svg>[39m
            [36m<p[39m
              [33mclass[39m=[32m"text-xs text-blue-900"[39m
            [36m>[39m
              [36m<strong>[39m
                [0mAffiliate Disclosure:[0m
              [36m</strong>[39m
              [0m These are affiliate links. We may earn a commission if you enroll in a course, at no additional cost to you. We only recommend courses we believe will help you develop this skill.[0m
            [36m</p>[39m
          [36m</div>[39m
          [36m<div[39m
            [33mclass[39m=[32m"grid grid-cols-1 md:grid-cols-2 gap-3"[39m
          [36m>[39m
            [36m<div[39m
              [33mclass[39m=[32m"bg-card text-card-foreground flex flex-col gap-6 rounded-xl border py-6 shadow-sm hover:shadow-md transition-shadow"[39m
              [33mdata-slot[39m=[32m"card"[39m
            [36m>[39m
              [36m<div[39m
                [33mclass[39m=[32m"p-4"[39m
                [33mdata-slot[39m=[32m"card-content"[39m
              [36m>[39m
                [36m<div[39m
                  [33mclass[39m=[32m"space-y-3"[39m
                [36m>[39m
                  [36m<div[39m
                    [33mclass[39m=[32m"flex items-center justify-between"[39m
                  [36m>[39m
                    [36m<div[39m
                      [33mclass[39m=[32m"inline-flex items-center rounded-full border px-2.5 py-0.5 text-xs font-semibold transition-colors focus:outline-none focus:ring-2 focus:ring-ring focus:ring-offset-2 border-transparent hover:bg-primary/80 bg-blue-100 text-blue-800"[39m
                    [36m>[39m
                      [0mCoursera[0m
                    [36m</div>[39m
                    [36m<span[39m
                      [33mclass[39m=[32m"text-lg font-bold text-gray-900"[39m
                    [36m>[39m
                      [0m$[0m
                      [0m49.99[0m
                    [36m</span>[39m
                  [36m</div>[39m
                  [36m<h5[39m
                    [33mclass[39m=[32m"font-semibold text-gray-900 line-clamp-2"[39m
                  [36m>[39m
                    [0mLeadership Fundamentals[0m
                  [36m</h5>[39m
                  [36m<a[39m
                    [33mclass[39m=[32m"flex items-center gap-2 text-blue-600 hover:text-blue-800 text-sm font-medium transition-colors"[39m
                    [33mhref[39m=[32m"https://coursera.org/course/leadership?aff=careeros"[39m
                    [33mrel[39m=[32m"noopener noreferrer"[39m
                    [33mtarget[39m=[32m"_blank"[39m
                  [36m>[39m
                    [0mView Course[0m
                    [36m<svg[39m
                      [33maria-hidden[39m=[32m"true"[39m
                      [33mclass[39m=[32m"lucide lucide-external-link h-4 w-4"[39m
                      [33mfill[39m=[32m"none"[39m
                      [33mheight[39m=[32m"24"[39m
                      [33mstroke[39m=[32m"currentColor"[39m
                      [33mstroke-linecap[39m=[32m"round"[39m
                      [33mstroke-linejoin[39m=[32m"round"[39m
                      [33mstroke-width[39m=[32m"2"[39m
                      [33mviewBox[39m=[32m"0 0 24 24"[39m
                      [33mwidth[39m=[32m"24"[39m
                      [33mxmlns[39m=[32m"http://www.w3.org/2000/svg"[39m
                    [36m>[39m
                      [36m<path[39m
                        [33md[39m=[32m"M15 3h6v6"[39m
                      [36m/>[39m
                      [36m<path[39m
                        [33md[39m=[32m"M10 14 21 3"[39m
                      [36m/>[39m
                      [36m<path[39m
                        [33md[39m=[32m"M18 13v6a2 2 0 0 1-2 2H5a2 2 0 0 1-2-2V8a2 2 0 0 1 2-2h6"[39m
                      [36m/>[39m
                    [36m</svg>[39m
                  [36m</a>[39m
                  [36m<p[39m
                    [33mclass[39m=[32m"text-xs text-gray-600"[39m
                  [36m>[39m
                    [0mLearn [0m
                    [0mLeadership[0m
                    [0m from industry experts with hands-on projects[0m
                  [36m</p>[39m
                [36m</div>[39m
              [36m</div>[39m
            [36m</div>[39m
          [36m</div>[39m
          [36m<div[39m
            [33mclass[39m=[32m"text-xs text-gray-500 text-center mt-4"[39m
          [36m>[39m
            [36m<p>[39m
              [0mCan't find what you're looking for?[0m
              [0m [0m
              [36m<a[39m
                [33mclass[39m=[32m"text-blue-600 hover:underline"[39m
                [33mhref[39m=[32m"https://www.google.com/search?q=Leadership%20online%20course"[39m
                [33mrel[39m=[32m"noopener noreferrer"[39m
                [33mtarget[39m=[32m"_blank"[39m
              [36m>[39m
                [0mSearch for more courses[0m
              [36m</a>[39m
            [36m</p>[39m
          [36m</div>[39m
        [36m</div>[39m
      [36m</div>[39m
    [36m</body>[39m

      250 |       render(<CourseRecommendations courses={mockCourses} skillName="Leadership" />);
      251 |
    > 252 |       const affiliateLink = screen.getByRole('link', { name: /Leadership Fundamentals/i });
          |                                    ^
      253 |       expect(affiliateLink).toHaveAttribute('href', 'https://coursera.org/course/leadership?aff=careeros');
      254 |       expect(affiliateLink).toHaveAttribute('target', '_blank');
      255 |       expect(affiliateLink).toHaveAttribute('rel', 'noopener noreferrer');

      at Object.getElementError (node_modules/@testing-library/dom/dist/config.js:37:19)
      at node_modules/@testing-library/dom/dist/query-helpers.js:76:38
      at node_modules/@testing-library/dom/dist/query-helpers.js:52:17
      at node_modules/@testing-library/dom/dist/query-helpers.js:95:19
      at Object.getByRole (src/components/planning/__tests__/transition-ui.test.tsx:252:36)

  ● Transition UI Components › BenchmarkingDisplay › should visualize timeline comparison data

    TestingLibraryElementError: Found multiple elements with the text: /10 months/i

    Here are the matching elements:

    Ignored nodes: comments, script, style
    [36m<p[39m
      [33mclass[39m=[32m"text-xl font-bold text-purple-600"[39m
    [36m>[39m
      [0m10 months[0m
    [36m</p>[39m

    Ignored nodes: comments, script, style
    [36m<span[39m
      [33mclass[39m=[32m"text-sm font-bold text-purple-600"[39m
    [36m>[39m
      [0m10 months[0m
    [36m</span>[39m

    (If this is intentional, then use the `*AllBy*` variant of the query (like `queryAllByText`, `getAllByText`, or `findAllByText`)).

    Ignored nodes: comments, script, style
    [36m<body>[39m
      [36m<div>[39m
        [36m<div[39m
          [33mclass[39m=[32m"space-y-6"[39m
        [36m>[39m
          [36m<div>[39m
            [36m<h2[39m
              [33mclass[39m=[32m"text-2xl font-bold text-gray-900 flex items-center gap-2"[39m
            [36m>[39m
              [36m<svg[39m
                [33maria-hidden[39m=[32m"true"[39m
                [33mclass[39m=[32m"lucide lucide-users h-6 w-6 text-blue-600"[39m
                [33mfill[39m=[32m"none"[39m
                [33mheight[39m=[32m"24"[39m
                [33mstroke[39m=[32m"currentColor"[39m
                [33mstroke-linecap[39m=[32m"round"[39m
                [33mstroke-linejoin[39m=[32m"round"[39m
                [33mstroke-width[39m=[32m"2"[39m
                [33mviewBox[39m=[32m"0 0 24 24"[39m
                [33mwidth[39m=[32m"24"[39m
                [33mxmlns[39m=[32m"http://www.w3.org/2000/svg"[39m
              [36m>[39m
                [36m<path[39m
                  [33md[39m=[32m"M16 21v-2a4 4 0 0 0-4-4H6a4 4 0 0 0-4 4v2"[39m
                [36m/>[39m
                [36m<path[39m
                  [33md[39m=[32m"M16 3.128a4 4 0 0 1 0 7.744"[39m
                [36m/>[39m
                [36m<path[39m
                  [33md[39m=[32m"M22 21v-2a4 4 0 0 0-3-3.87"[39m
                [36m/>[39m
                [36m<circle[39m
                  [33mcx[39m=[32m"9"[39m
                  [33mcy[39m=[32m"7"[39m
                  [33mr[39m=[32m"4"[39m
                [36m/>[39m
              [36m</svg>[39m
              [0mBenchmarking Data[0m
            [36m</h2>[39m
            [36m<p[39m
              [33mclass[39m=[32m"mt-2 text-gray-600"[39m
            [36m>[39m
              [0mSee how your timeline compares to similar career transitions[0m
            [36m</p>[39m
          [36m</div>[39m
          [36m<div[39m
            [33mclass[39m=[32m"text-card-foreground flex flex-col gap-6 rounded-xl border py-6 shadow-sm bg-gradient-to-br from-blue-50 to-purple-50"[39m
            [33mdata-slot[39m=[32m"card"[39m
          [36m>[39m
            [36m<div[39m
              [33mclass[39m=[32m"@container/card-header grid auto-rows-min grid-rows-[auto_auto] items-start gap-1.5 px-6 has-data-[slot=card-action]:grid-cols-[1fr_auto] [.border-b]:pb-6"[39m
              [33mdata-slot[39m=[32m"card-header"[39m
            [36m>[39m
              [36m<div[39m
                [33mclass[39m=[32m"leading-none font-semibold flex items-center gap-2"[39m
                [33mdata-slot[39m=[32m"card-title"[39m
              [36m>[39m
                [36m<svg[39m
                  [33maria-hidden[39m=[32m"true"[39m
                  [33mclass[39m=[32m"lucide lucide-trending-up h-5 w-5 text-blue-600"[39m
                  [33mfill[39m=[32m"none"[39m
                  [33mheight[39m=[32m"24"[39m
                  [33mstroke[39m=[32m"currentColor"[39m
                  [33mstroke-linecap[39m=[32m"round"[39m
                  [33mstroke-linejoin[39m=[32m"round"[39m
                  [33mstroke-width[39m=[32m"2"[39m
                  [33mviewBox[39m=[32m"0 0 24 24"[39m
                  [33mwidth[39m=[32m"24"[39m
                  [33mxmlns[39m=[32m"http://www.w3.org/2000/svg"[39m
                [36m>[39m
                  [36m<path[39m
                    [33md[39m=[32m"M16 7h6v6"[39m
                  [36m/>[39m
                  [36m<path[39m
                    [33md[39m=[32m"m22 7-8.5 8.5-5-5L2 17"[39m
                  [36m/>[39m
                [36m</svg>[39m
                [0mSimilar Transitions[0m
              [36m</div>[39m
            [36m</div>[39m
            [36m<div[39m
              [33mclass[39m=[32m"px-6 space-y-4"[39m
              [33mdata-slot[39m=[32m"card-content"[39m
            [36m>[39m
              [36m<div[39m
                [33mclass[39m=[32m"text-center"[39m
              [36m>[39m
                [36m<p[39m
                  [33mclass[39m=[32m"text-sm text-gray-600 mb-2"[39m
                [36m>[39m
                  [0mTransition Type[0m
                [36m</p>[39m
                [36m<p[39m
                  [33mclass[39m=[32m"text-2xl font-bold text-blue-600"[39m
                [36m>[39m
                  [0mIC to Manager[0m
                [36m</p>[39m
              [36m</div>[39m
              [36m<div[39m
                [33mclass[39m=[32m"grid grid-cols-2 gap-4"[39m
              [36m>[39m
                [36m<div[39m
                  [33mclass[39m=[32m"bg-white rounded-lg p-4 text-center"[39m
                [36m>[39m
                  [36m<svg[39m
                    [33maria-hidden[39m=[32m"true"[39m
                    [33mclass[39m=[32m"lucide lucide-clock mx-auto h-6 w-6 text-purple-600 mb-2"[39m
                    [33mfill[39m=[32m"none"[39m
                    [33mheight[39m=[32m"24"[39m
                    [33mstroke[39m=[32m"currentColor"[39m
                    [33mstroke-linecap[39m=[32m"round"[39m
                    [33mstroke-linejoin[39m=[32m"round"[39m
                    [33mstroke-width[39m=[32m"2"[39m
                    [33mviewBox[39m=[32m"0 0 24 24"[39m
                    [33mwidth[39m=[32m"24"[39m
                    [33mxmlns[39m=[32m"http://www.w3.org/2000/svg"[39m
                  [36m>[39m
                    [36m<path[39m
                      [33md[39m=[32m"M12 6v6l4 2"[39m
                    [36m/>[39m
                    [36m<circle[39m
                      [33mcx[39m=[32m"12"[39m
                      [33mcy[39m=[32m"12"[39m
                      [33mr[39m=[32m"10"[39m
                    [36m/>[39m
                  [36m</svg>[39m
                  [36m<p[39m
                    [33mclass[39m=[32m"text-sm text-gray-600 mb-1"[39m
                  [36m>[39m
                    [0mAverage Timeline[0m
                  [36m</p>[39m
                  [36m<p[39m
                    [33mclass[39m=[32m"text-xl font-bold text-purple-600"[39m
                  [36m>[39m
                    [0m10 months[0m
                  [36m</p>[39m
                [36m</div>[39m
                [36m<div[39m
                  [33mclass[39m=[32m"bg-white rounded-lg p-4 text-center"[39m
                [36m>[39m
                  [36m<svg[39m
                    [33maria-hidden[39m=[32m"true"[39m
                    [33mclass[39m=[32m"lucide lucide-award mx-auto h-6 w-6 text-green-600 mb-2"[39m
                    [33mfill[39m=[32m"none"[39m
                    [33mheight[39m=[32m"24"[39m
                    [33mstroke[39m=[32m"currentColor"[39m
                    [33mstroke-linecap[39m=[32m"round"[39m
                    [33mstroke-linejoin[39m=[32m"round"[39m
                    [33mstroke-width[39m=[32m"2"[39m
                    [33mviewBox[39m=[32m"0 0 24 24"[39m
                    [33mwidth[39m=[32m"24"[39m
                    [33mxmlns[39m=[32m"http://www.w3.org/2000/svg"[39m
                  [36m>[39m
                    [36m<path[39m
                      [33md[39m=[32m"m15.477 12.89 1.515 8.526a.5.5 0 0 1-.81.47l-3.58-2.687a1 1 0 0 0-1.197 0l-3.586 2.686a.5.5 0 0 1-.81-.469l1.514-8.526"[39m
                    [36m/>[39m
                    [36m<circle[39m
                      [33mcx...

      279 |       // Check that benchmark information is displayed
      280 |       expect(screen.getByText(/IC to Manager/i)).toBeInTheDocument();
    > 281 |       expect(screen.getByText(/10 months/i)).toBeInTheDocument();
          |                     ^
      282 |       expect(screen.getByText(/75%/i)).toBeInTheDocument();
      283 |
      284 |       // Check that user timeline is shown for comparison

      at Object.getElementError (node_modules/@testing-library/dom/dist/config.js:37:19)
      at getElementError (node_modules/@testing-library/dom/dist/query-helpers.js:20:35)
      at getMultipleElementsFoundError (node_modules/@testing-library/dom/dist/query-helpers.js:23:10)
      at node_modules/@testing-library/dom/dist/query-helpers.js:55:13
      at node_modules/@testing-library/dom/dist/query-helpers.js:95:19
      at Object.getByText (src/components/planning/__tests__/transition-ui.test.tsx:281:21)

  ● Transition UI Components › Form Validation › should validate current role input in assessment flow

    TestingLibraryElementError: Found multiple elements with the text: /current role/i

    Here are the matching elements:

    Ignored nodes: comments, script, style
    [36m<h2[39m
      [33mclass[39m=[32m"text-2xl font-bold text-gray-900"[39m
    [36m>[39m
      [0mTell us about your current role[0m
    [36m</h2>[39m

    Ignored nodes: comments, script, style
    [36m<label[39m
      [33mclass[39m=[32m"text-sm leading-none font-medium select-none group-data-[disabled=true]:pointer-events-none group-data-[disabled=true]:opacity-50 peer-disabled:cursor-not-allowed peer-disabled:opacity-50 flex items-center gap-2"[39m
      [33mdata-slot[39m=[32m"label"[39m
      [33mfor[39m=[32m"current-role"[39m
    [36m>[39m
      [36m<svg[39m
        [33maria-hidden[39m=[32m"true"[39m
        [33mclass[39m=[32m"lucide lucide-briefcase h-4 w-4 text-gray-500"[39m
        [33mfill[39m=[32m"none"[39m
        [33mheight[39m=[32m"24"[39m
        [33mstroke[39m=[32m"currentColor"[39m
        [33mstroke-linecap[39m=[32m"round"[39m
        [33mstroke-linejoin[39m=[32m"round"[39m
        [33mstroke-width[39m=[32m"2"[39m
        [33mviewBox[39m=[32m"0 0 24 24"[39m
        [33mwidth[39m=[32m"24"[39m
        [33mxmlns[39m=[32m"http://www.w3.org/2000/svg"[39m
      [36m>[39m
        [36m<path[39m
          [33md[39m=[32m"M16 20V4a2 2 0 0 0-2-2h-4a2 2 0 0 0-2 2v16"[39m
        [36m/>[39m
        [36m<rect[39m
          [33mheight[39m=[32m"14"[39m
          [33mrx[39m=[32m"2"[39m
          [33mwidth[39m=[32m"20"[39m
          [33mx[39m=[32m"2"[39m
          [33my[39m=[32m"6"[39m
        [36m/>[39m
      [36m</svg>[39m
      [0mCurrent Role Title *[0m
    [36m</label>[39m

    Ignored nodes: comments, script, style
    [36m<p[39m
      [33mclass[39m=[32m"text-sm text-gray-500"[39m
    [36m>[39m
      [0mTotal years of professional experience in your current role or similar roles[0m
    [36m</p>[39m

    (If this is intentional, then use the `*AllBy*` variant of the query (like `queryAllByText`, `getAllByText`, or `findAllByText`)).

    Ignored nodes: comments, script, style
    [36m<body>[39m
      [36m<div>[39m
        [36m<div[39m
          [33mclass[39m=[32m"min-h-screen bg-gradient-to-br from-blue-50 via-white to-indigo-50"[39m
        [36m>[39m
          [36m<div[39m
            [33mclass[39m=[32m"sticky top-0 z-10 bg-white/80 backdrop-blur-sm border-b"[39m
          [36m>[39m
            [36m<div[39m
              [33mclass[39m=[32m"max-w-4xl mx-auto px-4 py-4"[39m
            [36m>[39m
              [36m<div[39m
                [33mclass[39m=[32m"flex items-center justify-between"[39m
              [36m>[39m
                [36m<div[39m
                  [33mclass[39m=[32m"flex items-center gap-4"[39m
                [36m>[39m
                  [36m<button[39m
                    [33mclass[39m=[32m"inline-flex items-center justify-center whitespace-nowrap text-sm font-medium transition-all disabled:pointer-events-none disabled:opacity-50 [&_svg]:pointer-events-none [&_svg:not([class*='size-'])]:size-4 shrink-0 [&_svg]:shrink-0 outline-none focus-visible:border-ring focus-visible:ring-ring/50 focus-visible:ring-[3px] aria-invalid:ring-destructive/20 dark:aria-invalid:ring-destructive/40 aria-invalid:border-destructive hover:bg-accent dark:hover:bg-accent/50 h-8 rounded-md gap-1.5 px-3 has-[>svg]:px-2.5 text-gray-500 hover:text-gray-700"[39m
                    [33mdata-slot[39m=[32m"button"[39m
                  [36m>[39m
                    [36m<svg[39m
                      [33maria-hidden[39m=[32m"true"[39m
                      [33mclass[39m=[32m"lucide lucide-x h-4 w-4 mr-2"[39m
                      [33mfill[39m=[32m"none"[39m
                      [33mheight[39m=[32m"24"[39m
                      [33mstroke[39m=[32m"currentColor"[39m
                      [33mstroke-linecap[39m=[32m"round"[39m
                      [33mstroke-linejoin[39m=[32m"round"[39m
                      [33mstroke-width[39m=[32m"2"[39m
                      [33mviewBox[39m=[32m"0 0 24 24"[39m
                      [33mwidth[39m=[32m"24"[39m
                      [33mxmlns[39m=[32m"http://www.w3.org/2000/svg"[39m
                    [36m>[39m
                      [36m<path[39m
                        [33md[39m=[32m"M18 6 6 18"[39m
                      [36m/>[39m
                      [36m<path[39m
                        [33md[39m=[32m"m6 6 12 12"[39m
                      [36m/>[39m
                    [36m</svg>[39m
                    [0mExit[0m
                  [36m</button>[39m
                  [36m<div[39m
                    [33mclass[39m=[32m"text-sm text-gray-600"[39m
                  [36m>[39m
                    [0mStep [0m
                    [0m1[0m
                    [0m of [0m
                    [0m6[0m
                  [36m</div>[39m
                [36m</div>[39m
                [36m<div[39m
                  [33mclass[39m=[32m"flex items-center gap-2"[39m
                [36m>[39m
                  [36m<div[39m
                    [33mclass[39m=[32m"w-2 h-2 rounded-full bg-blue-600"[39m
                    [33mtitle[39m=[32m"Current Role"[39m
                  [36m/>[39m
                  [36m<div[39m
                    [33mclass[39m=[32m"w-2 h-2 rounded-full bg-gray-300"[39m
                    [33mtitle[39m=[32m"Target Role"[39m
                  [36m/>[39m
                  [36m<div[39m
                    [33mclass[39m=[32m"w-2 h-2 rounded-full bg-gray-300"[39m
                    [33mtitle[39m=[32m"Industry Changes"[39m
                  [36m/>[39m
                  [36m<div[39m
                    [33mclass[39m=[32m"w-2 h-2 rounded-full bg-gray-300"[39m
                    [33mtitle[39m=[32m"AI Analysis"[39m
                  [36m/>[39m
                  [36m<div[39m
                    [33mclass[39m=[32m"w-2 h-2 rounded-full bg-gray-300"[39m
                    [33mtitle[39m=[32m"Results"[39m
                  [36m/>[39m
                  [36m<div[39m
                    [33mclass[39m=[32m"w-2 h-2 rounded-full bg-gray-300"[39m
                    [33mtitle[39m=[32m"Customization"[39m
                  [36m/>[39m
                [36m</div>[39m
              [36m</div>[39m
              [36m<div[39m
                [33mclass[39m=[32m"mt-3"[39m
              [36m>[39m
                [36m<div[39m
                  [33maria-valuemax[39m=[32m"100"[39m
                  [33maria-valuemin[39m=[32m"0"[39m
                  [33mclass[39m=[32m"relative w-full overflow-hidden rounded-full bg-secondary h-2"[39m
                  [33mdata-max[39m=[32m"100"[39m
                  [33mdata-state[39m=[32m"indeterminate"[39m
                  [33mrole[39m=[32m"progressbar"[39m
                [36m>[39m
                  [36m<div[39m
                    [33mclass[39m=[32m"h-full w-full flex-1 bg-primary transition-all"[39m
                    [33mdata-max[39m=[32m"100"[39m
                    [33mdata-state[39m=[32m"indeterminate"[39m
                    [33mstyle[39m=[32m"transform: translateX(-83.33333333333334%);"[39m
                  [36m/>[39m
                [36m</div>[39m
              [36m</div>[39m
            [36m</div>[39m
          [36m</div>[39m
          [36m<div[39m
            [33mclass[39m=[32m"max-w-4xl mx-auto px-4 py-8"[39m
          [36m>[39m
            [36m<div[39m
              [33mclass[39m=[32m"bg-card text-card-foreground flex flex-col gap-6 rounded-xl py-6 border-0 shadow-lg"[39m
              [33mdata-slot[39m=[32m"card"[39m
            [36m>[39m
              [36m<div[39m
                [33mclass[39m=[32m"p-8"[39m
                [33mdata-slot[39m=[32m"card-content"[39m
              [36m>[39m
                [36m<div[39m
                  [33mclass[39m=[32m"space-y-6"[39m
                [36m>[39m
                  [36m<div[39m
                    [33mclass[39m=[32m"text-center mb-8"[39m
                  [36m>[39m
                    [36m<div[39m
                      [33mclass[39m=[32m"mx-auto w-16 h-16 bg-blue-100 rounded-full flex items-center justify-center mb-4"[39m
                    [36m>[39m
                      [36m<svg[39m
                        [33maria-hidden[39m=[32m"true"[39m
                        [33mclass[39m=[32m"lucide lucide-briefcase h-8 w-8 text-blue-600"[39m
                        [33mfill[39m=[32m"none"[39m
                        [33mheight[39m=[32m"24"[39m
                        [33mstroke[39m=[32m"currentColor"[39m
                        [33mstroke-linecap[39m=[32m"round"[39m
                        [33mstroke-linejoin[39m=[32m"round"[39m
                        [33mstroke-width[39m=[32m"2"[39m
                        [33mviewBox[39m=[32m"0 0 24 24"[39m
                        [33mwidth[39m=[32m"24"[39m
                        [33mxmlns[39m=[32m"http://www.w3.org/2000/svg"[39m
                      [36m>[39m
                        [36m<path[39m
                          [33md[39m=[32m"M16 20V4a2 2 0 0 0-2-2h-4a2 2 0 0 0-2 2v16"[39m
                        [36m/>[39m
                        [36m<rect[39m
                          [33mheight[39m=[32m"14"[39m
                          [33mrx[39m=[32m"2"[39m
                          [33mwidth[39m=[32m"20"[39m
                          [33mx[39m=[32m"2"[39m
                ...

      306 |
      307 |       // Should still be on the same step (validation should prevent navigation)
    > 308 |       expect(screen.getByText(/current role/i)).toBeInTheDocument();
          |                     ^
      309 |       expect(onComplete).not.toHaveBeenCalled();
      310 |     });
      311 |   });

      at Object.getElementError (node_modules/@testing-library/dom/dist/config.js:37:19)
      at getElementError (node_modules/@testing-library/dom/dist/query-helpers.js:20:35)
      at getMultipleElementsFoundError (node_modules/@testing-library/dom/dist/query-helpers.js:23:10)
      at node_modules/@testing-library/dom/dist/query-helpers.js:55:13
      at node_modules/@testing-library/dom/dist/query-helpers.js:95:19
      at Object.getByText (src/components/planning/__tests__/transition-ui.test.tsx:308:21)

PASS src/components/onboarding/__tests__/browser-extension-step.test.tsx (5.39 s)
PASS src/components/skill-gap/__tests__/ProgressDashboard.test.tsx
  ● Console

    console.error
      Encountered two children with the same key, `analysis123`. Keys should be unique so that components maintain their identity across updates. Non-unique keys may cause children to be duplicated and/or omitted — the behavior is unsupported and could change in a future version.

      at node_modules/react-dom/cjs/react-dom-client.development.js:7563:23
      at runWithFiberInDEV (node_modules/react-dom/cjs/react-dom-client.development.js:1522:13)
      at warnOnInvalidKey (node_modules/react-dom/cjs/react-dom-client.development.js:7562:13)
      at reconcileChildrenArray (node_modules/react-dom/cjs/react-dom-client.development.js:7631:31)
      at reconcileChildFibersImpl (node_modules/react-dom/cjs/react-dom-client.development.js:7952:30)
      at node_modules/react-dom/cjs/react-dom-client.development.js:8057:33
      at reconcileChildren (node_modules/react-dom/cjs/react-dom-client.development.js:8621:13)
      at beginWork (node_modules/react-dom/cjs/react-dom-client.development.js:10793:13)
      at runWithFiberInDEV (node_modules/react-dom/cjs/react-dom-client.development.js:1522:13)
      at performUnitOfWork (node_modules/react-dom/cjs/react-dom-client.development.js:15140:22)
      at workLoopSync (node_modules/react-dom/cjs/react-dom-client.development.js:14956:41)
      at renderRootSync (node_modules/react-dom/cjs/react-dom-client.development.js:14936:11)
      at performWorkOnRoot (node_modules/react-dom/cjs/react-dom-client.development.js:14419:13)
      at performWorkOnRootViaSchedulerTask (node_modules/react-dom/cjs/react-dom-client.development.js:16216:7)
      at performWorkUntilDeadline (node_modules/scheduler/cjs/scheduler.development.js:45:48)
      at Timeout.task [as _onTimeout] (node_modules/jsdom/lib/jsdom/browser/Window.js:520:19)

    console.error
      Error fetching historical analyses: Error: Network error
          at Object.<anonymous> (/Users/jonsiu/Projects/career-os/career-os-app/src/components/skill-gap/__tests__/ProgressDashboard.test.tsx:209:57)
          at Promise.then.completed (/Users/jonsiu/Projects/career-os/career-os-app/node_modules/jest-circus/build/utils.js:298:28)
          at new Promise (<anonymous>)
          at callAsyncCircusFn (/Users/jonsiu/Projects/career-os/career-os-app/node_modules/jest-circus/build/utils.js:231:10)
          at _callCircusTest (/Users/jonsiu/Projects/career-os/career-os-app/node_modules/jest-circus/build/run.js:316:40)
          at _runTest (/Users/jonsiu/Projects/career-os/career-os-app/node_modules/jest-circus/build/run.js:252:3)
          at _runTestsForDescribeBlock (/Users/jonsiu/Projects/career-os/career-os-app/node_modules/jest-circus/build/run.js:126:9)
          at _runTestsForDescribeBlock (/Users/jonsiu/Projects/career-os/career-os-app/node_modules/jest-circus/build/run.js:121:9)
          at _runTestsForDescribeBlock (/Users/jonsiu/Projects/career-os/career-os-app/node_modules/jest-circus/build/run.js:121:9)
          at run (/Users/jonsiu/Projects/career-os/career-os-app/node_modules/jest-circus/build/run.js:71:3)
          at runAndTransformResultsToJestFormat (/Users/jonsiu/Projects/career-os/career-os-app/node_modules/jest-circus/build/legacy-code-todo-rewrite/jestAdapterInit.js:122:21)
          at jestAdapter (/Users/jonsiu/Projects/career-os/career-os-app/node_modules/jest-circus/build/legacy-code-todo-rewrite/jestAdapter.js:79:19)
          at runTestInternal (/Users/jonsiu/Projects/career-os/career-os-app/node_modules/jest-runner/build/runTest.js:367:16)
          at runTest (/Users/jonsiu/Projects/career-os/career-os-app/node_modules/jest-runner/build/runTest.js:444:34)
          at Object.worker (/Users/jonsiu/Projects/career-os/career-os-app/node_modules/jest-runner/build/testWorker.js:106:12)

      131 |       setHistoricalAnalyses(data.analyses || []);
      132 |     } catch (error) {
    > 133 |       console.error('Error fetching historical analyses:', error);
          |               ^
      134 |       toast({
      135 |         title: 'Failed to load historical analyses',
      136 |         description: error instanceof Error ? error.message : 'Please try again later.',

      at error (src/components/skill-gap/ProgressDashboard.tsx:133:15)

    console.error
      Error: Not implemented: navigation (except hash changes)
          at reload (src/components/skill-gap/ProgressDashboard.tsx:222:27) {
        type: 'not implemented'
      }

      220 |           onRerunComplete(data.analysisId);
      221 |         } else if (typeof window !== 'undefined') {
    > 222 |           window.location.reload();
          |                           ^
      223 |         }
      224 |       }
      225 |     } catch (error) {

      at VirtualConsole.<anonymous> (node_modules/jest-environment-jsdom/build/index.js:63:23)
      at module.exports (node_modules/jsdom/lib/jsdom/browser/not-implemented.js:12:26)
      at navigateFetch (node_modules/jsdom/lib/jsdom/living/window/navigation.js:77:3)
      at exports.navigate (node_modules/jsdom/lib/jsdom/living/window/navigation.js:55:3)
      at LocationImpl.reload (node_modules/jsdom/lib/jsdom/living/window/Location-impl.js:230:5)
      at Location.reload (node_modules/jsdom/lib/jsdom/living/generated/Location.js:102:36)
      at reload (src/components/skill-gap/ProgressDashboard.tsx:222:27)

    console.error
      Error: Not implemented: navigation (except hash changes)
          at reload (src/components/skill-gap/ProgressDashboard.tsx:171:25) {
        type: 'not implemented'
      }

      169 |       // Trigger page refresh or state update
      170 |       if (typeof window !== 'undefined') {
    > 171 |         window.location.reload();
          |                         ^
      172 |       }
      173 |     } catch (error) {
      174 |       console.error('Error refreshing progress:', error);

      at VirtualConsole.<anonymous> (node_modules/jest-environment-jsdom/build/index.js:63:23)
      at module.exports (node_modules/jsdom/lib/jsdom/browser/not-implemented.js:12:26)
      at navigateFetch (node_modules/jsdom/lib/jsdom/living/window/navigation.js:77:3)
      at exports.navigate (node_modules/jsdom/lib/jsdom/living/window/navigation.js:55:3)
      at LocationImpl.reload (node_modules/jsdom/lib/jsdom/living/window/Location-impl.js:230:5)
      at Location.reload (node_modules/jsdom/lib/jsdom/living/generated/Location.js:102:36)
      at reload (src/components/skill-gap/ProgressDashboard.tsx:171:25)

FAIL src/app/api/jobs/sync/__tests__/route.test.ts
  ● Test suite failed to run

    ReferenceError: Request is not defined

      35 |   },
      36 | }), { virtual: true });
    > 37 |
         | ^
      38 | import { auth } from '@clerk/nextjs/server';
      39 | import { ConvexHttpClient } from 'convex/browser';
      40 | // Mock the Convex API import

      at Object.Request (node_modules/next/src/server/web/spec-extension/request.ts:14:34)
      at Object.<anonymous> (node_modules/next/server.js:2:16)
      at Object.<anonymous> (src/app/api/jobs/sync/__tests__/route.test.ts:37:17)

PASS src/components/skill-gap/__tests__/SkillProgressBar.test.tsx
PASS src/lib/services/__tests__/transferable-skills-matcher.test.ts
  ● Console

    console.warn
      Invalid AI response format, using empty result

      335 |   private validateAIResponse(response: any): TransferableSkillsResult {
      336 |     if (!response.transferableSkills || !Array.isArray(response.transferableSkills)) {
    > 337 |       console.warn('Invalid AI response format, using empty result');
          |               ^
      338 |       return {
      339 |         transferableSkills: [],
      340 |         transferPatterns: [],

      at TransferableSkillsMatcher.warn [as validateAIResponse] (src/lib/services/transferable-skills-matcher.ts:337:15)
      at TransferableSkillsMatcher.validateAIResponse [as performAIAnalysis] (src/lib/services/transferable-skills-matcher.ts:254:19)
      at TransferableSkillsMatcher.findTransferableSkills (src/lib/services/transferable-skills-matcher.ts:58:24)
      at Object.<anonymous> (src/lib/services/__tests__/transferable-skills-matcher.test.ts:144:22)

    console.warn
      AI analysis failed, falling back to O*NET baseline: Error: Request timeout
          at Object.<anonymous> (/Users/jonsiu/Projects/career-os/career-os-app/src/lib/services/__tests__/transferable-skills-matcher.test.ts:236:57)
          at Promise.then.completed (/Users/jonsiu/Projects/career-os/career-os-app/node_modules/jest-circus/build/utils.js:298:28)
          at new Promise (<anonymous>)
          at callAsyncCircusFn (/Users/jonsiu/Projects/career-os/career-os-app/node_modules/jest-circus/build/utils.js:231:10)
          at _callCircusTest (/Users/jonsiu/Projects/career-os/career-os-app/node_modules/jest-circus/build/run.js:316:40)
          at processTicksAndRejections (node:internal/process/task_queues:105:5)
          at _runTest (/Users/jonsiu/Projects/career-os/career-os-app/node_modules/jest-circus/build/run.js:252:3)
          at _runTestsForDescribeBlock (/Users/jonsiu/Projects/career-os/career-os-app/node_modules/jest-circus/build/run.js:126:9)
          at _runTestsForDescribeBlock (/Users/jonsiu/Projects/career-os/career-os-app/node_modules/jest-circus/build/run.js:121:9)
          at _runTestsForDescribeBlock (/Users/jonsiu/Projects/career-os/career-os-app/node_modules/jest-circus/build/run.js:121:9)
          at run (/Users/jonsiu/Projects/career-os/career-os-app/node_modules/jest-circus/build/run.js:71:3)
          at runAndTransformResultsToJestFormat (/Users/jonsiu/Projects/career-os/career-os-app/node_modules/jest-circus/build/legacy-code-todo-rewrite/jestAdapterInit.js:122:21)
          at jestAdapter (/Users/jonsiu/Projects/career-os/career-os-app/node_modules/jest-circus/build/legacy-code-todo-rewrite/jestAdapter.js:79:19)
          at runTestInternal (/Users/jonsiu/Projects/career-os/career-os-app/node_modules/jest-runner/build/runTest.js:367:16)
          at runTest (/Users/jonsiu/Projects/career-os/career-os-app/node_modules/jest-runner/build/runTest.js:444:34)
          at Object.worker (/Users/jonsiu/Projects/career-os/career-os-app/node_modules/jest-runner/build/testWorker.js:106:12)

      68 |       return aiResult;
      69 |     } catch (error) {
    > 70 |       console.warn('AI analysis failed, falling back to O*NET baseline:', error);
         |               ^
      71 |
      72 |       // Fall back to O*NET baseline skill overlap detection
      73 |       const baselineResult = this.performBaselineAnalysis(currentSkills, targetSkills);

      at TransferableSkillsMatcher.warn [as findTransferableSkills] (src/lib/services/transferable-skills-matcher.ts:70:15)
      at Object.<anonymous> (src/lib/services/__tests__/transferable-skills-matcher.test.ts:238:22)

    console.warn
      AI analysis failed, falling back to O*NET baseline: Error: AI service unavailable
          at Object.<anonymous> (/Users/jonsiu/Projects/career-os/career-os-app/src/lib/services/__tests__/transferable-skills-matcher.test.ts:275:57)
          at Promise.then.completed (/Users/jonsiu/Projects/career-os/career-os-app/node_modules/jest-circus/build/utils.js:298:28)
          at new Promise (<anonymous>)
          at callAsyncCircusFn (/Users/jonsiu/Projects/career-os/career-os-app/node_modules/jest-circus/build/utils.js:231:10)
          at _callCircusTest (/Users/jonsiu/Projects/career-os/career-os-app/node_modules/jest-circus/build/run.js:316:40)
          at processTicksAndRejections (node:internal/process/task_queues:105:5)
          at _runTest (/Users/jonsiu/Projects/career-os/career-os-app/node_modules/jest-circus/build/run.js:252:3)
          at _runTestsForDescribeBlock (/Users/jonsiu/Projects/career-os/career-os-app/node_modules/jest-circus/build/run.js:126:9)
          at _runTestsForDescribeBlock (/Users/jonsiu/Projects/career-os/career-os-app/node_modules/jest-circus/build/run.js:121:9)
          at _runTestsForDescribeBlock (/Users/jonsiu/Projects/career-os/career-os-app/node_modules/jest-circus/build/run.js:121:9)
          at run (/Users/jonsiu/Projects/career-os/career-os-app/node_modules/jest-circus/build/run.js:71:3)
          at runAndTransformResultsToJestFormat (/Users/jonsiu/Projects/career-os/career-os-app/node_modules/jest-circus/build/legacy-code-todo-rewrite/jestAdapterInit.js:122:21)
          at jestAdapter (/Users/jonsiu/Projects/career-os/career-os-app/node_modules/jest-circus/build/legacy-code-todo-rewrite/jestAdapter.js:79:19)
          at runTestInternal (/Users/jonsiu/Projects/career-os/career-os-app/node_modules/jest-runner/build/runTest.js:367:16)
          at runTest (/Users/jonsiu/Projects/career-os/career-os-app/node_modules/jest-runner/build/runTest.js:444:34)
          at Object.worker (/Users/jonsiu/Projects/career-os/career-os-app/node_modules/jest-runner/build/testWorker.js:106:12)

      68 |       return aiResult;
      69 |     } catch (error) {
    > 70 |       console.warn('AI analysis failed, falling back to O*NET baseline:', error);
         |               ^
      71 |
      72 |       // Fall back to O*NET baseline skill overlap detection
      73 |       const baselineResult = this.performBaselineAnalysis(currentSkills, targetSkills);

      at TransferableSkillsMatcher.warn [as findTransferableSkills] (src/lib/services/transferable-skills-matcher.ts:70:15)
      at Object.<anonymous> (src/lib/services/__tests__/transferable-skills-matcher.test.ts:277:22)

FAIL src/components/skill-gap/__tests__/SkillGapMatrix.test.tsx (6.165 s)
  ● SkillGapMatrix Component › renders legend with all gap types

    TestingLibraryElementError: Found multiple elements with the text: Transferable

    Here are the matching elements:

    Ignored nodes: comments, script, style
    [36m<span[39m
      [33mclass[39m=[32m"text-sm text-muted-foreground"[39m
    [36m>[39m
      [0mTransferable[0m
    [36m</span>[39m

    Ignored nodes: comments, script, style
    [36m<div[39m
      [33mclass[39m=[32m"text-xs text-muted-foreground"[39m
    [36m>[39m
      [0mTransferable[0m
    [36m</div>[39m

    (If this is intentional, then use the `*AllBy*` variant of the query (like `queryAllByText`, `getAllByText`, or `findAllByText`)).

    Ignored nodes: comments, script, style
    [36m<body>[39m
      [36m<div>[39m
        [36m<div[39m
          [33mclass[39m=[32m"bg-card text-card-foreground flex flex-col gap-6 rounded-xl border py-6 shadow-sm w-full"[39m
          [33mdata-slot[39m=[32m"card"[39m
        [36m>[39m
          [36m<div[39m
            [33mclass[39m=[32m"@container/card-header grid auto-rows-min grid-rows-[auto_auto] items-start gap-1.5 px-6 has-data-[slot=card-action]:grid-cols-[1fr_auto] [.border-b]:pb-6"[39m
            [33mdata-slot[39m=[32m"card-header"[39m
          [36m>[39m
            [36m<div[39m
              [33mclass[39m=[32m"leading-none font-semibold flex items-center gap-2"[39m
              [33mdata-slot[39m=[32m"card-title"[39m
            [36m>[39m
              [0mSkill Gap Matrix[0m
              [36m<svg[39m
                [33maria-hidden[39m=[32m"true"[39m
                [33mclass[39m=[32m"lucide lucide-info h-4 w-4 text-muted-foreground"[39m
                [33mfill[39m=[32m"none"[39m
                [33mheight[39m=[32m"24"[39m
                [33mstroke[39m=[32m"currentColor"[39m
                [33mstroke-linecap[39m=[32m"round"[39m
                [33mstroke-linejoin[39m=[32m"round"[39m
                [33mstroke-width[39m=[32m"2"[39m
                [33mviewBox[39m=[32m"0 0 24 24"[39m
                [33mwidth[39m=[32m"24"[39m
                [33mxmlns[39m=[32m"http://www.w3.org/2000/svg"[39m
              [36m>[39m
                [36m<circle[39m
                  [33mcx[39m=[32m"12"[39m
                  [33mcy[39m=[32m"12"[39m
                  [33mr[39m=[32m"10"[39m
                [36m/>[39m
                [36m<path[39m
                  [33md[39m=[32m"M12 16v-4"[39m
                [36m/>[39m
                [36m<path[39m
                  [33md[39m=[32m"M12 8h.01"[39m
                [36m/>[39m
              [36m</svg>[39m
            [36m</div>[39m
            [36m<div[39m
              [33mclass[39m=[32m"text-muted-foreground text-sm"[39m
              [33mdata-slot[39m=[32m"card-description"[39m
            [36m>[39m
              [0mCurrent vs. required skill levels organized by category and importance[0m
            [36m</div>[39m
          [36m</div>[39m
          [36m<div[39m
            [33mclass[39m=[32m"px-6"[39m
            [33mdata-slot[39m=[32m"card-content"[39m
          [36m>[39m
            [36m<div[39m
              [33maria-label[39m=[32m"Legend"[39m
              [33mclass[39m=[32m"flex flex-wrap gap-4 mb-6 pb-4 border-b"[39m
              [33mrole[39m=[32m"list"[39m
            [36m>[39m
              [36m<div[39m
                [33mclass[39m=[32m"flex items-center gap-2"[39m
                [33mrole[39m=[32m"listitem"[39m
              [36m>[39m
                [36m<svg[39m
                  [33maria-hidden[39m=[32m"true"[39m
                  [33mclass[39m=[32m"lucide lucide-circle h-4 w-4 text-red-600"[39m
                  [33mfill[39m=[32m"none"[39m
                  [33mheight[39m=[32m"24"[39m
                  [33mstroke[39m=[32m"currentColor"[39m
                  [33mstroke-linecap[39m=[32m"round"[39m
                  [33mstroke-linejoin[39m=[32m"round"[39m
                  [33mstroke-width[39m=[32m"2"[39m
                  [33mviewBox[39m=[32m"0 0 24 24"[39m
                  [33mwidth[39m=[32m"24"[39m
                  [33mxmlns[39m=[32m"http://www.w3.org/2000/svg"[39m
                [36m>[39m
                  [36m<circle[39m
                    [33mcx[39m=[32m"12"[39m
                    [33mcy[39m=[32m"12"[39m
                    [33mr[39m=[32m"10"[39m
                  [36m/>[39m
                [36m</svg>[39m
                [36m<span[39m
                  [33mclass[39m=[32m"text-sm text-muted-foreground"[39m
                [36m>[39m
                  [0mCritical Gap[0m
                [36m</span>[39m
              [36m</div>[39m
              [36m<div[39m
                [33mclass[39m=[32m"flex items-center gap-2"[39m
                [33mrole[39m=[32m"listitem"[39m
              [36m>[39m
                [36m<svg[39m
                  [33maria-hidden[39m=[32m"true"[39m
                  [33mclass[39m=[32m"lucide lucide-triangle h-4 w-4 text-yellow-600"[39m
                  [33mfill[39m=[32m"none"[39m
                  [33mheight[39m=[32m"24"[39m
                  [33mstroke[39m=[32m"currentColor"[39m
                  [33mstroke-linecap[39m=[32m"round"[39m
                  [33mstroke-linejoin[39m=[32m"round"[39m
                  [33mstroke-width[39m=[32m"2"[39m
                  [33mviewBox[39m=[32m"0 0 24 24"[39m
                  [33mwidth[39m=[32m"24"[39m
                  [33mxmlns[39m=[32m"http://www.w3.org/2000/svg"[39m
                [36m>[39m
                  [36m<path[39m
                    [33md[39m=[32m"M13.73 4a2 2 0 0 0-3.46 0l-8 14A2 2 0 0 0 4 21h16a2 2 0 0 0 1.73-3Z"[39m
                  [36m/>[39m
                [36m</svg>[39m
                [36m<span[39m
                  [33mclass[39m=[32m"text-sm text-muted-foreground"[39m
                [36m>[39m
                  [0mNice to Have[0m
                [36m</span>[39m
              [36m</div>[39m
              [36m<div[39m
                [33mclass[39m=[32m"flex items-center gap-2"[39m
                [33mrole[39m=[32m"listitem"[39m
              [36m>[39m
                [36m<svg[39m
                  [33maria-hidden[39m=[32m"true"[39m
                  [33mclass[39m=[32m"lucide lucide-circle-check h-4 w-4 text-green-600"[39m
                  [33mfill[39m=[32m"none"[39m
                  [33mheight[39m=[32m"24"[39m
                  [33mstroke[39m=[32m"currentColor"[39m
                  [33mstroke-linecap[39m=[32m"round"[39m
                  [33mstroke-linejoin[39m=[32m"round"[39m
                  [33mstroke-width[39m=[32m"2"[39m
                  [33mviewBox[39m=[32m"0 0 24 24"[39m
                  [33mwidth[39m=[32m"24"[39m
                  [33mxmlns[39m=[32m"http://www.w3.org/2000/svg"[39m
                [36m>[39m
                  [36m<circle[39m
                    [33mcx[39m=[32m"12"[39m
                    [33mcy[39m=[32m"12"[39m
                    [33mr[39m=[32m"10"[39m
                  [36m/>[39m
                  [36m<path[39m
                    [33md[39m=[32m"m9 12 2 2 4-4"[39m
                  [36m/>[39m
                [36m</svg>[39m
                [36m<span[39m
                  [33mclass[39m=[32m"text-sm text-muted-foreground"[39m
                [36m>[39m
                  [0mTransferable[0m
                [36m</span>[39m
              [36m</div>[39m
            [36m</div>[39m
            [36m<div[39m
              [33mclass[39m=[32m"space-y-6"[39m
            [36m>[39m
              [36m<div[39m
                [33mclass[39m=[32m"space-y-3"[39m
              [36m>[39m
                [36m<div[39m
                  [33mclass[39m=[32m"flex items-center justify-between"[39m
                [36m>[39m
                  [36m<h3[39m
                    [33mclass[39m=[32m"font-semibold text-lg text-foreground"[39m
                  [36m>[39m
                    [0mTechnical Skills[0m
                  [36m</h3>[39m
                  [36m<div[39m
                    [33mclass[39m=[32m"flex items-center g...

      53 |     expect(screen.getByText('Critical Gap')).toBeInTheDocument();
      54 |     expect(screen.getByText('Nice to Have')).toBeInTheDocument();
    > 55 |     expect(screen.getByText('Transferable')).toBeInTheDocument();
         |                   ^
      56 |   });
      57 |
      58 |   it('groups skills by category', () => {

      at Object.getElementError (node_modules/@testing-library/dom/dist/config.js:37:19)
      at getElementError (node_modules/@testing-library/dom/dist/query-helpers.js:20:35)
      at getMultipleElementsFoundError (node_modules/@testing-library/dom/dist/query-helpers.js:23:10)
      at node_modules/@testing-library/dom/dist/query-helpers.js:55:13
      at node_modules/@testing-library/dom/dist/query-helpers.js:95:19
      at Object.getByText (src/components/skill-gap/__tests__/SkillGapMatrix.test.tsx:55:19)

  ● SkillGapMatrix Component › shows current level for each skill

    TestingLibraryElementError: Found multiple elements with the text: /Current:/

    Here are the matching elements:

    Ignored nodes: comments, script, style
    [36m<span[39m
      [33mclass[39m=[32m"text-muted-foreground text-xs"[39m
    [36m>[39m
      [0mCurrent:[0m
    [36m</span>[39m

    Ignored nodes: comments, script, style
    [36m<span[39m
      [33mclass[39m=[32m"text-muted-foreground text-xs"[39m
    [36m>[39m
      [0mCurrent:[0m
    [36m</span>[39m

    Ignored nodes: comments, script, style
    [36m<span[39m
      [33mclass[39m=[32m"text-muted-foreground text-xs"[39m
    [36m>[39m
      [0mCurrent:[0m
    [36m</span>[39m

    Ignored nodes: comments, script, style
    [36m<span[39m
      [33mclass[39m=[32m"text-muted-foreground text-xs"[39m
    [36m>[39m
      [0mCurrent:[0m
    [36m</span>[39m

    (If this is intentional, then use the `*AllBy*` variant of the query (like `queryAllByText`, `getAllByText`, or `findAllByText`)).

    Ignored nodes: comments, script, style
    [36m<body>[39m
      [36m<div>[39m
        [36m<div[39m
          [33mclass[39m=[32m"bg-card text-card-foreground flex flex-col gap-6 rounded-xl border py-6 shadow-sm w-full"[39m
          [33mdata-slot[39m=[32m"card"[39m
        [36m>[39m
          [36m<div[39m
            [33mclass[39m=[32m"@container/card-header grid auto-rows-min grid-rows-[auto_auto] items-start gap-1.5 px-6 has-data-[slot=card-action]:grid-cols-[1fr_auto] [.border-b]:pb-6"[39m
            [33mdata-slot[39m=[32m"card-header"[39m
          [36m>[39m
            [36m<div[39m
              [33mclass[39m=[32m"leading-none font-semibold flex items-center gap-2"[39m
              [33mdata-slot[39m=[32m"card-title"[39m
            [36m>[39m
              [0mSkill Gap Matrix[0m
              [36m<svg[39m
                [33maria-hidden[39m=[32m"true"[39m
                [33mclass[39m=[32m"lucide lucide-info h-4 w-4 text-muted-foreground"[39m
                [33mfill[39m=[32m"none"[39m
                [33mheight[39m=[32m"24"[39m
                [33mstroke[39m=[32m"currentColor"[39m
                [33mstroke-linecap[39m=[32m"round"[39m
                [33mstroke-linejoin[39m=[32m"round"[39m
                [33mstroke-width[39m=[32m"2"[39m
                [33mviewBox[39m=[32m"0 0 24 24"[39m
                [33mwidth[39m=[32m"24"[39m
                [33mxmlns[39m=[32m"http://www.w3.org/2000/svg"[39m
              [36m>[39m
                [36m<circle[39m
                  [33mcx[39m=[32m"12"[39m
                  [33mcy[39m=[32m"12"[39m
                  [33mr[39m=[32m"10"[39m
                [36m/>[39m
                [36m<path[39m
                  [33md[39m=[32m"M12 16v-4"[39m
                [36m/>[39m
                [36m<path[39m
                  [33md[39m=[32m"M12 8h.01"[39m
                [36m/>[39m
              [36m</svg>[39m
            [36m</div>[39m
            [36m<div[39m
              [33mclass[39m=[32m"text-muted-foreground text-sm"[39m
              [33mdata-slot[39m=[32m"card-description"[39m
            [36m>[39m
              [0mCurrent vs. required skill levels organized by category and importance[0m
            [36m</div>[39m
          [36m</div>[39m
          [36m<div[39m
            [33mclass[39m=[32m"px-6"[39m
            [33mdata-slot[39m=[32m"card-content"[39m
          [36m>[39m
            [36m<div[39m
              [33maria-label[39m=[32m"Legend"[39m
              [33mclass[39m=[32m"flex flex-wrap gap-4 mb-6 pb-4 border-b"[39m
              [33mrole[39m=[32m"list"[39m
            [36m>[39m
              [36m<div[39m
                [33mclass[39m=[32m"flex items-center gap-2"[39m
                [33mrole[39m=[32m"listitem"[39m
              [36m>[39m
                [36m<svg[39m
                  [33maria-hidden[39m=[32m"true"[39m
                  [33mclass[39m=[32m"lucide lucide-circle h-4 w-4 text-red-600"[39m
                  [33mfill[39m=[32m"none"[39m
                  [33mheight[39m=[32m"24"[39m
                  [33mstroke[39m=[32m"currentColor"[39m
                  [33mstroke-linecap[39m=[32m"round"[39m
                  [33mstroke-linejoin[39m=[32m"round"[39m
                  [33mstroke-width[39m=[32m"2"[39m
                  [33mviewBox[39m=[32m"0 0 24 24"[39m
                  [33mwidth[39m=[32m"24"[39m
                  [33mxmlns[39m=[32m"http://www.w3.org/2000/svg"[39m
                [36m>[39m
                  [36m<circle[39m
                    [33mcx[39m=[32m"12"[39m
                    [33mcy[39m=[32m"12"[39m
                    [33mr[39m=[32m"10"[39m
                  [36m/>[39m
                [36m</svg>[39m
                [36m<span[39m
                  [33mclass[39m=[32m"text-sm text-muted-foreground"[39m
                [36m>[39m
                  [0mCritical Gap[0m
                [36m</span>[39m
              [36m</div>[39m
              [36m<div[39m
                [33mclass[39m=[32m"flex items-center gap-2"[39m
                [33mrole[39m=[32m"listitem"[39m
              [36m>[39m
                [36m<svg[39m
                  [33maria-hidden[39m=[32m"true"[39m
                  [33mclass[39m=[32m"lucide lucide-triangle h-4 w-4 text-yellow-600"[39m
                  [33mfill[39m=[32m"none"[39m
                  [33mheight[39m=[32m"24"[39m
                  [33mstroke[39m=[32m"currentColor"[39m
                  [33mstroke-linecap[39m=[32m"round"[39m
                  [33mstroke-linejoin[39m=[32m"round"[39m
                  [33mstroke-width[39m=[32m"2"[39m
                  [33mviewBox[39m=[32m"0 0 24 24"[39m
                  [33mwidth[39m=[32m"24"[39m
                  [33mxmlns[39m=[32m"http://www.w3.org/2000/svg"[39m
                [36m>[39m
                  [36m<path[39m
                    [33md[39m=[32m"M13.73 4a2 2 0 0 0-3.46 0l-8 14A2 2 0 0 0 4 21h16a2 2 0 0 0 1.73-3Z"[39m
                  [36m/>[39m
                [36m</svg>[39m
                [36m<span[39m
                  [33mclass[39m=[32m"text-sm text-muted-foreground"[39m
                [36m>[39m
                  [0mNice to Have[0m
                [36m</span>[39m
              [36m</div>[39m
              [36m<div[39m
                [33mclass[39m=[32m"flex items-center gap-2"[39m
                [33mrole[39m=[32m"listitem"[39m
              [36m>[39m
                [36m<svg[39m
                  [33maria-hidden[39m=[32m"true"[39m
                  [33mclass[39m=[32m"lucide lucide-circle-check h-4 w-4 text-green-600"[39m
                  [33mfill[39m=[32m"none"[39m
                  [33mheight[39m=[32m"24"[39m
                  [33mstroke[39m=[32m"currentColor"[39m
                  [33mstroke-linecap[39m=[32m"round"[39m
                  [33mstroke-linejoin[39m=[32m"round"[39m
                  [33mstroke-width[39m=[32m"2"[39m
                  [33mviewBox[39m=[32m"0 0 24 24"[39m
                  [33mwidth[39m=[32m"24"[39m
                  [33mxmlns[39m=[32m"http://www.w3.org/2000/svg"[39m
                [36m>[39m
                  [36m<circle[39m
                    [33mcx[39m=[32m"12"[39m
                    [33mcy[39m=[32m"12"[39m
                    [33mr[39m=[32m"10"[39m
                  [36m/>[39m
                  [36m<path[39m
                    [33md[39m=[32m"m9 12 2 2 4-4"[39m
                  [36m/>[39m
                [36m</svg>[39m
                [36m<span[39m
                  [33mclass[39m=[32m"text-sm text-muted-foreground"[39m
                [36m>[39m
                  [0mTransferable[0m
                [36m</span>[39m
              [36m</div>[39m
            [36m</div>[39m
            [36m<div[39m
              [33mclass[39m=[32m"space-y-6"[39m
            [36m>[39m
              [36m<div[39m
                [33mclass[39m=[32m"space-y-3"[39m
              [36m>[39m
                [36m<div[39m
                  [33mclass[39m=[32m"flex items-center justify-between"[39m
                [36m>[39m
                  [36m<h3[39m
                    [33mclass[39m=[32m"font-semibold text-lg text-foreground"[39m
                  [36m>[39m
                    [0mTechnical Skills[0m
                  [36m</h3>[39m
                  [36m<div[39m
                    [33mclass[39m=[32m"flex items-center g...

      86 |   it('shows current level for each skill', () => {
      87 |     render(<SkillGapMatrix skills={mockSkills} />);
    > 88 |     expect(screen.getByText(/Current:/)).toBeInTheDocument();
         |                   ^
      89 |     // Check for level labels (Basic for 40%)
      90 |     expect(screen.getByText('Basic')).toBeInTheDocument();
      91 |   });

      at Object.getElementError (node_modules/@testing-library/dom/dist/config.js:37:19)
      at getElementError (node_modules/@testing-library/dom/dist/query-helpers.js:20:35)
      at getMultipleElementsFoundError (node_modules/@testing-library/dom/dist/query-helpers.js:23:10)
      at node_modules/@testing-library/dom/dist/query-helpers.js:55:13
      at node_modules/@testing-library/dom/dist/query-helpers.js:95:19
      at Object.getByText (src/components/skill-gap/__tests__/SkillGapMatrix.test.tsx:88:19)

  ● SkillGapMatrix Component › renders summary statistics

    TestingLibraryElementError: Found multiple elements with the text: Transferable

    Here are the matching elements:

    Ignored nodes: comments, script, style
    [36m<span[39m
      [33mclass[39m=[32m"text-sm text-muted-foreground"[39m
    [36m>[39m
      [0mTransferable[0m
    [36m</span>[39m

    Ignored nodes: comments, script, style
    [36m<div[39m
      [33mclass[39m=[32m"text-xs text-muted-foreground"[39m
    [36m>[39m
      [0mTransferable[0m
    [36m</div>[39m

    (If this is intentional, then use the `*AllBy*` variant of the query (like `queryAllByText`, `getAllByText`, or `findAllByText`)).

    Ignored nodes: comments, script, style
    [36m<body>[39m
      [36m<div>[39m
        [36m<div[39m
          [33mclass[39m=[32m"bg-card text-card-foreground flex flex-col gap-6 rounded-xl border py-6 shadow-sm w-full"[39m
          [33mdata-slot[39m=[32m"card"[39m
        [36m>[39m
          [36m<div[39m
            [33mclass[39m=[32m"@container/card-header grid auto-rows-min grid-rows-[auto_auto] items-start gap-1.5 px-6 has-data-[slot=card-action]:grid-cols-[1fr_auto] [.border-b]:pb-6"[39m
            [33mdata-slot[39m=[32m"card-header"[39m
          [36m>[39m
            [36m<div[39m
              [33mclass[39m=[32m"leading-none font-semibold flex items-center gap-2"[39m
              [33mdata-slot[39m=[32m"card-title"[39m
            [36m>[39m
              [0mSkill Gap Matrix[0m
              [36m<svg[39m
                [33maria-hidden[39m=[32m"true"[39m
                [33mclass[39m=[32m"lucide lucide-info h-4 w-4 text-muted-foreground"[39m
                [33mfill[39m=[32m"none"[39m
                [33mheight[39m=[32m"24"[39m
                [33mstroke[39m=[32m"currentColor"[39m
                [33mstroke-linecap[39m=[32m"round"[39m
                [33mstroke-linejoin[39m=[32m"round"[39m
                [33mstroke-width[39m=[32m"2"[39m
                [33mviewBox[39m=[32m"0 0 24 24"[39m
                [33mwidth[39m=[32m"24"[39m
                [33mxmlns[39m=[32m"http://www.w3.org/2000/svg"[39m
              [36m>[39m
                [36m<circle[39m
                  [33mcx[39m=[32m"12"[39m
                  [33mcy[39m=[32m"12"[39m
                  [33mr[39m=[32m"10"[39m
                [36m/>[39m
                [36m<path[39m
                  [33md[39m=[32m"M12 16v-4"[39m
                [36m/>[39m
                [36m<path[39m
                  [33md[39m=[32m"M12 8h.01"[39m
                [36m/>[39m
              [36m</svg>[39m
            [36m</div>[39m
            [36m<div[39m
              [33mclass[39m=[32m"text-muted-foreground text-sm"[39m
              [33mdata-slot[39m=[32m"card-description"[39m
            [36m>[39m
              [0mCurrent vs. required skill levels organized by category and importance[0m
            [36m</div>[39m
          [36m</div>[39m
          [36m<div[39m
            [33mclass[39m=[32m"px-6"[39m
            [33mdata-slot[39m=[32m"card-content"[39m
          [36m>[39m
            [36m<div[39m
              [33maria-label[39m=[32m"Legend"[39m
              [33mclass[39m=[32m"flex flex-wrap gap-4 mb-6 pb-4 border-b"[39m
              [33mrole[39m=[32m"list"[39m
            [36m>[39m
              [36m<div[39m
                [33mclass[39m=[32m"flex items-center gap-2"[39m
                [33mrole[39m=[32m"listitem"[39m
              [36m>[39m
                [36m<svg[39m
                  [33maria-hidden[39m=[32m"true"[39m
                  [33mclass[39m=[32m"lucide lucide-circle h-4 w-4 text-red-600"[39m
                  [33mfill[39m=[32m"none"[39m
                  [33mheight[39m=[32m"24"[39m
                  [33mstroke[39m=[32m"currentColor"[39m
                  [33mstroke-linecap[39m=[32m"round"[39m
                  [33mstroke-linejoin[39m=[32m"round"[39m
                  [33mstroke-width[39m=[32m"2"[39m
                  [33mviewBox[39m=[32m"0 0 24 24"[39m
                  [33mwidth[39m=[32m"24"[39m
                  [33mxmlns[39m=[32m"http://www.w3.org/2000/svg"[39m
                [36m>[39m
                  [36m<circle[39m
                    [33mcx[39m=[32m"12"[39m
                    [33mcy[39m=[32m"12"[39m
                    [33mr[39m=[32m"10"[39m
                  [36m/>[39m
                [36m</svg>[39m
                [36m<span[39m
                  [33mclass[39m=[32m"text-sm text-muted-foreground"[39m
                [36m>[39m
                  [0mCritical Gap[0m
                [36m</span>[39m
              [36m</div>[39m
              [36m<div[39m
                [33mclass[39m=[32m"flex items-center gap-2"[39m
                [33mrole[39m=[32m"listitem"[39m
              [36m>[39m
                [36m<svg[39m
                  [33maria-hidden[39m=[32m"true"[39m
                  [33mclass[39m=[32m"lucide lucide-triangle h-4 w-4 text-yellow-600"[39m
                  [33mfill[39m=[32m"none"[39m
                  [33mheight[39m=[32m"24"[39m
                  [33mstroke[39m=[32m"currentColor"[39m
                  [33mstroke-linecap[39m=[32m"round"[39m
                  [33mstroke-linejoin[39m=[32m"round"[39m
                  [33mstroke-width[39m=[32m"2"[39m
                  [33mviewBox[39m=[32m"0 0 24 24"[39m
                  [33mwidth[39m=[32m"24"[39m
                  [33mxmlns[39m=[32m"http://www.w3.org/2000/svg"[39m
                [36m>[39m
                  [36m<path[39m
                    [33md[39m=[32m"M13.73 4a2 2 0 0 0-3.46 0l-8 14A2 2 0 0 0 4 21h16a2 2 0 0 0 1.73-3Z"[39m
                  [36m/>[39m
                [36m</svg>[39m
                [36m<span[39m
                  [33mclass[39m=[32m"text-sm text-muted-foreground"[39m
                [36m>[39m
                  [0mNice to Have[0m
                [36m</span>[39m
              [36m</div>[39m
              [36m<div[39m
                [33mclass[39m=[32m"flex items-center gap-2"[39m
                [33mrole[39m=[32m"listitem"[39m
              [36m>[39m
                [36m<svg[39m
                  [33maria-hidden[39m=[32m"true"[39m
                  [33mclass[39m=[32m"lucide lucide-circle-check h-4 w-4 text-green-600"[39m
                  [33mfill[39m=[32m"none"[39m
                  [33mheight[39m=[32m"24"[39m
                  [33mstroke[39m=[32m"currentColor"[39m
                  [33mstroke-linecap[39m=[32m"round"[39m
                  [33mstroke-linejoin[39m=[32m"round"[39m
                  [33mstroke-width[39m=[32m"2"[39m
                  [33mviewBox[39m=[32m"0 0 24 24"[39m
                  [33mwidth[39m=[32m"24"[39m
                  [33mxmlns[39m=[32m"http://www.w3.org/2000/svg"[39m
                [36m>[39m
                  [36m<circle[39m
                    [33mcx[39m=[32m"12"[39m
                    [33mcy[39m=[32m"12"[39m
                    [33mr[39m=[32m"10"[39m
                  [36m/>[39m
                  [36m<path[39m
                    [33md[39m=[32m"m9 12 2 2 4-4"[39m
                  [36m/>[39m
                [36m</svg>[39m
                [36m<span[39m
                  [33mclass[39m=[32m"text-sm text-muted-foreground"[39m
                [36m>[39m
                  [0mTransferable[0m
                [36m</span>[39m
              [36m</div>[39m
            [36m</div>[39m
            [36m<div[39m
              [33mclass[39m=[32m"space-y-6"[39m
            [36m>[39m
              [36m<div[39m
                [33mclass[39m=[32m"space-y-3"[39m
              [36m>[39m
                [36m<div[39m
                  [33mclass[39m=[32m"flex items-center justify-between"[39m
                [36m>[39m
                  [36m<h3[39m
                    [33mclass[39m=[32m"font-semibold text-lg text-foreground"[39m
                  [36m>[39m
                    [0mTechnical Skills[0m
                  [36m</h3>[39m
                  [36m<div[39m
                    [33mclass[39m=[32m"flex items-center g...

      134 |     expect(screen.getByText('Categories')).toBeInTheDocument();
      135 |     expect(screen.getByText('Critical Gaps')).toBeInTheDocument();
    > 136 |     expect(screen.getByText('Transferable')).toBeInTheDocument();
          |                   ^
      137 |   });
      138 |
      139 |   it('counts total skills correctly', () => {

      at Object.getElementError (node_modules/@testing-library/dom/dist/config.js:37:19)
      at getElementError (node_modules/@testing-library/dom/dist/query-helpers.js:20:35)
      at getMultipleElementsFoundError (node_modules/@testing-library/dom/dist/query-helpers.js:23:10)
      at node_modules/@testing-library/dom/dist/query-helpers.js:55:13
      at node_modules/@testing-library/dom/dist/query-helpers.js:95:19
      at Object.getByText (src/components/skill-gap/__tests__/SkillGapMatrix.test.tsx:136:19)

  ● SkillGapMatrix Component › displays level categories correctly

    TestingLibraryElementError: Found multiple elements with the text: Advanced

    Here are the matching elements:

    Ignored nodes: comments, script, style
    [36m<div[39m
      [33mclass[39m=[32m"inline-flex items-center rounded-full border px-2.5 py-0.5 font-semibold transition-colors focus:outline-none focus:ring-2 focus:ring-ring focus:ring-offset-2 text-foreground text-xs bg-red-50 border-red-300"[39m
    [36m>[39m
      [0mAdvanced[0m
    [36m</div>[39m

    Ignored nodes: comments, script, style
    [36m<div[39m
      [33mclass[39m=[32m"inline-flex items-center rounded-full border px-2.5 py-0.5 font-semibold transition-colors focus:outline-none focus:ring-2 focus:ring-ring focus:ring-offset-2 text-foreground text-xs bg-orange-50 border-orange-300"[39m
    [36m>[39m
      [0mAdvanced[0m
    [36m</div>[39m

    Ignored nodes: comments, script, style
    [36m<div[39m
      [33mclass[39m=[32m"inline-flex items-center rounded-full border px-2.5 py-0.5 font-semibold transition-colors focus:outline-none focus:ring-2 focus:ring-ring focus:ring-offset-2 text-foreground text-xs bg-yellow-50 border-yellow-300"[39m
    [36m>[39m
      [0mAdvanced[0m
    [36m</div>[39m

    Ignored nodes: comments, script, style
    [36m<div[39m
      [33mclass[39m=[32m"inline-flex items-center rounded-full border px-2.5 py-0.5 font-semibold transition-colors focus:outline-none focus:ring-2 focus:ring-ring focus:ring-offset-2 text-foreground text-xs bg-blue-50 border-blue-300"[39m
    [36m>[39m
      [0mAdvanced[0m
    [36m</div>[39m

    Ignored nodes: comments, script, style
    [36m<div[39m
      [33mclass[39m=[32m"inline-flex items-center rounded-full border px-2.5 py-0.5 font-semibold transition-colors focus:outline-none focus:ring-2 focus:ring-ring focus:ring-offset-2 text-foreground text-xs bg-blue-50 border-blue-300"[39m
    [36m>[39m
      [0mAdvanced[0m
    [36m</div>[39m

    (If this is intentional, then use the `*AllBy*` variant of the query (like `queryAllByText`, `getAllByText`, or `findAllByText`)).

    Ignored nodes: comments, script, style
    [36m<body>[39m
      [36m<div>[39m
        [36m<div[39m
          [33mclass[39m=[32m"bg-card text-card-foreground flex flex-col gap-6 rounded-xl border py-6 shadow-sm w-full"[39m
          [33mdata-slot[39m=[32m"card"[39m
        [36m>[39m
          [36m<div[39m
            [33mclass[39m=[32m"@container/card-header grid auto-rows-min grid-rows-[auto_auto] items-start gap-1.5 px-6 has-data-[slot=card-action]:grid-cols-[1fr_auto] [.border-b]:pb-6"[39m
            [33mdata-slot[39m=[32m"card-header"[39m
          [36m>[39m
            [36m<div[39m
              [33mclass[39m=[32m"leading-none font-semibold flex items-center gap-2"[39m
              [33mdata-slot[39m=[32m"card-title"[39m
            [36m>[39m
              [0mSkill Gap Matrix[0m
              [36m<svg[39m
                [33maria-hidden[39m=[32m"true"[39m
                [33mclass[39m=[32m"lucide lucide-info h-4 w-4 text-muted-foreground"[39m
                [33mfill[39m=[32m"none"[39m
                [33mheight[39m=[32m"24"[39m
                [33mstroke[39m=[32m"currentColor"[39m
                [33mstroke-linecap[39m=[32m"round"[39m
                [33mstroke-linejoin[39m=[32m"round"[39m
                [33mstroke-width[39m=[32m"2"[39m
                [33mviewBox[39m=[32m"0 0 24 24"[39m
                [33mwidth[39m=[32m"24"[39m
                [33mxmlns[39m=[32m"http://www.w3.org/2000/svg"[39m
              [36m>[39m
                [36m<circle[39m
                  [33mcx[39m=[32m"12"[39m
                  [33mcy[39m=[32m"12"[39m
                  [33mr[39m=[32m"10"[39m
                [36m/>[39m
                [36m<path[39m
                  [33md[39m=[32m"M12 16v-4"[39m
                [36m/>[39m
                [36m<path[39m
                  [33md[39m=[32m"M12 8h.01"[39m
                [36m/>[39m
              [36m</svg>[39m
            [36m</div>[39m
            [36m<div[39m
              [33mclass[39m=[32m"text-muted-foreground text-sm"[39m
              [33mdata-slot[39m=[32m"card-description"[39m
            [36m>[39m
              [0mCurrent vs. required skill levels organized by category and importance[0m
            [36m</div>[39m
          [36m</div>[39m
          [36m<div[39m
            [33mclass[39m=[32m"px-6"[39m
            [33mdata-slot[39m=[32m"card-content"[39m
          [36m>[39m
            [36m<div[39m
              [33maria-label[39m=[32m"Legend"[39m
              [33mclass[39m=[32m"flex flex-wrap gap-4 mb-6 pb-4 border-b"[39m
              [33mrole[39m=[32m"list"[39m
            [36m>[39m
              [36m<div[39m
                [33mclass[39m=[32m"flex items-center gap-2"[39m
                [33mrole[39m=[32m"listitem"[39m
              [36m>[39m
                [36m<svg[39m
                  [33maria-hidden[39m=[32m"true"[39m
                  [33mclass[39m=[32m"lucide lucide-circle h-4 w-4 text-red-600"[39m
                  [33mfill[39m=[32m"none"[39m
                  [33mheight[39m=[32m"24"[39m
                  [33mstroke[39m=[32m"currentColor"[39m
                  [33mstroke-linecap[39m=[32m"round"[39m
                  [33mstroke-linejoin[39m=[32m"round"[39m
                  [33mstroke-width[39m=[32m"2"[39m
                  [33mviewBox[39m=[32m"0 0 24 24"[39m
                  [33mwidth[39m=[32m"24"[39m
                  [33mxmlns[39m=[32m"http://www.w3.org/2000/svg"[39m
                [36m>[39m
                  [36m<circle[39m
                    [33mcx[39m=[32m"12"[39m
                    [33mcy[39m=[32m"12"[39m
                    [33mr[39m=[32m"10"[39m
                  [36m/>[39m
                [36m</svg>[39m
                [36m<span[39m
                  [33mclass[39m=[32m"text-sm text-muted-foreground"[39m
                [36m>[39m
                  [0mCritical Gap[0m
                [36m</span>[39m
              [36m</div>[39m
              [36m<div[39m
                [33mclass[39m=[32m"flex items-center gap-2"[39m
                [33mrole[39m=[32m"listitem"[39m
              [36m>[39m
                [36m<svg[39m
                  [33maria-hidden[39m=[32m"true"[39m
                  [33mclass[39m=[32m"lucide lucide-triangle h-4 w-4 text-yellow-600"[39m
                  [33mfill[39m=[32m"none"[39m
                  [33mheight[39m=[32m"24"[39m
                  [33mstroke[39m=[32m"currentColor"[39m
                  [33mstroke-linecap[39m=[32m"round"[39m
                  [33mstroke-linejoin[39m=[32m"round"[39m
                  [33mstroke-width[39m=[32m"2"[39m
                  [33mviewBox[39m=[32m"0 0 24 24"[39m
                  [33mwidth[39m=[32m"24"[39m
                  [33mxmlns[39m=[32m"http://www.w3.org/2000/svg"[39m
                [36m>[39m
                  [36m<path[39m
                    [33md[39m=[32m"M13.73 4a2 2 0 0 0-3.46 0l-8 14A2 2 0 0 0 4 21h16a2 2 0 0 0 1.73-3Z"[39m
                  [36m/>[39m
                [36m</svg>[39m
                [36m<span[39m
                  [33mclass[39m=[32m"text-sm text-muted-foreground"[39m
                [36m>[39m
                  [0mNice to Have[0m
                [36m</span>[39m
              [36m</div>[39m
              [36m<div[39m
                [33mclass[39m=[32m"flex items-center gap-2"[39m
                [33mrole[39m=[32m"listitem"[39m
              [36m>[39m
                [36m<svg[39m
                  [33maria-hidden[39m=[32m"true"[39m
                  [33mclass[39m=[32m"lucide lucide-circle-check h-4 w-4 text-green-600"[39m
                  [33mfill[39m=[32m"none"[39m
                  [33mheight[39m=[32m"24"[39m
                  [33mstroke[39m=[32m"currentColor"[39m
                  [33mstroke-linecap[39m=[32m"round"[39m
                  [33mstroke-linejoin[39m=[32m"round"[39m
                  [33mstroke-width[39m=[32m"2"[39m
                  [33mviewBox[39m=[32m"0 0 24 24"[39m
                  [33mwidth[39m=[32m"24"[39m
                  [33mxmlns[39m=[32m"http://www.w3.org/2000/svg"[39m
                [36m>[39m
                  [36m<circle[39m
                    [33mcx[39m=[32m"12"[39m
                    [33mcy[39m=[32m"12"[39m
                    [33mr[39m=[32m"10"[39m
                  [36m/>[39m
                  [36m<path[39m
                    [33md[39m=[32m"m9 12 2 2 4-4"[39m
                  [36m/>[39m
                [36m</svg>[39m
                [36m<span[39m
                  [33mclass[39m=[32m"text-sm text-muted-foreground"[39m
                [36m>[39m
                  [0mTransferable[0m
                [36m</span>[39m
              [36m</div>[39m
            [36m</div>[39m
            [36m<div[39m
              [33mclass[39m=[32m"space-y-6"[39m
            [36m>[39m
              [36m<div[39m
                [33mclass[39m=[32m"space-y-3"[39m
              [36m>[39m
                [36m<div[39m
                  [33mclass[39m=[32m"flex items-center justify-between"[39m
                [36m>[39m
                  [36m<h3[39m
                    [33mclass[39m=[32m"font-semibold text-lg text-foreground"[39m
                  [36m>[39m
                    [0mTechnical Skills[0m
                  [36m</h3>[39m
                  [36m<div[39m
                    [33mclass[39m=[32m"flex items-center g...

      188 |     // 40% = Basic, 80% = Advanced, 70% = Intermediate
      189 |     expect(screen.getByText('Basic')).toBeInTheDocument();
    > 190 |     expect(screen.getByText('Advanced')).toBeInTheDocument();
          |                   ^
      191 |     expect(screen.getByText('Intermediate')).toBeInTheDocument();
      192 |   });
      193 |

      at Object.getElementError (node_modules/@testing-library/dom/dist/config.js:37:19)
      at getElementError (node_modules/@testing-library/dom/dist/query-helpers.js:20:35)
      at getMultipleElementsFoundError (node_modules/@testing-library/dom/dist/query-helpers.js:23:10)
      at node_modules/@testing-library/dom/dist/query-helpers.js:55:13
      at node_modules/@testing-library/dom/dist/query-helpers.js:95:19
      at Object.getByText (src/components/skill-gap/__tests__/SkillGapMatrix.test.tsx:190:19)

PASS src/lib/services/__tests__/affiliate-recommendations.test.ts
  ● Console

    console.warn
      Coursera API key not configured

      233 |       const apiKey = process.env.COURSERA_API_KEY;
      234 |       if (!apiKey) {
    > 235 |         console.warn('Coursera API key not configured');
          |                 ^
      236 |         return [];
      237 |       }
      238 |

      at AffiliateRecommendationEngine.warn [as fetchCourseraCourses] (src/lib/services/affiliate-recommendations.ts:235:17)
      at AffiliateRecommendationEngine.fetchCourseraCourses (src/lib/services/affiliate-recommendations.ts:204:42)
      at AffiliateRecommendationEngine.fetchCoursesForSkill [as getCourseRecommendations] (src/lib/services/affiliate-recommendations.ts:85:34)
      at Object.getCourseRecommendations (src/lib/services/__tests__/affiliate-recommendations.test.ts:227:35)

    console.warn
      Udemy API credentials not configured

      292 |
      293 |       if (!clientId || !clientSecret) {
    > 294 |         console.warn('Udemy API credentials not configured');
          |                 ^
      295 |         return [];
      296 |       }
      297 |

      at AffiliateRecommendationEngine.warn [as fetchUdemyCourses] (src/lib/services/affiliate-recommendations.ts:294:17)
      at AffiliateRecommendationEngine.fetchUdemyCourses [as fetchCoursesForSkill] (src/lib/services/affiliate-recommendations.ts:209:39)
      at AffiliateRecommendationEngine.getCourseRecommendations (src/lib/services/affiliate-recommendations.ts:85:23)
      at Object.<anonymous> (src/lib/services/__tests__/affiliate-recommendations.test.ts:227:22)

PASS src/components/skill-gap/__tests__/SkillGapWizard.test.tsx
  ● Console

    console.error
      Failed to run analysis: Error: Analysis failed
          at runAnalysis (/Users/jonsiu/Projects/career-os/career-os-app/src/components/skill-gap/SkillGapWizard.tsx:99:15)
          at handleNext (/Users/jonsiu/Projects/career-os/career-os-app/src/components/skill-gap/SkillGapWizard.tsx:132:7)

      109 |       onComplete(data.analysisId);
      110 |     } catch (error) {
    > 111 |       console.error('Failed to run analysis:', error);
          |               ^
      112 |       toast({
      113 |         title: 'Analysis failed',
      114 |         description: error instanceof Error ? error.message : 'Failed to analyze skill gaps. Please try again.',

      at error (src/components/skill-gap/SkillGapWizard.tsx:111:15)
      at handleNext (src/components/skill-gap/SkillGapWizard.tsx:132:7)

PASS convex/__tests__/skillGapAnalyses.test.ts
PASS src/lib/services/__tests__/skill-gap-analyzer.test.ts
FAIL src/components/skill-gap/__tests__/TimeToMasteryEstimator.test.tsx (6.626 s)
  ● TimeToMasteryEstimator Component › calculates total weeks correctly

    TestingLibraryElementError: Unable to find an element with the text: 10 months. This could be because the text is broken up by multiple elements. In this case, you can provide a function for your text matcher to make your matcher more flexible.

    Ignored nodes: comments, script, style
    [36m<body>[39m
      [36m<div>[39m
        [36m<div[39m
          [33mclass[39m=[32m"bg-card text-card-foreground flex flex-col gap-6 rounded-xl border py-6 shadow-sm w-full"[39m
          [33mdata-slot[39m=[32m"card"[39m
        [36m>[39m
          [36m<div[39m
            [33mclass[39m=[32m"@container/card-header grid auto-rows-min grid-rows-[auto_auto] items-start gap-1.5 px-6 has-data-[slot=card-action]:grid-cols-[1fr_auto] [.border-b]:pb-6"[39m
            [33mdata-slot[39m=[32m"card-header"[39m
          [36m>[39m
            [36m<div[39m
              [33mclass[39m=[32m"leading-none font-semibold flex items-center gap-2"[39m
              [33mdata-slot[39m=[32m"card-title"[39m
            [36m>[39m
              [0mTime to Mastery Estimator[0m
              [36m<svg[39m
                [33maria-hidden[39m=[32m"true"[39m
                [33mclass[39m=[32m"lucide lucide-info h-4 w-4 text-muted-foreground"[39m
                [33mfill[39m=[32m"none"[39m
                [33mheight[39m=[32m"24"[39m
                [33mstroke[39m=[32m"currentColor"[39m
                [33mstroke-linecap[39m=[32m"round"[39m
                [33mstroke-linejoin[39m=[32m"round"[39m
                [33mstroke-width[39m=[32m"2"[39m
                [33mviewBox[39m=[32m"0 0 24 24"[39m
                [33mwidth[39m=[32m"24"[39m
                [33mxmlns[39m=[32m"http://www.w3.org/2000/svg"[39m
              [36m>[39m
                [36m<circle[39m
                  [33mcx[39m=[32m"12"[39m
                  [33mcy[39m=[32m"12"[39m
                  [33mr[39m=[32m"10"[39m
                [36m/>[39m
                [36m<path[39m
                  [33md[39m=[32m"M12 16v-4"[39m
                [36m/>[39m
                [36m<path[39m
                  [33md[39m=[32m"M12 8h.01"[39m
                [36m/>[39m
              [36m</svg>[39m
            [36m</div>[39m
            [36m<div[39m
              [33mclass[39m=[32m"text-muted-foreground text-sm"[39m
              [33mdata-slot[39m=[32m"card-description"[39m
            [36m>[39m
              [0mEstimated time to master skills at [0m
              [0m10[0m
              [0m hours/week[0m
            [36m</div>[39m
          [36m</div>[39m
          [36m<div[39m
            [33mclass[39m=[32m"px-6 space-y-6"[39m
            [33mdata-slot[39m=[32m"card-content"[39m
          [36m>[39m
            [36m<div[39m
              [33mclass[39m=[32m"grid grid-cols-2 md:grid-cols-4 gap-4 p-4 bg-gradient-to-r from-blue-50 to-indigo-50 rounded-lg border border-blue-200"[39m
            [36m>[39m
              [36m<div[39m
                [33mclass[39m=[32m"text-center"[39m
              [36m>[39m
                [36m<svg[39m
                  [33maria-hidden[39m=[32m"true"[39m
                  [33mclass[39m=[32m"lucide lucide-clock h-6 w-6 mx-auto mb-1 text-blue-600"[39m
                  [33mfill[39m=[32m"none"[39m
                  [33mheight[39m=[32m"24"[39m
                  [33mstroke[39m=[32m"currentColor"[39m
                  [33mstroke-linecap[39m=[32m"round"[39m
                  [33mstroke-linejoin[39m=[32m"round"[39m
                  [33mstroke-width[39m=[32m"2"[39m
                  [33mviewBox[39m=[32m"0 0 24 24"[39m
                  [33mwidth[39m=[32m"24"[39m
                  [33mxmlns[39m=[32m"http://www.w3.org/2000/svg"[39m
                [36m>[39m
                  [36m<path[39m
                    [33md[39m=[32m"M12 6v6l4 2"[39m
                  [36m/>[39m
                  [36m<circle[39m
                    [33mcx[39m=[32m"12"[39m
                    [33mcy[39m=[32m"12"[39m
                    [33mr[39m=[32m"10"[39m
                  [36m/>[39m
                [36m</svg>[39m
                [36m<div[39m
                  [33mclass[39m=[32m"text-2xl font-bold text-foreground"[39m
                [36m>[39m
                  [0m420h[0m
                [36m</div>[39m
                [36m<div[39m
                  [33mclass[39m=[32m"text-xs text-muted-foreground"[39m
                [36m>[39m
                  [0mTotal Time[0m
                [36m</div>[39m
              [36m</div>[39m
              [36m<div[39m
                [33mclass[39m=[32m"text-center"[39m
              [36m>[39m
                [36m<svg[39m
                  [33maria-hidden[39m=[32m"true"[39m
                  [33mclass[39m=[32m"lucide lucide-calendar h-6 w-6 mx-auto mb-1 text-indigo-600"[39m
                  [33mfill[39m=[32m"none"[39m
                  [33mheight[39m=[32m"24"[39m
                  [33mstroke[39m=[32m"currentColor"[39m
                  [33mstroke-linecap[39m=[32m"round"[39m
                  [33mstroke-linejoin[39m=[32m"round"[39m
                  [33mstroke-width[39m=[32m"2"[39m
                  [33mviewBox[39m=[32m"0 0 24 24"[39m
                  [33mwidth[39m=[32m"24"[39m
                  [33mxmlns[39m=[32m"http://www.w3.org/2000/svg"[39m
                [36m>[39m
                  [36m<path[39m
                    [33md[39m=[32m"M8 2v4"[39m
                  [36m/>[39m
                  [36m<path[39m
                    [33md[39m=[32m"M16 2v4"[39m
                  [36m/>[39m
                  [36m<rect[39m
                    [33mheight[39m=[32m"18"[39m
                    [33mrx[39m=[32m"2"[39m
                    [33mwidth[39m=[32m"18"[39m
                    [33mx[39m=[32m"3"[39m
                    [33my[39m=[32m"4"[39m
                  [36m/>[39m
                  [36m<path[39m
                    [33md[39m=[32m"M3 10h18"[39m
                  [36m/>[39m
                [36m</svg>[39m
                [36m<div[39m
                  [33mclass[39m=[32m"text-2xl font-bold text-foreground"[39m
                [36m>[39m
                  [0m11 months[0m
                [36m</div>[39m
                [36m<div[39m
                  [33mclass[39m=[32m"text-xs text-muted-foreground"[39m
                [36m>[39m
                  [0mCompletion[0m
                [36m</div>[39m
              [36m</div>[39m
              [36m<div[39m
                [33mclass[39m=[32m"text-center"[39m
              [36m>[39m
                [36m<svg[39m
                  [33maria-hidden[39m=[32m"true"[39m
                  [33mclass[39m=[32m"lucide lucide-zap h-6 w-6 mx-auto mb-1 text-yellow-600"[39m
                  [33mfill[39m=[32m"none"[39m
                  [33mheight[39m=[32m"24"[39m
                  [33mstroke[39m=[32m"currentColor"[39m
                  [33mstroke-linecap[39m=[32m"round"[39m
                  [33mstroke-linejoin[39m=[32m"round"[39m
                  [33mstroke-width[39m=[32m"2"[39m
                  [33mviewBox[39m=[32m"0 0 24 24"[39m
                  [33mwidth[39m=[32m"24"[39m
                  [33mxmlns[39m=[32m"http://www.w3.org/2000/svg"[39m
                [36m>[39m
                  [36m<path[39m
                    [33md[39m=[32m"M4 14a1 1 0 0 1-.78-1.63l9.9-10.2a.5.5 0 0 1 .86.46l-1.92 6.02A1 1 0 0 0 13 10h7a1 1 0 0 1 .78 1.63l-9.9 10.2a.5.5 0 0 1-.86-.46l1.92-6.02A1 1 0 0 0 11 14z"[39m
                  [36m/>[39m
                [36m</svg>[39m
                [36m<div[39m
                  [33mclass[39m=[32m"text-2xl font-bold text-foreground"[39m
                [36m...

      68 |     );
      69 |     // Total: 420 / 10 = 42 weeks = ~10 months
    > 70 |     expect(screen.getByText('10 months')).toBeInTheDocument();
         |                   ^
      71 |   });
      72 |
      73 |   it('displays quick wins count correctly', () => {

      at Object.getElementError (node_modules/@testing-library/dom/dist/config.js:37:19)
      at node_modules/@testing-library/dom/dist/query-helpers.js:76:38
      at node_modules/@testing-library/dom/dist/query-helpers.js:52:17
      at node_modules/@testing-library/dom/dist/query-helpers.js:95:19
      at Object.getByText (src/components/skill-gap/__tests__/TimeToMasteryEstimator.test.tsx:70:19)

  ● TimeToMasteryEstimator Component › shows medium-term skills section when applicable

    TestingLibraryElementError: Unable to find an element with the text: Medium-term (1-3 months). This could be because the text is broken up by multiple elements. In this case, you can provide a function for your text matcher to make your matcher more flexible.

    Ignored nodes: comments, script, style
    [36m<body>[39m
      [36m<div>[39m
        [36m<div[39m
          [33mclass[39m=[32m"bg-card text-card-foreground flex flex-col gap-6 rounded-xl border py-6 shadow-sm w-full"[39m
          [33mdata-slot[39m=[32m"card"[39m
        [36m>[39m
          [36m<div[39m
            [33mclass[39m=[32m"@container/card-header grid auto-rows-min grid-rows-[auto_auto] items-start gap-1.5 px-6 has-data-[slot=card-action]:grid-cols-[1fr_auto] [.border-b]:pb-6"[39m
            [33mdata-slot[39m=[32m"card-header"[39m
          [36m>[39m
            [36m<div[39m
              [33mclass[39m=[32m"leading-none font-semibold flex items-center gap-2"[39m
              [33mdata-slot[39m=[32m"card-title"[39m
            [36m>[39m
              [0mTime to Mastery Estimator[0m
              [36m<svg[39m
                [33maria-hidden[39m=[32m"true"[39m
                [33mclass[39m=[32m"lucide lucide-info h-4 w-4 text-muted-foreground"[39m
                [33mfill[39m=[32m"none"[39m
                [33mheight[39m=[32m"24"[39m
                [33mstroke[39m=[32m"currentColor"[39m
                [33mstroke-linecap[39m=[32m"round"[39m
                [33mstroke-linejoin[39m=[32m"round"[39m
                [33mstroke-width[39m=[32m"2"[39m
                [33mviewBox[39m=[32m"0 0 24 24"[39m
                [33mwidth[39m=[32m"24"[39m
                [33mxmlns[39m=[32m"http://www.w3.org/2000/svg"[39m
              [36m>[39m
                [36m<circle[39m
                  [33mcx[39m=[32m"12"[39m
                  [33mcy[39m=[32m"12"[39m
                  [33mr[39m=[32m"10"[39m
                [36m/>[39m
                [36m<path[39m
                  [33md[39m=[32m"M12 16v-4"[39m
                [36m/>[39m
                [36m<path[39m
                  [33md[39m=[32m"M12 8h.01"[39m
                [36m/>[39m
              [36m</svg>[39m
            [36m</div>[39m
            [36m<div[39m
              [33mclass[39m=[32m"text-muted-foreground text-sm"[39m
              [33mdata-slot[39m=[32m"card-description"[39m
            [36m>[39m
              [0mEstimated time to master skills at [0m
              [0m10[0m
              [0m hours/week[0m
            [36m</div>[39m
          [36m</div>[39m
          [36m<div[39m
            [33mclass[39m=[32m"px-6 space-y-6"[39m
            [33mdata-slot[39m=[32m"card-content"[39m
          [36m>[39m
            [36m<div[39m
              [33mclass[39m=[32m"grid grid-cols-2 md:grid-cols-4 gap-4 p-4 bg-gradient-to-r from-blue-50 to-indigo-50 rounded-lg border border-blue-200"[39m
            [36m>[39m
              [36m<div[39m
                [33mclass[39m=[32m"text-center"[39m
              [36m>[39m
                [36m<svg[39m
                  [33maria-hidden[39m=[32m"true"[39m
                  [33mclass[39m=[32m"lucide lucide-clock h-6 w-6 mx-auto mb-1 text-blue-600"[39m
                  [33mfill[39m=[32m"none"[39m
                  [33mheight[39m=[32m"24"[39m
                  [33mstroke[39m=[32m"currentColor"[39m
                  [33mstroke-linecap[39m=[32m"round"[39m
                  [33mstroke-linejoin[39m=[32m"round"[39m
                  [33mstroke-width[39m=[32m"2"[39m
                  [33mviewBox[39m=[32m"0 0 24 24"[39m
                  [33mwidth[39m=[32m"24"[39m
                  [33mxmlns[39m=[32m"http://www.w3.org/2000/svg"[39m
                [36m>[39m
                  [36m<path[39m
                    [33md[39m=[32m"M12 6v6l4 2"[39m
                  [36m/>[39m
                  [36m<circle[39m
                    [33mcx[39m=[32m"12"[39m
                    [33mcy[39m=[32m"12"[39m
                    [33mr[39m=[32m"10"[39m
                  [36m/>[39m
                [36m</svg>[39m
                [36m<div[39m
                  [33mclass[39m=[32m"text-2xl font-bold text-foreground"[39m
                [36m>[39m
                  [0m420h[0m
                [36m</div>[39m
                [36m<div[39m
                  [33mclass[39m=[32m"text-xs text-muted-foreground"[39m
                [36m>[39m
                  [0mTotal Time[0m
                [36m</div>[39m
              [36m</div>[39m
              [36m<div[39m
                [33mclass[39m=[32m"text-center"[39m
              [36m>[39m
                [36m<svg[39m
                  [33maria-hidden[39m=[32m"true"[39m
                  [33mclass[39m=[32m"lucide lucide-calendar h-6 w-6 mx-auto mb-1 text-indigo-600"[39m
                  [33mfill[39m=[32m"none"[39m
                  [33mheight[39m=[32m"24"[39m
                  [33mstroke[39m=[32m"currentColor"[39m
                  [33mstroke-linecap[39m=[32m"round"[39m
                  [33mstroke-linejoin[39m=[32m"round"[39m
                  [33mstroke-width[39m=[32m"2"[39m
                  [33mviewBox[39m=[32m"0 0 24 24"[39m
                  [33mwidth[39m=[32m"24"[39m
                  [33mxmlns[39m=[32m"http://www.w3.org/2000/svg"[39m
                [36m>[39m
                  [36m<path[39m
                    [33md[39m=[32m"M8 2v4"[39m
                  [36m/>[39m
                  [36m<path[39m
                    [33md[39m=[32m"M16 2v4"[39m
                  [36m/>[39m
                  [36m<rect[39m
                    [33mheight[39m=[32m"18"[39m
                    [33mrx[39m=[32m"2"[39m
                    [33mwidth[39m=[32m"18"[39m
                    [33mx[39m=[32m"3"[39m
                    [33my[39m=[32m"4"[39m
                  [36m/>[39m
                  [36m<path[39m
                    [33md[39m=[32m"M3 10h18"[39m
                  [36m/>[39m
                [36m</svg>[39m
                [36m<div[39m
                  [33mclass[39m=[32m"text-2xl font-bold text-foreground"[39m
                [36m>[39m
                  [0m11 months[0m
                [36m</div>[39m
                [36m<div[39m
                  [33mclass[39m=[32m"text-xs text-muted-foreground"[39m
                [36m>[39m
                  [0mCompletion[0m
                [36m</div>[39m
              [36m</div>[39m
              [36m<div[39m
                [33mclass[39m=[32m"text-center"[39m
              [36m>[39m
                [36m<svg[39m
                  [33maria-hidden[39m=[32m"true"[39m
                  [33mclass[39m=[32m"lucide lucide-zap h-6 w-6 mx-auto mb-1 text-yellow-600"[39m
                  [33mfill[39m=[32m"none"[39m
                  [33mheight[39m=[32m"24"[39m
                  [33mstroke[39m=[32m"currentColor"[39m
                  [33mstroke-linecap[39m=[32m"round"[39m
                  [33mstroke-linejoin[39m=[32m"round"[39m
                  [33mstroke-width[39m=[32m"2"[39m
                  [33mviewBox[39m=[32m"0 0 24 24"[39m
                  [33mwidth[39m=[32m"24"[39m
                  [33mxmlns[39m=[32m"http://www.w3.org/2000/svg"[39m
                [36m>[39m
                  [36m<path[39m
                    [33md[39m=[32m"M4 14a1 1 0 0 1-.78-1.63l9.9-10.2a.5.5 0 0 1 .86.46l-1.92 6.02A1 1 0 0 0 13 10h7a1 1 0 0 1 .78 1.63l-9.9 10.2a.5.5 0 0 1-.86-.46l1.92-6.02A1 1 0 0 0 11 14z"[39m
                  [36m/>[39m
                [36m</svg>[39m
                [36m<div[39m
                  [33mclass[39m=[32m"text-2xl font-bold text-foreground"[39m
                [36m...

      101 |       <TimeToMasteryEstimator skills={mockSkills} userAvailability={userAvailability} />
      102 |     );
    > 103 |     expect(screen.getByText('Medium-term (1-3 months)')).toBeInTheDocument();
          |                   ^
      104 |     // Machine Learning is medium-term (16 weeks)
      105 |     expect(screen.getByText(/Machine Learning/)).toBeInTheDocument();
      106 |   });

      at Object.getElementError (node_modules/@testing-library/dom/dist/config.js:37:19)
      at node_modules/@testing-library/dom/dist/query-helpers.js:76:38
      at node_modules/@testing-library/dom/dist/query-helpers.js:52:17
      at node_modules/@testing-library/dom/dist/query-helpers.js:95:19
      at Object.getByText (src/components/skill-gap/__tests__/TimeToMasteryEstimator.test.tsx:103:19)

  ● TimeToMasteryEstimator Component › shows long-term skills section when applicable

    TestingLibraryElementError: Found multiple elements with the text: /System Design/

    Here are the matching elements:

    Ignored nodes: comments, script, style
    [36m<div[39m
      [33mclass[39m=[32m"text-xs text-muted-foreground"[39m
    [36m>[39m
      [0mMachine Learning, System Design[0m
    [36m</div>[39m

    Ignored nodes: comments, script, style
    [36m<h4[39m
      [33mclass[39m=[32m"font-semibold text-sm truncate"[39m
    [36m>[39m
      [0mSystem Design[0m
    [36m</h4>[39m

    (If this is intentional, then use the `*AllBy*` variant of the query (like `queryAllByText`, `getAllByText`, or `findAllByText`)).

    Ignored nodes: comments, script, style
    [36m<body>[39m
      [36m<div>[39m
        [36m<div[39m
          [33mclass[39m=[32m"bg-card text-card-foreground flex flex-col gap-6 rounded-xl border py-6 shadow-sm w-full"[39m
          [33mdata-slot[39m=[32m"card"[39m
        [36m>[39m
          [36m<div[39m
            [33mclass[39m=[32m"@container/card-header grid auto-rows-min grid-rows-[auto_auto] items-start gap-1.5 px-6 has-data-[slot=card-action]:grid-cols-[1fr_auto] [.border-b]:pb-6"[39m
            [33mdata-slot[39m=[32m"card-header"[39m
          [36m>[39m
            [36m<div[39m
              [33mclass[39m=[32m"leading-none font-semibold flex items-center gap-2"[39m
              [33mdata-slot[39m=[32m"card-title"[39m
            [36m>[39m
              [0mTime to Mastery Estimator[0m
              [36m<svg[39m
                [33maria-hidden[39m=[32m"true"[39m
                [33mclass[39m=[32m"lucide lucide-info h-4 w-4 text-muted-foreground"[39m
                [33mfill[39m=[32m"none"[39m
                [33mheight[39m=[32m"24"[39m
                [33mstroke[39m=[32m"currentColor"[39m
                [33mstroke-linecap[39m=[32m"round"[39m
                [33mstroke-linejoin[39m=[32m"round"[39m
                [33mstroke-width[39m=[32m"2"[39m
                [33mviewBox[39m=[32m"0 0 24 24"[39m
                [33mwidth[39m=[32m"24"[39m
                [33mxmlns[39m=[32m"http://www.w3.org/2000/svg"[39m
              [36m>[39m
                [36m<circle[39m
                  [33mcx[39m=[32m"12"[39m
                  [33mcy[39m=[32m"12"[39m
                  [33mr[39m=[32m"10"[39m
                [36m/>[39m
                [36m<path[39m
                  [33md[39m=[32m"M12 16v-4"[39m
                [36m/>[39m
                [36m<path[39m
                  [33md[39m=[32m"M12 8h.01"[39m
                [36m/>[39m
              [36m</svg>[39m
            [36m</div>[39m
            [36m<div[39m
              [33mclass[39m=[32m"text-muted-foreground text-sm"[39m
              [33mdata-slot[39m=[32m"card-description"[39m
            [36m>[39m
              [0mEstimated time to master skills at [0m
              [0m10[0m
              [0m hours/week[0m
            [36m</div>[39m
          [36m</div>[39m
          [36m<div[39m
            [33mclass[39m=[32m"px-6 space-y-6"[39m
            [33mdata-slot[39m=[32m"card-content"[39m
          [36m>[39m
            [36m<div[39m
              [33mclass[39m=[32m"grid grid-cols-2 md:grid-cols-4 gap-4 p-4 bg-gradient-to-r from-blue-50 to-indigo-50 rounded-lg border border-blue-200"[39m
            [36m>[39m
              [36m<div[39m
                [33mclass[39m=[32m"text-center"[39m
              [36m>[39m
                [36m<svg[39m
                  [33maria-hidden[39m=[32m"true"[39m
                  [33mclass[39m=[32m"lucide lucide-clock h-6 w-6 mx-auto mb-1 text-blue-600"[39m
                  [33mfill[39m=[32m"none"[39m
                  [33mheight[39m=[32m"24"[39m
                  [33mstroke[39m=[32m"currentColor"[39m
                  [33mstroke-linecap[39m=[32m"round"[39m
                  [33mstroke-linejoin[39m=[32m"round"[39m
                  [33mstroke-width[39m=[32m"2"[39m
                  [33mviewBox[39m=[32m"0 0 24 24"[39m
                  [33mwidth[39m=[32m"24"[39m
                  [33mxmlns[39m=[32m"http://www.w3.org/2000/svg"[39m
                [36m>[39m
                  [36m<path[39m
                    [33md[39m=[32m"M12 6v6l4 2"[39m
                  [36m/>[39m
                  [36m<circle[39m
                    [33mcx[39m=[32m"12"[39m
                    [33mcy[39m=[32m"12"[39m
                    [33mr[39m=[32m"10"[39m
                  [36m/>[39m
                [36m</svg>[39m
                [36m<div[39m
                  [33mclass[39m=[32m"text-2xl font-bold text-foreground"[39m
                [36m>[39m
                  [0m420h[0m
                [36m</div>[39m
                [36m<div[39m
                  [33mclass[39m=[32m"text-xs text-muted-foreground"[39m
                [36m>[39m
                  [0mTotal Time[0m
                [36m</div>[39m
              [36m</div>[39m
              [36m<div[39m
                [33mclass[39m=[32m"text-center"[39m
              [36m>[39m
                [36m<svg[39m
                  [33maria-hidden[39m=[32m"true"[39m
                  [33mclass[39m=[32m"lucide lucide-calendar h-6 w-6 mx-auto mb-1 text-indigo-600"[39m
                  [33mfill[39m=[32m"none"[39m
                  [33mheight[39m=[32m"24"[39m
                  [33mstroke[39m=[32m"currentColor"[39m
                  [33mstroke-linecap[39m=[32m"round"[39m
                  [33mstroke-linejoin[39m=[32m"round"[39m
                  [33mstroke-width[39m=[32m"2"[39m
                  [33mviewBox[39m=[32m"0 0 24 24"[39m
                  [33mwidth[39m=[32m"24"[39m
                  [33mxmlns[39m=[32m"http://www.w3.org/2000/svg"[39m
                [36m>[39m
                  [36m<path[39m
                    [33md[39m=[32m"M8 2v4"[39m
                  [36m/>[39m
                  [36m<path[39m
                    [33md[39m=[32m"M16 2v4"[39m
                  [36m/>[39m
                  [36m<rect[39m
                    [33mheight[39m=[32m"18"[39m
                    [33mrx[39m=[32m"2"[39m
                    [33mwidth[39m=[32m"18"[39m
                    [33mx[39m=[32m"3"[39m
                    [33my[39m=[32m"4"[39m
                  [36m/>[39m
                  [36m<path[39m
                    [33md[39m=[32m"M3 10h18"[39m
                  [36m/>[39m
                [36m</svg>[39m
                [36m<div[39m
                  [33mclass[39m=[32m"text-2xl font-bold text-foreground"[39m
                [36m>[39m
                  [0m11 months[0m
                [36m</div>[39m
                [36m<div[39m
                  [33mclass[39m=[32m"text-xs text-muted-foreground"[39m
                [36m>[39m
                  [0mCompletion[0m
                [36m</div>[39m
              [36m</div>[39m
              [36m<div[39m
                [33mclass[39m=[32m"text-center"[39m
              [36m>[39m
                [36m<svg[39m
                  [33maria-hidden[39m=[32m"true"[39m
                  [33mclass[39m=[32m"lucide lucide-zap h-6 w-6 mx-auto mb-1 text-yellow-600"[39m
                  [33mfill[39m=[32m"none"[39m
                  [33mheight[39m=[32m"24"[39m
                  [33mstroke[39m=[32m"currentColor"[39m
                  [33mstroke-linecap[39m=[32m"round"[39m
                  [33mstroke-linejoin[39m=[32m"round"[39m
                  [33mstroke-width[39m=[32m"2"[39m
                  [33mviewBox[39m=[32m"0 0 24 24"[39m
                  [33mwidth[39m=[32m"24"[39m
                  [33mxmlns[39m=[32m"http://www.w3.org/2000/svg"[39m
                [36m>[39m
                  [36m<path[39m
                    [33md[39m=[32m"M4 14a1 1 0 0 1-.78-1.63l9.9-10.2a.5.5 0 0 1 .86.46l-1.92 6.02A1 1 0 0 0 13 10h7a1 1 0 0 1 .78 1.63l-9.9 10.2a.5.5 0 0 1-.86-.46l1.92-6.02A1 1 0 0 0 11 14z"[39m
                  [36m/>[39m
                [36m</svg>[39m
                [36m<div[39m
                  [33mclass[39m=[32m"text-2xl font-bold text-foreground"[39m
                [36m...

      112 |     expect(screen.getByText('Long-term (3+ months)')).toBeInTheDocument();
      113 |     // System Design is long-term (20 weeks)
    > 114 |     expect(screen.getByText(/System Design/)).toBeInTheDocument();
          |                   ^
      115 |   });
      116 |
      117 |   it('displays all skill names', () => {

      at Object.getElementError (node_modules/@testing-library/dom/dist/config.js:37:19)
      at getElementError (node_modules/@testing-library/dom/dist/query-helpers.js:20:35)
      at getMultipleElementsFoundError (node_modules/@testing-library/dom/dist/query-helpers.js:23:10)
      at node_modules/@testing-library/dom/dist/query-helpers.js:55:13
      at node_modules/@testing-library/dom/dist/query-helpers.js:95:19
      at Object.getByText (src/components/skill-gap/__tests__/TimeToMasteryEstimator.test.tsx:114:19)

  ● TimeToMasteryEstimator Component › displays user availability information

    TestingLibraryElementError: Unable to find an element with the text: /Your availability: 10 hours per week/. This could be because the text is broken up by multiple elements. In this case, you can provide a function for your text matcher to make your matcher more flexible.

    Ignored nodes: comments, script, style
    [36m<body>[39m
      [36m<div>[39m
        [36m<div[39m
          [33mclass[39m=[32m"bg-card text-card-foreground flex flex-col gap-6 rounded-xl border py-6 shadow-sm w-full"[39m
          [33mdata-slot[39m=[32m"card"[39m
        [36m>[39m
          [36m<div[39m
            [33mclass[39m=[32m"@container/card-header grid auto-rows-min grid-rows-[auto_auto] items-start gap-1.5 px-6 has-data-[slot=card-action]:grid-cols-[1fr_auto] [.border-b]:pb-6"[39m
            [33mdata-slot[39m=[32m"card-header"[39m
          [36m>[39m
            [36m<div[39m
              [33mclass[39m=[32m"leading-none font-semibold flex items-center gap-2"[39m
              [33mdata-slot[39m=[32m"card-title"[39m
            [36m>[39m
              [0mTime to Mastery Estimator[0m
              [36m<svg[39m
                [33maria-hidden[39m=[32m"true"[39m
                [33mclass[39m=[32m"lucide lucide-info h-4 w-4 text-muted-foreground"[39m
                [33mfill[39m=[32m"none"[39m
                [33mheight[39m=[32m"24"[39m
                [33mstroke[39m=[32m"currentColor"[39m
                [33mstroke-linecap[39m=[32m"round"[39m
                [33mstroke-linejoin[39m=[32m"round"[39m
                [33mstroke-width[39m=[32m"2"[39m
                [33mviewBox[39m=[32m"0 0 24 24"[39m
                [33mwidth[39m=[32m"24"[39m
                [33mxmlns[39m=[32m"http://www.w3.org/2000/svg"[39m
              [36m>[39m
                [36m<circle[39m
                  [33mcx[39m=[32m"12"[39m
                  [33mcy[39m=[32m"12"[39m
                  [33mr[39m=[32m"10"[39m
                [36m/>[39m
                [36m<path[39m
                  [33md[39m=[32m"M12 16v-4"[39m
                [36m/>[39m
                [36m<path[39m
                  [33md[39m=[32m"M12 8h.01"[39m
                [36m/>[39m
              [36m</svg>[39m
            [36m</div>[39m
            [36m<div[39m
              [33mclass[39m=[32m"text-muted-foreground text-sm"[39m
              [33mdata-slot[39m=[32m"card-description"[39m
            [36m>[39m
              [0mEstimated time to master skills at [0m
              [0m10[0m
              [0m hours/week[0m
            [36m</div>[39m
          [36m</div>[39m
          [36m<div[39m
            [33mclass[39m=[32m"px-6 space-y-6"[39m
            [33mdata-slot[39m=[32m"card-content"[39m
          [36m>[39m
            [36m<div[39m
              [33mclass[39m=[32m"grid grid-cols-2 md:grid-cols-4 gap-4 p-4 bg-gradient-to-r from-blue-50 to-indigo-50 rounded-lg border border-blue-200"[39m
            [36m>[39m
              [36m<div[39m
                [33mclass[39m=[32m"text-center"[39m
              [36m>[39m
                [36m<svg[39m
                  [33maria-hidden[39m=[32m"true"[39m
                  [33mclass[39m=[32m"lucide lucide-clock h-6 w-6 mx-auto mb-1 text-blue-600"[39m
                  [33mfill[39m=[32m"none"[39m
                  [33mheight[39m=[32m"24"[39m
                  [33mstroke[39m=[32m"currentColor"[39m
                  [33mstroke-linecap[39m=[32m"round"[39m
                  [33mstroke-linejoin[39m=[32m"round"[39m
                  [33mstroke-width[39m=[32m"2"[39m
                  [33mviewBox[39m=[32m"0 0 24 24"[39m
                  [33mwidth[39m=[32m"24"[39m
                  [33mxmlns[39m=[32m"http://www.w3.org/2000/svg"[39m
                [36m>[39m
                  [36m<path[39m
                    [33md[39m=[32m"M12 6v6l4 2"[39m
                  [36m/>[39m
                  [36m<circle[39m
                    [33mcx[39m=[32m"12"[39m
                    [33mcy[39m=[32m"12"[39m
                    [33mr[39m=[32m"10"[39m
                  [36m/>[39m
                [36m</svg>[39m
                [36m<div[39m
                  [33mclass[39m=[32m"text-2xl font-bold text-foreground"[39m
                [36m>[39m
                  [0m420h[0m
                [36m</div>[39m
                [36m<div[39m
                  [33mclass[39m=[32m"text-xs text-muted-foreground"[39m
                [36m>[39m
                  [0mTotal Time[0m
                [36m</div>[39m
              [36m</div>[39m
              [36m<div[39m
                [33mclass[39m=[32m"text-center"[39m
              [36m>[39m
                [36m<svg[39m
                  [33maria-hidden[39m=[32m"true"[39m
                  [33mclass[39m=[32m"lucide lucide-calendar h-6 w-6 mx-auto mb-1 text-indigo-600"[39m
                  [33mfill[39m=[32m"none"[39m
                  [33mheight[39m=[32m"24"[39m
                  [33mstroke[39m=[32m"currentColor"[39m
                  [33mstroke-linecap[39m=[32m"round"[39m
                  [33mstroke-linejoin[39m=[32m"round"[39m
                  [33mstroke-width[39m=[32m"2"[39m
                  [33mviewBox[39m=[32m"0 0 24 24"[39m
                  [33mwidth[39m=[32m"24"[39m
                  [33mxmlns[39m=[32m"http://www.w3.org/2000/svg"[39m
                [36m>[39m
                  [36m<path[39m
                    [33md[39m=[32m"M8 2v4"[39m
                  [36m/>[39m
                  [36m<path[39m
                    [33md[39m=[32m"M16 2v4"[39m
                  [36m/>[39m
                  [36m<rect[39m
                    [33mheight[39m=[32m"18"[39m
                    [33mrx[39m=[32m"2"[39m
                    [33mwidth[39m=[32m"18"[39m
                    [33mx[39m=[32m"3"[39m
                    [33my[39m=[32m"4"[39m
                  [36m/>[39m
                  [36m<path[39m
                    [33md[39m=[32m"M3 10h18"[39m
                  [36m/>[39m
                [36m</svg>[39m
                [36m<div[39m
                  [33mclass[39m=[32m"text-2xl font-bold text-foreground"[39m
                [36m>[39m
                  [0m11 months[0m
                [36m</div>[39m
                [36m<div[39m
                  [33mclass[39m=[32m"text-xs text-muted-foreground"[39m
                [36m>[39m
                  [0mCompletion[0m
                [36m</div>[39m
              [36m</div>[39m
              [36m<div[39m
                [33mclass[39m=[32m"text-center"[39m
              [36m>[39m
                [36m<svg[39m
                  [33maria-hidden[39m=[32m"true"[39m
                  [33mclass[39m=[32m"lucide lucide-zap h-6 w-6 mx-auto mb-1 text-yellow-600"[39m
                  [33mfill[39m=[32m"none"[39m
                  [33mheight[39m=[32m"24"[39m
                  [33mstroke[39m=[32m"currentColor"[39m
                  [33mstroke-linecap[39m=[32m"round"[39m
                  [33mstroke-linejoin[39m=[32m"round"[39m
                  [33mstroke-width[39m=[32m"2"[39m
                  [33mviewBox[39m=[32m"0 0 24 24"[39m
                  [33mwidth[39m=[32m"24"[39m
                  [33mxmlns[39m=[32m"http://www.w3.org/2000/svg"[39m
                [36m>[39m
                  [36m<path[39m
                    [33md[39m=[32m"M4 14a1 1 0 0 1-.78-1.63l9.9-10.2a.5.5 0 0 1 .86.46l-1.92 6.02A1 1 0 0 0 13 10h7a1 1 0 0 1 .78 1.63l-9.9 10.2a.5.5 0 0 1-.86-.46l1.92-6.02A1 1 0 0 0 11 14z"[39m
                  [36m/>[39m
                [36m</svg>[39m
                [36m<div[39m
                  [33mclass[39m=[32m"text-2xl font-bold text-foreground"[39m
                [36m...

      188 |       <TimeToMasteryEstimator skills={mockSkills} userAvailability={userAvailability} />
      189 |     );
    > 190 |     expect(screen.getByText(/Your availability: 10 hours per week/)).toBeInTheDocument();
          |                   ^
      191 |   });
      192 |
      193 |   it('shows disclaimer about estimate variability', () => {

      at Object.getElementError (node_modules/@testing-library/dom/dist/config.js:37:19)
      at node_modules/@testing-library/dom/dist/query-helpers.js:76:38
      at node_modules/@testing-library/dom/dist/query-helpers.js:52:17
      at node_modules/@testing-library/dom/dist/query-helpers.js:95:19
      at Object.getByText (src/components/skill-gap/__tests__/TimeToMasteryEstimator.test.tsx:190:19)

PASS convex/__tests__/onetCache.test.ts
PASS src/components/skill-gap/__tests__/CourseRecommendations.test.tsx
PASS src/components/skill-gap/__tests__/SkillComparisonChart.test.tsx
FAIL src/app/api/jobs/bookmark/__tests__/route.test.ts
  ● Test suite failed to run

    ReferenceError: Request is not defined

      35 |   },
      36 | }), { virtual: true });
    > 37 |
         | ^
      38 | import { auth } from '@clerk/nextjs/server';
      39 | import { ConvexHttpClient } from 'convex/browser';
      40 | // Mock the Convex API import

      at Object.Request (node_modules/next/src/server/web/spec-extension/request.ts:14:34)
      at Object.<anonymous> (node_modules/next/server.js:2:16)
      at Object.<anonymous> (src/app/api/jobs/bookmark/__tests__/route.test.ts:37:17)

PASS src/lib/abstractions/providers/__tests__/onet-provider.test.ts
  ● Console

    console.log
      Found 1 cached occupations for query: software developer

      at ONetProviderImpl.log [as searchOccupations] (src/lib/abstractions/providers/onet-provider.ts:124:17)

    console.error
      O*NET API error: 404 undefined

      82 |
      83 |       if (!response.ok) {
    > 84 |         console.error(`O*NET API error: ${response.status} ${response.statusText}`);
         |                 ^
      85 |         performanceMonitor.recordMetric({
      86 |           operation: 'onet-api-request',
      87 |           duration: Date.now() - startTime,

      at ONetProviderImpl.error [as fetchFromONet] (src/lib/abstractions/providers/onet-provider.ts:84:17)
      at ONetProviderImpl.searchOccupations (src/lib/abstractions/providers/onet-provider.ts:136:20)
      at Object.<anonymous> (src/lib/abstractions/providers/__tests__/onet-provider.test.ts:98:23)

    console.log
      {"level":"error","type":"performance","operation":"onet-api-request","duration":"0ms","success":false,"cached":false,"error":"404 undefined","timestamp":"2025-10-23T18:42:53.954Z"}

      at PerformanceMonitor.log [as logMetric] (src/lib/utils/performance-monitor.ts:274:13)

    console.log
      No O*NET API results, returning empty array

      at ONetProviderImpl.log [as searchOccupations] (src/lib/abstractions/providers/onet-provider.ts:139:17)

    console.error
      O*NET API request failed: Error: Network error
          at Object.<anonymous> (/Users/jonsiu/Projects/career-os/career-os-app/src/lib/abstractions/providers/__tests__/onet-provider.test.ts:107:53)
          at Promise.then.completed (/Users/jonsiu/Projects/career-os/career-os-app/node_modules/jest-circus/build/utils.js:298:28)
          at new Promise (<anonymous>)
          at callAsyncCircusFn (/Users/jonsiu/Projects/career-os/career-os-app/node_modules/jest-circus/build/utils.js:231:10)
          at _callCircusTest (/Users/jonsiu/Projects/career-os/career-os-app/node_modules/jest-circus/build/run.js:316:40)
          at processTicksAndRejections (node:internal/process/task_queues:105:5)
          at _runTest (/Users/jonsiu/Projects/career-os/career-os-app/node_modules/jest-circus/build/run.js:252:3)
          at _runTestsForDescribeBlock (/Users/jonsiu/Projects/career-os/career-os-app/node_modules/jest-circus/build/run.js:126:9)
          at _runTestsForDescribeBlock (/Users/jonsiu/Projects/career-os/career-os-app/node_modules/jest-circus/build/run.js:121:9)
          at _runTestsForDescribeBlock (/Users/jonsiu/Projects/career-os/career-os-app/node_modules/jest-circus/build/run.js:121:9)
          at run (/Users/jonsiu/Projects/career-os/career-os-app/node_modules/jest-circus/build/run.js:71:3)
          at runAndTransformResultsToJestFormat (/Users/jonsiu/Projects/career-os/career-os-app/node_modules/jest-circus/build/legacy-code-todo-rewrite/jestAdapterInit.js:122:21)
          at jestAdapter (/Users/jonsiu/Projects/career-os/career-os-app/node_modules/jest-circus/build/legacy-code-todo-rewrite/jestAdapter.js:79:19)
          at runTestInternal (/Users/jonsiu/Projects/career-os/career-os-app/node_modules/jest-runner/build/runTest.js:367:16)
          at runTest (/Users/jonsiu/Projects/career-os/career-os-app/node_modules/jest-runner/build/runTest.js:444:34)
          at Object.worker (/Users/jonsiu/Projects/career-os/career-os-app/node_modules/jest-runner/build/testWorker.js:106:12)

      100 |       return await response.json();
      101 |     } catch (error) {
    > 102 |       console.error('O*NET API request failed:', error);
          |               ^
      103 |       performanceMonitor.recordMetric({
      104 |         operation: 'onet-api-request',
      105 |         duration: Date.now() - startTime,

      at ONetProviderImpl.error [as fetchFromONet] (src/lib/abstractions/providers/onet-provider.ts:102:15)
      at ONetProviderImpl.searchOccupations (src/lib/abstractions/providers/onet-provider.ts:136:20)
      at Object.<anonymous> (src/lib/abstractions/providers/__tests__/onet-provider.test.ts:110:23)

    console.log
      {"level":"error","type":"performance","operation":"onet-api-request","duration":"34ms","success":false,"cached":false,"error":"Network error","timestamp":"2025-10-23T18:42:53.992Z"}

      at PerformanceMonitor.log [as logMetric] (src/lib/utils/performance-monitor.ts:274:13)

    console.log
      No O*NET API results, returning empty array

      at ONetProviderImpl.log [as searchOccupations] (src/lib/abstractions/providers/onet-provider.ts:139:17)

    console.log
      Using cached occupation data for code: 15-1252.00

      at ONetProviderImpl.log [as getOccupationSkills] (src/lib/abstractions/providers/onet-provider.ts:165:17)

    console.log
      {"level":"info","type":"performance","operation":"onet-api-request","duration":"0ms","success":true,"cached":false,"timestamp":"2025-10-23T18:42:53.996Z"}

      at PerformanceMonitor.log [as logMetric] (src/lib/utils/performance-monitor.ts:274:13)
          at async Promise.all (index 0)

    console.log
      {"level":"info","type":"performance","operation":"onet-api-request","duration":"201ms","success":true,"cached":false,"timestamp":"2025-10-23T18:42:54.197Z"}

      at PerformanceMonitor.log [as logMetric] (src/lib/utils/performance-monitor.ts:274:13)
          at async Promise.all (index 1)

    console.log
      {"level":"info","type":"performance","operation":"onet-api-request","duration":"201ms","success":true,"cached":false,"timestamp":"2025-10-23T18:42:54.197Z"}

      at PerformanceMonitor.log [as logMetric] (src/lib/utils/performance-monitor.ts:274:13)
          at async Promise.all (index 2)

    console.log
      {"level":"info","type":"performance","operation":"onet-api-request","duration":"202ms","success":true,"cached":false,"timestamp":"2025-10-23T18:42:54.198Z"}

      at PerformanceMonitor.log [as logMetric] (src/lib/utils/performance-monitor.ts:274:13)
          at async Promise.all (index 3)

    console.log
      Cached occupation data for 15-1252.00 (30-day TTL)

      at ONetProviderImpl.log [as cacheOccupation] (src/lib/abstractions/providers/onet-provider.ts:378:15)

    console.error
      O*NET API request failed: Error: API Error
          at Object.<anonymous> (/Users/jonsiu/Projects/career-os/career-os-app/src/lib/abstractions/providers/__tests__/onet-provider.test.ts:190:53)
          at Promise.then.completed (/Users/jonsiu/Projects/career-os/career-os-app/node_modules/jest-circus/build/utils.js:298:28)
          at new Promise (<anonymous>)
          at callAsyncCircusFn (/Users/jonsiu/Projects/career-os/career-os-app/node_modules/jest-circus/build/utils.js:231:10)
          at _callCircusTest (/Users/jonsiu/Projects/career-os/career-os-app/node_modules/jest-circus/build/run.js:316:40)
          at _runTest (/Users/jonsiu/Projects/career-os/career-os-app/node_modules/jest-circus/build/run.js:252:3)
          at _runTestsForDescribeBlock (/Users/jonsiu/Projects/career-os/career-os-app/node_modules/jest-circus/build/run.js:126:9)
          at _runTestsForDescribeBlock (/Users/jonsiu/Projects/career-os/career-os-app/node_modules/jest-circus/build/run.js:121:9)
          at _runTestsForDescribeBlock (/Users/jonsiu/Projects/career-os/career-os-app/node_modules/jest-circus/build/run.js:121:9)
          at run (/Users/jonsiu/Projects/career-os/career-os-app/node_modules/jest-circus/build/run.js:71:3)
          at runAndTransformResultsToJestFormat (/Users/jonsiu/Projects/career-os/career-os-app/node_modules/jest-circus/build/legacy-code-todo-rewrite/jestAdapterInit.js:122:21)
          at jestAdapter (/Users/jonsiu/Projects/career-os/career-os-app/node_modules/jest-circus/build/legacy-code-todo-rewrite/jestAdapter.js:79:19)
          at runTestInternal (/Users/jonsiu/Projects/career-os/career-os-app/node_modules/jest-runner/build/runTest.js:367:16)
          at runTest (/Users/jonsiu/Projects/career-os/career-os-app/node_modules/jest-runner/build/runTest.js:444:34)
          at Object.worker (/Users/jonsiu/Projects/career-os/career-os-app/node_modules/jest-runner/build/testWorker.js:106:12)

      100 |       return await response.json();
      101 |     } catch (error) {
    > 102 |       console.error('O*NET API request failed:', error);
          |               ^
      103 |       performanceMonitor.recordMetric({
      104 |         operation: 'onet-api-request',
      105 |         duration: Date.now() - startTime,

      at ONetProviderImpl.error [as fetchFromONet] (src/lib/abstractions/providers/onet-provider.ts:102:15)
          at async Promise.all (index 0)
      at ONetProviderImpl.getOccupationSkills (src/lib/abstractions/providers/onet-provider.ts:173:74)
      at Object.<anonymous> (src/lib/abstractions/providers/__tests__/onet-provider.test.ts:193:22)

    console.log
      {"level":"error","type":"performance","operation":"onet-api-request","duration":"1ms","success":false,"cached":false,"error":"API Error","timestamp":"2025-10-23T18:42:54.200Z"}

      at PerformanceMonitor.log [as logMetric] (src/lib/utils/performance-monitor.ts:274:13)
          at async Promise.all (index 0)

    console.error
      O*NET API request failed: Error: API Error
          at Object.<anonymous> (/Users/jonsiu/Projects/career-os/career-os-app/src/lib/abstractions/providers/__tests__/onet-provider.test.ts:190:53)
          at Promise.then.completed (/Users/jonsiu/Projects/career-os/career-os-app/node_modules/jest-circus/build/utils.js:298:28)
          at new Promise (<anonymous>)
          at callAsyncCircusFn (/Users/jonsiu/Projects/career-os/career-os-app/node_modules/jest-circus/build/utils.js:231:10)
          at _callCircusTest (/Users/jonsiu/Projects/career-os/career-os-app/node_modules/jest-circus/build/run.js:316:40)
          at _runTest (/Users/jonsiu/Projects/career-os/career-os-app/node_modules/jest-circus/build/run.js:252:3)
          at _runTestsForDescribeBlock (/Users/jonsiu/Projects/career-os/career-os-app/node_modules/jest-circus/build/run.js:126:9)
          at _runTestsForDescribeBlock (/Users/jonsiu/Projects/career-os/career-os-app/node_modules/jest-circus/build/run.js:121:9)
          at _runTestsForDescribeBlock (/Users/jonsiu/Projects/career-os/career-os-app/node_modules/jest-circus/build/run.js:121:9)
          at run (/Users/jonsiu/Projects/career-os/career-os-app/node_modules/jest-circus/build/run.js:71:3)
          at runAndTransformResultsToJestFormat (/Users/jonsiu/Projects/career-os/career-os-app/node_modules/jest-circus/build/legacy-code-todo-rewrite/jestAdapterInit.js:122:21)
          at jestAdapter (/Users/jonsiu/Projects/career-os/career-os-app/node_modules/jest-circus/build/legacy-code-todo-rewrite/jestAdapter.js:79:19)
          at runTestInternal (/Users/jonsiu/Projects/career-os/career-os-app/node_modules/jest-runner/build/runTest.js:367:16)
          at runTest (/Users/jonsiu/Projects/career-os/career-os-app/node_modules/jest-runner/build/runTest.js:444:34)
          at Object.worker (/Users/jonsiu/Projects/career-os/career-os-app/node_modules/jest-runner/build/testWorker.js:106:12)

      100 |       return await response.json();
      101 |     } catch (error) {
    > 102 |       console.error('O*NET API request failed:', error);
          |               ^
      103 |       performanceMonitor.recordMetric({
      104 |         operation: 'onet-api-request',
      105 |         duration: Date.now() - startTime,

      at ONetProviderImpl.error [as fetchFromONet] (src/lib/abstractions/providers/onet-provider.ts:102:15)
          at async Promise.all (index 1)
      at ONetProviderImpl.getOccupationSkills (src/lib/abstractions/providers/onet-provider.ts:173:74)
      at Object.<anonymous> (src/lib/abstractions/providers/__tests__/onet-provider.test.ts:193:22)

    console.log
      {"level":"error","type":"performance","operation":"onet-api-request","duration":"202ms","success":false,"cached":false,"error":"API Error","timestamp":"2025-10-23T18:42:54.401Z"}

      at PerformanceMonitor.log [as logMetric] (src/lib/utils/performance-monitor.ts:274:13)
          at async Promise.all (index 1)

    console.error
      O*NET API request failed: Error: API Error
          at Object.<anonymous> (/Users/jonsiu/Projects/career-os/career-os-app/src/lib/abstractions/providers/__tests__/onet-provider.test.ts:190:53)
          at Promise.then.completed (/Users/jonsiu/Projects/career-os/career-os-app/node_modules/jest-circus/build/utils.js:298:28)
          at new Promise (<anonymous>)
          at callAsyncCircusFn (/Users/jonsiu/Projects/career-os/career-os-app/node_modules/jest-circus/build/utils.js:231:10)
          at _callCircusTest (/Users/jonsiu/Projects/career-os/career-os-app/node_modules/jest-circus/build/run.js:316:40)
          at _runTest (/Users/jonsiu/Projects/career-os/career-os-app/node_modules/jest-circus/build/run.js:252:3)
          at _runTestsForDescribeBlock (/Users/jonsiu/Projects/career-os/career-os-app/node_modules/jest-circus/build/run.js:126:9)
          at _runTestsForDescribeBlock (/Users/jonsiu/Projects/career-os/career-os-app/node_modules/jest-circus/build/run.js:121:9)
          at _runTestsForDescribeBlock (/Users/jonsiu/Projects/career-os/career-os-app/node_modules/jest-circus/build/run.js:121:9)
          at run (/Users/jonsiu/Projects/career-os/career-os-app/node_modules/jest-circus/build/run.js:71:3)
          at runAndTransformResultsToJestFormat (/Users/jonsiu/Projects/career-os/career-os-app/node_modules/jest-circus/build/legacy-code-todo-rewrite/jestAdapterInit.js:122:21)
          at jestAdapter (/Users/jonsiu/Projects/career-os/career-os-app/node_modules/jest-circus/build/legacy-code-todo-rewrite/jestAdapter.js:79:19)
          at runTestInternal (/Users/jonsiu/Projects/career-os/career-os-app/node_modules/jest-runner/build/runTest.js:367:16)
          at runTest (/Users/jonsiu/Projects/career-os/career-os-app/node_modules/jest-runner/build/runTest.js:444:34)
          at Object.worker (/Users/jonsiu/Projects/career-os/career-os-app/node_modules/jest-runner/build/testWorker.js:106:12)

      100 |       return await response.json();
      101 |     } catch (error) {
    > 102 |       console.error('O*NET API request failed:', error);
          |               ^
      103 |       performanceMonitor.recordMetric({
      104 |         operation: 'onet-api-request',
      105 |         duration: Date.now() - startTime,

      at ONetProviderImpl.error [as fetchFromONet] (src/lib/abstractions/providers/onet-provider.ts:102:15)
          at async Promise.all (index 2)
      at ONetProviderImpl.getOccupationSkills (src/lib/abstractions/providers/onet-provider.ts:173:74)
      at Object.<anonymous> (src/lib/abstractions/providers/__tests__/onet-provider.test.ts:193:22)

    console.log
      {"level":"error","type":"performance","operation":"onet-api-request","duration":"203ms","success":false,"cached":false,"error":"API Error","timestamp":"2025-10-23T18:42:54.402Z"}

      at PerformanceMonitor.log [as logMetric] (src/lib/utils/performance-monitor.ts:274:13)
          at async Promise.all (index 2)

    console.error
      O*NET API request failed: Error: API Error
          at Object.<anonymous> (/Users/jonsiu/Projects/career-os/career-os-app/src/lib/abstractions/providers/__tests__/onet-provider.test.ts:190:53)
          at Promise.then.completed (/Users/jonsiu/Projects/career-os/career-os-app/node_modules/jest-circus/build/utils.js:298:28)
          at new Promise (<anonymous>)
          at callAsyncCircusFn (/Users/jonsiu/Projects/career-os/career-os-app/node_modules/jest-circus/build/utils.js:231:10)
          at _callCircusTest (/Users/jonsiu/Projects/career-os/career-os-app/node_modules/jest-circus/build/run.js:316:40)
          at _runTest (/Users/jonsiu/Projects/career-os/career-os-app/node_modules/jest-circus/build/run.js:252:3)
          at _runTestsForDescribeBlock (/Users/jonsiu/Projects/career-os/career-os-app/node_modules/jest-circus/build/run.js:126:9)
          at _runTestsForDescribeBlock (/Users/jonsiu/Projects/career-os/career-os-app/node_modules/jest-circus/build/run.js:121:9)
          at _runTestsForDescribeBlock (/Users/jonsiu/Projects/career-os/career-os-app/node_modules/jest-circus/build/run.js:121:9)
          at run (/Users/jonsiu/Projects/career-os/career-os-app/node_modules/jest-circus/build/run.js:71:3)
          at runAndTransformResultsToJestFormat (/Users/jonsiu/Projects/career-os/career-os-app/node_modules/jest-circus/build/legacy-code-todo-rewrite/jestAdapterInit.js:122:21)
          at jestAdapter (/Users/jonsiu/Projects/career-os/career-os-app/node_modules/jest-circus/build/legacy-code-todo-rewrite/jestAdapter.js:79:19)
          at runTestInternal (/Users/jonsiu/Projects/career-os/career-os-app/node_modules/jest-runner/build/runTest.js:367:16)
          at runTest (/Users/jonsiu/Projects/career-os/career-os-app/node_modules/jest-runner/build/runTest.js:444:34)
          at Object.worker (/Users/jonsiu/Projects/career-os/career-os-app/node_modules/jest-runner/build/testWorker.js:106:12)

      100 |       return await response.json();
      101 |     } catch (error) {
    > 102 |       console.error('O*NET API request failed:', error);
          |               ^
      103 |       performanceMonitor.recordMetric({
      104 |         operation: 'onet-api-request',
      105 |         duration: Date.now() - startTime,

      at ONetProviderImpl.error [as fetchFromONet] (src/lib/abstractions/providers/onet-provider.ts:102:15)
          at async Promise.all (index 3)
      at ONetProviderImpl.getOccupationSkills (src/lib/abstractions/providers/onet-provider.ts:173:74)
      at Object.<anonymous> (src/lib/abstractions/providers/__tests__/onet-provider.test.ts:193:22)

    console.log
      {"level":"error","type":"performance","operation":"onet-api-request","duration":"203ms","success":false,"cached":false,"error":"API Error","timestamp":"2025-10-23T18:42:54.402Z"}

      at PerformanceMonitor.log [as logMetric] (src/lib/utils/performance-monitor.ts:274:13)
          at async Promise.all (index 3)

    console.error
      Error fetching occupation skills for 15-1252.00: Error: Occupation 15-1252.00 not found in O*NET
          at ONetProviderImpl.getOccupationSkills (/Users/jonsiu/Projects/career-os/career-os-app/src/lib/abstractions/providers/onet-provider.ts:181:15)
          at Object.<anonymous> (/Users/jonsiu/Projects/career-os/career-os-app/src/lib/abstractions/providers/__tests__/onet-provider.test.ts:193:22)

      222 |       return occupationSkills;
      223 |     } catch (error) {
    > 224 |       console.error(`Error fetching occupation skills for ${code}:`, error);
          |               ^
      225 |
      226 |       // Return mock data if API fails
      227 |       return this.getMockOccupationSkills(code);

      at ONetProviderImpl.error [as getOccupationSkills] (src/lib/abstractions/providers/onet-provider.ts:224:15)
      at Object.<anonymous> (src/lib/abstractions/providers/__tests__/onet-provider.test.ts:193:22)

    console.log
      {"level":"info","type":"performance","operation":"onet-api-request","duration":"0ms","success":true,"cached":false,"timestamp":"2025-10-23T18:42:54.408Z"}

      at PerformanceMonitor.log [as logMetric] (src/lib/utils/performance-monitor.ts:274:13)

    console.error
      O*NET API request failed: Error: API Error
          at Object.<anonymous> (/Users/jonsiu/Projects/career-os/career-os-app/src/lib/abstractions/providers/__tests__/onet-provider.test.ts:219:53)
          at Promise.then.completed (/Users/jonsiu/Projects/career-os/career-os-app/node_modules/jest-circus/build/utils.js:298:28)
          at new Promise (<anonymous>)
          at callAsyncCircusFn (/Users/jonsiu/Projects/career-os/career-os-app/node_modules/jest-circus/build/utils.js:231:10)
          at _callCircusTest (/Users/jonsiu/Projects/career-os/career-os-app/node_modules/jest-circus/build/run.js:316:40)
          at _runTest (/Users/jonsiu/Projects/career-os/career-os-app/node_modules/jest-circus/build/run.js:252:3)
          at _runTestsForDescribeBlock (/Users/jonsiu/Projects/career-os/career-os-app/node_modules/jest-circus/build/run.js:126:9)
          at _runTestsForDescribeBlock (/Users/jonsiu/Projects/career-os/career-os-app/node_modules/jest-circus/build/run.js:121:9)
          at _runTestsForDescribeBlock (/Users/jonsiu/Projects/career-os/career-os-app/node_modules/jest-circus/build/run.js:121:9)
          at run (/Users/jonsiu/Projects/career-os/career-os-app/node_modules/jest-circus/build/run.js:71:3)
          at runAndTransformResultsToJestFormat (/Users/jonsiu/Projects/career-os/career-os-app/node_modules/jest-circus/build/legacy-code-todo-rewrite/jestAdapterInit.js:122:21)
          at jestAdapter (/Users/jonsiu/Projects/career-os/career-os-app/node_modules/jest-circus/build/legacy-code-todo-rewrite/jestAdapter.js:79:19)
          at runTestInternal (/Users/jonsiu/Projects/career-os/career-os-app/node_modules/jest-runner/build/runTest.js:367:16)
          at runTest (/Users/jonsiu/Projects/career-os/career-os-app/node_modules/jest-runner/build/runTest.js:444:34)
          at Object.worker (/Users/jonsiu/Projects/career-os/career-os-app/node_modules/jest-runner/build/testWorker.js:106:12)

      100 |       return await response.json();
      101 |     } catch (error) {
    > 102 |       console.error('O*NET API request failed:', error);
          |               ^
      103 |       performanceMonitor.recordMetric({
      104 |         operation: 'onet-api-request',
      105 |         duration: Date.now() - startTime,

      at ONetProviderImpl.error [as fetchFromONet] (src/lib/abstractions/providers/onet-provider.ts:102:15)
      at ONetProviderImpl.getSkillComplexity (src/lib/abstractions/providers/onet-provider.ts:320:20)
      at Object.<anonymous> (src/lib/abstractions/providers/__tests__/onet-provider.test.ts:222:26)

    console.log
      {"level":"error","type":"performance","operation":"onet-api-request","duration":"1ms","success":false,"cached":false,"error":"API Error","timestamp":"2025-10-23T18:42:54.410Z"}

      at PerformanceMonitor.log [as logMetric] (src/lib/utils/performance-monitor.ts:274:13)

    console.log
      Cached occupation data for 15-1252.00 (30-day TTL)

      at ONetProviderImpl.log [as cacheOccupation] (src/lib/abstractions/providers/onet-provider.ts:378:15)

    console.error
      Error caching occupation 15-1252.00: Error: Cache error
          at Object.<anonymous> (/Users/jonsiu/Projects/career-os/career-os-app/src/lib/abstractions/providers/__tests__/onet-provider.test.ts:269:51)
          at Promise.then.completed (/Users/jonsiu/Projects/career-os/career-os-app/node_modules/jest-circus/build/utils.js:298:28)
          at new Promise (<anonymous>)
          at callAsyncCircusFn (/Users/jonsiu/Projects/career-os/career-os-app/node_modules/jest-circus/build/utils.js:231:10)
          at _callCircusTest (/Users/jonsiu/Projects/career-os/career-os-app/node_modules/jest-circus/build/run.js:316:40)
          at _runTest (/Users/jonsiu/Projects/career-os/career-os-app/node_modules/jest-circus/build/run.js:252:3)
          at _runTestsForDescribeBlock (/Users/jonsiu/Projects/career-os/career-os-app/node_modules/jest-circus/build/run.js:126:9)
          at _runTestsForDescribeBlock (/Users/jonsiu/Projects/career-os/career-os-app/node_modules/jest-circus/build/run.js:121:9)
          at _runTestsForDescribeBlock (/Users/jonsiu/Projects/career-os/career-os-app/node_modules/jest-circus/build/run.js:121:9)
          at run (/Users/jonsiu/Projects/career-os/career-os-app/node_modules/jest-circus/build/run.js:71:3)
          at runAndTransformResultsToJestFormat (/Users/jonsiu/Projects/career-os/career-os-app/node_modules/jest-circus/build/legacy-code-todo-rewrite/jestAdapterInit.js:122:21)
          at jestAdapter (/Users/jonsiu/Projects/career-os/career-os-app/node_modules/jest-circus/build/legacy-code-todo-rewrite/jestAdapter.js:79:19)
          at runTestInternal (/Users/jonsiu/Projects/career-os/career-os-app/node_modules/jest-runner/build/runTest.js:367:16)
          at runTest (/Users/jonsiu/Projects/career-os/career-os-app/node_modules/jest-runner/build/runTest.js:444:34)
          at Object.worker (/Users/jonsiu/Projects/career-os/career-os-app/node_modules/jest-runner/build/testWorker.js:106:12)

      378 |       console.log(`Cached occupation data for ${code} (30-day TTL)`);
      379 |     } catch (error) {
    > 380 |       console.error(`Error caching occupation ${code}:`, error);
          |               ^
      381 |       // Don't throw - caching failure shouldn't break the flow
      382 |     }
      383 |   }

      at ONetProviderImpl.error [as cacheOccupation] (src/lib/abstractions/providers/onet-provider.ts:380:15)
      at Object.<anonymous> (src/lib/abstractions/providers/__tests__/onet-provider.test.ts:272:7)

    console.log
      {"level":"info","type":"performance","operation":"onet-api-request","duration":"0ms","success":true,"cached":false,"timestamp":"2025-10-23T18:42:54.413Z"}

      at PerformanceMonitor.log [as logMetric] (src/lib/utils/performance-monitor.ts:274:13)

    console.log
      {"level":"info","type":"performance","operation":"onet-api-request","duration":"202ms","success":true,"cached":false,"timestamp":"2025-10-23T18:42:54.615Z"}

      at PerformanceMonitor.log [as logMetric] (src/lib/utils/performance-monitor.ts:274:13)

FAIL src/app/api/transitions/__tests__/routes.test.ts
  ● Test suite failed to run

    ReferenceError: Request is not defined

      216 |       const response = await identifyPOST(request);
      217 |       expect(response.status).toBe(401);
    > 218 |     });
          |        ^
      219 |
      220 |     it('should return 400 when required parameters are missing', async () => {
      221 |       const request = new NextRequest('http://localhost:3000/api/transitions/identify', {

      at Object.Request (node_modules/next/src/server/web/spec-extension/request.ts:14:34)
      at Object.<anonymous> (node_modules/next/server.js:2:16)
      at Object.<anonymous> (src/app/api/transitions/__tests__/routes.test.ts:218:17)

FAIL src/app/api/onet/__tests__/onet-api.test.ts
  ● Test suite failed to run

    ReferenceError: Request is not defined

      70 |     getCachedOccupation: jest.fn().mockResolvedValue(null), // No cache initially
      71 |     cacheOccupation: jest.fn().mockResolvedValue(undefined),
    > 72 |   })),
         |       ^
      73 | }));
      74 |
      75 | describe('O*NET API Endpoints', () => {

      at Object.Request (node_modules/next/src/server/web/spec-extension/request.ts:14:34)
      at Object.<anonymous> (node_modules/next/server.js:2:16)
      at Object.<anonymous> (src/app/api/onet/__tests__/onet-api.test.ts:72:17)

FAIL src/app/api/health/__tests__/route.simple.test.ts
  ● Test suite failed to run

    ReferenceError: Request is not defined

      3 |
      4 | describe('/api/health', () => {
    > 5 |   describe('GET', () => {
        |                 ^
      6 |     it('should return health status successfully', async () => {
      7 |       const request = new NextRequest('http://localhost:3000/api/health');
      8 |       const response = await GET(request);

      at Object.Request (node_modules/next/src/server/web/spec-extension/request.ts:14:34)
      at Object.<anonymous> (node_modules/next/server.js:2:16)
      at Object.<anonymous> (src/app/api/health/__tests__/route.simple.test.ts:5:17)

FAIL src/app/api/health/__tests__/route.test.ts
  ● Test suite failed to run

    ReferenceError: Request is not defined

      3 |
      4 | describe('/api/health', () => {
    > 5 |   describe('GET', () => {
        |                 ^
      6 |     it('should return health status successfully', async () => {
      7 |       const request = new NextRequest('http://localhost:3000/api/health');
      8 |       const response = await GET(request);

      at Object.Request (node_modules/next/src/server/web/spec-extension/request.ts:14:34)
      at Object.<anonymous> (node_modules/next/server.js:2:16)
      at Object.<anonymous> (src/app/api/health/__tests__/route.test.ts:5:17)

PASS convex/__tests__/transitions.test.ts
PASS src/__tests__/integration/skill-gap-e2e.test.ts
FAIL src/lib/abstractions/providers/__tests__/transition-analysis.test.ts
  ● Console

    console.error
      Transition type identification failed: ReferenceError: TextEncoder is not defined
          at generateContentHash (/Users/jonsiu/Projects/career-os/career-os-app/src/lib/utils/content-hash.ts:11:19)
          at TransitionAnalysisProvider.generateCacheKey (/Users/jonsiu/Projects/career-os/career-os-app/src/lib/abstractions/providers/transition-analysis.ts:331:43)
          at TransitionAnalysisProvider.generateCacheKey [as identifyTransitionType] (/Users/jonsiu/Projects/career-os/career-os-app/src/lib/abstractions/providers/transition-analysis.ts:57:35)
          at Object.identifyTransitionType (/Users/jonsiu/Projects/career-os/career-os-app/src/lib/abstractions/providers/__tests__/transition-analysis.test.ts:32:37)
          at Promise.then.completed (/Users/jonsiu/Projects/career-os/career-os-app/node_modules/jest-circus/build/utils.js:298:28)
          at new Promise (<anonymous>)
          at callAsyncCircusFn (/Users/jonsiu/Projects/career-os/career-os-app/node_modules/jest-circus/build/utils.js:231:10)
          at _callCircusTest (/Users/jonsiu/Projects/career-os/career-os-app/node_modules/jest-circus/build/run.js:316:40)
          at processTicksAndRejections (node:internal/process/task_queues:105:5)
          at _runTest (/Users/jonsiu/Projects/career-os/career-os-app/node_modules/jest-circus/build/run.js:252:3)
          at _runTestsForDescribeBlock (/Users/jonsiu/Projects/career-os/career-os-app/node_modules/jest-circus/build/run.js:126:9)
          at _runTestsForDescribeBlock (/Users/jonsiu/Projects/career-os/career-os-app/node_modules/jest-circus/build/run.js:121:9)
          at _runTestsForDescribeBlock (/Users/jonsiu/Projects/career-os/career-os-app/node_modules/jest-circus/build/run.js:121:9)
          at run (/Users/jonsiu/Projects/career-os/career-os-app/node_modules/jest-circus/build/run.js:71:3)
          at runAndTransformResultsToJestFormat (/Users/jonsiu/Projects/career-os/career-os-app/node_modules/jest-circus/build/legacy-code-todo-rewrite/jestAdapterInit.js:122:21)
          at jestAdapter (/Users/jonsiu/Projects/career-os/career-os-app/node_modules/jest-circus/build/legacy-code-todo-rewrite/jestAdapter.js:79:19)
          at runTestInternal (/Users/jonsiu/Projects/career-os/career-os-app/node_modules/jest-runner/build/runTest.js:367:16)
          at runTest (/Users/jonsiu/Projects/career-os/career-os-app/node_modules/jest-runner/build/runTest.js:444:34)
          at Object.worker (/Users/jonsiu/Projects/career-os/career-os-app/node_modules/jest-runner/build/testWorker.js:106:12)

      101 |       return result.data;
      102 |     } catch (error) {
    > 103 |       console.error('Transition type identification failed:', error);
          |               ^
      104 |       throw error;
      105 |     }
      106 |   }

      at TransitionAnalysisProvider.error [as identifyTransitionType] (src/lib/abstractions/providers/transition-analysis.ts:103:15)
      at Object.<anonymous> (src/lib/abstractions/providers/__tests__/transition-analysis.test.ts:32:22)

    console.error
      Transition type identification failed: ReferenceError: TextEncoder is not defined
          at generateContentHash (/Users/jonsiu/Projects/career-os/career-os-app/src/lib/utils/content-hash.ts:11:19)
          at TransitionAnalysisProvider.generateCacheKey (/Users/jonsiu/Projects/career-os/career-os-app/src/lib/abstractions/providers/transition-analysis.ts:331:43)
          at TransitionAnalysisProvider.generateCacheKey [as identifyTransitionType] (/Users/jonsiu/Projects/career-os/career-os-app/src/lib/abstractions/providers/transition-analysis.ts:57:35)
          at Object.identifyTransitionType (/Users/jonsiu/Projects/career-os/career-os-app/src/lib/abstractions/providers/__tests__/transition-analysis.test.ts:68:37)
          at Promise.then.completed (/Users/jonsiu/Projects/career-os/career-os-app/node_modules/jest-circus/build/utils.js:298:28)
          at new Promise (<anonymous>)
          at callAsyncCircusFn (/Users/jonsiu/Projects/career-os/career-os-app/node_modules/jest-circus/build/utils.js:231:10)
          at _callCircusTest (/Users/jonsiu/Projects/career-os/career-os-app/node_modules/jest-circus/build/run.js:316:40)
          at processTicksAndRejections (node:internal/process/task_queues:105:5)
          at _runTest (/Users/jonsiu/Projects/career-os/career-os-app/node_modules/jest-circus/build/run.js:252:3)
          at _runTestsForDescribeBlock (/Users/jonsiu/Projects/career-os/career-os-app/node_modules/jest-circus/build/run.js:126:9)
          at _runTestsForDescribeBlock (/Users/jonsiu/Projects/career-os/career-os-app/node_modules/jest-circus/build/run.js:121:9)
          at _runTestsForDescribeBlock (/Users/jonsiu/Projects/career-os/career-os-app/node_modules/jest-circus/build/run.js:121:9)
          at run (/Users/jonsiu/Projects/career-os/career-os-app/node_modules/jest-circus/build/run.js:71:3)
          at runAndTransformResultsToJestFormat (/Users/jonsiu/Projects/career-os/career-os-app/node_modules/jest-circus/build/legacy-code-todo-rewrite/jestAdapterInit.js:122:21)
          at jestAdapter (/Users/jonsiu/Projects/career-os/career-os-app/node_modules/jest-circus/build/legacy-code-todo-rewrite/jestAdapter.js:79:19)
          at runTestInternal (/Users/jonsiu/Projects/career-os/career-os-app/node_modules/jest-runner/build/runTest.js:367:16)
          at runTest (/Users/jonsiu/Projects/career-os/career-os-app/node_modules/jest-runner/build/runTest.js:444:34)
          at Object.worker (/Users/jonsiu/Projects/career-os/career-os-app/node_modules/jest-runner/build/testWorker.js:106:12)

      101 |       return result.data;
      102 |     } catch (error) {
    > 103 |       console.error('Transition type identification failed:', error);
          |               ^
      104 |       throw error;
      105 |     }
      106 |   }

      at TransitionAnalysisProvider.error [as identifyTransitionType] (src/lib/abstractions/providers/transition-analysis.ts:103:15)
      at Object.<anonymous> (src/lib/abstractions/providers/__tests__/transition-analysis.test.ts:68:22)

    console.error
      Roadmap generation failed: ReferenceError: TextEncoder is not defined
          at generateContentHash (/Users/jonsiu/Projects/career-os/career-os-app/src/lib/utils/content-hash.ts:11:19)
          at TransitionAnalysisProvider.generateCacheKey (/Users/jonsiu/Projects/career-os/career-os-app/src/lib/abstractions/providers/transition-analysis.ts:331:43)
          at TransitionAnalysisProvider.generateCacheKey [as generateRoadmap] (/Users/jonsiu/Projects/career-os/career-os-app/src/lib/abstractions/providers/transition-analysis.ts:145:35)
          at Object.generateRoadmap (/Users/jonsiu/Projects/career-os/career-os-app/src/lib/abstractions/providers/__tests__/transition-analysis.test.ts:116:37)
          at Promise.then.completed (/Users/jonsiu/Projects/career-os/career-os-app/node_modules/jest-circus/build/utils.js:298:28)
          at new Promise (<anonymous>)
          at callAsyncCircusFn (/Users/jonsiu/Projects/career-os/career-os-app/node_modules/jest-circus/build/utils.js:231:10)
          at _callCircusTest (/Users/jonsiu/Projects/career-os/career-os-app/node_modules/jest-circus/build/run.js:316:40)
          at processTicksAndRejections (node:internal/process/task_queues:105:5)
          at _runTest (/Users/jonsiu/Projects/career-os/career-os-app/node_modules/jest-circus/build/run.js:252:3)
          at _runTestsForDescribeBlock (/Users/jonsiu/Projects/career-os/career-os-app/node_modules/jest-circus/build/run.js:126:9)
          at _runTestsForDescribeBlock (/Users/jonsiu/Projects/career-os/career-os-app/node_modules/jest-circus/build/run.js:121:9)
          at _runTestsForDescribeBlock (/Users/jonsiu/Projects/career-os/career-os-app/node_modules/jest-circus/build/run.js:121:9)
          at run (/Users/jonsiu/Projects/career-os/career-os-app/node_modules/jest-circus/build/run.js:71:3)
          at runAndTransformResultsToJestFormat (/Users/jonsiu/Projects/career-os/career-os-app/node_modules/jest-circus/build/legacy-code-todo-rewrite/jestAdapterInit.js:122:21)
          at jestAdapter (/Users/jonsiu/Projects/career-os/career-os-app/node_modules/jest-circus/build/legacy-code-todo-rewrite/jestAdapter.js:79:19)
          at runTestInternal (/Users/jonsiu/Projects/career-os/career-os-app/node_modules/jest-runner/build/runTest.js:367:16)
          at runTest (/Users/jonsiu/Projects/career-os/career-os-app/node_modules/jest-runner/build/runTest.js:444:34)
          at Object.worker (/Users/jonsiu/Projects/career-os/career-os-app/node_modules/jest-runner/build/testWorker.js:106:12)

      185 |       return result.data;
      186 |     } catch (error) {
    > 187 |       console.error('Roadmap generation failed:', error);
          |               ^
      188 |       throw error;
      189 |     }
      190 |   }

      at TransitionAnalysisProvider.error [as generateRoadmap] (src/lib/abstractions/providers/transition-analysis.ts:187:15)
      at Object.<anonymous> (src/lib/abstractions/providers/__tests__/transition-analysis.test.ts:116:22)

    console.error
      Roadmap generation failed: ReferenceError: TextEncoder is not defined
          at generateContentHash (/Users/jonsiu/Projects/career-os/career-os-app/src/lib/utils/content-hash.ts:11:19)
          at TransitionAnalysisProvider.generateCacheKey (/Users/jonsiu/Projects/career-os/career-os-app/src/lib/abstractions/providers/transition-analysis.ts:331:43)
          at TransitionAnalysisProvider.generateCacheKey [as generateRoadmap] (/Users/jonsiu/Projects/career-os/career-os-app/src/lib/abstractions/providers/transition-analysis.ts:145:35)
          at Object.generateRoadmap (/Users/jonsiu/Projects/career-os/career-os-app/src/lib/abstractions/providers/__tests__/transition-analysis.test.ts:145:38)
          at Promise.then.completed (/Users/jonsiu/Projects/career-os/career-os-app/node_modules/jest-circus/build/utils.js:298:28)
          at new Promise (<anonymous>)
          at callAsyncCircusFn (/Users/jonsiu/Projects/career-os/career-os-app/node_modules/jest-circus/build/utils.js:231:10)
          at _callCircusTest (/Users/jonsiu/Projects/career-os/career-os-app/node_modules/jest-circus/build/run.js:316:40)
          at processTicksAndRejections (node:internal/process/task_queues:105:5)
          at _runTest (/Users/jonsiu/Projects/career-os/career-os-app/node_modules/jest-circus/build/run.js:252:3)
          at _runTestsForDescribeBlock (/Users/jonsiu/Projects/career-os/career-os-app/node_modules/jest-circus/build/run.js:126:9)
          at _runTestsForDescribeBlock (/Users/jonsiu/Projects/career-os/career-os-app/node_modules/jest-circus/build/run.js:121:9)
          at _runTestsForDescribeBlock (/Users/jonsiu/Projects/career-os/career-os-app/node_modules/jest-circus/build/run.js:121:9)
          at run (/Users/jonsiu/Projects/career-os/career-os-app/node_modules/jest-circus/build/run.js:71:3)
          at runAndTransformResultsToJestFormat (/Users/jonsiu/Projects/career-os/career-os-app/node_modules/jest-circus/build/legacy-code-todo-rewrite/jestAdapterInit.js:122:21)
          at jestAdapter (/Users/jonsiu/Projects/career-os/career-os-app/node_modules/jest-circus/build/legacy-code-todo-rewrite/jestAdapter.js:79:19)
          at runTestInternal (/Users/jonsiu/Projects/career-os/career-os-app/node_modules/jest-runner/build/runTest.js:367:16)
          at runTest (/Users/jonsiu/Projects/career-os/career-os-app/node_modules/jest-runner/build/runTest.js:444:34)
          at Object.worker (/Users/jonsiu/Projects/career-os/career-os-app/node_modules/jest-runner/build/testWorker.js:106:12)

      185 |       return result.data;
      186 |     } catch (error) {
    > 187 |       console.error('Roadmap generation failed:', error);
          |               ^
      188 |       throw error;
      189 |     }
      190 |   }

      at TransitionAnalysisProvider.error [as generateRoadmap] (src/lib/abstractions/providers/transition-analysis.ts:187:15)
      at Object.<anonymous> (src/lib/abstractions/providers/__tests__/transition-analysis.test.ts:145:23)

    console.error
      Skill gap analysis failed: ReferenceError: TextEncoder is not defined
          at generateContentHash (/Users/jonsiu/Projects/career-os/career-os-app/src/lib/utils/content-hash.ts:11:19)
          at TransitionAnalysisProvider.generateCacheKey (/Users/jonsiu/Projects/career-os/career-os-app/src/lib/abstractions/providers/transition-analysis.ts:331:43)
          at TransitionAnalysisProvider.generateCacheKey (/Users/jonsiu/Projects/career-os/career-os-app/src/lib/abstractions/providers/transition-analysis.ts:224:35)
          at Object.analyzeSkillGaps (/Users/jonsiu/Projects/career-os/career-os-app/src/lib/abstractions/providers/__tests__/transition-analysis.test.ts:199:37)
          at Promise.then.completed (/Users/jonsiu/Projects/career-os/career-os-app/node_modules/jest-circus/build/utils.js:298:28)
          at new Promise (<anonymous>)
          at callAsyncCircusFn (/Users/jonsiu/Projects/career-os/career-os-app/node_modules/jest-circus/build/utils.js:231:10)
          at _callCircusTest (/Users/jonsiu/Projects/career-os/career-os-app/node_modules/jest-circus/build/run.js:316:40)
          at processTicksAndRejections (node:internal/process/task_queues:105:5)
          at _runTest (/Users/jonsiu/Projects/career-os/career-os-app/node_modules/jest-circus/build/run.js:252:3)
          at _runTestsForDescribeBlock (/Users/jonsiu/Projects/career-os/career-os-app/node_modules/jest-circus/build/run.js:126:9)
          at _runTestsForDescribeBlock (/Users/jonsiu/Projects/career-os/career-os-app/node_modules/jest-circus/build/run.js:121:9)
          at _runTestsForDescribeBlock (/Users/jonsiu/Projects/career-os/career-os-app/node_modules/jest-circus/build/run.js:121:9)
          at run (/Users/jonsiu/Projects/career-os/career-os-app/node_modules/jest-circus/build/run.js:71:3)
          at runAndTransformResultsToJestFormat (/Users/jonsiu/Projects/career-os/career-os-app/node_modules/jest-circus/build/legacy-code-todo-rewrite/jestAdapterInit.js:122:21)
          at jestAdapter (/Users/jonsiu/Projects/career-os/career-os-app/node_modules/jest-circus/build/legacy-code-todo-rewrite/jestAdapter.js:79:19)
          at runTestInternal (/Users/jonsiu/Projects/career-os/career-os-app/node_modules/jest-runner/build/runTest.js:367:16)
          at runTest (/Users/jonsiu/Projects/career-os/career-os-app/node_modules/jest-runner/build/runTest.js:444:34)
          at Object.worker (/Users/jonsiu/Projects/career-os/career-os-app/node_modules/jest-runner/build/testWorker.js:106:12)

      266 |       return result.data;
      267 |     } catch (error) {
    > 268 |       console.error('Skill gap analysis failed:', error);
          |               ^
      269 |       throw error;
      270 |     }
      271 |   }

      at TransitionAnalysisProvider.error [as analyzeSkillGaps] (src/lib/abstractions/providers/transition-analysis.ts:268:15)
      at Object.<anonymous> (src/lib/abstractions/providers/__tests__/transition-analysis.test.ts:199:22)

    console.error
      Career capital assessment failed: ReferenceError: TextEncoder is not defined
          at generateContentHash (/Users/jonsiu/Projects/career-os/career-os-app/src/lib/utils/content-hash.ts:11:19)
          at TransitionAnalysisProvider.generateCacheKey (/Users/jonsiu/Projects/career-os/career-os-app/src/lib/abstractions/providers/transition-analysis.ts:331:43)
          at TransitionAnalysisProvider.generateCacheKey [as assessCareerCapital] (/Users/jonsiu/Projects/career-os/career-os-app/src/lib/abstractions/providers/transition-analysis.ts:292:35)
          at Object.assessCareerCapital (/Users/jonsiu/Projects/career-os/career-os-app/src/lib/abstractions/providers/__tests__/transition-analysis.test.ts:217:37)
          at Promise.then.completed (/Users/jonsiu/Projects/career-os/career-os-app/node_modules/jest-circus/build/utils.js:298:28)
          at new Promise (<anonymous>)
          at callAsyncCircusFn (/Users/jonsiu/Projects/career-os/career-os-app/node_modules/jest-circus/build/utils.js:231:10)
          at _callCircusTest (/Users/jonsiu/Projects/career-os/career-os-app/node_modules/jest-circus/build/run.js:316:40)
          at processTicksAndRejections (node:internal/process/task_queues:105:5)
          at _runTest (/Users/jonsiu/Projects/career-os/career-os-app/node_modules/jest-circus/build/run.js:252:3)
          at _runTestsForDescribeBlock (/Users/jonsiu/Projects/career-os/career-os-app/node_modules/jest-circus/build/run.js:126:9)
          at _runTestsForDescribeBlock (/Users/jonsiu/Projects/career-os/career-os-app/node_modules/jest-circus/build/run.js:121:9)
          at _runTestsForDescribeBlock (/Users/jonsiu/Projects/career-os/career-os-app/node_modules/jest-circus/build/run.js:121:9)
          at run (/Users/jonsiu/Projects/career-os/career-os-app/node_modules/jest-circus/build/run.js:71:3)
          at runAndTransformResultsToJestFormat (/Users/jonsiu/Projects/career-os/career-os-app/node_modules/jest-circus/build/legacy-code-todo-rewrite/jestAdapterInit.js:122:21)
          at jestAdapter (/Users/jonsiu/Projects/career-os/career-os-app/node_modules/jest-circus/build/legacy-code-todo-rewrite/jestAdapter.js:79:19)
          at runTestInternal (/Users/jonsiu/Projects/career-os/career-os-app/node_modules/jest-runner/build/runTest.js:367:16)
          at runTest (/Users/jonsiu/Projects/career-os/career-os-app/node_modules/jest-runner/build/runTest.js:444:34)
          at Object.worker (/Users/jonsiu/Projects/career-os/career-os-app/node_modules/jest-runner/build/testWorker.js:106:12)

      318 |       return result;
      319 |     } catch (error) {
    > 320 |       console.error('Career capital assessment failed:', error);
          |               ^
      321 |       throw error;
      322 |     }
      323 |   }

      at TransitionAnalysisProvider.error [as assessCareerCapital] (src/lib/abstractions/providers/transition-analysis.ts:320:15)
      at Object.<anonymous> (src/lib/abstractions/providers/__tests__/transition-analysis.test.ts:217:22)

    console.error
      Transition type identification failed: ReferenceError: TextEncoder is not defined
          at generateContentHash (/Users/jonsiu/Projects/career-os/career-os-app/src/lib/utils/content-hash.ts:11:19)
          at TransitionAnalysisProvider.generateCacheKey (/Users/jonsiu/Projects/career-os/career-os-app/src/lib/abstractions/providers/transition-analysis.ts:331:43)
          at TransitionAnalysisProvider.generateCacheKey [as identifyTransitionType] (/Users/jonsiu/Projects/career-os/career-os-app/src/lib/abstractions/providers/transition-analysis.ts:57:35)
          at Object.identifyTransitionType (/Users/jonsiu/Projects/career-os/career-os-app/src/lib/abstractions/providers/__tests__/transition-analysis.test.ts:238:18)
          at Promise.then.completed (/Users/jonsiu/Projects/career-os/career-os-app/node_modules/jest-circus/build/utils.js:298:28)
          at new Promise (<anonymous>)
          at callAsyncCircusFn (/Users/jonsiu/Projects/career-os/career-os-app/node_modules/jest-circus/build/utils.js:231:10)
          at _callCircusTest (/Users/jonsiu/Projects/career-os/career-os-app/node_modules/jest-circus/build/run.js:316:40)
          at processTicksAndRejections (node:internal/process/task_queues:105:5)
          at _runTest (/Users/jonsiu/Projects/career-os/career-os-app/node_modules/jest-circus/build/run.js:252:3)
          at _runTestsForDescribeBlock (/Users/jonsiu/Projects/career-os/career-os-app/node_modules/jest-circus/build/run.js:126:9)
          at _runTestsForDescribeBlock (/Users/jonsiu/Projects/career-os/career-os-app/node_modules/jest-circus/build/run.js:121:9)
          at _runTestsForDescribeBlock (/Users/jonsiu/Projects/career-os/career-os-app/node_modules/jest-circus/build/run.js:121:9)
          at run (/Users/jonsiu/Projects/career-os/career-os-app/node_modules/jest-circus/build/run.js:71:3)
          at runAndTransformResultsToJestFormat (/Users/jonsiu/Projects/career-os/career-os-app/node_modules/jest-circus/build/legacy-code-todo-rewrite/jestAdapterInit.js:122:21)
          at jestAdapter (/Users/jonsiu/Projects/career-os/career-os-app/node_modules/jest-circus/build/legacy-code-todo-rewrite/jestAdapter.js:79:19)
          at runTestInternal (/Users/jonsiu/Projects/career-os/career-os-app/node_modules/jest-runner/build/runTest.js:367:16)
          at runTest (/Users/jonsiu/Projects/career-os/career-os-app/node_modules/jest-runner/build/runTest.js:444:34)
          at Object.worker (/Users/jonsiu/Projects/career-os/career-os-app/node_modules/jest-runner/build/testWorker.js:106:12)

      101 |       return result.data;
      102 |     } catch (error) {
    > 103 |       console.error('Transition type identification failed:', error);
          |               ^
      104 |       throw error;
      105 |     }
      106 |   }

      at TransitionAnalysisProvider.error [as identifyTransitionType] (src/lib/abstractions/providers/transition-analysis.ts:103:15)
      at Object.<anonymous> (src/lib/abstractions/providers/__tests__/transition-analysis.test.ts:237:7)

    console.error
      Roadmap generation failed: ReferenceError: TextEncoder is not defined
          at generateContentHash (/Users/jonsiu/Projects/career-os/career-os-app/src/lib/utils/content-hash.ts:11:19)
          at TransitionAnalysisProvider.generateCacheKey (/Users/jonsiu/Projects/career-os/career-os-app/src/lib/abstractions/providers/transition-analysis.ts:331:43)
          at TransitionAnalysisProvider.generateCacheKey [as generateRoadmap] (/Users/jonsiu/Projects/career-os/career-os-app/src/lib/abstractions/providers/transition-analysis.ts:145:35)
          at Object.generateRoadmap (/Users/jonsiu/Projects/career-os/career-os-app/src/lib/abstractions/providers/__tests__/transition-analysis.test.ts:246:18)
          at Promise.then.completed (/Users/jonsiu/Projects/career-os/career-os-app/node_modules/jest-circus/build/utils.js:298:28)
          at new Promise (<anonymous>)
          at callAsyncCircusFn (/Users/jonsiu/Projects/career-os/career-os-app/node_modules/jest-circus/build/utils.js:231:10)
          at _callCircusTest (/Users/jonsiu/Projects/career-os/career-os-app/node_modules/jest-circus/build/run.js:316:40)
          at processTicksAndRejections (node:internal/process/task_queues:105:5)
          at _runTest (/Users/jonsiu/Projects/career-os/career-os-app/node_modules/jest-circus/build/run.js:252:3)
          at _runTestsForDescribeBlock (/Users/jonsiu/Projects/career-os/career-os-app/node_modules/jest-circus/build/run.js:126:9)
          at _runTestsForDescribeBlock (/Users/jonsiu/Projects/career-os/career-os-app/node_modules/jest-circus/build/run.js:121:9)
          at _runTestsForDescribeBlock (/Users/jonsiu/Projects/career-os/career-os-app/node_modules/jest-circus/build/run.js:121:9)
          at run (/Users/jonsiu/Projects/career-os/career-os-app/node_modules/jest-circus/build/run.js:71:3)
          at runAndTransformResultsToJestFormat (/Users/jonsiu/Projects/career-os/career-os-app/node_modules/jest-circus/build/legacy-code-todo-rewrite/jestAdapterInit.js:122:21)
          at jestAdapter (/Users/jonsiu/Projects/career-os/career-os-app/node_modules/jest-circus/build/legacy-code-todo-rewrite/jestAdapter.js:79:19)
          at runTestInternal (/Users/jonsiu/Projects/career-os/career-os-app/node_modules/jest-runner/build/runTest.js:367:16)
          at runTest (/Users/jonsiu/Projects/career-os/career-os-app/node_modules/jest-runner/build/runTest.js:444:34)
          at Object.worker (/Users/jonsiu/Projects/career-os/career-os-app/node_modules/jest-runner/build/testWorker.js:106:12)

      185 |       return result.data;
      186 |     } catch (error) {
    > 187 |       console.error('Roadmap generation failed:', error);
          |               ^
      188 |       throw error;
      189 |     }
      190 |   }

      at TransitionAnalysisProvider.error [as generateRoadmap] (src/lib/abstractions/providers/transition-analysis.ts:187:15)
      at Object.<anonymous> (src/lib/abstractions/providers/__tests__/transition-analysis.test.ts:245:7)

  ● TransitionAnalysisProvider › identifyTransitionType › should detect cross-role transition

    ReferenceError: TextEncoder is not defined

       9 |   
      10 |   // Convert to Uint8Array and hash
    > 11 |   const encoder = new TextEncoder();
         |                   ^
      12 |   const data = encoder.encode(normalizedContent);
      13 |   
      14 |   // Use Web Crypto API for SHA-256 hashing

      at generateContentHash (src/lib/utils/content-hash.ts:11:19)
      at TransitionAnalysisProvider.generateCacheKey (src/lib/abstractions/providers/transition-analysis.ts:331:43)
      at TransitionAnalysisProvider.generateCacheKey [as identifyTransitionType] (src/lib/abstractions/providers/transition-analysis.ts:57:35)
      at Object.identifyTransitionType (src/lib/abstractions/providers/__tests__/transition-analysis.test.ts:32:37)

  ● TransitionAnalysisProvider › identifyTransitionType › should detect hybrid transition (cross-role + cross-industry)

    ReferenceError: TextEncoder is not defined

       9 |   
      10 |   // Convert to Uint8Array and hash
    > 11 |   const encoder = new TextEncoder();
         |                   ^
      12 |   const data = encoder.encode(normalizedContent);
      13 |   
      14 |   // Use Web Crypto API for SHA-256 hashing

      at generateContentHash (src/lib/utils/content-hash.ts:11:19)
      at TransitionAnalysisProvider.generateCacheKey (src/lib/abstractions/providers/transition-analysis.ts:331:43)
      at TransitionAnalysisProvider.generateCacheKey [as identifyTransitionType] (src/lib/abstractions/providers/transition-analysis.ts:57:35)
      at Object.identifyTransitionType (src/lib/abstractions/providers/__tests__/transition-analysis.test.ts:68:37)

  ● TransitionAnalysisProvider › generateRoadmap › should generate roadmap with timeline and milestones

    ReferenceError: TextEncoder is not defined

       9 |   
      10 |   // Convert to Uint8Array and hash
    > 11 |   const encoder = new TextEncoder();
         |                   ^
      12 |   const data = encoder.encode(normalizedContent);
      13 |   
      14 |   // Use Web Crypto API for SHA-256 hashing

      at generateContentHash (src/lib/utils/content-hash.ts:11:19)
      at TransitionAnalysisProvider.generateCacheKey (src/lib/abstractions/providers/transition-analysis.ts:331:43)
      at TransitionAnalysisProvider.generateCacheKey [as generateRoadmap] (src/lib/abstractions/providers/transition-analysis.ts:145:35)
      at Object.generateRoadmap (src/lib/abstractions/providers/__tests__/transition-analysis.test.ts:116:37)

  ● TransitionAnalysisProvider › generateRoadmap › should use cache for identical roadmap requests

    ReferenceError: TextEncoder is not defined

       9 |   
      10 |   // Convert to Uint8Array and hash
    > 11 |   const encoder = new TextEncoder();
         |                   ^
      12 |   const data = encoder.encode(normalizedContent);
      13 |   
      14 |   // Use Web Crypto API for SHA-256 hashing

      at generateContentHash (src/lib/utils/content-hash.ts:11:19)
      at TransitionAnalysisProvider.generateCacheKey (src/lib/abstractions/providers/transition-analysis.ts:331:43)
      at TransitionAnalysisProvider.generateCacheKey [as generateRoadmap] (src/lib/abstractions/providers/transition-analysis.ts:145:35)
      at Object.generateRoadmap (src/lib/abstractions/providers/__tests__/transition-analysis.test.ts:145:38)

  ● TransitionAnalysisProvider › analyzeSkillGaps › should identify critical and nice-to-have skills

    ReferenceError: TextEncoder is not defined

       9 |   
      10 |   // Convert to Uint8Array and hash
    > 11 |   const encoder = new TextEncoder();
         |                   ^
      12 |   const data = encoder.encode(normalizedContent);
      13 |   
      14 |   // Use Web Crypto API for SHA-256 hashing

      at generateContentHash (src/lib/utils/content-hash.ts:11:19)
      at TransitionAnalysisProvider.generateCacheKey (src/lib/abstractions/providers/transition-analysis.ts:331:43)
      at TransitionAnalysisProvider.generateCacheKey (src/lib/abstractions/providers/transition-analysis.ts:224:35)
      at Object.analyzeSkillGaps (src/lib/abstractions/providers/__tests__/transition-analysis.test.ts:199:37)

  ● TransitionAnalysisProvider › assessCareerCapital › should identify unique skill combinations

    ReferenceError: TextEncoder is not defined

       9 |   
      10 |   // Convert to Uint8Array and hash
    > 11 |   const encoder = new TextEncoder();
         |                   ^
      12 |   const data = encoder.encode(normalizedContent);
      13 |   
      14 |   // Use Web Crypto API for SHA-256 hashing

      at generateContentHash (src/lib/utils/content-hash.ts:11:19)
      at TransitionAnalysisProvider.generateCacheKey (src/lib/abstractions/providers/transition-analysis.ts:331:43)
      at TransitionAnalysisProvider.generateCacheKey [as assessCareerCapital] (src/lib/abstractions/providers/transition-analysis.ts:292:35)
      at Object.assessCareerCapital (src/lib/abstractions/providers/__tests__/transition-analysis.test.ts:217:37)

  ● TransitionAnalysisProvider › error handling › should handle API failures gracefully

    expect(received).rejects.toThrow(expected)

    Expected substring: "API Error"
    Received message:   "TextEncoder is not defined"

           9 |   
          10 |   // Convert to Uint8Array and hash
        > 11 |   const encoder = new TextEncoder();
             |                   ^
          12 |   const data = encoder.encode(normalizedContent);
          13 |   
          14 |   // Use Web Crypto API for SHA-256 hashing

      at generateContentHash (src/lib/utils/content-hash.ts:11:19)
      at TransitionAnalysisProvider.generateCacheKey (src/lib/abstractions/providers/transition-analysis.ts:331:43)
      at TransitionAnalysisProvider.generateCacheKey [as identifyTransitionType] (src/lib/abstractions/providers/transition-analysis.ts:57:35)
      at Object.identifyTransitionType (src/lib/abstractions/providers/__tests__/transition-analysis.test.ts:238:18)
      at Object.toThrow (node_modules/expect/build/index.js:218:22)
      at Object.toThrow (src/lib/abstractions/providers/__tests__/transition-analysis.test.ts:239:17)

  ● TransitionAnalysisProvider › error handling › should handle network errors

    expect(received).rejects.toThrow(expected)

    Expected substring: "Network error"
    Received message:   "TextEncoder is not defined"

           9 |   
          10 |   // Convert to Uint8Array and hash
        > 11 |   const encoder = new TextEncoder();
             |                   ^
          12 |   const data = encoder.encode(normalizedContent);
          13 |   
          14 |   // Use Web Crypto API for SHA-256 hashing

      at generateContentHash (src/lib/utils/content-hash.ts:11:19)
      at TransitionAnalysisProvider.generateCacheKey (src/lib/abstractions/providers/transition-analysis.ts:331:43)
      at TransitionAnalysisProvider.generateCacheKey [as generateRoadmap] (src/lib/abstractions/providers/transition-analysis.ts:145:35)
      at Object.generateRoadmap (src/lib/abstractions/providers/__tests__/transition-analysis.test.ts:246:18)
      at Object.toThrow (node_modules/expect/build/index.js:218:22)
      at Object.toThrow (src/lib/abstractions/providers/__tests__/transition-analysis.test.ts:250:17)

FAIL src/app/api/skill-gap/__tests__/skill-gap-api.test.ts
  ● Test suite failed to run

    ReferenceError: Request is not defined

       9 | import { generateContentHash } from '@/lib/utils/content-hash';
      10 | import { performanceMonitor } from '@/lib/utils/performance-monitor';
    > 11 | import {
         |         ^
      12 |   getUserFriendlyError,
      13 |   withFallback,
      14 |   retryWithBackoff,

      at Object.Request (node_modules/next/src/server/web/spec-extension/request.ts:14:34)
      at Object.<anonymous> (node_modules/next/server.js:2:16)
      at Object.<anonymous> (src/app/api/skill-gap/analyze/route.ts:11:17)
      at Object.<anonymous> (src/app/api/skill-gap/__tests__/skill-gap-api.test.ts:160:16)

FAIL src/app/api/recommendations/__tests__/recommendations-api.test.ts
  ● Test suite failed to run

    ReferenceError: Request is not defined

      36 | }), { virtual: true });
      37 |
    > 38 | import { NextRequest } from 'next/server';
         |                 ^
      39 | import { POST as coursesPost } from '../courses/route';
      40 | import { POST as trackClickPost } from '../track-click/route';
      41 | import { auth } from '@clerk/nextjs/server';

      at Object.Request (node_modules/next/src/server/web/spec-extension/request.ts:14:34)
      at Object.<anonymous> (node_modules/next/server.js:2:16)
      at Object.<anonymous> (src/app/api/recommendations/__tests__/recommendations-api.test.ts:38:17)

FAIL convex/__tests__/test-helpers.ts
  ● Test suite failed to run

    Your test suite must contain at least one test.

      at onResult (node_modules/@jest/core/build/TestScheduler.js:133:18)
      at node_modules/@jest/core/build/TestScheduler.js:254:19
      at node_modules/emittery/index.js:363:13
          at Array.map (<anonymous>)
      at Emittery.emit (node_modules/emittery/index.js:361:23)

FAIL src/__tests__/fixtures/transition-data.ts
  ● Test suite failed to run

    Your test suite must contain at least one test.

      at onResult (node_modules/@jest/core/build/TestScheduler.js:133:18)
      at node_modules/@jest/core/build/TestScheduler.js:254:19
      at node_modules/emittery/index.js:363:13
          at Array.map (<anonymous>)
      at Emittery.emit (node_modules/emittery/index.js:361:23)

FAIL src/app/api/analytics/__tests__/revenue.test.ts
  ● Test suite failed to run

    ReferenceError: Request is not defined

      34 |
      35 | jest.mock('convex/browser', () => ({
    > 36 |   ConvexHttpClient: jest.fn().mockImplementation(() => ({
         |                 ^
      37 |     query: mockQuery,
      38 |     mutation: mockMutation,
      39 |   })),

      at Object.Request (node_modules/next/src/server/web/spec-extension/request.ts:14:34)
      at Object.<anonymous> (node_modules/next/server.js:2:16)
      at Object.<anonymous> (src/app/api/analytics/__tests__/revenue.test.ts:36:17)

PASS src/components/skill-gap/__tests__/career-planning-integration.test.tsx
  ● Console

    console.error
      Error adding skills to tracker: Error: Failed to add skills
          at handleAddToSkillsTracker (/Users/jonsiu/Projects/career-os/career-os-app/src/components/skill-gap/AnalysisResults.tsx:142:15)

      159 |       });
      160 |     } catch (error) {
    > 161 |       console.error('Error adding skills to tracker:', error);
          |               ^
      162 |       toast({
      163 |         title: "Failed to Add Skills",
      164 |         description: error instanceof Error ? error.message : "Could not add skills to tracker. Please try again.",

      at error (src/components/skill-gap/AnalysisResults.tsx:161:15)

    console.error
      Error creating career plan: Error: Failed to create plan
          at handleCreateCareerPlan (/Users/jonsiu/Projects/career-os/career-os-app/src/components/skill-gap/AnalysisResults.tsx:219:15)

      236 |       });
      237 |     } catch (error) {
    > 238 |       console.error('Error creating career plan:', error);
          |               ^
      239 |       toast({
      240 |         title: "Failed to Create Plan",
      241 |         description: error instanceof Error ? error.message : "Could not create career plan. Please try again.",

      at error (src/components/skill-gap/AnalysisResults.tsx:238:15)

PASS src/components/skill-gap/__tests__/SkillsMatrix.test.tsx
FAIL src/components/onboarding/__tests__/job-interests-step.test.tsx (8.175 s)
  ● JobInterestsStep › renders job interests form correctly

    TestingLibraryElementError: Unable to find an element with the text: Experience Level. This could be because the text is broken up by multiple elements. In this case, you can provide a function for your text matcher to make your matcher more flexible.

    Ignored nodes: comments, script, style
    [36m<body>[39m
      [36m<div>[39m
        [36m<div[39m
          [33mclass[39m=[32m"max-w-2xl mx-auto space-y-6"[39m
        [36m>[39m
          [36m<div[39m
            [33mclass[39m=[32m"text-center space-y-4"[39m
          [36m>[39m
            [36m<div[39m
              [33mclass[39m=[32m"flex justify-center"[39m
            [36m>[39m
              [36m<div[39m
                [33mclass[39m=[32m"p-3 bg-green-100 rounded-full"[39m
              [36m>[39m
                [36m<svg[39m
                  [33maria-hidden[39m=[32m"true"[39m
                  [33mclass[39m=[32m"lucide lucide-target h-8 w-8 text-green-600"[39m
                  [33mfill[39m=[32m"none"[39m
                  [33mheight[39m=[32m"24"[39m
                  [33mstroke[39m=[32m"currentColor"[39m
                  [33mstroke-linecap[39m=[32m"round"[39m
                  [33mstroke-linejoin[39m=[32m"round"[39m
                  [33mstroke-width[39m=[32m"2"[39m
                  [33mviewBox[39m=[32m"0 0 24 24"[39m
                  [33mwidth[39m=[32m"24"[39m
                  [33mxmlns[39m=[32m"http://www.w3.org/2000/svg"[39m
                [36m>[39m
                  [36m<circle[39m
                    [33mcx[39m=[32m"12"[39m
                    [33mcy[39m=[32m"12"[39m
                    [33mr[39m=[32m"10"[39m
                  [36m/>[39m
                  [36m<circle[39m
                    [33mcx[39m=[32m"12"[39m
                    [33mcy[39m=[32m"12"[39m
                    [33mr[39m=[32m"6"[39m
                  [36m/>[39m
                  [36m<circle[39m
                    [33mcx[39m=[32m"12"[39m
                    [33mcy[39m=[32m"12"[39m
                    [33mr[39m=[32m"2"[39m
                  [36m/>[39m
                [36m</svg>[39m
              [36m</div>[39m
            [36m</div>[39m
            [36m<h2[39m
              [33mclass[39m=[32m"text-2xl font-bold text-gray-900"[39m
            [36m>[39m
              [0mTell Us About Your Goals[0m
            [36m</h2>[39m
            [36m<p[39m
              [33mclass[39m=[32m"text-gray-600"[39m
            [36m>[39m
              [0mHelp us personalize your experience by sharing your career interests and target roles.[0m
            [36m</p>[39m
          [36m</div>[39m
          [36m<div[39m
            [33mclass[39m=[32m"bg-card text-card-foreground flex flex-col gap-6 rounded-xl border py-6 shadow-sm"[39m
            [33mdata-slot[39m=[32m"card"[39m
          [36m>[39m
            [36m<div[39m
              [33mclass[39m=[32m"@container/card-header grid auto-rows-min grid-rows-[auto_auto] items-start gap-1.5 px-6 has-data-[slot=card-action]:grid-cols-[1fr_auto] [.border-b]:pb-6"[39m
              [33mdata-slot[39m=[32m"card-header"[39m
            [36m>[39m
              [36m<div[39m
                [33mclass[39m=[32m"leading-none font-semibold flex items-center gap-2"[39m
                [33mdata-slot[39m=[32m"card-title"[39m
              [36m>[39m
                [36m<svg[39m
                  [33maria-hidden[39m=[32m"true"[39m
                  [33mclass[39m=[32m"lucide lucide-briefcase h-5 w-5"[39m
                  [33mfill[39m=[32m"none"[39m
                  [33mheight[39m=[32m"24"[39m
                  [33mstroke[39m=[32m"currentColor"[39m
                  [33mstroke-linecap[39m=[32m"round"[39m
                  [33mstroke-linejoin[39m=[32m"round"[39m
                  [33mstroke-width[39m=[32m"2"[39m
                  [33mviewBox[39m=[32m"0 0 24 24"[39m
                  [33mwidth[39m=[32m"24"[39m
                  [33mxmlns[39m=[32m"http://www.w3.org/2000/svg"[39m
                [36m>[39m
                  [36m<path[39m
                    [33md[39m=[32m"M16 20V4a2 2 0 0 0-2-2h-4a2 2 0 0 0-2 2v16"[39m
                  [36m/>[39m
                  [36m<rect[39m
                    [33mheight[39m=[32m"14"[39m
                    [33mrx[39m=[32m"2"[39m
                    [33mwidth[39m=[32m"20"[39m
                    [33mx[39m=[32m"2"[39m
                    [33my[39m=[32m"6"[39m
                  [36m/>[39m
                [36m</svg>[39m
                [0mTarget Roles[0m
              [36m</div>[39m
              [36m<div[39m
                [33mclass[39m=[32m"text-muted-foreground text-sm"[39m
                [33mdata-slot[39m=[32m"card-description"[39m
              [36m>[39m
                [0mWhat management or leadership roles are you interested in?[0m
              [36m</div>[39m
            [36m</div>[39m
            [36m<div[39m
              [33mclass[39m=[32m"px-6 space-y-4"[39m
              [33mdata-slot[39m=[32m"card-content"[39m
            [36m>[39m
              [36m<div[39m
                [33mclass[39m=[32m"space-y-2"[39m
              [36m>[39m
                [36m<label[39m
                  [33mclass[39m=[32m"flex items-center gap-2 select-none group-data-[disabled=true]:pointer-events-none group-data-[disabled=true]:opacity-50 peer-disabled:cursor-not-allowed peer-disabled:opacity-50 text-sm font-medium"[39m
                  [33mdata-slot[39m=[32m"label"[39m
                [36m>[39m
                  [0mPopular Roles[0m
                [36m</label>[39m
                [36m<div[39m
                  [33mclass[39m=[32m"flex flex-wrap gap-2"[39m
                [36m>[39m
                  [36m<button[39m
                    [33mclass[39m=[32m"inline-flex items-center justify-center whitespace-nowrap font-medium transition-all disabled:pointer-events-none disabled:opacity-50 [&_svg]:pointer-events-none [&_svg:not([class*='size-'])]:size-4 shrink-0 [&_svg]:shrink-0 outline-none focus-visible:border-ring focus-visible:ring-ring/50 focus-visible:ring-[3px] aria-invalid:ring-destructive/20 dark:aria-invalid:ring-destructive/40 aria-invalid:border-destructive border bg-background shadow-xs hover:bg-accent hover:text-accent-foreground dark:bg-input/30 dark:border-input dark:hover:bg-input/50 h-8 rounded-md gap-1.5 px-3 has-[>svg]:px-2.5 text-xs"[39m
                    [33mdata-slot[39m=[32m"button"[39m
                  [36m>[39m
                    [0mEngineering Manager[0m
                  [36m</button>[39m
                  [36m<button[39m
                    [33mclass[39m=[32m"inline-flex items-center justify-center whitespace-nowrap font-medium transition-all disabled:pointer-events-none disabled:opacity-50 [&_svg]:pointer-events-none [&_svg:not([class*='size-'])]:size-4 shrink-0 [&_svg]:shrink-0 outline-none focus-visible:border-ring focus-visible:ring-ring/50 focus-visible:ring-[3px] aria-invalid:ring-destructive/20 dark:aria-invalid:ring-destructive/40 aria-invalid:border-destructive border bg-background shadow-xs hover:bg-accent hover:text-accent-foreground dark:bg-input/30 dark:border-input dark:hover:bg-input/50 h-8 rounded-md gap-1.5 px-3 has-[>svg]:px-2.5 text-xs"[39m
                    [33mdata-slot[39m=[32m"button"[39m
                  [36m>[39m
                    [0mProduct Manager[0m
                  [36m</button>[39m
                  [36m<button[39m
                    [33mclass[39m=[32m"inline-flex items-center justify-center whitespace-nowrap font-medium transition-all disabled:pointer-events-none disable...

      24 |     expect(screen.getByText('Target Roles')).toBeInTheDocument();
      25 |     expect(screen.getByText('Industries')).toBeInTheDocument();
    > 26 |     expect(screen.getByText('Experience Level')).toBeInTheDocument();
         |                   ^
      27 |   });
      28 |
      29 |   it('shows popular roles and industries', () => {

      at Object.getElementError (node_modules/@testing-library/dom/dist/config.js:37:19)
      at node_modules/@testing-library/dom/dist/query-helpers.js:76:38
      at node_modules/@testing-library/dom/dist/query-helpers.js:52:17
      at node_modules/@testing-library/dom/dist/query-helpers.js:95:19
      at Object.getByText (src/components/onboarding/__tests__/job-interests-step.test.tsx:26:19)

  ● JobInterestsStep › allows adding custom roles

    TestingLibraryElementError: Unable to find an accessible element with the role "button" and name `/plus/i`

    Here are the accessible roles:

      heading:

      Name "Tell Us About Your Goals":
      [36m<h2[39m
        [33mclass[39m=[32m"text-2xl font-bold text-gray-900"[39m
      [36m/>[39m

      --------------------------------------------------
      paragraph:

      Name "":
      [36m<p[39m
        [33mclass[39m=[32m"text-gray-600"[39m
      [36m/>[39m

      --------------------------------------------------
      button:

      Name "Engineering Manager":
      [36m<button[39m
        [33mclass[39m=[32m"inline-flex items-center justify-center whitespace-nowrap font-medium transition-all disabled:pointer-events-none disabled:opacity-50 [&_svg]:pointer-events-none [&_svg:not([class*='size-'])]:size-4 shrink-0 [&_svg]:shrink-0 outline-none focus-visible:border-ring focus-visible:ring-ring/50 focus-visible:ring-[3px] aria-invalid:ring-destructive/20 dark:aria-invalid:ring-destructive/40 aria-invalid:border-destructive border bg-background shadow-xs hover:bg-accent hover:text-accent-foreground dark:bg-input/30 dark:border-input dark:hover:bg-input/50 h-8 rounded-md gap-1.5 px-3 has-[>svg]:px-2.5 text-xs"[39m
        [33mdata-slot[39m=[32m"button"[39m
      [36m/>[39m

      Name "Product Manager":
      [36m<button[39m
        [33mclass[39m=[32m"inline-flex items-center justify-center whitespace-nowrap font-medium transition-all disabled:pointer-events-none disabled:opacity-50 [&_svg]:pointer-events-none [&_svg:not([class*='size-'])]:size-4 shrink-0 [&_svg]:shrink-0 outline-none focus-visible:border-ring focus-visible:ring-ring/50 focus-visible:ring-[3px] aria-invalid:ring-destructive/20 dark:aria-invalid:ring-destructive/40 aria-invalid:border-destructive border bg-background shadow-xs hover:bg-accent hover:text-accent-foreground dark:bg-input/30 dark:border-input dark:hover:bg-input/50 h-8 rounded-md gap-1.5 px-3 has-[>svg]:px-2.5 text-xs"[39m
        [33mdata-slot[39m=[32m"button"[39m
      [36m/>[39m

      Name "Technical Lead":
      [36m<button[39m
        [33mclass[39m=[32m"inline-flex items-center justify-center whitespace-nowrap font-medium transition-all disabled:pointer-events-none disabled:opacity-50 [&_svg]:pointer-events-none [&_svg:not([class*='size-'])]:size-4 shrink-0 [&_svg]:shrink-0 outline-none focus-visible:border-ring focus-visible:ring-ring/50 focus-visible:ring-[3px] aria-invalid:ring-destructive/20 dark:aria-invalid:ring-destructive/40 aria-invalid:border-destructive border bg-background shadow-xs hover:bg-accent hover:text-accent-foreground dark:bg-input/30 dark:border-input dark:hover:bg-input/50 h-8 rounded-md gap-1.5 px-3 has-[>svg]:px-2.5 text-xs"[39m
        [33mdata-slot[39m=[32m"button"[39m
      [36m/>[39m

      Name "Senior Software Engineer":
      [36m<button[39m
        [33mclass[39m=[32m"inline-flex items-center justify-center whitespace-nowrap font-medium transition-all disabled:pointer-events-none disabled:opacity-50 [&_svg]:pointer-events-none [&_svg:not([class*='size-'])]:size-4 shrink-0 [&_svg]:shrink-0 outline-none focus-visible:border-ring focus-visible:ring-ring/50 focus-visible:ring-[3px] aria-invalid:ring-destructive/20 dark:aria-invalid:ring-destructive/40 aria-invalid:border-destructive border bg-background shadow-xs hover:bg-accent hover:text-accent-foreground dark:bg-input/30 dark:border-input dark:hover:bg-input/50 h-8 rounded-md gap-1.5 px-3 has-[>svg]:px-2.5 text-xs"[39m
        [33mdata-slot[39m=[32m"button"[39m
      [36m/>[39m

      Name "Data Science Manager":
      [36m<button[39m
        [33mclass[39m=[32m"inline-flex items-center justify-center whitespace-nowrap font-medium transition-all disabled:pointer-events-none disabled:opacity-50 [&_svg]:pointer-events-none [&_svg:not([class*='size-'])]:size-4 shrink-0 [&_svg]:shrink-0 outline-none focus-visible:border-ring focus-visible:ring-ring/50 focus-visible:ring-[3px] aria-invalid:ring-destructive/20 dark:aria-invalid:ring-destructive/40 aria-invalid:border-destructive border bg-background shadow-xs hover:bg-accent hover:text-accent-foreground dark:bg-input/30 dark:border-input dark:hover:bg-input/50 h-8 rounded-md gap-1.5 px-3 has-[>svg]:px-2.5 text-xs"[39m
        [33mdata-slot[39m=[32m"button"[39m
      [36m/>[39m

      Name "Marketing Manager":
      [36m<button[39m
        [33mclass[39m=[32m"inline-flex items-center justify-center whitespace-nowrap font-medium transition-all disabled:pointer-events-none disabled:opacity-50 [&_svg]:pointer-events-none [&_svg:not([class*='size-'])]:size-4 shrink-0 [&_svg]:shrink-0 outline-none focus-visible:border-ring focus-visible:ring-ring/50 focus-visible:ring-[3px] aria-invalid:ring-destructive/20 dark:aria-invalid:ring-destructive/40 aria-invalid:border-destructive border bg-background shadow-xs hover:bg-accent hover:text-accent-foreground dark:bg-input/30 dark:border-input dark:hover:bg-input/50 h-8 rounded-md gap-1.5 px-3 has-[>svg]:px-2.5 text-xs"[39m
        [33mdata-slot[39m=[32m"button"[39m
      [36m/>[39m

      Name "Sales Manager":
      [36m<button[39m
        [33mclass[39m=[32m"inline-flex items-center justify-center whitespace-nowrap font-medium transition-all disabled:pointer-events-none disabled:opacity-50 [&_svg]:pointer-events-none [&_svg:not([class*='size-'])]:size-4 shrink-0 [&_svg]:shrink-0 outline-none focus-visible:border-ring focus-visible:ring-ring/50 focus-visible:ring-[3px] aria-invalid:ring-destructive/20 dark:aria-invalid:ring-destructive/40 aria-invalid:border-destructive border bg-background shadow-xs hover:bg-accent hover:text-accent-foreground dark:bg-input/30 dark:border-input dark:hover:bg-input/50 h-8 rounded-md gap-1.5 px-3 has-[>svg]:px-2.5 text-xs"[39m
        [33mdata-slot[39m=[32m"button"[39m
      [36m/>[39m

      Name "Operations Manager":
      [36m<button[39m
        [33mclass[39m=[32m"inline-flex items-center justify-center whitespace-nowrap font-medium transition-all disabled:pointer-events-none disabled:opacity-50 [&_svg]:pointer-events-none [&_svg:not([class*='size-'])]:size-4 shrink-0 [&_svg]:shrink-0 outline-none focus-visible:border-ring focus-visible:ring-ring/50 focus-visible:ring-[3px] aria-invalid:ring-destructive/20 dark:aria-invalid:ring-destructive/40 aria-invalid:border-destructive border bg-background shadow-xs hover:bg-accent hover:text-accent-foreground dark:bg-input/30 dark:border-input dark:hover:bg-input/50 h-8 rounded-md gap-1.5 px-3 has-[>svg]:px-2.5 text-xs"[39m
        [33mdata-slot[39m=[32m"button"[39m
      [36m/>[39m

      Name "Project Manager":
      [36m<button[39m
        [33mclass[39m=[32m"inline-flex items-center justify-center whitespace-nowrap font-medium transition-all disabled:pointer-events-none disabled:opacity-50 [&_svg]:pointer-events-none [&_svg:not([class*='size-'])]:size-4 shrink-0 [&_svg]:shrink-0 outline-none focus-visible:border-ring focus-visible:ring-ring/50 focus-visible:ring-[3px] aria-invalid:ring-destructive/20 dark:aria-invalid:ring-destructive/40 aria-invalid:border-destructive border bg-background shadow-xs hover:bg-accent hover:text-accent-foreground dark:bg-input/30 dark:border-input dark:hover:bg-input/50 h-8 rounded-md gap-1.5 px-3 has-[>svg]:px-2.5 text-xs"[39m
        [33mdata-slot[39m=[32m"button"[39m
      [36m/>[39m

      Name "Design Manager":
      [36m<button[39m
        [33mclass[39m=[32m"inline-flex items-center justify-center whitespace-nowrap font-medium transition-all disabled:pointer-events-none disabled:opacity-50 [&_svg]:pointer-events-none [&_svg:not([class*='size-'])]:size-4 shrink-0 [&_svg]:shrink-0 outline-none focus-visible:border-ring focus-visible:ring-ring/50 focus-visible:ring-[3px] aria-invalid:ring-destructive/20 dark:aria-invalid:ring-destructive/40 aria-invalid:border-destructive border bg-background shadow-xs hover:bg-accent hover:text-accent-foreground dark:bg-input/30 dark:border-input dark:hover:bg-input/50 h-8 rounded-md gap-1.5 px-3 has-[>svg]:px-2.5 text-xs"[39m
        [33mdata-slot[39m=[32m"button"[39m
      [36m/>[39m

      Name "DevOps Manager":
      [36m<button[39m
        [33mclass[39m=[32m"inline-flex items-center justify-center whitespace-nowrap font-medium transition-all disabled:pointer-events-none disabled:opacity-50 [&_svg]:pointer-events-none [&_svg:not([class*='size-'])]:size-4 shrink-0 [&_svg]:shrink-0 outline-none focus-visible:border-ring focus-visible:ring-ring/50 focus-visible:ring-[3px] aria-invalid:ring-destructive/20 dark:aria-invalid:ring-destructive/40 aria-invalid:border-destructive border bg-background shadow-xs hover:bg-accent hover:text-accent-foreground dark:bg-input/30 dark:border-input dark:hover:bg-input/50 h-8 rounded-md gap-1.5 px-3 has-[>svg]:px-2.5 text-xs"[39m
        [33mdata-slot[39m=[32m"button"[39m
      [36m/>[39m

      Name "QA Manager":
      [36m<button[39m
        [33mclass[39m=[32m"inline-flex items-center justify-center whitespace-nowrap font-medium transition-all disabled:pointer-events-none disabled:opacity-50 [&_svg]:pointer-events-none [&_svg:not([class*='size-'])]:size-4 shrink-0 [&_svg]:shrink-0 outline-none focus-visible:border-ring focus-visible:ring-ring/50 focus-visible:ring-[3px] aria-invalid:ring-destructive/20 dark:aria-invalid:ring-destructive/40 aria-invalid:border-destructive border bg-background shadow-xs hover:bg-accent hover:text-accent-foreground dark:bg-input/30 dark:border-input dark:hover:bg-input/50 h-8 rounded-md gap-1.5 px-3 has-[>svg]:px-2.5 text-xs"[39m
        [33mdata-slot[39m=[32m"button"[39m
      [36m/>[39m

      Name "":
      [36m<button[39m
        [33mclass[39m=[32m"inline-flex items-center justify-center whitespace-nowrap text-sm font-medium transition-all disabled:pointer-events-none disabled:opacity-50 [&_svg]:pointer-events-none [&_svg:not([class*='size-'])]:size-4 shrink-0 [&_svg]:shrink-0 outline-none focus-visible:border-ring focus-visible:ring-ring/50 focus-visible:ring-[3px] aria-invalid:ring-destructive/20 dark:aria-invalid:ring-destructive/40 aria-invalid:border-destructive bg-primary text-primary-foreground shadow-xs hover:bg-primary/90 h-8 rounded-md gap-1.5 px-3 has-[>svg]:px-2.5"[39m
        [33mdata-slot[39m=[32m"button"[39m
        [33mdisabled[39m=[32m""[39m
      [36m/>[39m

      Name "Technology":
      [36m<button[39m
        [33mclass[39m=[32m"inline-flex items-center justify-center whitespace-nowrap font-medium transition-all disabled:pointer-events-none disabled:opacity-50 [&_svg]:pointer-events-none [&_svg:not([class*='size-'])]:size-4 shrink-0 [&_svg]:shrink-0 outline-none focus-visible:border-ring focus-visible:ring-ring/50 focus-visible:ring-[3px] aria-invalid:ring-destructive/20 dark:aria-invalid:ring-destructive/40 aria-invalid:border-destructive border bg-background shadow-xs hover:bg-accent hover:text-accent-foreground dark:bg-input/30 dark:border-input dark:hover:bg-input/50 h-8 rounded-md gap-1.5 px-3 has-[>svg]:px-2.5 text-xs"[39m
        [33mdata-slot[39m=[32m"button"[39m
      [36m/>[39m

      Name "Healthcare":
      [36m<button[39m
        [33mclass[39m=[32m"inline-flex items-center justify-center whitespace-nowrap font-medium transition-all disabled:pointer-events-none disabled:opacity-50 [&_svg]:pointer-events-none [&_svg:not([class*='size-'])]:size-4 shrink-0 [&_svg]:shrink-0 outline-none focus-visible:border-ring focus-visible:ring-ring/50 focus-visible:ring-[3px] aria-invalid:ring-destructive/20 dark:aria-invalid:ring-destructive/40 aria-invalid:border-destructive border bg-background shadow-xs hover:bg-accent hover:text-accent-foreground dark:bg-input/30 dark:border-input dark:hover:bg-input/50 h-8 rounded-md gap-1.5 px-3 has-[>svg]:px-2.5 text-xs"[39m
        [33mdata-slot[39m=[32m"button"[39m
      [36m/>[39m

      Name "Finance":
      [36m<button[39m
        [33mclass[39m=[32m"inline-flex items-center justify-center whitespace-nowrap font-medium transition-all disabled:pointer-events-none disabled:opacity-50 [&_svg]:pointer-events-none [&_svg:not([class*='size-'])]:size-4 shrink-0 [&_svg]:shrink-0 outline-none focus-visible:border-ring focus-visible:ring-ring/50 focus-visible:ring-[3px] aria-invalid:ring-destructive/20 dark:aria-invalid:ring-destructive/40 aria-invalid:border-destructive border bg-background shadow-xs hover:bg-accent hover:text-accent-foreground dark:bg-input/30 dark:border-input dark:hover:bg-input/50 h-8 rounded-md gap-1.5 px-3 has-[>svg]:px-2.5 text-xs"[39m
        [33mdata-slot[39m=[32m"button"[39m
      [36m/>[39m

      Name "E-commerce":
      [36m<button[39m
        [33mclass[39m=[32m"inline-flex items-center justify-center whitespace-nowrap font-medium transition-all disabled:pointer-events-none disabled:opacity-50 [&_svg]:pointer-events-none [&_svg:not([class*='size-'])]:size-4 shrink-0 [&_svg]:shrink-0 outline-none focus-visible:border-ring focus-visible:ring-ring/50 focus-visible:ring-[3px] aria-invalid:ring-destructive/20 dark:aria-invalid:ring-destructive/40 aria-invalid:border-destructive border bg-background shadow-xs hover:bg-accent hover:text-accent-foreground dark:bg-input/30 dark:border-input dark:hover:bg-input/50 h-8 rounded-md gap-1.5 px-3 has-[>svg]:px-2.5 text-xs"[39m
        [33mdata-slot[39m=[32m"button"[39m
      [36m/>[39m

      Name "Education":
      [36m<button[39m
        [33mclass[39m=[32m"inline-flex items-center justify-center whitespace-nowrap font-medium transition-all disabled:pointer-events-none disabled:opacity-50 [&_svg]:pointer-events-none [&_svg:not([class*='size-'])]:size-4 shrink-0 [&_svg]:shrink-0 outline-none focus-visible:border-ring focus-visible:ring-ring/50 focus-visible:ring-[3px] aria-invalid:ring-destructive/20 dark:aria-invalid:ring-destructive/40 aria-invalid:border-destructive border bg-background shadow-xs hover:bg-accent hover:text-accent-foreground dark:bg-input/30 dark:border-input dark:hover:bg-input/50 h-8 rounded-md gap-1.5 px-3 has-[>svg]:px-2.5 text-xs"[39m
        [33mdata-slot[39m=[32m"button"[39m
      [36m/>[39m

      Name "Manufacturing":
      [36m<button[39m
        [33mclass[39m=[32m"inline-flex items-center justify-center whitespace-nowrap font-medium transition-all disabled:pointer-events-none disabled:opacity-50 [&_svg]:pointer-events-none [&_svg:not([class*='size-'])]:size-4 shrink-0 [&_svg]:shrink-0 outline-none focus-visible:border-ring focus-visible:ring-ring/50 focus-visible:ring-[3px] aria-invalid:ring-destructive/20 dark:aria-invalid:ring-destructive/40 aria-invalid:border-destructive border bg-background shadow-xs hover:bg-accent hover:text-accent-foreground dark:bg-input/30 dark:border-input dark:hover:bg-input/50 h-8 rounded-md gap-1.5 px-3 has-[>svg]:px-2.5 text-xs"[39m
        [33mdata-slot[39m=[32m"button"[39m
      [36m/>[39m

      Name "Consulting":
      [36m<button[39m
        [33mclass[39m=[32m"inline-flex items-center justify-center whitespace-nowrap font-medium transition-all disabled:pointer-events-none disabled:opacity-50 [&_svg]:pointer-events-none [&_svg:not([class*='size-'])]:size-4 shrink-0 [&_svg]:shrink-0 outline-none focus-visible:border-ring focus-visible:ring-ring/50 focus-visible:ring-[3px] aria-invalid:ring-destructive/20 dark:aria-invalid:ring-destructive/40 aria-invalid:border-destructive border bg-background shadow-xs hover:bg-accent hover:text-accent-foreground dark:bg-input/30 dark:border-input dark:hover:bg-input/50 h-8 rounded-md gap-1.5 px-3 has-[>svg]:px-2.5 text-xs"[39m
        [33mdata-slot[39m=[32m"button"[39m
      [36m/>[39m

      Name "Media & Entertainment":
      [36m<button[39m
        [33mclass[39m=[32m"inline-flex items-center justify-center whitespace-nowrap font-medium transition-all disabled:pointer-events-none disabled:opacity-50 [&_svg]:pointer-events-none [&_svg:not([class*='size-'])]:size-4 shrink-0 [&_svg]:shrink-0 outline-none focus-visible:border-ring focus-visible:ring-ring/50 focus-visible:ring-[3px] aria-invalid:ring-destructive/20 dark:aria-invalid:ring-destructive/40 aria-invalid:border-destructive border bg-background shadow-xs hover:bg-accent hover:text-accent-foreground dark:bg-input/30 dark:border-input dark:hover:bg-input/50 h-8 rounded-md gap-1.5 px-3 has-[>svg]:px-2.5 text-xs"[39m
        [33mdata-slot[39m=[32m"button"[39m
      [36m/>[39m

      Name "Real Estate":
      [36m<button[39m
        [33mclass[39m=[32m"inline-flex items-center justify-center whitespace-nowrap font-medium transition-all disabled:pointer-events-none disabled:opacity-50 [&_svg]:pointer-events-none [&_svg:not([class*='size-'])]:size-4 shrink-0 [&_svg]:shrink-0 outline-none focus-visible:border-ring focus-visible:ring-ring/50 focus-visible:ring-[3px] aria-invalid:ring-destructive/20 dark:aria-invalid:ring-destructive/40 aria-invalid:border-destructive border bg-background shadow-xs hover:bg-accent hover:text-accent-foreground dark:bg-input/30 dark:border-input dark:hover:bg-input/50 h-8 rounded-md gap-1.5 px-3 has-[>svg]:px-2.5 text-xs"[39m
        [33mdata-slot[39m=[32m"button"[39m
      [36m/>[39m

      Name "Government":
      [36m<button[39m
        [33mclass[39m=[32m"inline-flex items-center justify-center whitespace-nowrap font-medium transition-all disabled:pointer-events-none disabled:opacity-50 [&_svg]:pointer-events-none [&_svg:not([class*='size-'])]:size-4 shrink-0 [&_svg]:shrink-0 outline-none focus-visible:border-ring focus-visible:ring-ring/50 focus-visible:ring-[3px] aria-invalid:ring-destructive/20 dark:aria-invalid:ring-destructive/40 aria-invalid:border-destructive border bg-background shadow-xs hover:bg-accent hover:text-accent-foreground dark:bg-input/30 dark:border-input dark:hover:bg-input/50 h-8 rounded-md gap-1.5 px-3 has-[>svg]:px-2.5 text-xs"[39m
        [33mdata-slot[39m=[32m"button"[39m
      [36m/>[39m

      Name "Non-profit":
      [36m<button[39m
        [33mclass[39m=[32m"inline-flex items-center justify-center whitespace-nowrap font-medium transition-all disabled:pointer-events-none disabled:opacity-50 [&_svg]:pointer-events-none [&_svg:not([class*='size-'])]:size-4 shrink-0 [&_svg]:shrink-0 outline-none focus-visible:border-ring focus-visible:ring-ring/50 focus-visible:ring-[3px] aria-invalid:ring-destructive/20 dark:aria-invalid:ring-destructive/40 aria-invalid:border-destructive border bg-background shadow-xs hover:bg-accent hover:text-accent-foreground dark:bg-input/30 dark:border-input dark:hover:bg-input/50 h-8 rounded-md gap-1.5 px-3 has-[>svg]:px-2.5 text-xs"[39m
        [33mdata-slot[39m=[32m"button"[39m
      [36m/>[39m

      Name "Startups":
      [36m<button[39m
        [33mclass[39m=[32m"inline-flex items-center justify-center whitespace-nowrap font-medium transition-all disabled:pointer-events-none disabled:opacity-50 [&_svg]:pointer-events-none [&_svg:not([class*='size-'])]:size-4 shrink-0 [&_svg]:shrink-0 outline-none focus-visible:border-ring focus-visible:ring-ring/50 focus-visible:ring-[3px] aria-invalid:ring-destructive/20 dark:aria-invalid:ring-destructive/40 aria-invalid:border-destructive border bg-background shadow-xs hover:bg-accent hover:text-accent-foreground dark:bg-input/30 dark:border-input dark:hover:bg-input/50 h-8 rounded-md gap-1.5 px-3 has-[>svg]:px-2.5 text-xs"[39m
        [33mdata-slot[39m=[32m"button"[39m
      [36m/>[39m

      Name "":
      [36m<button[39m
        [33mclass[39m=[32m"inline-flex items-center justify-center whitespace-nowrap text-sm font-medium transition-all disabled:pointer-events-none disabled:opacity-50 [&_svg]:pointer-events-none [&_svg:not([class*='size-'])]:size-4 shrink-0 [&_svg]:shrink-0 outline-none focus-visible:border-ring focus-visible:ring-ring/50 focus-visible:ring-[3px] aria-invalid:ring-destructive/20 dark:aria-invalid:ring-destructive/40 aria-invalid:border-destructive bg-primary text-primary-foreground shadow-xs hover:bg-primary/90 h-8 rounded-md gap-1.5 px-3 has-[>svg]:px-2.5"[39m
        [33mdata-slot[39m=[32m"button"[39m
        [33mdisabled[39m=[32m""[39m
      [36m/>[39m

      Name "":
      [36m<button[39m
        [33mclass[39m=[32m"inline-flex items-center justify-center whitespace-nowrap text-sm font-medium transition-all disabled:pointer-events-none disabled:opacity-50 [&_svg]:pointer-events-none [&_svg:not([class*='size-'])]:size-4 shrink-0 [&_svg]:shrink-0 outline-none focus-visible:border-ring focus-visible:ring-ring/50 focus-visible:ring-[3px] aria-invalid:ring-destructive/20 dark:aria-invalid:ring-destructive/40 aria-invalid:border-destructive bg-primary text-primary-foreground shadow-xs hover:bg-primary/90 h-8 rounded-md gap-1.5 px-3 has-[>svg]:px-2.5"[39m
        [33mdata-slot[39m=[32m"button"[39m
        [33mdisabled[39m=[32m""[39m
      [36m/>[39m

      Name "Back":
      [36m<button[39m
        [33mclass[39m=[32m"inline-flex items-center justify-center gap-2 whitespace-nowrap rounded-md text-sm font-medium transition-all disabled:pointer-events-none disabled:opacity-50 [&_svg]:pointer-events-none [&_svg:not([class*='size-'])]:size-4 shrink-0 [&_svg]:shrink-0 outline-none focus-visible:border-ring focus-visible:ring-ring/50 focus-visible:ring-[3px] aria-invalid:ring-destructive/20 dark:aria-invalid:ring-destructive/40 aria-invalid:border-destructive border bg-background shadow-xs hover:bg-accent hover:text-accent-foreground dark:bg-input/30 dark:border-input dark:hover:bg-input/50 h-9 px-4 py-2 has-[>svg]:px-3"[39m
        [33mdata-slot[39m=[32m"button"[39m
      [36m/>[39m

      Name "Continue":
      [36m<button[39m
        [33mclass[39m=[32m"inline-flex items-center justify-center gap-2 whitespace-nowrap rounded-md text-sm font-medium transition-all disabled:pointer-events-none disabled:opacity-50 [&_svg]:pointer-events-none [&_svg:not([class*='size-'])]:size-4 shrink-0 [&_svg]:shrink-0 outline-none focus-visible:border-ring focus-visible:ring-ring/50 focus-visible:ring-[3px] aria-invalid:ring-destructive/20 dark:aria-invalid:ring-destructive/40 aria-invalid:border-destructive text-primary-foreground shadow-xs h-9 px-4 py-2 has-[>svg]:px-3 bg-green-600 hover:bg-green-700"[39m
        [33mdata-slot[39m=[32m"button"[39m
        [33mdisabled[39m=[32m""[39m
      [36m/>[39m

      --------------------------------------------------
      textbox:

      Name "":
      [36m<input[39m
        [33mclass[39m=[32m"file:text-foreground placeholder:text-muted-foreground selection:bg-primary selection:text-primary-foreground dark:bg-input/30 border-input flex h-9 w-full min-w-0 rounded-md border bg-transparent px-3 py-1 text-base shadow-xs transition-[color,box-shadow] outline-none file:inline-flex file:h-7 file:border-0 file:bg-transparent file:text-sm file:font-medium disabled:pointer-events-none disabled:cursor-not-allowed disabled:opacity-50 md:text-sm focus-visible:border-ring focus-visible:ring-ring/50 focus-visible:ring-[3px] aria-invalid:ring-destructive/20 dark:aria-invalid:ring-destructive/40 aria-invalid:border-destructive"[39m
        [33mdata-slot[39m=[32m"input"[39m
        [33mplaceholder[39m=[32m"Add custom role..."[39m
        [33mvalue[39m=[32m""[39m
      [36m/>[39m

      Name "":
      [36m<input[39m
        [33mclass[39m=[32m"file:text-foreground placeholder:text-muted-foreground selection:bg-primary selection:text-primary-foreground dark:bg-input/30 border-input flex h-9 w-full min-w-0 rounded-md border bg-transparent px-3 py-1 text-base shadow-xs transition-[color,box-shadow] outline-none file:inline-flex file:h-7 file:border-0 file:bg-transparent file:text-sm file:font-medium disabled:pointer-events-none disabled:cursor-not-allowed disabled:opacity-50 md:text-sm focus-visible:border-ring focus-visible:ring-ring/50 focus-visible:ring-[3px] aria-invalid:ring-destructive/20 dark:aria-invalid:ring-destructive/40 aria-invalid:border-destructive"[39m
        [33mdata-slot[39m=[32m"input"[39m
        [33mplaceholder[39m=[32m"Add custom industry..."[39m
        [33mvalue[39m=[32m""[39m
      [36m/>[39m

      Name "":
      [36m<input[39m
        [33mclass[39m=[32m"file:text-foreground placeholder:text-muted-foreground selection:bg-primary selection:text-primary-foreground dark:bg-input/30 border-input flex h-9 w-full min-w-0 rounded-md border bg-transparent px-3 py-1 text-base shadow-xs transition-[color,box-shadow] outline-none file:inline-flex file:h-7 file:border-0 file:bg-transparent file:text-sm file:font-medium disabled:pointer-events-none disabled:cursor-not-allowed disabled:opacity-50 md:text-sm focus-visible:border-ring focus-visible:ring-ring/50 focus-visible:ring-[3px] aria-invalid:ring-destructive/20 dark:aria-invalid:ring-destructive/40 aria-invalid:border-destructive"[39m
        [33mdata-slot[39m=[32m"input"[39m
        [33mplaceholder[39m=[32m"Add location (e.g., San Francisco, Remote, New York)..."[39m
        [33mvalue[39m=[32m""[39m
      [36m/>[39m

      --------------------------------------------------
      radio:

      Name "Entry Level":
      [36m<input[39m
        [33mclass[39m=[32m"h-4 w-4 text-blue-600"[39m
        [33mname[39m=[32m"careerLevel"[39m
        [33mtype[39m=[32m"radio"[39m
        [33mvalue[39m=[32m"entry"[39m
      [36m/>[39m

      Name "Mid Level":
      [36m<input[39m
        [33mclass[39m=[32m"h-4 w-4 text-blue-600"[39m
        [33mname[39m=[32m"careerLevel"[39m
        [33mtype[39m=[32m"radio"[39m
        [33mvalue[39m=[32m"mid"[39m
      [36m/>[39m

      Name "Senior Level":
      [36m<input[39m
        [33mclass[39m=[32m"h-4 w-4 text-blue-600"[39m
        [33mname[39m=[32m"careerLevel"[39m
        [33mtype[39m=[32m"radio"[39m
        [33mvalue[39m=[32m"senior"[39m
      [36m/>[39m

      Name "Lead/Principal":
      [36m<input[39m
        [33mclass[39m=[32m"h-4 w-4 text-blue-600"[39m
        [33mname[39m=[32m"careerLevel"[39m
        [33mtype[39m=[32m"radio"[39m
        [33mvalue[39m=[32m"lead"[39m
      [36m/>[39m

      Name "Executive/C-Level":
      [36m<input[39m
        [33mclass[39m=[32m"h-4 w-4 text-blue-600"[39m
        [33mname[39m=[32m"careerLevel"[39m
        [33mtype[39m=[32m"radio"[39m
        [33mvalue[39m=[32m"executive"[39m
      [36m/>[39m

      Name "0-1 years":
      [36m<input[39m
        [33mclass[39m=[32m"h-4 w-4 text-blue-600"[39m
        [33mname[39m=[32m"yearsOfExperience"[39m
        [33mtype[39m=[32m"radio"[39m
        [33mvalue[39m=[32m"0-1"[39m
      [36m/>[39m

      Name "2-3 years":
      [36m<input[39m
        [33mclass[39m=[32m"h-4 w-4 text-blue-600"[39m
        [33mname[39m=[32m"yearsOfExperience"[39m
        [33mtype[39m=[32m"radio"[39m
        [33mvalue[39m=[32m"2-3"[39m
      [36m/>[39m

      Name "4-5 years":
      [36m<input[39m
        [33mclass[39m=[32m"h-4 w-4 text-blue-600"[39m
        [33mname[39m=[32m"yearsOfExperience"[39m
        [33mtype[39m=[32m"radio"[39m
        [33mvalue[39m=[32m"4-5"[39m
      [36m/>[39m

      Name "6-10 years":
      [36m<input[39m
        [33mclass[39m=[32m"h-4 w-4 text-blue-600"[39m
        [33mname[39m=[32m"yearsOfExperience"[39m
        [33mtype[39m=[32m"radio"[39m
        [33mvalue[39m=[32m"6-10"[39m
      [36m/>[39m

      Name "11-15 years":
      [36m<input[39m
        [33mclass[39m=[32m"h-4 w-4 text-blue-600"[39m
        [33mname[39m=[32m"yearsOfExperience"[39m
        [33mtype[39m=[32m"radio"[39m
        [33mvalue[39m=[32m"11-15"[39m
      [36m/>[39m

      Name "16+ years":
      [36m<input[39m
        [33mclass[39m=[32m"h-4 w-4 text-blue-600"[39m
        [33mname[39m=[32m"yearsOfExperience"[39m
        [33mtype[39m=[32m"radio"[39m
        [33mvalue[39m=[32m"16+"[39m
      [36m/>[39m

      --------------------------------------------------

    Ignored nodes: comments, script, style
    [36m<body>[39m
      [36m<div>[39m
        [36m<div[39m
          [33mclass[39m=[32m"max-w-2xl mx-auto space-y-6"[39m
        [36m>[39m
          [36m<div[39m
            [33mclass[39m=[32m"text-center space-y-4"[39m
          [36m>[39m
            [36m<div[39m
              [33mclass[39m=[32m"flex justify-center"[39m
            [36m>[39m
              [36m<div[39m
                [33mclass[39m=[32m"p-3 bg-green-100 rounded-full"[39m
              [36m>[39m
                [36m<svg[39m
                  [33maria-hidden[39m=[32m"true"[39m
                  [33mclass[39m=[32m"lucide lucide-target h-8 w-8 text-green-600"[39m
                  [33mfill[39m=[32m"none"[39m
                  [33mheight[39m=[32m"24"[39m
                  [33mstroke[39m=[32m"currentColor"[39m
                  [33mstroke-linecap[39m=[32m"round"[39m
                  [33mstroke-linejoin[39m=[32m"round"[39m
                  [33mstroke-width[39m=[32m"2"[39m
                  [33mviewBox[39m=[32m"0 0 24 24"[39m
                  [33mwidth[39m=[32m"24"[39m
                  [33mxmlns[39m=[32m"http://www.w3.org/2000/svg"[39m
                [36m>[39m
                  [36m<circle[39m
                    [33mcx[39m=[32m"12"[39m
                    [33mcy[39m=[32m"12"[39m
                    [33mr[39m=[32m"10"[39m
                  [36m/>[39m
                  [36m<circle[39m
                    [33mcx[39m=[32m"12"[39m
                    [33mcy[39m=[32m"12"[39m
                    [33mr[39m=[32m"6"[39m
                  [36m/>[39m
                  [36m<circle[39m
                    [33mcx[39m=[32m"12"[39m
                    [33mcy[39m=[32m"12"[39m
                    [33mr[39m=[32m"2"[39m
                  [36m/>[39m
                [36m</svg>[39m
              [36m</div>[39m
            [36m</div>[39m
            [36m<h2[39m
              [33mclass[39m=[32m"text-2xl font-bold text-gray-900"[39m
            [36m>[39m
              [0mTell Us About Your Goals[0m
            [36m</h2>[39m
            [36m<p[39m
              [33mclass[39m=[32m"text-gray-600"[39m
            [36m>[39m
              [0mHelp us personalize your experience by sharing your career interests and target roles.[0m
            [36m</p>[39m
          [36m</div>[39m
          [36m<div[39m
            [33mclass[39m=[32m"bg-card text-card-foreground flex flex-col gap-6 rounded-xl border py-6 shadow-sm"[39m
            [33mdata-slot[39m=[32m"card"[39m
          [36m>[39m
            [36m<div[39m
              [33mclass[39m=[32m"@container/card-header grid auto-rows-min grid-rows-[auto_auto] items-start gap-1.5 px-6 has-data-[slot=card-action]:grid-cols-[1fr_auto] [.border-b]:pb-6"[39m
              [33mdata-slot[39m=[32m"card-header"[39m
            [36m>[39m
              [36m<div[39m
                [33mclass[39m=[32m"leading-none font-semibold flex items-center gap-2"[39m
                [33mdata-slot[39m=[32m"card-title"[39m
              [36m>[39m
                [36m<svg[39m
                  [33maria-hidden[39m=[32m"true"[39m
                  [33mclass[39m=[32m"lucide lucide-briefcase h-5 w-5"[39m
                  [33mfill[39m=[32m"none"[39m
                  [33mheight[39m=[32m"24"[39m
                  [33mstroke[39m=[32m"currentColor"[39m
                  [33mstroke-linecap[39m=[32m"round"[39m
                  [33mstroke-linejoin[39m=[32m"round"[39m
                  [33mstroke-width[39m=[32m"2"[39m
                  [33mviewBox[39m=[32m"0 0 24 24"[39m
                  [33mwidth[39m=[32m"24"[39m
                  [33mxmlns[39m=[32m"http://www.w3.org/2000/svg"[39m
                [36m>[39m
                  [36m<path[39m
                    [33md[39m=[32m"M16 20V4a2 2 0 0 0-2-2h-4a2 2 0 0 0-2 2v16"[39m
                  [36m/>[39m
                  [36m<rect[39m
                    [33mheight[39m=[32m"14"[39m
                    [33mrx[39m=[32m"2"[39m
                    [33mwidth[39m=[32m"20"[39m
                    [33mx[39m=[32m"2"[39m
                    [33my[39m=[32m"6"[39m
                  [36m/>[39m
                [36m</svg>[39m
                [0mTarget Roles[0m
              [36m</div>[39m
              [36m<div[39m
                [33mclass[39m=[32m"text-muted-foreground text-sm"[39m
                [33mdata-slot[39m=[32m"card-description"[39m
              [36m>[39m
                [0mWhat management or leadership roles are you interested in?[0m
              [36m</div>[39m
            [36m</div>[39m
            [36m<div[39m
              [33mclass[39m=[32m"px-6 space-y-4"[39m
              [33mdata-slot[39m=[32m"card-content"[39m
            [36m>[39m
              [36m<div[39m
                [33mclass[39m=[32m"space-y-2"[39m
              [36m>[39m
                [36m<label[39m
                  [33mclass[39m=[32m"flex items-center gap-2 select-none group-data-[disabled=true]:pointer-events-none group-data-[disabled=true]:opacity-50 peer-disabled:cursor-not-allowed peer-disabled:opacity-50 text-sm font-medium"[39m
                  [33mdata-slot[39m=[32m"label"[39m
                [36m>[39m
                  [0mPopular Roles[0m
                [36m</label>[39m
                [36m<div[39m
                  [33mclass[39m=[32m"flex flex-wrap gap-2"[39m
                [36m>[39m
                  [36m<button[39m
                    [33mclass[39m=[32m"inline-flex items-center justify-center whitespace-nowrap font-medium transition-all disabled:pointer-events-none disabled:opacity-50 [&_svg]:pointer-events-none [&_svg:not([class*='size-'])]:size-4 shrink-0 [&_svg]:shrink-0 outline-none focus-visible:border-ring focus-visible:ring-ring/50 focus-visible:ring-[3px] aria-invalid:ring-destructive/20 dark:aria-invalid:ring-destructive/40 aria-invalid:border-destructive border bg-background shadow-xs hover:bg-accent hover:text-accent-foreground dark:bg-input/30 dark:border-input dark:hover:bg-input/50 h-8 rounded-md gap-1.5 px-3 has-[>svg]:px-2.5 text-xs"[39m
                    [33mdata-slot[39m=[32m"button"[39m
                  [36m>[39m
                    [0mEngineering Manager[0m
                  [36m</button>[39m
                  [36m<button[39m
                    [33mclass[39m=[32m"inline-flex items-center justify-center whitespace-nowrap font-medium transition-all disabled:pointer-events-none disabled:opacity-50 [&_svg]:pointer-events-none [&_svg:not([class*='size-'])]:size-4 shrink-0 [&_svg]:shrink-0 outline-none focus-visible:border-ring focus-visible:ring-ring/50 focus-visible:ring-[3px] aria-invalid:ring-destructive/20 dark:aria-invalid:ring-destructive/40 aria-invalid:border-destructive border bg-background shadow-xs hover:bg-accent hover:text-accent-foreground dark:bg-input/30 dark:border-input dark:hover:bg-input/50 h-8 rounded-md gap-1.5 px-3 has-[>svg]:px-2.5 text-xs"[39m
                    [33mdata-slot[39m=[32m"button"[39m
                  [36m>[39m
                    [0mProduct Manager[0m
                  [36m</button>[39m
                  [36m<button[39m
                    [33mclass[39m=[32m"inline-flex items-center justify-center whitespace-nowrap font-medium transition-all disabled:pointer-events-none disable...

      40 |     
      41 |     const customRoleInput = screen.getByPlaceholderText('Add custom role...');
    > 42 |     const addButton = screen.getByRole('button', { name: /plus/i });
         |                              ^
      43 |     
      44 |     fireEvent.change(customRoleInput, { target: { value: 'Custom Role' } });
      45 |     fireEvent.click(addButton);

      at Object.getElementError (node_modules/@testing-library/dom/dist/config.js:37:19)
      at node_modules/@testing-library/dom/dist/query-helpers.js:76:38
      at node_modules/@testing-library/dom/dist/query-helpers.js:52:17
      at node_modules/@testing-library/dom/dist/query-helpers.js:95:19
      at Object.getByRole (src/components/onboarding/__tests__/job-interests-step.test.tsx:42:30)

  ● JobInterestsStep › allows adding custom industries

    TestingLibraryElementError: Unable to find an accessible element with the role "button" and name `/plus/i`

    Here are the accessible roles:

      heading:

      Name "Tell Us About Your Goals":
      [36m<h2[39m
        [33mclass[39m=[32m"text-2xl font-bold text-gray-900"[39m
      [36m/>[39m

      --------------------------------------------------
      paragraph:

      Name "":
      [36m<p[39m
        [33mclass[39m=[32m"text-gray-600"[39m
      [36m/>[39m

      --------------------------------------------------
      button:

      Name "Engineering Manager":
      [36m<button[39m
        [33mclass[39m=[32m"inline-flex items-center justify-center whitespace-nowrap font-medium transition-all disabled:pointer-events-none disabled:opacity-50 [&_svg]:pointer-events-none [&_svg:not([class*='size-'])]:size-4 shrink-0 [&_svg]:shrink-0 outline-none focus-visible:border-ring focus-visible:ring-ring/50 focus-visible:ring-[3px] aria-invalid:ring-destructive/20 dark:aria-invalid:ring-destructive/40 aria-invalid:border-destructive border bg-background shadow-xs hover:bg-accent hover:text-accent-foreground dark:bg-input/30 dark:border-input dark:hover:bg-input/50 h-8 rounded-md gap-1.5 px-3 has-[>svg]:px-2.5 text-xs"[39m
        [33mdata-slot[39m=[32m"button"[39m
      [36m/>[39m

      Name "Product Manager":
      [36m<button[39m
        [33mclass[39m=[32m"inline-flex items-center justify-center whitespace-nowrap font-medium transition-all disabled:pointer-events-none disabled:opacity-50 [&_svg]:pointer-events-none [&_svg:not([class*='size-'])]:size-4 shrink-0 [&_svg]:shrink-0 outline-none focus-visible:border-ring focus-visible:ring-ring/50 focus-visible:ring-[3px] aria-invalid:ring-destructive/20 dark:aria-invalid:ring-destructive/40 aria-invalid:border-destructive border bg-background shadow-xs hover:bg-accent hover:text-accent-foreground dark:bg-input/30 dark:border-input dark:hover:bg-input/50 h-8 rounded-md gap-1.5 px-3 has-[>svg]:px-2.5 text-xs"[39m
        [33mdata-slot[39m=[32m"button"[39m
      [36m/>[39m

      Name "Technical Lead":
      [36m<button[39m
        [33mclass[39m=[32m"inline-flex items-center justify-center whitespace-nowrap font-medium transition-all disabled:pointer-events-none disabled:opacity-50 [&_svg]:pointer-events-none [&_svg:not([class*='size-'])]:size-4 shrink-0 [&_svg]:shrink-0 outline-none focus-visible:border-ring focus-visible:ring-ring/50 focus-visible:ring-[3px] aria-invalid:ring-destructive/20 dark:aria-invalid:ring-destructive/40 aria-invalid:border-destructive border bg-background shadow-xs hover:bg-accent hover:text-accent-foreground dark:bg-input/30 dark:border-input dark:hover:bg-input/50 h-8 rounded-md gap-1.5 px-3 has-[>svg]:px-2.5 text-xs"[39m
        [33mdata-slot[39m=[32m"button"[39m
      [36m/>[39m

      Name "Senior Software Engineer":
      [36m<button[39m
        [33mclass[39m=[32m"inline-flex items-center justify-center whitespace-nowrap font-medium transition-all disabled:pointer-events-none disabled:opacity-50 [&_svg]:pointer-events-none [&_svg:not([class*='size-'])]:size-4 shrink-0 [&_svg]:shrink-0 outline-none focus-visible:border-ring focus-visible:ring-ring/50 focus-visible:ring-[3px] aria-invalid:ring-destructive/20 dark:aria-invalid:ring-destructive/40 aria-invalid:border-destructive border bg-background shadow-xs hover:bg-accent hover:text-accent-foreground dark:bg-input/30 dark:border-input dark:hover:bg-input/50 h-8 rounded-md gap-1.5 px-3 has-[>svg]:px-2.5 text-xs"[39m
        [33mdata-slot[39m=[32m"button"[39m
      [36m/>[39m

      Name "Data Science Manager":
      [36m<button[39m
        [33mclass[39m=[32m"inline-flex items-center justify-center whitespace-nowrap font-medium transition-all disabled:pointer-events-none disabled:opacity-50 [&_svg]:pointer-events-none [&_svg:not([class*='size-'])]:size-4 shrink-0 [&_svg]:shrink-0 outline-none focus-visible:border-ring focus-visible:ring-ring/50 focus-visible:ring-[3px] aria-invalid:ring-destructive/20 dark:aria-invalid:ring-destructive/40 aria-invalid:border-destructive border bg-background shadow-xs hover:bg-accent hover:text-accent-foreground dark:bg-input/30 dark:border-input dark:hover:bg-input/50 h-8 rounded-md gap-1.5 px-3 has-[>svg]:px-2.5 text-xs"[39m
        [33mdata-slot[39m=[32m"button"[39m
      [36m/>[39m

      Name "Marketing Manager":
      [36m<button[39m
        [33mclass[39m=[32m"inline-flex items-center justify-center whitespace-nowrap font-medium transition-all disabled:pointer-events-none disabled:opacity-50 [&_svg]:pointer-events-none [&_svg:not([class*='size-'])]:size-4 shrink-0 [&_svg]:shrink-0 outline-none focus-visible:border-ring focus-visible:ring-ring/50 focus-visible:ring-[3px] aria-invalid:ring-destructive/20 dark:aria-invalid:ring-destructive/40 aria-invalid:border-destructive border bg-background shadow-xs hover:bg-accent hover:text-accent-foreground dark:bg-input/30 dark:border-input dark:hover:bg-input/50 h-8 rounded-md gap-1.5 px-3 has-[>svg]:px-2.5 text-xs"[39m
        [33mdata-slot[39m=[32m"button"[39m
      [36m/>[39m

      Name "Sales Manager":
      [36m<button[39m
        [33mclass[39m=[32m"inline-flex items-center justify-center whitespace-nowrap font-medium transition-all disabled:pointer-events-none disabled:opacity-50 [&_svg]:pointer-events-none [&_svg:not([class*='size-'])]:size-4 shrink-0 [&_svg]:shrink-0 outline-none focus-visible:border-ring focus-visible:ring-ring/50 focus-visible:ring-[3px] aria-invalid:ring-destructive/20 dark:aria-invalid:ring-destructive/40 aria-invalid:border-destructive border bg-background shadow-xs hover:bg-accent hover:text-accent-foreground dark:bg-input/30 dark:border-input dark:hover:bg-input/50 h-8 rounded-md gap-1.5 px-3 has-[>svg]:px-2.5 text-xs"[39m
        [33mdata-slot[39m=[32m"button"[39m
      [36m/>[39m

      Name "Operations Manager":
      [36m<button[39m
        [33mclass[39m=[32m"inline-flex items-center justify-center whitespace-nowrap font-medium transition-all disabled:pointer-events-none disabled:opacity-50 [&_svg]:pointer-events-none [&_svg:not([class*='size-'])]:size-4 shrink-0 [&_svg]:shrink-0 outline-none focus-visible:border-ring focus-visible:ring-ring/50 focus-visible:ring-[3px] aria-invalid:ring-destructive/20 dark:aria-invalid:ring-destructive/40 aria-invalid:border-destructive border bg-background shadow-xs hover:bg-accent hover:text-accent-foreground dark:bg-input/30 dark:border-input dark:hover:bg-input/50 h-8 rounded-md gap-1.5 px-3 has-[>svg]:px-2.5 text-xs"[39m
        [33mdata-slot[39m=[32m"button"[39m
      [36m/>[39m

      Name "Project Manager":
      [36m<button[39m
        [33mclass[39m=[32m"inline-flex items-center justify-center whitespace-nowrap font-medium transition-all disabled:pointer-events-none disabled:opacity-50 [&_svg]:pointer-events-none [&_svg:not([class*='size-'])]:size-4 shrink-0 [&_svg]:shrink-0 outline-none focus-visible:border-ring focus-visible:ring-ring/50 focus-visible:ring-[3px] aria-invalid:ring-destructive/20 dark:aria-invalid:ring-destructive/40 aria-invalid:border-destructive border bg-background shadow-xs hover:bg-accent hover:text-accent-foreground dark:bg-input/30 dark:border-input dark:hover:bg-input/50 h-8 rounded-md gap-1.5 px-3 has-[>svg]:px-2.5 text-xs"[39m
        [33mdata-slot[39m=[32m"button"[39m
      [36m/>[39m

      Name "Design Manager":
      [36m<button[39m
        [33mclass[39m=[32m"inline-flex items-center justify-center whitespace-nowrap font-medium transition-all disabled:pointer-events-none disabled:opacity-50 [&_svg]:pointer-events-none [&_svg:not([class*='size-'])]:size-4 shrink-0 [&_svg]:shrink-0 outline-none focus-visible:border-ring focus-visible:ring-ring/50 focus-visible:ring-[3px] aria-invalid:ring-destructive/20 dark:aria-invalid:ring-destructive/40 aria-invalid:border-destructive border bg-background shadow-xs hover:bg-accent hover:text-accent-foreground dark:bg-input/30 dark:border-input dark:hover:bg-input/50 h-8 rounded-md gap-1.5 px-3 has-[>svg]:px-2.5 text-xs"[39m
        [33mdata-slot[39m=[32m"button"[39m
      [36m/>[39m

      Name "DevOps Manager":
      [36m<button[39m
        [33mclass[39m=[32m"inline-flex items-center justify-center whitespace-nowrap font-medium transition-all disabled:pointer-events-none disabled:opacity-50 [&_svg]:pointer-events-none [&_svg:not([class*='size-'])]:size-4 shrink-0 [&_svg]:shrink-0 outline-none focus-visible:border-ring focus-visible:ring-ring/50 focus-visible:ring-[3px] aria-invalid:ring-destructive/20 dark:aria-invalid:ring-destructive/40 aria-invalid:border-destructive border bg-background shadow-xs hover:bg-accent hover:text-accent-foreground dark:bg-input/30 dark:border-input dark:hover:bg-input/50 h-8 rounded-md gap-1.5 px-3 has-[>svg]:px-2.5 text-xs"[39m
        [33mdata-slot[39m=[32m"button"[39m
      [36m/>[39m

      Name "QA Manager":
      [36m<button[39m
        [33mclass[39m=[32m"inline-flex items-center justify-center whitespace-nowrap font-medium transition-all disabled:pointer-events-none disabled:opacity-50 [&_svg]:pointer-events-none [&_svg:not([class*='size-'])]:size-4 shrink-0 [&_svg]:shrink-0 outline-none focus-visible:border-ring focus-visible:ring-ring/50 focus-visible:ring-[3px] aria-invalid:ring-destructive/20 dark:aria-invalid:ring-destructive/40 aria-invalid:border-destructive border bg-background shadow-xs hover:bg-accent hover:text-accent-foreground dark:bg-input/30 dark:border-input dark:hover:bg-input/50 h-8 rounded-md gap-1.5 px-3 has-[>svg]:px-2.5 text-xs"[39m
        [33mdata-slot[39m=[32m"button"[39m
      [36m/>[39m

      Name "":
      [36m<button[39m
        [33mclass[39m=[32m"inline-flex items-center justify-center whitespace-nowrap text-sm font-medium transition-all disabled:pointer-events-none disabled:opacity-50 [&_svg]:pointer-events-none [&_svg:not([class*='size-'])]:size-4 shrink-0 [&_svg]:shrink-0 outline-none focus-visible:border-ring focus-visible:ring-ring/50 focus-visible:ring-[3px] aria-invalid:ring-destructive/20 dark:aria-invalid:ring-destructive/40 aria-invalid:border-destructive bg-primary text-primary-foreground shadow-xs hover:bg-primary/90 h-8 rounded-md gap-1.5 px-3 has-[>svg]:px-2.5"[39m
        [33mdata-slot[39m=[32m"button"[39m
        [33mdisabled[39m=[32m""[39m
      [36m/>[39m

      Name "Technology":
      [36m<button[39m
        [33mclass[39m=[32m"inline-flex items-center justify-center whitespace-nowrap font-medium transition-all disabled:pointer-events-none disabled:opacity-50 [&_svg]:pointer-events-none [&_svg:not([class*='size-'])]:size-4 shrink-0 [&_svg]:shrink-0 outline-none focus-visible:border-ring focus-visible:ring-ring/50 focus-visible:ring-[3px] aria-invalid:ring-destructive/20 dark:aria-invalid:ring-destructive/40 aria-invalid:border-destructive border bg-background shadow-xs hover:bg-accent hover:text-accent-foreground dark:bg-input/30 dark:border-input dark:hover:bg-input/50 h-8 rounded-md gap-1.5 px-3 has-[>svg]:px-2.5 text-xs"[39m
        [33mdata-slot[39m=[32m"button"[39m
      [36m/>[39m

      Name "Healthcare":
      [36m<button[39m
        [33mclass[39m=[32m"inline-flex items-center justify-center whitespace-nowrap font-medium transition-all disabled:pointer-events-none disabled:opacity-50 [&_svg]:pointer-events-none [&_svg:not([class*='size-'])]:size-4 shrink-0 [&_svg]:shrink-0 outline-none focus-visible:border-ring focus-visible:ring-ring/50 focus-visible:ring-[3px] aria-invalid:ring-destructive/20 dark:aria-invalid:ring-destructive/40 aria-invalid:border-destructive border bg-background shadow-xs hover:bg-accent hover:text-accent-foreground dark:bg-input/30 dark:border-input dark:hover:bg-input/50 h-8 rounded-md gap-1.5 px-3 has-[>svg]:px-2.5 text-xs"[39m
        [33mdata-slot[39m=[32m"button"[39m
      [36m/>[39m

      Name "Finance":
      [36m<button[39m
        [33mclass[39m=[32m"inline-flex items-center justify-center whitespace-nowrap font-medium transition-all disabled:pointer-events-none disabled:opacity-50 [&_svg]:pointer-events-none [&_svg:not([class*='size-'])]:size-4 shrink-0 [&_svg]:shrink-0 outline-none focus-visible:border-ring focus-visible:ring-ring/50 focus-visible:ring-[3px] aria-invalid:ring-destructive/20 dark:aria-invalid:ring-destructive/40 aria-invalid:border-destructive border bg-background shadow-xs hover:bg-accent hover:text-accent-foreground dark:bg-input/30 dark:border-input dark:hover:bg-input/50 h-8 rounded-md gap-1.5 px-3 has-[>svg]:px-2.5 text-xs"[39m
        [33mdata-slot[39m=[32m"button"[39m
      [36m/>[39m

      Name "E-commerce":
      [36m<button[39m
        [33mclass[39m=[32m"inline-flex items-center justify-center whitespace-nowrap font-medium transition-all disabled:pointer-events-none disabled:opacity-50 [&_svg]:pointer-events-none [&_svg:not([class*='size-'])]:size-4 shrink-0 [&_svg]:shrink-0 outline-none focus-visible:border-ring focus-visible:ring-ring/50 focus-visible:ring-[3px] aria-invalid:ring-destructive/20 dark:aria-invalid:ring-destructive/40 aria-invalid:border-destructive border bg-background shadow-xs hover:bg-accent hover:text-accent-foreground dark:bg-input/30 dark:border-input dark:hover:bg-input/50 h-8 rounded-md gap-1.5 px-3 has-[>svg]:px-2.5 text-xs"[39m
        [33mdata-slot[39m=[32m"button"[39m
      [36m/>[39m

      Name "Education":
      [36m<button[39m
        [33mclass[39m=[32m"inline-flex items-center justify-center whitespace-nowrap font-medium transition-all disabled:pointer-events-none disabled:opacity-50 [&_svg]:pointer-events-none [&_svg:not([class*='size-'])]:size-4 shrink-0 [&_svg]:shrink-0 outline-none focus-visible:border-ring focus-visible:ring-ring/50 focus-visible:ring-[3px] aria-invalid:ring-destructive/20 dark:aria-invalid:ring-destructive/40 aria-invalid:border-destructive border bg-background shadow-xs hover:bg-accent hover:text-accent-foreground dark:bg-input/30 dark:border-input dark:hover:bg-input/50 h-8 rounded-md gap-1.5 px-3 has-[>svg]:px-2.5 text-xs"[39m
        [33mdata-slot[39m=[32m"button"[39m
      [36m/>[39m

      Name "Manufacturing":
      [36m<button[39m
        [33mclass[39m=[32m"inline-flex items-center justify-center whitespace-nowrap font-medium transition-all disabled:pointer-events-none disabled:opacity-50 [&_svg]:pointer-events-none [&_svg:not([class*='size-'])]:size-4 shrink-0 [&_svg]:shrink-0 outline-none focus-visible:border-ring focus-visible:ring-ring/50 focus-visible:ring-[3px] aria-invalid:ring-destructive/20 dark:aria-invalid:ring-destructive/40 aria-invalid:border-destructive border bg-background shadow-xs hover:bg-accent hover:text-accent-foreground dark:bg-input/30 dark:border-input dark:hover:bg-input/50 h-8 rounded-md gap-1.5 px-3 has-[>svg]:px-2.5 text-xs"[39m
        [33mdata-slot[39m=[32m"button"[39m
      [36m/>[39m

      Name "Consulting":
      [36m<button[39m
        [33mclass[39m=[32m"inline-flex items-center justify-center whitespace-nowrap font-medium transition-all disabled:pointer-events-none disabled:opacity-50 [&_svg]:pointer-events-none [&_svg:not([class*='size-'])]:size-4 shrink-0 [&_svg]:shrink-0 outline-none focus-visible:border-ring focus-visible:ring-ring/50 focus-visible:ring-[3px] aria-invalid:ring-destructive/20 dark:aria-invalid:ring-destructive/40 aria-invalid:border-destructive border bg-background shadow-xs hover:bg-accent hover:text-accent-foreground dark:bg-input/30 dark:border-input dark:hover:bg-input/50 h-8 rounded-md gap-1.5 px-3 has-[>svg]:px-2.5 text-xs"[39m
        [33mdata-slot[39m=[32m"button"[39m
      [36m/>[39m

      Name "Media & Entertainment":
      [36m<button[39m
        [33mclass[39m=[32m"inline-flex items-center justify-center whitespace-nowrap font-medium transition-all disabled:pointer-events-none disabled:opacity-50 [&_svg]:pointer-events-none [&_svg:not([class*='size-'])]:size-4 shrink-0 [&_svg]:shrink-0 outline-none focus-visible:border-ring focus-visible:ring-ring/50 focus-visible:ring-[3px] aria-invalid:ring-destructive/20 dark:aria-invalid:ring-destructive/40 aria-invalid:border-destructive border bg-background shadow-xs hover:bg-accent hover:text-accent-foreground dark:bg-input/30 dark:border-input dark:hover:bg-input/50 h-8 rounded-md gap-1.5 px-3 has-[>svg]:px-2.5 text-xs"[39m
        [33mdata-slot[39m=[32m"button"[39m
      [36m/>[39m

      Name "Real Estate":
      [36m<button[39m
        [33mclass[39m=[32m"inline-flex items-center justify-center whitespace-nowrap font-medium transition-all disabled:pointer-events-none disabled:opacity-50 [&_svg]:pointer-events-none [&_svg:not([class*='size-'])]:size-4 shrink-0 [&_svg]:shrink-0 outline-none focus-visible:border-ring focus-visible:ring-ring/50 focus-visible:ring-[3px] aria-invalid:ring-destructive/20 dark:aria-invalid:ring-destructive/40 aria-invalid:border-destructive border bg-background shadow-xs hover:bg-accent hover:text-accent-foreground dark:bg-input/30 dark:border-input dark:hover:bg-input/50 h-8 rounded-md gap-1.5 px-3 has-[>svg]:px-2.5 text-xs"[39m
        [33mdata-slot[39m=[32m"button"[39m
      [36m/>[39m

      Name "Government":
      [36m<button[39m
        [33mclass[39m=[32m"inline-flex items-center justify-center whitespace-nowrap font-medium transition-all disabled:pointer-events-none disabled:opacity-50 [&_svg]:pointer-events-none [&_svg:not([class*='size-'])]:size-4 shrink-0 [&_svg]:shrink-0 outline-none focus-visible:border-ring focus-visible:ring-ring/50 focus-visible:ring-[3px] aria-invalid:ring-destructive/20 dark:aria-invalid:ring-destructive/40 aria-invalid:border-destructive border bg-background shadow-xs hover:bg-accent hover:text-accent-foreground dark:bg-input/30 dark:border-input dark:hover:bg-input/50 h-8 rounded-md gap-1.5 px-3 has-[>svg]:px-2.5 text-xs"[39m
        [33mdata-slot[39m=[32m"button"[39m
      [36m/>[39m

      Name "Non-profit":
      [36m<button[39m
        [33mclass[39m=[32m"inline-flex items-center justify-center whitespace-nowrap font-medium transition-all disabled:pointer-events-none disabled:opacity-50 [&_svg]:pointer-events-none [&_svg:not([class*='size-'])]:size-4 shrink-0 [&_svg]:shrink-0 outline-none focus-visible:border-ring focus-visible:ring-ring/50 focus-visible:ring-[3px] aria-invalid:ring-destructive/20 dark:aria-invalid:ring-destructive/40 aria-invalid:border-destructive border bg-background shadow-xs hover:bg-accent hover:text-accent-foreground dark:bg-input/30 dark:border-input dark:hover:bg-input/50 h-8 rounded-md gap-1.5 px-3 has-[>svg]:px-2.5 text-xs"[39m
        [33mdata-slot[39m=[32m"button"[39m
      [36m/>[39m

      Name "Startups":
      [36m<button[39m
        [33mclass[39m=[32m"inline-flex items-center justify-center whitespace-nowrap font-medium transition-all disabled:pointer-events-none disabled:opacity-50 [&_svg]:pointer-events-none [&_svg:not([class*='size-'])]:size-4 shrink-0 [&_svg]:shrink-0 outline-none focus-visible:border-ring focus-visible:ring-ring/50 focus-visible:ring-[3px] aria-invalid:ring-destructive/20 dark:aria-invalid:ring-destructive/40 aria-invalid:border-destructive border bg-background shadow-xs hover:bg-accent hover:text-accent-foreground dark:bg-input/30 dark:border-input dark:hover:bg-input/50 h-8 rounded-md gap-1.5 px-3 has-[>svg]:px-2.5 text-xs"[39m
        [33mdata-slot[39m=[32m"button"[39m
      [36m/>[39m

      Name "":
      [36m<button[39m
        [33mclass[39m=[32m"inline-flex items-center justify-center whitespace-nowrap text-sm font-medium transition-all disabled:pointer-events-none disabled:opacity-50 [&_svg]:pointer-events-none [&_svg:not([class*='size-'])]:size-4 shrink-0 [&_svg]:shrink-0 outline-none focus-visible:border-ring focus-visible:ring-ring/50 focus-visible:ring-[3px] aria-invalid:ring-destructive/20 dark:aria-invalid:ring-destructive/40 aria-invalid:border-destructive bg-primary text-primary-foreground shadow-xs hover:bg-primary/90 h-8 rounded-md gap-1.5 px-3 has-[>svg]:px-2.5"[39m
        [33mdata-slot[39m=[32m"button"[39m
        [33mdisabled[39m=[32m""[39m
      [36m/>[39m

      Name "":
      [36m<button[39m
        [33mclass[39m=[32m"inline-flex items-center justify-center whitespace-nowrap text-sm font-medium transition-all disabled:pointer-events-none disabled:opacity-50 [&_svg]:pointer-events-none [&_svg:not([class*='size-'])]:size-4 shrink-0 [&_svg]:shrink-0 outline-none focus-visible:border-ring focus-visible:ring-ring/50 focus-visible:ring-[3px] aria-invalid:ring-destructive/20 dark:aria-invalid:ring-destructive/40 aria-invalid:border-destructive bg-primary text-primary-foreground shadow-xs hover:bg-primary/90 h-8 rounded-md gap-1.5 px-3 has-[>svg]:px-2.5"[39m
        [33mdata-slot[39m=[32m"button"[39m
        [33mdisabled[39m=[32m""[39m
      [36m/>[39m

      Name "Back":
      [36m<button[39m
        [33mclass[39m=[32m"inline-flex items-center justify-center gap-2 whitespace-nowrap rounded-md text-sm font-medium transition-all disabled:pointer-events-none disabled:opacity-50 [&_svg]:pointer-events-none [&_svg:not([class*='size-'])]:size-4 shrink-0 [&_svg]:shrink-0 outline-none focus-visible:border-ring focus-visible:ring-ring/50 focus-visible:ring-[3px] aria-invalid:ring-destructive/20 dark:aria-invalid:ring-destructive/40 aria-invalid:border-destructive border bg-background shadow-xs hover:bg-accent hover:text-accent-foreground dark:bg-input/30 dark:border-input dark:hover:bg-input/50 h-9 px-4 py-2 has-[>svg]:px-3"[39m
        [33mdata-slot[39m=[32m"button"[39m
      [36m/>[39m

      Name "Continue":
      [36m<button[39m
        [33mclass[39m=[32m"inline-flex items-center justify-center gap-2 whitespace-nowrap rounded-md text-sm font-medium transition-all disabled:pointer-events-none disabled:opacity-50 [&_svg]:pointer-events-none [&_svg:not([class*='size-'])]:size-4 shrink-0 [&_svg]:shrink-0 outline-none focus-visible:border-ring focus-visible:ring-ring/50 focus-visible:ring-[3px] aria-invalid:ring-destructive/20 dark:aria-invalid:ring-destructive/40 aria-invalid:border-destructive text-primary-foreground shadow-xs h-9 px-4 py-2 has-[>svg]:px-3 bg-green-600 hover:bg-green-700"[39m
        [33mdata-slot[39m=[32m"button"[39m
        [33mdisabled[39m=[32m""[39m
      [36m/>[39m

      --------------------------------------------------
      textbox:

      Name "":
      [36m<input[39m
        [33mclass[39m=[32m"file:text-foreground placeholder:text-muted-foreground selection:bg-primary selection:text-primary-foreground dark:bg-input/30 border-input flex h-9 w-full min-w-0 rounded-md border bg-transparent px-3 py-1 text-base shadow-xs transition-[color,box-shadow] outline-none file:inline-flex file:h-7 file:border-0 file:bg-transparent file:text-sm file:font-medium disabled:pointer-events-none disabled:cursor-not-allowed disabled:opacity-50 md:text-sm focus-visible:border-ring focus-visible:ring-ring/50 focus-visible:ring-[3px] aria-invalid:ring-destructive/20 dark:aria-invalid:ring-destructive/40 aria-invalid:border-destructive"[39m
        [33mdata-slot[39m=[32m"input"[39m
        [33mplaceholder[39m=[32m"Add custom role..."[39m
        [33mvalue[39m=[32m""[39m
      [36m/>[39m

      Name "":
      [36m<input[39m
        [33mclass[39m=[32m"file:text-foreground placeholder:text-muted-foreground selection:bg-primary selection:text-primary-foreground dark:bg-input/30 border-input flex h-9 w-full min-w-0 rounded-md border bg-transparent px-3 py-1 text-base shadow-xs transition-[color,box-shadow] outline-none file:inline-flex file:h-7 file:border-0 file:bg-transparent file:text-sm file:font-medium disabled:pointer-events-none disabled:cursor-not-allowed disabled:opacity-50 md:text-sm focus-visible:border-ring focus-visible:ring-ring/50 focus-visible:ring-[3px] aria-invalid:ring-destructive/20 dark:aria-invalid:ring-destructive/40 aria-invalid:border-destructive"[39m
        [33mdata-slot[39m=[32m"input"[39m
        [33mplaceholder[39m=[32m"Add custom industry..."[39m
        [33mvalue[39m=[32m""[39m
      [36m/>[39m

      Name "":
      [36m<input[39m
        [33mclass[39m=[32m"file:text-foreground placeholder:text-muted-foreground selection:bg-primary selection:text-primary-foreground dark:bg-input/30 border-input flex h-9 w-full min-w-0 rounded-md border bg-transparent px-3 py-1 text-base shadow-xs transition-[color,box-shadow] outline-none file:inline-flex file:h-7 file:border-0 file:bg-transparent file:text-sm file:font-medium disabled:pointer-events-none disabled:cursor-not-allowed disabled:opacity-50 md:text-sm focus-visible:border-ring focus-visible:ring-ring/50 focus-visible:ring-[3px] aria-invalid:ring-destructive/20 dark:aria-invalid:ring-destructive/40 aria-invalid:border-destructive"[39m
        [33mdata-slot[39m=[32m"input"[39m
        [33mplaceholder[39m=[32m"Add location (e.g., San Francisco, Remote, New York)..."[39m
        [33mvalue[39m=[32m""[39m
      [36m/>[39m

      --------------------------------------------------
      radio:

      Name "Entry Level":
      [36m<input[39m
        [33mclass[39m=[32m"h-4 w-4 text-blue-600"[39m
        [33mname[39m=[32m"careerLevel"[39m
        [33mtype[39m=[32m"radio"[39m
        [33mvalue[39m=[32m"entry"[39m
      [36m/>[39m

      Name "Mid Level":
      [36m<input[39m
        [33mclass[39m=[32m"h-4 w-4 text-blue-600"[39m
        [33mname[39m=[32m"careerLevel"[39m
        [33mtype[39m=[32m"radio"[39m
        [33mvalue[39m=[32m"mid"[39m
      [36m/>[39m

      Name "Senior Level":
      [36m<input[39m
        [33mclass[39m=[32m"h-4 w-4 text-blue-600"[39m
        [33mname[39m=[32m"careerLevel"[39m
        [33mtype[39m=[32m"radio"[39m
        [33mvalue[39m=[32m"senior"[39m
      [36m/>[39m

      Name "Lead/Principal":
      [36m<input[39m
        [33mclass[39m=[32m"h-4 w-4 text-blue-600"[39m
        [33mname[39m=[32m"careerLevel"[39m
        [33mtype[39m=[32m"radio"[39m
        [33mvalue[39m=[32m"lead"[39m
      [36m/>[39m

      Name "Executive/C-Level":
      [36m<input[39m
        [33mclass[39m=[32m"h-4 w-4 text-blue-600"[39m
        [33mname[39m=[32m"careerLevel"[39m
        [33mtype[39m=[32m"radio"[39m
        [33mvalue[39m=[32m"executive"[39m
      [36m/>[39m

      Name "0-1 years":
      [36m<input[39m
        [33mclass[39m=[32m"h-4 w-4 text-blue-600"[39m
        [33mname[39m=[32m"yearsOfExperience"[39m
        [33mtype[39m=[32m"radio"[39m
        [33mvalue[39m=[32m"0-1"[39m
      [36m/>[39m

      Name "2-3 years":
      [36m<input[39m
        [33mclass[39m=[32m"h-4 w-4 text-blue-600"[39m
        [33mname[39m=[32m"yearsOfExperience"[39m
        [33mtype[39m=[32m"radio"[39m
        [33mvalue[39m=[32m"2-3"[39m
      [36m/>[39m

      Name "4-5 years":
      [36m<input[39m
        [33mclass[39m=[32m"h-4 w-4 text-blue-600"[39m
        [33mname[39m=[32m"yearsOfExperience"[39m
        [33mtype[39m=[32m"radio"[39m
        [33mvalue[39m=[32m"4-5"[39m
      [36m/>[39m

      Name "6-10 years":
      [36m<input[39m
        [33mclass[39m=[32m"h-4 w-4 text-blue-600"[39m
        [33mname[39m=[32m"yearsOfExperience"[39m
        [33mtype[39m=[32m"radio"[39m
        [33mvalue[39m=[32m"6-10"[39m
      [36m/>[39m

      Name "11-15 years":
      [36m<input[39m
        [33mclass[39m=[32m"h-4 w-4 text-blue-600"[39m
        [33mname[39m=[32m"yearsOfExperience"[39m
        [33mtype[39m=[32m"radio"[39m
        [33mvalue[39m=[32m"11-15"[39m
      [36m/>[39m

      Name "16+ years":
      [36m<input[39m
        [33mclass[39m=[32m"h-4 w-4 text-blue-600"[39m
        [33mname[39m=[32m"yearsOfExperience"[39m
        [33mtype[39m=[32m"radio"[39m
        [33mvalue[39m=[32m"16+"[39m
      [36m/>[39m

      --------------------------------------------------

    Ignored nodes: comments, script, style
    [36m<body>[39m
      [36m<div>[39m
        [36m<div[39m
          [33mclass[39m=[32m"max-w-2xl mx-auto space-y-6"[39m
        [36m>[39m
          [36m<div[39m
            [33mclass[39m=[32m"text-center space-y-4"[39m
          [36m>[39m
            [36m<div[39m
              [33mclass[39m=[32m"flex justify-center"[39m
            [36m>[39m
              [36m<div[39m
                [33mclass[39m=[32m"p-3 bg-green-100 rounded-full"[39m
              [36m>[39m
                [36m<svg[39m
                  [33maria-hidden[39m=[32m"true"[39m
                  [33mclass[39m=[32m"lucide lucide-target h-8 w-8 text-green-600"[39m
                  [33mfill[39m=[32m"none"[39m
                  [33mheight[39m=[32m"24"[39m
                  [33mstroke[39m=[32m"currentColor"[39m
                  [33mstroke-linecap[39m=[32m"round"[39m
                  [33mstroke-linejoin[39m=[32m"round"[39m
                  [33mstroke-width[39m=[32m"2"[39m
                  [33mviewBox[39m=[32m"0 0 24 24"[39m
                  [33mwidth[39m=[32m"24"[39m
                  [33mxmlns[39m=[32m"http://www.w3.org/2000/svg"[39m
                [36m>[39m
                  [36m<circle[39m
                    [33mcx[39m=[32m"12"[39m
                    [33mcy[39m=[32m"12"[39m
                    [33mr[39m=[32m"10"[39m
                  [36m/>[39m
                  [36m<circle[39m
                    [33mcx[39m=[32m"12"[39m
                    [33mcy[39m=[32m"12"[39m
                    [33mr[39m=[32m"6"[39m
                  [36m/>[39m
                  [36m<circle[39m
                    [33mcx[39m=[32m"12"[39m
                    [33mcy[39m=[32m"12"[39m
                    [33mr[39m=[32m"2"[39m
                  [36m/>[39m
                [36m</svg>[39m
              [36m</div>[39m
            [36m</div>[39m
            [36m<h2[39m
              [33mclass[39m=[32m"text-2xl font-bold text-gray-900"[39m
            [36m>[39m
              [0mTell Us About Your Goals[0m
            [36m</h2>[39m
            [36m<p[39m
              [33mclass[39m=[32m"text-gray-600"[39m
            [36m>[39m
              [0mHelp us personalize your experience by sharing your career interests and target roles.[0m
            [36m</p>[39m
          [36m</div>[39m
          [36m<div[39m
            [33mclass[39m=[32m"bg-card text-card-foreground flex flex-col gap-6 rounded-xl border py-6 shadow-sm"[39m
            [33mdata-slot[39m=[32m"card"[39m
          [36m>[39m
            [36m<div[39m
              [33mclass[39m=[32m"@container/card-header grid auto-rows-min grid-rows-[auto_auto] items-start gap-1.5 px-6 has-data-[slot=card-action]:grid-cols-[1fr_auto] [.border-b]:pb-6"[39m
              [33mdata-slot[39m=[32m"card-header"[39m
            [36m>[39m
              [36m<div[39m
                [33mclass[39m=[32m"leading-none font-semibold flex items-center gap-2"[39m
                [33mdata-slot[39m=[32m"card-title"[39m
              [36m>[39m
                [36m<svg[39m
                  [33maria-hidden[39m=[32m"true"[39m
                  [33mclass[39m=[32m"lucide lucide-briefcase h-5 w-5"[39m
                  [33mfill[39m=[32m"none"[39m
                  [33mheight[39m=[32m"24"[39m
                  [33mstroke[39m=[32m"currentColor"[39m
                  [33mstroke-linecap[39m=[32m"round"[39m
                  [33mstroke-linejoin[39m=[32m"round"[39m
                  [33mstroke-width[39m=[32m"2"[39m
                  [33mviewBox[39m=[32m"0 0 24 24"[39m
                  [33mwidth[39m=[32m"24"[39m
                  [33mxmlns[39m=[32m"http://www.w3.org/2000/svg"[39m
                [36m>[39m
                  [36m<path[39m
                    [33md[39m=[32m"M16 20V4a2 2 0 0 0-2-2h-4a2 2 0 0 0-2 2v16"[39m
                  [36m/>[39m
                  [36m<rect[39m
                    [33mheight[39m=[32m"14"[39m
                    [33mrx[39m=[32m"2"[39m
                    [33mwidth[39m=[32m"20"[39m
                    [33mx[39m=[32m"2"[39m
                    [33my[39m=[32m"6"[39m
                  [36m/>[39m
                [36m</svg>[39m
                [0mTarget Roles[0m
              [36m</div>[39m
              [36m<div[39m
                [33mclass[39m=[32m"text-muted-foreground text-sm"[39m
                [33mdata-slot[39m=[32m"card-description"[39m
              [36m>[39m
                [0mWhat management or leadership roles are you interested in?[0m
              [36m</div>[39m
            [36m</div>[39m
            [36m<div[39m
              [33mclass[39m=[32m"px-6 space-y-4"[39m
              [33mdata-slot[39m=[32m"card-content"[39m
            [36m>[39m
              [36m<div[39m
                [33mclass[39m=[32m"space-y-2"[39m
              [36m>[39m
                [36m<label[39m
                  [33mclass[39m=[32m"flex items-center gap-2 select-none group-data-[disabled=true]:pointer-events-none group-data-[disabled=true]:opacity-50 peer-disabled:cursor-not-allowed peer-disabled:opacity-50 text-sm font-medium"[39m
                  [33mdata-slot[39m=[32m"label"[39m
                [36m>[39m
                  [0mPopular Roles[0m
                [36m</label>[39m
                [36m<div[39m
                  [33mclass[39m=[32m"flex flex-wrap gap-2"[39m
                [36m>[39m
                  [36m<button[39m
                    [33mclass[39m=[32m"inline-flex items-center justify-center whitespace-nowrap font-medium transition-all disabled:pointer-events-none disabled:opacity-50 [&_svg]:pointer-events-none [&_svg:not([class*='size-'])]:size-4 shrink-0 [&_svg]:shrink-0 outline-none focus-visible:border-ring focus-visible:ring-ring/50 focus-visible:ring-[3px] aria-invalid:ring-destructive/20 dark:aria-invalid:ring-destructive/40 aria-invalid:border-destructive border bg-background shadow-xs hover:bg-accent hover:text-accent-foreground dark:bg-input/30 dark:border-input dark:hover:bg-input/50 h-8 rounded-md gap-1.5 px-3 has-[>svg]:px-2.5 text-xs"[39m
                    [33mdata-slot[39m=[32m"button"[39m
                  [36m>[39m
                    [0mEngineering Manager[0m
                  [36m</button>[39m
                  [36m<button[39m
                    [33mclass[39m=[32m"inline-flex items-center justify-center whitespace-nowrap font-medium transition-all disabled:pointer-events-none disabled:opacity-50 [&_svg]:pointer-events-none [&_svg:not([class*='size-'])]:size-4 shrink-0 [&_svg]:shrink-0 outline-none focus-visible:border-ring focus-visible:ring-ring/50 focus-visible:ring-[3px] aria-invalid:ring-destructive/20 dark:aria-invalid:ring-destructive/40 aria-invalid:border-destructive border bg-background shadow-xs hover:bg-accent hover:text-accent-foreground dark:bg-input/30 dark:border-input dark:hover:bg-input/50 h-8 rounded-md gap-1.5 px-3 has-[>svg]:px-2.5 text-xs"[39m
                    [33mdata-slot[39m=[32m"button"[39m
                  [36m>[39m
                    [0mProduct Manager[0m
                  [36m</button>[39m
                  [36m<button[39m
                    [33mclass[39m=[32m"inline-flex items-center justify-center whitespace-nowrap font-medium transition-all disabled:pointer-events-none disable...

      54 |     
      55 |     const customIndustryInput = screen.getByPlaceholderText('Add custom industry...');
    > 56 |     const addButtons = screen.getAllByRole('button', { name: /plus/i });
         |                               ^
      57 |     const addIndustryButton = addButtons[1]; // Second plus button is for industries
      58 |     
      59 |     fireEvent.change(customIndustryInput, { target: { value: 'Custom Industry' } });

      at Object.getElementError (node_modules/@testing-library/dom/dist/config.js:37:19)
      at node_modules/@testing-library/dom/dist/query-helpers.js:76:38
      at node_modules/@testing-library/dom/dist/query-helpers.js:109:15
      at Object.getAllByRole (src/components/onboarding/__tests__/job-interests-step.test.tsx:56:31)

  ● JobInterestsStep › enables continue button when form is valid

    TestingLibraryElementError: Unable to find an accessible element with the role "button" and name `/plus/i`

    Here are the accessible roles:

      heading:

      Name "Tell Us About Your Goals":
      [36m<h2[39m
        [33mclass[39m=[32m"text-2xl font-bold text-gray-900"[39m
      [36m/>[39m

      --------------------------------------------------
      paragraph:

      Name "":
      [36m<p[39m
        [33mclass[39m=[32m"text-gray-600"[39m
      [36m/>[39m

      --------------------------------------------------
      button:

      Name "Engineering Manager":
      [36m<button[39m
        [33mclass[39m=[32m"inline-flex items-center justify-center whitespace-nowrap font-medium transition-all disabled:pointer-events-none disabled:opacity-50 [&_svg]:pointer-events-none [&_svg:not([class*='size-'])]:size-4 shrink-0 [&_svg]:shrink-0 outline-none focus-visible:border-ring focus-visible:ring-ring/50 focus-visible:ring-[3px] aria-invalid:ring-destructive/20 dark:aria-invalid:ring-destructive/40 aria-invalid:border-destructive border bg-background shadow-xs hover:bg-accent hover:text-accent-foreground dark:bg-input/30 dark:border-input dark:hover:bg-input/50 h-8 rounded-md gap-1.5 px-3 has-[>svg]:px-2.5 text-xs"[39m
        [33mdata-slot[39m=[32m"button"[39m
      [36m/>[39m

      Name "Product Manager":
      [36m<button[39m
        [33mclass[39m=[32m"inline-flex items-center justify-center whitespace-nowrap font-medium transition-all disabled:pointer-events-none disabled:opacity-50 [&_svg]:pointer-events-none [&_svg:not([class*='size-'])]:size-4 shrink-0 [&_svg]:shrink-0 outline-none focus-visible:border-ring focus-visible:ring-ring/50 focus-visible:ring-[3px] aria-invalid:ring-destructive/20 dark:aria-invalid:ring-destructive/40 aria-invalid:border-destructive border bg-background shadow-xs hover:bg-accent hover:text-accent-foreground dark:bg-input/30 dark:border-input dark:hover:bg-input/50 h-8 rounded-md gap-1.5 px-3 has-[>svg]:px-2.5 text-xs"[39m
        [33mdata-slot[39m=[32m"button"[39m
      [36m/>[39m

      Name "Technical Lead":
      [36m<button[39m
        [33mclass[39m=[32m"inline-flex items-center justify-center whitespace-nowrap font-medium transition-all disabled:pointer-events-none disabled:opacity-50 [&_svg]:pointer-events-none [&_svg:not([class*='size-'])]:size-4 shrink-0 [&_svg]:shrink-0 outline-none focus-visible:border-ring focus-visible:ring-ring/50 focus-visible:ring-[3px] aria-invalid:ring-destructive/20 dark:aria-invalid:ring-destructive/40 aria-invalid:border-destructive border bg-background shadow-xs hover:bg-accent hover:text-accent-foreground dark:bg-input/30 dark:border-input dark:hover:bg-input/50 h-8 rounded-md gap-1.5 px-3 has-[>svg]:px-2.5 text-xs"[39m
        [33mdata-slot[39m=[32m"button"[39m
      [36m/>[39m

      Name "Senior Software Engineer":
      [36m<button[39m
        [33mclass[39m=[32m"inline-flex items-center justify-center whitespace-nowrap font-medium transition-all disabled:pointer-events-none disabled:opacity-50 [&_svg]:pointer-events-none [&_svg:not([class*='size-'])]:size-4 shrink-0 [&_svg]:shrink-0 outline-none focus-visible:border-ring focus-visible:ring-ring/50 focus-visible:ring-[3px] aria-invalid:ring-destructive/20 dark:aria-invalid:ring-destructive/40 aria-invalid:border-destructive border bg-background shadow-xs hover:bg-accent hover:text-accent-foreground dark:bg-input/30 dark:border-input dark:hover:bg-input/50 h-8 rounded-md gap-1.5 px-3 has-[>svg]:px-2.5 text-xs"[39m
        [33mdata-slot[39m=[32m"button"[39m
      [36m/>[39m

      Name "Data Science Manager":
      [36m<button[39m
        [33mclass[39m=[32m"inline-flex items-center justify-center whitespace-nowrap font-medium transition-all disabled:pointer-events-none disabled:opacity-50 [&_svg]:pointer-events-none [&_svg:not([class*='size-'])]:size-4 shrink-0 [&_svg]:shrink-0 outline-none focus-visible:border-ring focus-visible:ring-ring/50 focus-visible:ring-[3px] aria-invalid:ring-destructive/20 dark:aria-invalid:ring-destructive/40 aria-invalid:border-destructive border bg-background shadow-xs hover:bg-accent hover:text-accent-foreground dark:bg-input/30 dark:border-input dark:hover:bg-input/50 h-8 rounded-md gap-1.5 px-3 has-[>svg]:px-2.5 text-xs"[39m
        [33mdata-slot[39m=[32m"button"[39m
      [36m/>[39m

      Name "Marketing Manager":
      [36m<button[39m
        [33mclass[39m=[32m"inline-flex items-center justify-center whitespace-nowrap font-medium transition-all disabled:pointer-events-none disabled:opacity-50 [&_svg]:pointer-events-none [&_svg:not([class*='size-'])]:size-4 shrink-0 [&_svg]:shrink-0 outline-none focus-visible:border-ring focus-visible:ring-ring/50 focus-visible:ring-[3px] aria-invalid:ring-destructive/20 dark:aria-invalid:ring-destructive/40 aria-invalid:border-destructive border bg-background shadow-xs hover:bg-accent hover:text-accent-foreground dark:bg-input/30 dark:border-input dark:hover:bg-input/50 h-8 rounded-md gap-1.5 px-3 has-[>svg]:px-2.5 text-xs"[39m
        [33mdata-slot[39m=[32m"button"[39m
      [36m/>[39m

      Name "Sales Manager":
      [36m<button[39m
        [33mclass[39m=[32m"inline-flex items-center justify-center whitespace-nowrap font-medium transition-all disabled:pointer-events-none disabled:opacity-50 [&_svg]:pointer-events-none [&_svg:not([class*='size-'])]:size-4 shrink-0 [&_svg]:shrink-0 outline-none focus-visible:border-ring focus-visible:ring-ring/50 focus-visible:ring-[3px] aria-invalid:ring-destructive/20 dark:aria-invalid:ring-destructive/40 aria-invalid:border-destructive border bg-background shadow-xs hover:bg-accent hover:text-accent-foreground dark:bg-input/30 dark:border-input dark:hover:bg-input/50 h-8 rounded-md gap-1.5 px-3 has-[>svg]:px-2.5 text-xs"[39m
        [33mdata-slot[39m=[32m"button"[39m
      [36m/>[39m

      Name "Operations Manager":
      [36m<button[39m
        [33mclass[39m=[32m"inline-flex items-center justify-center whitespace-nowrap font-medium transition-all disabled:pointer-events-none disabled:opacity-50 [&_svg]:pointer-events-none [&_svg:not([class*='size-'])]:size-4 shrink-0 [&_svg]:shrink-0 outline-none focus-visible:border-ring focus-visible:ring-ring/50 focus-visible:ring-[3px] aria-invalid:ring-destructive/20 dark:aria-invalid:ring-destructive/40 aria-invalid:border-destructive border bg-background shadow-xs hover:bg-accent hover:text-accent-foreground dark:bg-input/30 dark:border-input dark:hover:bg-input/50 h-8 rounded-md gap-1.5 px-3 has-[>svg]:px-2.5 text-xs"[39m
        [33mdata-slot[39m=[32m"button"[39m
      [36m/>[39m

      Name "Project Manager":
      [36m<button[39m
        [33mclass[39m=[32m"inline-flex items-center justify-center whitespace-nowrap font-medium transition-all disabled:pointer-events-none disabled:opacity-50 [&_svg]:pointer-events-none [&_svg:not([class*='size-'])]:size-4 shrink-0 [&_svg]:shrink-0 outline-none focus-visible:border-ring focus-visible:ring-ring/50 focus-visible:ring-[3px] aria-invalid:ring-destructive/20 dark:aria-invalid:ring-destructive/40 aria-invalid:border-destructive border bg-background shadow-xs hover:bg-accent hover:text-accent-foreground dark:bg-input/30 dark:border-input dark:hover:bg-input/50 h-8 rounded-md gap-1.5 px-3 has-[>svg]:px-2.5 text-xs"[39m
        [33mdata-slot[39m=[32m"button"[39m
      [36m/>[39m

      Name "Design Manager":
      [36m<button[39m
        [33mclass[39m=[32m"inline-flex items-center justify-center whitespace-nowrap font-medium transition-all disabled:pointer-events-none disabled:opacity-50 [&_svg]:pointer-events-none [&_svg:not([class*='size-'])]:size-4 shrink-0 [&_svg]:shrink-0 outline-none focus-visible:border-ring focus-visible:ring-ring/50 focus-visible:ring-[3px] aria-invalid:ring-destructive/20 dark:aria-invalid:ring-destructive/40 aria-invalid:border-destructive border bg-background shadow-xs hover:bg-accent hover:text-accent-foreground dark:bg-input/30 dark:border-input dark:hover:bg-input/50 h-8 rounded-md gap-1.5 px-3 has-[>svg]:px-2.5 text-xs"[39m
        [33mdata-slot[39m=[32m"button"[39m
      [36m/>[39m

      Name "DevOps Manager":
      [36m<button[39m
        [33mclass[39m=[32m"inline-flex items-center justify-center whitespace-nowrap font-medium transition-all disabled:pointer-events-none disabled:opacity-50 [&_svg]:pointer-events-none [&_svg:not([class*='size-'])]:size-4 shrink-0 [&_svg]:shrink-0 outline-none focus-visible:border-ring focus-visible:ring-ring/50 focus-visible:ring-[3px] aria-invalid:ring-destructive/20 dark:aria-invalid:ring-destructive/40 aria-invalid:border-destructive border bg-background shadow-xs hover:bg-accent hover:text-accent-foreground dark:bg-input/30 dark:border-input dark:hover:bg-input/50 h-8 rounded-md gap-1.5 px-3 has-[>svg]:px-2.5 text-xs"[39m
        [33mdata-slot[39m=[32m"button"[39m
      [36m/>[39m

      Name "QA Manager":
      [36m<button[39m
        [33mclass[39m=[32m"inline-flex items-center justify-center whitespace-nowrap font-medium transition-all disabled:pointer-events-none disabled:opacity-50 [&_svg]:pointer-events-none [&_svg:not([class*='size-'])]:size-4 shrink-0 [&_svg]:shrink-0 outline-none focus-visible:border-ring focus-visible:ring-ring/50 focus-visible:ring-[3px] aria-invalid:ring-destructive/20 dark:aria-invalid:ring-destructive/40 aria-invalid:border-destructive border bg-background shadow-xs hover:bg-accent hover:text-accent-foreground dark:bg-input/30 dark:border-input dark:hover:bg-input/50 h-8 rounded-md gap-1.5 px-3 has-[>svg]:px-2.5 text-xs"[39m
        [33mdata-slot[39m=[32m"button"[39m
      [36m/>[39m

      Name "":
      [36m<button[39m
        [33mclass[39m=[32m"inline-flex items-center justify-center whitespace-nowrap text-sm font-medium transition-all disabled:pointer-events-none disabled:opacity-50 [&_svg]:pointer-events-none [&_svg:not([class*='size-'])]:size-4 shrink-0 [&_svg]:shrink-0 outline-none focus-visible:border-ring focus-visible:ring-ring/50 focus-visible:ring-[3px] aria-invalid:ring-destructive/20 dark:aria-invalid:ring-destructive/40 aria-invalid:border-destructive bg-primary text-primary-foreground shadow-xs hover:bg-primary/90 h-8 rounded-md gap-1.5 px-3 has-[>svg]:px-2.5"[39m
        [33mdata-slot[39m=[32m"button"[39m
        [33mdisabled[39m=[32m""[39m
      [36m/>[39m

      Name "Technology":
      [36m<button[39m
        [33mclass[39m=[32m"inline-flex items-center justify-center whitespace-nowrap font-medium transition-all disabled:pointer-events-none disabled:opacity-50 [&_svg]:pointer-events-none [&_svg:not([class*='size-'])]:size-4 shrink-0 [&_svg]:shrink-0 outline-none focus-visible:border-ring focus-visible:ring-ring/50 focus-visible:ring-[3px] aria-invalid:ring-destructive/20 dark:aria-invalid:ring-destructive/40 aria-invalid:border-destructive border bg-background shadow-xs hover:bg-accent hover:text-accent-foreground dark:bg-input/30 dark:border-input dark:hover:bg-input/50 h-8 rounded-md gap-1.5 px-3 has-[>svg]:px-2.5 text-xs"[39m
        [33mdata-slot[39m=[32m"button"[39m
      [36m/>[39m

      Name "Healthcare":
      [36m<button[39m
        [33mclass[39m=[32m"inline-flex items-center justify-center whitespace-nowrap font-medium transition-all disabled:pointer-events-none disabled:opacity-50 [&_svg]:pointer-events-none [&_svg:not([class*='size-'])]:size-4 shrink-0 [&_svg]:shrink-0 outline-none focus-visible:border-ring focus-visible:ring-ring/50 focus-visible:ring-[3px] aria-invalid:ring-destructive/20 dark:aria-invalid:ring-destructive/40 aria-invalid:border-destructive border bg-background shadow-xs hover:bg-accent hover:text-accent-foreground dark:bg-input/30 dark:border-input dark:hover:bg-input/50 h-8 rounded-md gap-1.5 px-3 has-[>svg]:px-2.5 text-xs"[39m
        [33mdata-slot[39m=[32m"button"[39m
      [36m/>[39m

      Name "Finance":
      [36m<button[39m
        [33mclass[39m=[32m"inline-flex items-center justify-center whitespace-nowrap font-medium transition-all disabled:pointer-events-none disabled:opacity-50 [&_svg]:pointer-events-none [&_svg:not([class*='size-'])]:size-4 shrink-0 [&_svg]:shrink-0 outline-none focus-visible:border-ring focus-visible:ring-ring/50 focus-visible:ring-[3px] aria-invalid:ring-destructive/20 dark:aria-invalid:ring-destructive/40 aria-invalid:border-destructive border bg-background shadow-xs hover:bg-accent hover:text-accent-foreground dark:bg-input/30 dark:border-input dark:hover:bg-input/50 h-8 rounded-md gap-1.5 px-3 has-[>svg]:px-2.5 text-xs"[39m
        [33mdata-slot[39m=[32m"button"[39m
      [36m/>[39m

      Name "E-commerce":
      [36m<button[39m
        [33mclass[39m=[32m"inline-flex items-center justify-center whitespace-nowrap font-medium transition-all disabled:pointer-events-none disabled:opacity-50 [&_svg]:pointer-events-none [&_svg:not([class*='size-'])]:size-4 shrink-0 [&_svg]:shrink-0 outline-none focus-visible:border-ring focus-visible:ring-ring/50 focus-visible:ring-[3px] aria-invalid:ring-destructive/20 dark:aria-invalid:ring-destructive/40 aria-invalid:border-destructive border bg-background shadow-xs hover:bg-accent hover:text-accent-foreground dark:bg-input/30 dark:border-input dark:hover:bg-input/50 h-8 rounded-md gap-1.5 px-3 has-[>svg]:px-2.5 text-xs"[39m
        [33mdata-slot[39m=[32m"button"[39m
      [36m/>[39m

      Name "Education":
      [36m<button[39m
        [33mclass[39m=[32m"inline-flex items-center justify-center whitespace-nowrap font-medium transition-all disabled:pointer-events-none disabled:opacity-50 [&_svg]:pointer-events-none [&_svg:not([class*='size-'])]:size-4 shrink-0 [&_svg]:shrink-0 outline-none focus-visible:border-ring focus-visible:ring-ring/50 focus-visible:ring-[3px] aria-invalid:ring-destructive/20 dark:aria-invalid:ring-destructive/40 aria-invalid:border-destructive border bg-background shadow-xs hover:bg-accent hover:text-accent-foreground dark:bg-input/30 dark:border-input dark:hover:bg-input/50 h-8 rounded-md gap-1.5 px-3 has-[>svg]:px-2.5 text-xs"[39m
        [33mdata-slot[39m=[32m"button"[39m
      [36m/>[39m

      Name "Manufacturing":
      [36m<button[39m
        [33mclass[39m=[32m"inline-flex items-center justify-center whitespace-nowrap font-medium transition-all disabled:pointer-events-none disabled:opacity-50 [&_svg]:pointer-events-none [&_svg:not([class*='size-'])]:size-4 shrink-0 [&_svg]:shrink-0 outline-none focus-visible:border-ring focus-visible:ring-ring/50 focus-visible:ring-[3px] aria-invalid:ring-destructive/20 dark:aria-invalid:ring-destructive/40 aria-invalid:border-destructive border bg-background shadow-xs hover:bg-accent hover:text-accent-foreground dark:bg-input/30 dark:border-input dark:hover:bg-input/50 h-8 rounded-md gap-1.5 px-3 has-[>svg]:px-2.5 text-xs"[39m
        [33mdata-slot[39m=[32m"button"[39m
      [36m/>[39m

      Name "Consulting":
      [36m<button[39m
        [33mclass[39m=[32m"inline-flex items-center justify-center whitespace-nowrap font-medium transition-all disabled:pointer-events-none disabled:opacity-50 [&_svg]:pointer-events-none [&_svg:not([class*='size-'])]:size-4 shrink-0 [&_svg]:shrink-0 outline-none focus-visible:border-ring focus-visible:ring-ring/50 focus-visible:ring-[3px] aria-invalid:ring-destructive/20 dark:aria-invalid:ring-destructive/40 aria-invalid:border-destructive border bg-background shadow-xs hover:bg-accent hover:text-accent-foreground dark:bg-input/30 dark:border-input dark:hover:bg-input/50 h-8 rounded-md gap-1.5 px-3 has-[>svg]:px-2.5 text-xs"[39m
        [33mdata-slot[39m=[32m"button"[39m
      [36m/>[39m

      Name "Media & Entertainment":
      [36m<button[39m
        [33mclass[39m=[32m"inline-flex items-center justify-center whitespace-nowrap font-medium transition-all disabled:pointer-events-none disabled:opacity-50 [&_svg]:pointer-events-none [&_svg:not([class*='size-'])]:size-4 shrink-0 [&_svg]:shrink-0 outline-none focus-visible:border-ring focus-visible:ring-ring/50 focus-visible:ring-[3px] aria-invalid:ring-destructive/20 dark:aria-invalid:ring-destructive/40 aria-invalid:border-destructive border bg-background shadow-xs hover:bg-accent hover:text-accent-foreground dark:bg-input/30 dark:border-input dark:hover:bg-input/50 h-8 rounded-md gap-1.5 px-3 has-[>svg]:px-2.5 text-xs"[39m
        [33mdata-slot[39m=[32m"button"[39m
      [36m/>[39m

      Name "Real Estate":
      [36m<button[39m
        [33mclass[39m=[32m"inline-flex items-center justify-center whitespace-nowrap font-medium transition-all disabled:pointer-events-none disabled:opacity-50 [&_svg]:pointer-events-none [&_svg:not([class*='size-'])]:size-4 shrink-0 [&_svg]:shrink-0 outline-none focus-visible:border-ring focus-visible:ring-ring/50 focus-visible:ring-[3px] aria-invalid:ring-destructive/20 dark:aria-invalid:ring-destructive/40 aria-invalid:border-destructive border bg-background shadow-xs hover:bg-accent hover:text-accent-foreground dark:bg-input/30 dark:border-input dark:hover:bg-input/50 h-8 rounded-md gap-1.5 px-3 has-[>svg]:px-2.5 text-xs"[39m
        [33mdata-slot[39m=[32m"button"[39m
      [36m/>[39m

      Name "Government":
      [36m<button[39m
        [33mclass[39m=[32m"inline-flex items-center justify-center whitespace-nowrap font-medium transition-all disabled:pointer-events-none disabled:opacity-50 [&_svg]:pointer-events-none [&_svg:not([class*='size-'])]:size-4 shrink-0 [&_svg]:shrink-0 outline-none focus-visible:border-ring focus-visible:ring-ring/50 focus-visible:ring-[3px] aria-invalid:ring-destructive/20 dark:aria-invalid:ring-destructive/40 aria-invalid:border-destructive border bg-background shadow-xs hover:bg-accent hover:text-accent-foreground dark:bg-input/30 dark:border-input dark:hover:bg-input/50 h-8 rounded-md gap-1.5 px-3 has-[>svg]:px-2.5 text-xs"[39m
        [33mdata-slot[39m=[32m"button"[39m
      [36m/>[39m

      Name "Non-profit":
      [36m<button[39m
        [33mclass[39m=[32m"inline-flex items-center justify-center whitespace-nowrap font-medium transition-all disabled:pointer-events-none disabled:opacity-50 [&_svg]:pointer-events-none [&_svg:not([class*='size-'])]:size-4 shrink-0 [&_svg]:shrink-0 outline-none focus-visible:border-ring focus-visible:ring-ring/50 focus-visible:ring-[3px] aria-invalid:ring-destructive/20 dark:aria-invalid:ring-destructive/40 aria-invalid:border-destructive border bg-background shadow-xs hover:bg-accent hover:text-accent-foreground dark:bg-input/30 dark:border-input dark:hover:bg-input/50 h-8 rounded-md gap-1.5 px-3 has-[>svg]:px-2.5 text-xs"[39m
        [33mdata-slot[39m=[32m"button"[39m
      [36m/>[39m

      Name "Startups":
      [36m<button[39m
        [33mclass[39m=[32m"inline-flex items-center justify-center whitespace-nowrap font-medium transition-all disabled:pointer-events-none disabled:opacity-50 [&_svg]:pointer-events-none [&_svg:not([class*='size-'])]:size-4 shrink-0 [&_svg]:shrink-0 outline-none focus-visible:border-ring focus-visible:ring-ring/50 focus-visible:ring-[3px] aria-invalid:ring-destructive/20 dark:aria-invalid:ring-destructive/40 aria-invalid:border-destructive border bg-background shadow-xs hover:bg-accent hover:text-accent-foreground dark:bg-input/30 dark:border-input dark:hover:bg-input/50 h-8 rounded-md gap-1.5 px-3 has-[>svg]:px-2.5 text-xs"[39m
        [33mdata-slot[39m=[32m"button"[39m
      [36m/>[39m

      Name "":
      [36m<button[39m
        [33mclass[39m=[32m"inline-flex items-center justify-center whitespace-nowrap text-sm font-medium transition-all disabled:pointer-events-none disabled:opacity-50 [&_svg]:pointer-events-none [&_svg:not([class*='size-'])]:size-4 shrink-0 [&_svg]:shrink-0 outline-none focus-visible:border-ring focus-visible:ring-ring/50 focus-visible:ring-[3px] aria-invalid:ring-destructive/20 dark:aria-invalid:ring-destructive/40 aria-invalid:border-destructive bg-primary text-primary-foreground shadow-xs hover:bg-primary/90 h-8 rounded-md gap-1.5 px-3 has-[>svg]:px-2.5"[39m
        [33mdata-slot[39m=[32m"button"[39m
        [33mdisabled[39m=[32m""[39m
      [36m/>[39m

      Name "":
      [36m<button[39m
        [33mclass[39m=[32m"inline-flex items-center justify-center whitespace-nowrap text-sm font-medium transition-all disabled:pointer-events-none disabled:opacity-50 [&_svg]:pointer-events-none [&_svg:not([class*='size-'])]:size-4 shrink-0 [&_svg]:shrink-0 outline-none focus-visible:border-ring focus-visible:ring-ring/50 focus-visible:ring-[3px] aria-invalid:ring-destructive/20 dark:aria-invalid:ring-destructive/40 aria-invalid:border-destructive bg-primary text-primary-foreground shadow-xs hover:bg-primary/90 h-8 rounded-md gap-1.5 px-3 has-[>svg]:px-2.5"[39m
        [33mdata-slot[39m=[32m"button"[39m
        [33mdisabled[39m=[32m""[39m
      [36m/>[39m

      Name "Back":
      [36m<button[39m
        [33mclass[39m=[32m"inline-flex items-center justify-center gap-2 whitespace-nowrap rounded-md text-sm font-medium transition-all disabled:pointer-events-none disabled:opacity-50 [&_svg]:pointer-events-none [&_svg:not([class*='size-'])]:size-4 shrink-0 [&_svg]:shrink-0 outline-none focus-visible:border-ring focus-visible:ring-ring/50 focus-visible:ring-[3px] aria-invalid:ring-destructive/20 dark:aria-invalid:ring-destructive/40 aria-invalid:border-destructive border bg-background shadow-xs hover:bg-accent hover:text-accent-foreground dark:bg-input/30 dark:border-input dark:hover:bg-input/50 h-9 px-4 py-2 has-[>svg]:px-3"[39m
        [33mdata-slot[39m=[32m"button"[39m
      [36m/>[39m

      Name "Continue":
      [36m<button[39m
        [33mclass[39m=[32m"inline-flex items-center justify-center gap-2 whitespace-nowrap rounded-md text-sm font-medium transition-all disabled:pointer-events-none disabled:opacity-50 [&_svg]:pointer-events-none [&_svg:not([class*='size-'])]:size-4 shrink-0 [&_svg]:shrink-0 outline-none focus-visible:border-ring focus-visible:ring-ring/50 focus-visible:ring-[3px] aria-invalid:ring-destructive/20 dark:aria-invalid:ring-destructive/40 aria-invalid:border-destructive text-primary-foreground shadow-xs h-9 px-4 py-2 has-[>svg]:px-3 bg-green-600 hover:bg-green-700"[39m
        [33mdata-slot[39m=[32m"button"[39m
        [33mdisabled[39m=[32m""[39m
      [36m/>[39m

      --------------------------------------------------
      textbox:

      Name "":
      [36m<input[39m
        [33mclass[39m=[32m"file:text-foreground placeholder:text-muted-foreground selection:bg-primary selection:text-primary-foreground dark:bg-input/30 border-input flex h-9 w-full min-w-0 rounded-md border bg-transparent px-3 py-1 text-base shadow-xs transition-[color,box-shadow] outline-none file:inline-flex file:h-7 file:border-0 file:bg-transparent file:text-sm file:font-medium disabled:pointer-events-none disabled:cursor-not-allowed disabled:opacity-50 md:text-sm focus-visible:border-ring focus-visible:ring-ring/50 focus-visible:ring-[3px] aria-invalid:ring-destructive/20 dark:aria-invalid:ring-destructive/40 aria-invalid:border-destructive"[39m
        [33mdata-slot[39m=[32m"input"[39m
        [33mplaceholder[39m=[32m"Add custom role..."[39m
        [33mvalue[39m=[32m""[39m
      [36m/>[39m

      Name "":
      [36m<input[39m
        [33mclass[39m=[32m"file:text-foreground placeholder:text-muted-foreground selection:bg-primary selection:text-primary-foreground dark:bg-input/30 border-input flex h-9 w-full min-w-0 rounded-md border bg-transparent px-3 py-1 text-base shadow-xs transition-[color,box-shadow] outline-none file:inline-flex file:h-7 file:border-0 file:bg-transparent file:text-sm file:font-medium disabled:pointer-events-none disabled:cursor-not-allowed disabled:opacity-50 md:text-sm focus-visible:border-ring focus-visible:ring-ring/50 focus-visible:ring-[3px] aria-invalid:ring-destructive/20 dark:aria-invalid:ring-destructive/40 aria-invalid:border-destructive"[39m
        [33mdata-slot[39m=[32m"input"[39m
        [33mplaceholder[39m=[32m"Add custom industry..."[39m
        [33mvalue[39m=[32m""[39m
      [36m/>[39m

      Name "":
      [36m<input[39m
        [33mclass[39m=[32m"file:text-foreground placeholder:text-muted-foreground selection:bg-primary selection:text-primary-foreground dark:bg-input/30 border-input flex h-9 w-full min-w-0 rounded-md border bg-transparent px-3 py-1 text-base shadow-xs transition-[color,box-shadow] outline-none file:inline-flex file:h-7 file:border-0 file:bg-transparent file:text-sm file:font-medium disabled:pointer-events-none disabled:cursor-not-allowed disabled:opacity-50 md:text-sm focus-visible:border-ring focus-visible:ring-ring/50 focus-visible:ring-[3px] aria-invalid:ring-destructive/20 dark:aria-invalid:ring-destructive/40 aria-invalid:border-destructive"[39m
        [33mdata-slot[39m=[32m"input"[39m
        [33mplaceholder[39m=[32m"Add location (e.g., San Francisco, Remote, New York)..."[39m
        [33mvalue[39m=[32m""[39m
      [36m/>[39m

      --------------------------------------------------
      radio:

      Name "Entry Level":
      [36m<input[39m
        [33mclass[39m=[32m"h-4 w-4 text-blue-600"[39m
        [33mname[39m=[32m"careerLevel"[39m
        [33mtype[39m=[32m"radio"[39m
        [33mvalue[39m=[32m"entry"[39m
      [36m/>[39m

      Name "Mid Level":
      [36m<input[39m
        [33mclass[39m=[32m"h-4 w-4 text-blue-600"[39m
        [33mname[39m=[32m"careerLevel"[39m
        [33mtype[39m=[32m"radio"[39m
        [33mvalue[39m=[32m"mid"[39m
      [36m/>[39m

      Name "Senior Level":
      [36m<input[39m
        [33mclass[39m=[32m"h-4 w-4 text-blue-600"[39m
        [33mname[39m=[32m"careerLevel"[39m
        [33mtype[39m=[32m"radio"[39m
        [33mvalue[39m=[32m"senior"[39m
      [36m/>[39m

      Name "Lead/Principal":
      [36m<input[39m
        [33mclass[39m=[32m"h-4 w-4 text-blue-600"[39m
        [33mname[39m=[32m"careerLevel"[39m
        [33mtype[39m=[32m"radio"[39m
        [33mvalue[39m=[32m"lead"[39m
      [36m/>[39m

      Name "Executive/C-Level":
      [36m<input[39m
        [33mclass[39m=[32m"h-4 w-4 text-blue-600"[39m
        [33mname[39m=[32m"careerLevel"[39m
        [33mtype[39m=[32m"radio"[39m
        [33mvalue[39m=[32m"executive"[39m
      [36m/>[39m

      Name "0-1 years":
      [36m<input[39m
        [33mclass[39m=[32m"h-4 w-4 text-blue-600"[39m
        [33mname[39m=[32m"yearsOfExperience"[39m
        [33mtype[39m=[32m"radio"[39m
        [33mvalue[39m=[32m"0-1"[39m
      [36m/>[39m

      Name "2-3 years":
      [36m<input[39m
        [33mclass[39m=[32m"h-4 w-4 text-blue-600"[39m
        [33mname[39m=[32m"yearsOfExperience"[39m
        [33mtype[39m=[32m"radio"[39m
        [33mvalue[39m=[32m"2-3"[39m
      [36m/>[39m

      Name "4-5 years":
      [36m<input[39m
        [33mclass[39m=[32m"h-4 w-4 text-blue-600"[39m
        [33mname[39m=[32m"yearsOfExperience"[39m
        [33mtype[39m=[32m"radio"[39m
        [33mvalue[39m=[32m"4-5"[39m
      [36m/>[39m

      Name "6-10 years":
      [36m<input[39m
        [33mclass[39m=[32m"h-4 w-4 text-blue-600"[39m
        [33mname[39m=[32m"yearsOfExperience"[39m
        [33mtype[39m=[32m"radio"[39m
        [33mvalue[39m=[32m"6-10"[39m
      [36m/>[39m

      Name "11-15 years":
      [36m<input[39m
        [33mclass[39m=[32m"h-4 w-4 text-blue-600"[39m
        [33mname[39m=[32m"yearsOfExperience"[39m
        [33mtype[39m=[32m"radio"[39m
        [33mvalue[39m=[32m"11-15"[39m
      [36m/>[39m

      Name "16+ years":
      [36m<input[39m
        [33mclass[39m=[32m"h-4 w-4 text-blue-600"[39m
        [33mname[39m=[32m"yearsOfExperience"[39m
        [33mtype[39m=[32m"radio"[39m
        [33mvalue[39m=[32m"16+"[39m
      [36m/>[39m

      --------------------------------------------------

    Ignored nodes: comments, script, style
    [36m<body>[39m
      [36m<div>[39m
        [36m<div[39m
          [33mclass[39m=[32m"max-w-2xl mx-auto space-y-6"[39m
        [36m>[39m
          [36m<div[39m
            [33mclass[39m=[32m"text-center space-y-4"[39m
          [36m>[39m
            [36m<div[39m
              [33mclass[39m=[32m"flex justify-center"[39m
            [36m>[39m
              [36m<div[39m
                [33mclass[39m=[32m"p-3 bg-green-100 rounded-full"[39m
              [36m>[39m
                [36m<svg[39m
                  [33maria-hidden[39m=[32m"true"[39m
                  [33mclass[39m=[32m"lucide lucide-target h-8 w-8 text-green-600"[39m
                  [33mfill[39m=[32m"none"[39m
                  [33mheight[39m=[32m"24"[39m
                  [33mstroke[39m=[32m"currentColor"[39m
                  [33mstroke-linecap[39m=[32m"round"[39m
                  [33mstroke-linejoin[39m=[32m"round"[39m
                  [33mstroke-width[39m=[32m"2"[39m
                  [33mviewBox[39m=[32m"0 0 24 24"[39m
                  [33mwidth[39m=[32m"24"[39m
                  [33mxmlns[39m=[32m"http://www.w3.org/2000/svg"[39m
                [36m>[39m
                  [36m<circle[39m
                    [33mcx[39m=[32m"12"[39m
                    [33mcy[39m=[32m"12"[39m
                    [33mr[39m=[32m"10"[39m
                  [36m/>[39m
                  [36m<circle[39m
                    [33mcx[39m=[32m"12"[39m
                    [33mcy[39m=[32m"12"[39m
                    [33mr[39m=[32m"6"[39m
                  [36m/>[39m
                  [36m<circle[39m
                    [33mcx[39m=[32m"12"[39m
                    [33mcy[39m=[32m"12"[39m
                    [33mr[39m=[32m"2"[39m
                  [36m/>[39m
                [36m</svg>[39m
              [36m</div>[39m
            [36m</div>[39m
            [36m<h2[39m
              [33mclass[39m=[32m"text-2xl font-bold text-gray-900"[39m
            [36m>[39m
              [0mTell Us About Your Goals[0m
            [36m</h2>[39m
            [36m<p[39m
              [33mclass[39m=[32m"text-gray-600"[39m
            [36m>[39m
              [0mHelp us personalize your experience by sharing your career interests and target roles.[0m
            [36m</p>[39m
          [36m</div>[39m
          [36m<div[39m
            [33mclass[39m=[32m"bg-card text-card-foreground flex flex-col gap-6 rounded-xl border py-6 shadow-sm"[39m
            [33mdata-slot[39m=[32m"card"[39m
          [36m>[39m
            [36m<div[39m
              [33mclass[39m=[32m"@container/card-header grid auto-rows-min grid-rows-[auto_auto] items-start gap-1.5 px-6 has-data-[slot=card-action]:grid-cols-[1fr_auto] [.border-b]:pb-6"[39m
              [33mdata-slot[39m=[32m"card-header"[39m
            [36m>[39m
              [36m<div[39m
                [33mclass[39m=[32m"leading-none font-semibold flex items-center gap-2"[39m
                [33mdata-slot[39m=[32m"card-title"[39m
              [36m>[39m
                [36m<svg[39m
                  [33maria-hidden[39m=[32m"true"[39m
                  [33mclass[39m=[32m"lucide lucide-briefcase h-5 w-5"[39m
                  [33mfill[39m=[32m"none"[39m
                  [33mheight[39m=[32m"24"[39m
                  [33mstroke[39m=[32m"currentColor"[39m
                  [33mstroke-linecap[39m=[32m"round"[39m
                  [33mstroke-linejoin[39m=[32m"round"[39m
                  [33mstroke-width[39m=[32m"2"[39m
                  [33mviewBox[39m=[32m"0 0 24 24"[39m
                  [33mwidth[39m=[32m"24"[39m
                  [33mxmlns[39m=[32m"http://www.w3.org/2000/svg"[39m
                [36m>[39m
                  [36m<path[39m
                    [33md[39m=[32m"M16 20V4a2 2 0 0 0-2-2h-4a2 2 0 0 0-2 2v16"[39m
                  [36m/>[39m
                  [36m<rect[39m
                    [33mheight[39m=[32m"14"[39m
                    [33mrx[39m=[32m"2"[39m
                    [33mwidth[39m=[32m"20"[39m
                    [33mx[39m=[32m"2"[39m
                    [33my[39m=[32m"6"[39m
                  [36m/>[39m
                [36m</svg>[39m
                [0mTarget Roles[0m
              [36m</div>[39m
              [36m<div[39m
                [33mclass[39m=[32m"text-muted-foreground text-sm"[39m
                [33mdata-slot[39m=[32m"card-description"[39m
              [36m>[39m
                [0mWhat management or leadership roles are you interested in?[0m
              [36m</div>[39m
            [36m</div>[39m
            [36m<div[39m
              [33mclass[39m=[32m"px-6 space-y-4"[39m
              [33mdata-slot[39m=[32m"card-content"[39m
            [36m>[39m
              [36m<div[39m
                [33mclass[39m=[32m"space-y-2"[39m
              [36m>[39m
                [36m<label[39m
                  [33mclass[39m=[32m"flex items-center gap-2 select-none group-data-[disabled=true]:pointer-events-none group-data-[disabled=true]:opacity-50 peer-disabled:cursor-not-allowed peer-disabled:opacity-50 text-sm font-medium"[39m
                  [33mdata-slot[39m=[32m"label"[39m
                [36m>[39m
                  [0mPopular Roles[0m
                [36m</label>[39m
                [36m<div[39m
                  [33mclass[39m=[32m"flex flex-wrap gap-2"[39m
                [36m>[39m
                  [36m<button[39m
                    [33mclass[39m=[32m"inline-flex items-center justify-center whitespace-nowrap font-medium transition-all disabled:pointer-events-none disabled:opacity-50 [&_svg]:pointer-events-none [&_svg:not([class*='size-'])]:size-4 shrink-0 [&_svg]:shrink-0 outline-none focus-visible:border-ring focus-visible:ring-ring/50 focus-visible:ring-[3px] aria-invalid:ring-destructive/20 dark:aria-invalid:ring-destructive/40 aria-invalid:border-destructive border bg-background shadow-xs hover:bg-accent hover:text-accent-foreground dark:bg-input/30 dark:border-input dark:hover:bg-input/50 h-8 rounded-md gap-1.5 px-3 has-[>svg]:px-2.5 text-xs"[39m
                    [33mdata-slot[39m=[32m"button"[39m
                  [36m>[39m
                    [0mEngineering Manager[0m
                  [36m</button>[39m
                  [36m<button[39m
                    [33mclass[39m=[32m"inline-flex items-center justify-center whitespace-nowrap font-medium transition-all disabled:pointer-events-none disabled:opacity-50 [&_svg]:pointer-events-none [&_svg:not([class*='size-'])]:size-4 shrink-0 [&_svg]:shrink-0 outline-none focus-visible:border-ring focus-visible:ring-ring/50 focus-visible:ring-[3px] aria-invalid:ring-destructive/20 dark:aria-invalid:ring-destructive/40 aria-invalid:border-destructive border bg-background shadow-xs hover:bg-accent hover:text-accent-foreground dark:bg-input/30 dark:border-input dark:hover:bg-input/50 h-8 rounded-md gap-1.5 px-3 has-[>svg]:px-2.5 text-xs"[39m
                    [33mdata-slot[39m=[32m"button"[39m
                  [36m>[39m
                    [0mProduct Manager[0m
                  [36m</button>[39m
                  [36m<button[39m
                    [33mclass[39m=[32m"inline-flex items-center justify-center whitespace-nowrap font-medium transition-all disabled:pointer-events-none disable...

      77 |     // Add a role
      78 |     const customRoleInput = screen.getByPlaceholderText('Add custom role...');
    > 79 |     const addButton = screen.getByRole('button', { name: /plus/i });
         |                              ^
      80 |     fireEvent.change(customRoleInput, { target: { value: 'Test Role' } });
      81 |     fireEvent.click(addButton);
      82 |     

      at Object.getElementError (node_modules/@testing-library/dom/dist/config.js:37:19)
      at node_modules/@testing-library/dom/dist/query-helpers.js:76:38
      at node_modules/@testing-library/dom/dist/query-helpers.js:52:17
      at node_modules/@testing-library/dom/dist/query-helpers.js:95:19
      at Object.getByRole (src/components/onboarding/__tests__/job-interests-step.test.tsx:79:30)

  ● JobInterestsStep › calls onNext with correct data when form is submitted

    TestingLibraryElementError: Unable to find an accessible element with the role "button" and name `/plus/i`

    Here are the accessible roles:

      heading:

      Name "Tell Us About Your Goals":
      [36m<h2[39m
        [33mclass[39m=[32m"text-2xl font-bold text-gray-900"[39m
      [36m/>[39m

      --------------------------------------------------
      paragraph:

      Name "":
      [36m<p[39m
        [33mclass[39m=[32m"text-gray-600"[39m
      [36m/>[39m

      --------------------------------------------------
      button:

      Name "Engineering Manager":
      [36m<button[39m
        [33mclass[39m=[32m"inline-flex items-center justify-center whitespace-nowrap font-medium transition-all disabled:pointer-events-none disabled:opacity-50 [&_svg]:pointer-events-none [&_svg:not([class*='size-'])]:size-4 shrink-0 [&_svg]:shrink-0 outline-none focus-visible:border-ring focus-visible:ring-ring/50 focus-visible:ring-[3px] aria-invalid:ring-destructive/20 dark:aria-invalid:ring-destructive/40 aria-invalid:border-destructive border bg-background shadow-xs hover:bg-accent hover:text-accent-foreground dark:bg-input/30 dark:border-input dark:hover:bg-input/50 h-8 rounded-md gap-1.5 px-3 has-[>svg]:px-2.5 text-xs"[39m
        [33mdata-slot[39m=[32m"button"[39m
      [36m/>[39m

      Name "Product Manager":
      [36m<button[39m
        [33mclass[39m=[32m"inline-flex items-center justify-center whitespace-nowrap font-medium transition-all disabled:pointer-events-none disabled:opacity-50 [&_svg]:pointer-events-none [&_svg:not([class*='size-'])]:size-4 shrink-0 [&_svg]:shrink-0 outline-none focus-visible:border-ring focus-visible:ring-ring/50 focus-visible:ring-[3px] aria-invalid:ring-destructive/20 dark:aria-invalid:ring-destructive/40 aria-invalid:border-destructive border bg-background shadow-xs hover:bg-accent hover:text-accent-foreground dark:bg-input/30 dark:border-input dark:hover:bg-input/50 h-8 rounded-md gap-1.5 px-3 has-[>svg]:px-2.5 text-xs"[39m
        [33mdata-slot[39m=[32m"button"[39m
      [36m/>[39m

      Name "Technical Lead":
      [36m<button[39m
        [33mclass[39m=[32m"inline-flex items-center justify-center whitespace-nowrap font-medium transition-all disabled:pointer-events-none disabled:opacity-50 [&_svg]:pointer-events-none [&_svg:not([class*='size-'])]:size-4 shrink-0 [&_svg]:shrink-0 outline-none focus-visible:border-ring focus-visible:ring-ring/50 focus-visible:ring-[3px] aria-invalid:ring-destructive/20 dark:aria-invalid:ring-destructive/40 aria-invalid:border-destructive border bg-background shadow-xs hover:bg-accent hover:text-accent-foreground dark:bg-input/30 dark:border-input dark:hover:bg-input/50 h-8 rounded-md gap-1.5 px-3 has-[>svg]:px-2.5 text-xs"[39m
        [33mdata-slot[39m=[32m"button"[39m
      [36m/>[39m

      Name "Senior Software Engineer":
      [36m<button[39m
        [33mclass[39m=[32m"inline-flex items-center justify-center whitespace-nowrap font-medium transition-all disabled:pointer-events-none disabled:opacity-50 [&_svg]:pointer-events-none [&_svg:not([class*='size-'])]:size-4 shrink-0 [&_svg]:shrink-0 outline-none focus-visible:border-ring focus-visible:ring-ring/50 focus-visible:ring-[3px] aria-invalid:ring-destructive/20 dark:aria-invalid:ring-destructive/40 aria-invalid:border-destructive border bg-background shadow-xs hover:bg-accent hover:text-accent-foreground dark:bg-input/30 dark:border-input dark:hover:bg-input/50 h-8 rounded-md gap-1.5 px-3 has-[>svg]:px-2.5 text-xs"[39m
        [33mdata-slot[39m=[32m"button"[39m
      [36m/>[39m

      Name "Data Science Manager":
      [36m<button[39m
        [33mclass[39m=[32m"inline-flex items-center justify-center whitespace-nowrap font-medium transition-all disabled:pointer-events-none disabled:opacity-50 [&_svg]:pointer-events-none [&_svg:not([class*='size-'])]:size-4 shrink-0 [&_svg]:shrink-0 outline-none focus-visible:border-ring focus-visible:ring-ring/50 focus-visible:ring-[3px] aria-invalid:ring-destructive/20 dark:aria-invalid:ring-destructive/40 aria-invalid:border-destructive border bg-background shadow-xs hover:bg-accent hover:text-accent-foreground dark:bg-input/30 dark:border-input dark:hover:bg-input/50 h-8 rounded-md gap-1.5 px-3 has-[>svg]:px-2.5 text-xs"[39m
        [33mdata-slot[39m=[32m"button"[39m
      [36m/>[39m

      Name "Marketing Manager":
      [36m<button[39m
        [33mclass[39m=[32m"inline-flex items-center justify-center whitespace-nowrap font-medium transition-all disabled:pointer-events-none disabled:opacity-50 [&_svg]:pointer-events-none [&_svg:not([class*='size-'])]:size-4 shrink-0 [&_svg]:shrink-0 outline-none focus-visible:border-ring focus-visible:ring-ring/50 focus-visible:ring-[3px] aria-invalid:ring-destructive/20 dark:aria-invalid:ring-destructive/40 aria-invalid:border-destructive border bg-background shadow-xs hover:bg-accent hover:text-accent-foreground dark:bg-input/30 dark:border-input dark:hover:bg-input/50 h-8 rounded-md gap-1.5 px-3 has-[>svg]:px-2.5 text-xs"[39m
        [33mdata-slot[39m=[32m"button"[39m
      [36m/>[39m

      Name "Sales Manager":
      [36m<button[39m
        [33mclass[39m=[32m"inline-flex items-center justify-center whitespace-nowrap font-medium transition-all disabled:pointer-events-none disabled:opacity-50 [&_svg]:pointer-events-none [&_svg:not([class*='size-'])]:size-4 shrink-0 [&_svg]:shrink-0 outline-none focus-visible:border-ring focus-visible:ring-ring/50 focus-visible:ring-[3px] aria-invalid:ring-destructive/20 dark:aria-invalid:ring-destructive/40 aria-invalid:border-destructive border bg-background shadow-xs hover:bg-accent hover:text-accent-foreground dark:bg-input/30 dark:border-input dark:hover:bg-input/50 h-8 rounded-md gap-1.5 px-3 has-[>svg]:px-2.5 text-xs"[39m
        [33mdata-slot[39m=[32m"button"[39m
      [36m/>[39m

      Name "Operations Manager":
      [36m<button[39m
        [33mclass[39m=[32m"inline-flex items-center justify-center whitespace-nowrap font-medium transition-all disabled:pointer-events-none disabled:opacity-50 [&_svg]:pointer-events-none [&_svg:not([class*='size-'])]:size-4 shrink-0 [&_svg]:shrink-0 outline-none focus-visible:border-ring focus-visible:ring-ring/50 focus-visible:ring-[3px] aria-invalid:ring-destructive/20 dark:aria-invalid:ring-destructive/40 aria-invalid:border-destructive border bg-background shadow-xs hover:bg-accent hover:text-accent-foreground dark:bg-input/30 dark:border-input dark:hover:bg-input/50 h-8 rounded-md gap-1.5 px-3 has-[>svg]:px-2.5 text-xs"[39m
        [33mdata-slot[39m=[32m"button"[39m
      [36m/>[39m

      Name "Project Manager":
      [36m<button[39m
        [33mclass[39m=[32m"inline-flex items-center justify-center whitespace-nowrap font-medium transition-all disabled:pointer-events-none disabled:opacity-50 [&_svg]:pointer-events-none [&_svg:not([class*='size-'])]:size-4 shrink-0 [&_svg]:shrink-0 outline-none focus-visible:border-ring focus-visible:ring-ring/50 focus-visible:ring-[3px] aria-invalid:ring-destructive/20 dark:aria-invalid:ring-destructive/40 aria-invalid:border-destructive border bg-background shadow-xs hover:bg-accent hover:text-accent-foreground dark:bg-input/30 dark:border-input dark:hover:bg-input/50 h-8 rounded-md gap-1.5 px-3 has-[>svg]:px-2.5 text-xs"[39m
        [33mdata-slot[39m=[32m"button"[39m
      [36m/>[39m

      Name "Design Manager":
      [36m<button[39m
        [33mclass[39m=[32m"inline-flex items-center justify-center whitespace-nowrap font-medium transition-all disabled:pointer-events-none disabled:opacity-50 [&_svg]:pointer-events-none [&_svg:not([class*='size-'])]:size-4 shrink-0 [&_svg]:shrink-0 outline-none focus-visible:border-ring focus-visible:ring-ring/50 focus-visible:ring-[3px] aria-invalid:ring-destructive/20 dark:aria-invalid:ring-destructive/40 aria-invalid:border-destructive border bg-background shadow-xs hover:bg-accent hover:text-accent-foreground dark:bg-input/30 dark:border-input dark:hover:bg-input/50 h-8 rounded-md gap-1.5 px-3 has-[>svg]:px-2.5 text-xs"[39m
        [33mdata-slot[39m=[32m"button"[39m
      [36m/>[39m

      Name "DevOps Manager":
      [36m<button[39m
        [33mclass[39m=[32m"inline-flex items-center justify-center whitespace-nowrap font-medium transition-all disabled:pointer-events-none disabled:opacity-50 [&_svg]:pointer-events-none [&_svg:not([class*='size-'])]:size-4 shrink-0 [&_svg]:shrink-0 outline-none focus-visible:border-ring focus-visible:ring-ring/50 focus-visible:ring-[3px] aria-invalid:ring-destructive/20 dark:aria-invalid:ring-destructive/40 aria-invalid:border-destructive border bg-background shadow-xs hover:bg-accent hover:text-accent-foreground dark:bg-input/30 dark:border-input dark:hover:bg-input/50 h-8 rounded-md gap-1.5 px-3 has-[>svg]:px-2.5 text-xs"[39m
        [33mdata-slot[39m=[32m"button"[39m
      [36m/>[39m

      Name "QA Manager":
      [36m<button[39m
        [33mclass[39m=[32m"inline-flex items-center justify-center whitespace-nowrap font-medium transition-all disabled:pointer-events-none disabled:opacity-50 [&_svg]:pointer-events-none [&_svg:not([class*='size-'])]:size-4 shrink-0 [&_svg]:shrink-0 outline-none focus-visible:border-ring focus-visible:ring-ring/50 focus-visible:ring-[3px] aria-invalid:ring-destructive/20 dark:aria-invalid:ring-destructive/40 aria-invalid:border-destructive border bg-background shadow-xs hover:bg-accent hover:text-accent-foreground dark:bg-input/30 dark:border-input dark:hover:bg-input/50 h-8 rounded-md gap-1.5 px-3 has-[>svg]:px-2.5 text-xs"[39m
        [33mdata-slot[39m=[32m"button"[39m
      [36m/>[39m

      Name "":
      [36m<button[39m
        [33mclass[39m=[32m"inline-flex items-center justify-center whitespace-nowrap text-sm font-medium transition-all disabled:pointer-events-none disabled:opacity-50 [&_svg]:pointer-events-none [&_svg:not([class*='size-'])]:size-4 shrink-0 [&_svg]:shrink-0 outline-none focus-visible:border-ring focus-visible:ring-ring/50 focus-visible:ring-[3px] aria-invalid:ring-destructive/20 dark:aria-invalid:ring-destructive/40 aria-invalid:border-destructive bg-primary text-primary-foreground shadow-xs hover:bg-primary/90 h-8 rounded-md gap-1.5 px-3 has-[>svg]:px-2.5"[39m
        [33mdata-slot[39m=[32m"button"[39m
        [33mdisabled[39m=[32m""[39m
      [36m/>[39m

      Name "Technology":
      [36m<button[39m
        [33mclass[39m=[32m"inline-flex items-center justify-center whitespace-nowrap font-medium transition-all disabled:pointer-events-none disabled:opacity-50 [&_svg]:pointer-events-none [&_svg:not([class*='size-'])]:size-4 shrink-0 [&_svg]:shrink-0 outline-none focus-visible:border-ring focus-visible:ring-ring/50 focus-visible:ring-[3px] aria-invalid:ring-destructive/20 dark:aria-invalid:ring-destructive/40 aria-invalid:border-destructive border bg-background shadow-xs hover:bg-accent hover:text-accent-foreground dark:bg-input/30 dark:border-input dark:hover:bg-input/50 h-8 rounded-md gap-1.5 px-3 has-[>svg]:px-2.5 text-xs"[39m
        [33mdata-slot[39m=[32m"button"[39m
      [36m/>[39m

      Name "Healthcare":
      [36m<button[39m
        [33mclass[39m=[32m"inline-flex items-center justify-center whitespace-nowrap font-medium transition-all disabled:pointer-events-none disabled:opacity-50 [&_svg]:pointer-events-none [&_svg:not([class*='size-'])]:size-4 shrink-0 [&_svg]:shrink-0 outline-none focus-visible:border-ring focus-visible:ring-ring/50 focus-visible:ring-[3px] aria-invalid:ring-destructive/20 dark:aria-invalid:ring-destructive/40 aria-invalid:border-destructive border bg-background shadow-xs hover:bg-accent hover:text-accent-foreground dark:bg-input/30 dark:border-input dark:hover:bg-input/50 h-8 rounded-md gap-1.5 px-3 has-[>svg]:px-2.5 text-xs"[39m
        [33mdata-slot[39m=[32m"button"[39m
      [36m/>[39m

      Name "Finance":
      [36m<button[39m
        [33mclass[39m=[32m"inline-flex items-center justify-center whitespace-nowrap font-medium transition-all disabled:pointer-events-none disabled:opacity-50 [&_svg]:pointer-events-none [&_svg:not([class*='size-'])]:size-4 shrink-0 [&_svg]:shrink-0 outline-none focus-visible:border-ring focus-visible:ring-ring/50 focus-visible:ring-[3px] aria-invalid:ring-destructive/20 dark:aria-invalid:ring-destructive/40 aria-invalid:border-destructive border bg-background shadow-xs hover:bg-accent hover:text-accent-foreground dark:bg-input/30 dark:border-input dark:hover:bg-input/50 h-8 rounded-md gap-1.5 px-3 has-[>svg]:px-2.5 text-xs"[39m
        [33mdata-slot[39m=[32m"button"[39m
      [36m/>[39m

      Name "E-commerce":
      [36m<button[39m
        [33mclass[39m=[32m"inline-flex items-center justify-center whitespace-nowrap font-medium transition-all disabled:pointer-events-none disabled:opacity-50 [&_svg]:pointer-events-none [&_svg:not([class*='size-'])]:size-4 shrink-0 [&_svg]:shrink-0 outline-none focus-visible:border-ring focus-visible:ring-ring/50 focus-visible:ring-[3px] aria-invalid:ring-destructive/20 dark:aria-invalid:ring-destructive/40 aria-invalid:border-destructive border bg-background shadow-xs hover:bg-accent hover:text-accent-foreground dark:bg-input/30 dark:border-input dark:hover:bg-input/50 h-8 rounded-md gap-1.5 px-3 has-[>svg]:px-2.5 text-xs"[39m
        [33mdata-slot[39m=[32m"button"[39m
      [36m/>[39m

      Name "Education":
      [36m<button[39m
        [33mclass[39m=[32m"inline-flex items-center justify-center whitespace-nowrap font-medium transition-all disabled:pointer-events-none disabled:opacity-50 [&_svg]:pointer-events-none [&_svg:not([class*='size-'])]:size-4 shrink-0 [&_svg]:shrink-0 outline-none focus-visible:border-ring focus-visible:ring-ring/50 focus-visible:ring-[3px] aria-invalid:ring-destructive/20 dark:aria-invalid:ring-destructive/40 aria-invalid:border-destructive border bg-background shadow-xs hover:bg-accent hover:text-accent-foreground dark:bg-input/30 dark:border-input dark:hover:bg-input/50 h-8 rounded-md gap-1.5 px-3 has-[>svg]:px-2.5 text-xs"[39m
        [33mdata-slot[39m=[32m"button"[39m
      [36m/>[39m

      Name "Manufacturing":
      [36m<button[39m
        [33mclass[39m=[32m"inline-flex items-center justify-center whitespace-nowrap font-medium transition-all disabled:pointer-events-none disabled:opacity-50 [&_svg]:pointer-events-none [&_svg:not([class*='size-'])]:size-4 shrink-0 [&_svg]:shrink-0 outline-none focus-visible:border-ring focus-visible:ring-ring/50 focus-visible:ring-[3px] aria-invalid:ring-destructive/20 dark:aria-invalid:ring-destructive/40 aria-invalid:border-destructive border bg-background shadow-xs hover:bg-accent hover:text-accent-foreground dark:bg-input/30 dark:border-input dark:hover:bg-input/50 h-8 rounded-md gap-1.5 px-3 has-[>svg]:px-2.5 text-xs"[39m
        [33mdata-slot[39m=[32m"button"[39m
      [36m/>[39m

      Name "Consulting":
      [36m<button[39m
        [33mclass[39m=[32m"inline-flex items-center justify-center whitespace-nowrap font-medium transition-all disabled:pointer-events-none disabled:opacity-50 [&_svg]:pointer-events-none [&_svg:not([class*='size-'])]:size-4 shrink-0 [&_svg]:shrink-0 outline-none focus-visible:border-ring focus-visible:ring-ring/50 focus-visible:ring-[3px] aria-invalid:ring-destructive/20 dark:aria-invalid:ring-destructive/40 aria-invalid:border-destructive border bg-background shadow-xs hover:bg-accent hover:text-accent-foreground dark:bg-input/30 dark:border-input dark:hover:bg-input/50 h-8 rounded-md gap-1.5 px-3 has-[>svg]:px-2.5 text-xs"[39m
        [33mdata-slot[39m=[32m"button"[39m
      [36m/>[39m

      Name "Media & Entertainment":
      [36m<button[39m
        [33mclass[39m=[32m"inline-flex items-center justify-center whitespace-nowrap font-medium transition-all disabled:pointer-events-none disabled:opacity-50 [&_svg]:pointer-events-none [&_svg:not([class*='size-'])]:size-4 shrink-0 [&_svg]:shrink-0 outline-none focus-visible:border-ring focus-visible:ring-ring/50 focus-visible:ring-[3px] aria-invalid:ring-destructive/20 dark:aria-invalid:ring-destructive/40 aria-invalid:border-destructive border bg-background shadow-xs hover:bg-accent hover:text-accent-foreground dark:bg-input/30 dark:border-input dark:hover:bg-input/50 h-8 rounded-md gap-1.5 px-3 has-[>svg]:px-2.5 text-xs"[39m
        [33mdata-slot[39m=[32m"button"[39m
      [36m/>[39m

      Name "Real Estate":
      [36m<button[39m
        [33mclass[39m=[32m"inline-flex items-center justify-center whitespace-nowrap font-medium transition-all disabled:pointer-events-none disabled:opacity-50 [&_svg]:pointer-events-none [&_svg:not([class*='size-'])]:size-4 shrink-0 [&_svg]:shrink-0 outline-none focus-visible:border-ring focus-visible:ring-ring/50 focus-visible:ring-[3px] aria-invalid:ring-destructive/20 dark:aria-invalid:ring-destructive/40 aria-invalid:border-destructive border bg-background shadow-xs hover:bg-accent hover:text-accent-foreground dark:bg-input/30 dark:border-input dark:hover:bg-input/50 h-8 rounded-md gap-1.5 px-3 has-[>svg]:px-2.5 text-xs"[39m
        [33mdata-slot[39m=[32m"button"[39m
      [36m/>[39m

      Name "Government":
      [36m<button[39m
        [33mclass[39m=[32m"inline-flex items-center justify-center whitespace-nowrap font-medium transition-all disabled:pointer-events-none disabled:opacity-50 [&_svg]:pointer-events-none [&_svg:not([class*='size-'])]:size-4 shrink-0 [&_svg]:shrink-0 outline-none focus-visible:border-ring focus-visible:ring-ring/50 focus-visible:ring-[3px] aria-invalid:ring-destructive/20 dark:aria-invalid:ring-destructive/40 aria-invalid:border-destructive border bg-background shadow-xs hover:bg-accent hover:text-accent-foreground dark:bg-input/30 dark:border-input dark:hover:bg-input/50 h-8 rounded-md gap-1.5 px-3 has-[>svg]:px-2.5 text-xs"[39m
        [33mdata-slot[39m=[32m"button"[39m
      [36m/>[39m

      Name "Non-profit":
      [36m<button[39m
        [33mclass[39m=[32m"inline-flex items-center justify-center whitespace-nowrap font-medium transition-all disabled:pointer-events-none disabled:opacity-50 [&_svg]:pointer-events-none [&_svg:not([class*='size-'])]:size-4 shrink-0 [&_svg]:shrink-0 outline-none focus-visible:border-ring focus-visible:ring-ring/50 focus-visible:ring-[3px] aria-invalid:ring-destructive/20 dark:aria-invalid:ring-destructive/40 aria-invalid:border-destructive border bg-background shadow-xs hover:bg-accent hover:text-accent-foreground dark:bg-input/30 dark:border-input dark:hover:bg-input/50 h-8 rounded-md gap-1.5 px-3 has-[>svg]:px-2.5 text-xs"[39m
        [33mdata-slot[39m=[32m"button"[39m
      [36m/>[39m

      Name "Startups":
      [36m<button[39m
        [33mclass[39m=[32m"inline-flex items-center justify-center whitespace-nowrap font-medium transition-all disabled:pointer-events-none disabled:opacity-50 [&_svg]:pointer-events-none [&_svg:not([class*='size-'])]:size-4 shrink-0 [&_svg]:shrink-0 outline-none focus-visible:border-ring focus-visible:ring-ring/50 focus-visible:ring-[3px] aria-invalid:ring-destructive/20 dark:aria-invalid:ring-destructive/40 aria-invalid:border-destructive border bg-background shadow-xs hover:bg-accent hover:text-accent-foreground dark:bg-input/30 dark:border-input dark:hover:bg-input/50 h-8 rounded-md gap-1.5 px-3 has-[>svg]:px-2.5 text-xs"[39m
        [33mdata-slot[39m=[32m"button"[39m
      [36m/>[39m

      Name "":
      [36m<button[39m
        [33mclass[39m=[32m"inline-flex items-center justify-center whitespace-nowrap text-sm font-medium transition-all disabled:pointer-events-none disabled:opacity-50 [&_svg]:pointer-events-none [&_svg:not([class*='size-'])]:size-4 shrink-0 [&_svg]:shrink-0 outline-none focus-visible:border-ring focus-visible:ring-ring/50 focus-visible:ring-[3px] aria-invalid:ring-destructive/20 dark:aria-invalid:ring-destructive/40 aria-invalid:border-destructive bg-primary text-primary-foreground shadow-xs hover:bg-primary/90 h-8 rounded-md gap-1.5 px-3 has-[>svg]:px-2.5"[39m
        [33mdata-slot[39m=[32m"button"[39m
        [33mdisabled[39m=[32m""[39m
      [36m/>[39m

      Name "":
      [36m<button[39m
        [33mclass[39m=[32m"inline-flex items-center justify-center whitespace-nowrap text-sm font-medium transition-all disabled:pointer-events-none disabled:opacity-50 [&_svg]:pointer-events-none [&_svg:not([class*='size-'])]:size-4 shrink-0 [&_svg]:shrink-0 outline-none focus-visible:border-ring focus-visible:ring-ring/50 focus-visible:ring-[3px] aria-invalid:ring-destructive/20 dark:aria-invalid:ring-destructive/40 aria-invalid:border-destructive bg-primary text-primary-foreground shadow-xs hover:bg-primary/90 h-8 rounded-md gap-1.5 px-3 has-[>svg]:px-2.5"[39m
        [33mdata-slot[39m=[32m"button"[39m
        [33mdisabled[39m=[32m""[39m
      [36m/>[39m

      Name "Back":
      [36m<button[39m
        [33mclass[39m=[32m"inline-flex items-center justify-center gap-2 whitespace-nowrap rounded-md text-sm font-medium transition-all disabled:pointer-events-none disabled:opacity-50 [&_svg]:pointer-events-none [&_svg:not([class*='size-'])]:size-4 shrink-0 [&_svg]:shrink-0 outline-none focus-visible:border-ring focus-visible:ring-ring/50 focus-visible:ring-[3px] aria-invalid:ring-destructive/20 dark:aria-invalid:ring-destructive/40 aria-invalid:border-destructive border bg-background shadow-xs hover:bg-accent hover:text-accent-foreground dark:bg-input/30 dark:border-input dark:hover:bg-input/50 h-9 px-4 py-2 has-[>svg]:px-3"[39m
        [33mdata-slot[39m=[32m"button"[39m
      [36m/>[39m

      Name "Continue":
      [36m<button[39m
        [33mclass[39m=[32m"inline-flex items-center justify-center gap-2 whitespace-nowrap rounded-md text-sm font-medium transition-all disabled:pointer-events-none disabled:opacity-50 [&_svg]:pointer-events-none [&_svg:not([class*='size-'])]:size-4 shrink-0 [&_svg]:shrink-0 outline-none focus-visible:border-ring focus-visible:ring-ring/50 focus-visible:ring-[3px] aria-invalid:ring-destructive/20 dark:aria-invalid:ring-destructive/40 aria-invalid:border-destructive text-primary-foreground shadow-xs h-9 px-4 py-2 has-[>svg]:px-3 bg-green-600 hover:bg-green-700"[39m
        [33mdata-slot[39m=[32m"button"[39m
        [33mdisabled[39m=[32m""[39m
      [36m/>[39m

      --------------------------------------------------
      textbox:

      Name "":
      [36m<input[39m
        [33mclass[39m=[32m"file:text-foreground placeholder:text-muted-foreground selection:bg-primary selection:text-primary-foreground dark:bg-input/30 border-input flex h-9 w-full min-w-0 rounded-md border bg-transparent px-3 py-1 text-base shadow-xs transition-[color,box-shadow] outline-none file:inline-flex file:h-7 file:border-0 file:bg-transparent file:text-sm file:font-medium disabled:pointer-events-none disabled:cursor-not-allowed disabled:opacity-50 md:text-sm focus-visible:border-ring focus-visible:ring-ring/50 focus-visible:ring-[3px] aria-invalid:ring-destructive/20 dark:aria-invalid:ring-destructive/40 aria-invalid:border-destructive"[39m
        [33mdata-slot[39m=[32m"input"[39m
        [33mplaceholder[39m=[32m"Add custom role..."[39m
        [33mvalue[39m=[32m""[39m
      [36m/>[39m

      Name "":
      [36m<input[39m
        [33mclass[39m=[32m"file:text-foreground placeholder:text-muted-foreground selection:bg-primary selection:text-primary-foreground dark:bg-input/30 border-input flex h-9 w-full min-w-0 rounded-md border bg-transparent px-3 py-1 text-base shadow-xs transition-[color,box-shadow] outline-none file:inline-flex file:h-7 file:border-0 file:bg-transparent file:text-sm file:font-medium disabled:pointer-events-none disabled:cursor-not-allowed disabled:opacity-50 md:text-sm focus-visible:border-ring focus-visible:ring-ring/50 focus-visible:ring-[3px] aria-invalid:ring-destructive/20 dark:aria-invalid:ring-destructive/40 aria-invalid:border-destructive"[39m
        [33mdata-slot[39m=[32m"input"[39m
        [33mplaceholder[39m=[32m"Add custom industry..."[39m
        [33mvalue[39m=[32m""[39m
      [36m/>[39m

      Name "":
      [36m<input[39m
        [33mclass[39m=[32m"file:text-foreground placeholder:text-muted-foreground selection:bg-primary selection:text-primary-foreground dark:bg-input/30 border-input flex h-9 w-full min-w-0 rounded-md border bg-transparent px-3 py-1 text-base shadow-xs transition-[color,box-shadow] outline-none file:inline-flex file:h-7 file:border-0 file:bg-transparent file:text-sm file:font-medium disabled:pointer-events-none disabled:cursor-not-allowed disabled:opacity-50 md:text-sm focus-visible:border-ring focus-visible:ring-ring/50 focus-visible:ring-[3px] aria-invalid:ring-destructive/20 dark:aria-invalid:ring-destructive/40 aria-invalid:border-destructive"[39m
        [33mdata-slot[39m=[32m"input"[39m
        [33mplaceholder[39m=[32m"Add location (e.g., San Francisco, Remote, New York)..."[39m
        [33mvalue[39m=[32m""[39m
      [36m/>[39m

      --------------------------------------------------
      radio:

      Name "Entry Level":
      [36m<input[39m
        [33mclass[39m=[32m"h-4 w-4 text-blue-600"[39m
        [33mname[39m=[32m"careerLevel"[39m
        [33mtype[39m=[32m"radio"[39m
        [33mvalue[39m=[32m"entry"[39m
      [36m/>[39m

      Name "Mid Level":
      [36m<input[39m
        [33mclass[39m=[32m"h-4 w-4 text-blue-600"[39m
        [33mname[39m=[32m"careerLevel"[39m
        [33mtype[39m=[32m"radio"[39m
        [33mvalue[39m=[32m"mid"[39m
      [36m/>[39m

      Name "Senior Level":
      [36m<input[39m
        [33mclass[39m=[32m"h-4 w-4 text-blue-600"[39m
        [33mname[39m=[32m"careerLevel"[39m
        [33mtype[39m=[32m"radio"[39m
        [33mvalue[39m=[32m"senior"[39m
      [36m/>[39m

      Name "Lead/Principal":
      [36m<input[39m
        [33mclass[39m=[32m"h-4 w-4 text-blue-600"[39m
        [33mname[39m=[32m"careerLevel"[39m
        [33mtype[39m=[32m"radio"[39m
        [33mvalue[39m=[32m"lead"[39m
      [36m/>[39m

      Name "Executive/C-Level":
      [36m<input[39m
        [33mclass[39m=[32m"h-4 w-4 text-blue-600"[39m
        [33mname[39m=[32m"careerLevel"[39m
        [33mtype[39m=[32m"radio"[39m
        [33mvalue[39m=[32m"executive"[39m
      [36m/>[39m

      Name "0-1 years":
      [36m<input[39m
        [33mclass[39m=[32m"h-4 w-4 text-blue-600"[39m
        [33mname[39m=[32m"yearsOfExperience"[39m
        [33mtype[39m=[32m"radio"[39m
        [33mvalue[39m=[32m"0-1"[39m
      [36m/>[39m

      Name "2-3 years":
      [36m<input[39m
        [33mclass[39m=[32m"h-4 w-4 text-blue-600"[39m
        [33mname[39m=[32m"yearsOfExperience"[39m
        [33mtype[39m=[32m"radio"[39m
        [33mvalue[39m=[32m"2-3"[39m
      [36m/>[39m

      Name "4-5 years":
      [36m<input[39m
        [33mclass[39m=[32m"h-4 w-4 text-blue-600"[39m
        [33mname[39m=[32m"yearsOfExperience"[39m
        [33mtype[39m=[32m"radio"[39m
        [33mvalue[39m=[32m"4-5"[39m
      [36m/>[39m

      Name "6-10 years":
      [36m<input[39m
        [33mclass[39m=[32m"h-4 w-4 text-blue-600"[39m
        [33mname[39m=[32m"yearsOfExperience"[39m
        [33mtype[39m=[32m"radio"[39m
        [33mvalue[39m=[32m"6-10"[39m
      [36m/>[39m

      Name "11-15 years":
      [36m<input[39m
        [33mclass[39m=[32m"h-4 w-4 text-blue-600"[39m
        [33mname[39m=[32m"yearsOfExperience"[39m
        [33mtype[39m=[32m"radio"[39m
        [33mvalue[39m=[32m"11-15"[39m
      [36m/>[39m

      Name "16+ years":
      [36m<input[39m
        [33mclass[39m=[32m"h-4 w-4 text-blue-600"[39m
        [33mname[39m=[32m"yearsOfExperience"[39m
        [33mtype[39m=[32m"radio"[39m
        [33mvalue[39m=[32m"16+"[39m
      [36m/>[39m

      --------------------------------------------------

    Ignored nodes: comments, script, style
    [36m<body>[39m
      [36m<div>[39m
        [36m<div[39m
          [33mclass[39m=[32m"max-w-2xl mx-auto space-y-6"[39m
        [36m>[39m
          [36m<div[39m
            [33mclass[39m=[32m"text-center space-y-4"[39m
          [36m>[39m
            [36m<div[39m
              [33mclass[39m=[32m"flex justify-center"[39m
            [36m>[39m
              [36m<div[39m
                [33mclass[39m=[32m"p-3 bg-green-100 rounded-full"[39m
              [36m>[39m
                [36m<svg[39m
                  [33maria-hidden[39m=[32m"true"[39m
                  [33mclass[39m=[32m"lucide lucide-target h-8 w-8 text-green-600"[39m
                  [33mfill[39m=[32m"none"[39m
                  [33mheight[39m=[32m"24"[39m
                  [33mstroke[39m=[32m"currentColor"[39m
                  [33mstroke-linecap[39m=[32m"round"[39m
                  [33mstroke-linejoin[39m=[32m"round"[39m
                  [33mstroke-width[39m=[32m"2"[39m
                  [33mviewBox[39m=[32m"0 0 24 24"[39m
                  [33mwidth[39m=[32m"24"[39m
                  [33mxmlns[39m=[32m"http://www.w3.org/2000/svg"[39m
                [36m>[39m
                  [36m<circle[39m
                    [33mcx[39m=[32m"12"[39m
                    [33mcy[39m=[32m"12"[39m
                    [33mr[39m=[32m"10"[39m
                  [36m/>[39m
                  [36m<circle[39m
                    [33mcx[39m=[32m"12"[39m
                    [33mcy[39m=[32m"12"[39m
                    [33mr[39m=[32m"6"[39m
                  [36m/>[39m
                  [36m<circle[39m
                    [33mcx[39m=[32m"12"[39m
                    [33mcy[39m=[32m"12"[39m
                    [33mr[39m=[32m"2"[39m
                  [36m/>[39m
                [36m</svg>[39m
              [36m</div>[39m
            [36m</div>[39m
            [36m<h2[39m
              [33mclass[39m=[32m"text-2xl font-bold text-gray-900"[39m
            [36m>[39m
              [0mTell Us About Your Goals[0m
            [36m</h2>[39m
            [36m<p[39m
              [33mclass[39m=[32m"text-gray-600"[39m
            [36m>[39m
              [0mHelp us personalize your experience by sharing your career interests and target roles.[0m
            [36m</p>[39m
          [36m</div>[39m
          [36m<div[39m
            [33mclass[39m=[32m"bg-card text-card-foreground flex flex-col gap-6 rounded-xl border py-6 shadow-sm"[39m
            [33mdata-slot[39m=[32m"card"[39m
          [36m>[39m
            [36m<div[39m
              [33mclass[39m=[32m"@container/card-header grid auto-rows-min grid-rows-[auto_auto] items-start gap-1.5 px-6 has-data-[slot=card-action]:grid-cols-[1fr_auto] [.border-b]:pb-6"[39m
              [33mdata-slot[39m=[32m"card-header"[39m
            [36m>[39m
              [36m<div[39m
                [33mclass[39m=[32m"leading-none font-semibold flex items-center gap-2"[39m
                [33mdata-slot[39m=[32m"card-title"[39m
              [36m>[39m
                [36m<svg[39m
                  [33maria-hidden[39m=[32m"true"[39m
                  [33mclass[39m=[32m"lucide lucide-briefcase h-5 w-5"[39m
                  [33mfill[39m=[32m"none"[39m
                  [33mheight[39m=[32m"24"[39m
                  [33mstroke[39m=[32m"currentColor"[39m
                  [33mstroke-linecap[39m=[32m"round"[39m
                  [33mstroke-linejoin[39m=[32m"round"[39m
                  [33mstroke-width[39m=[32m"2"[39m
                  [33mviewBox[39m=[32m"0 0 24 24"[39m
                  [33mwidth[39m=[32m"24"[39m
                  [33mxmlns[39m=[32m"http://www.w3.org/2000/svg"[39m
                [36m>[39m
                  [36m<path[39m
                    [33md[39m=[32m"M16 20V4a2 2 0 0 0-2-2h-4a2 2 0 0 0-2 2v16"[39m
                  [36m/>[39m
                  [36m<rect[39m
                    [33mheight[39m=[32m"14"[39m
                    [33mrx[39m=[32m"2"[39m
                    [33mwidth[39m=[32m"20"[39m
                    [33mx[39m=[32m"2"[39m
                    [33my[39m=[32m"6"[39m
                  [36m/>[39m
                [36m</svg>[39m
                [0mTarget Roles[0m
              [36m</div>[39m
              [36m<div[39m
                [33mclass[39m=[32m"text-muted-foreground text-sm"[39m
                [33mdata-slot[39m=[32m"card-description"[39m
              [36m>[39m
                [0mWhat management or leadership roles are you interested in?[0m
              [36m</div>[39m
            [36m</div>[39m
            [36m<div[39m
              [33mclass[39m=[32m"px-6 space-y-4"[39m
              [33mdata-slot[39m=[32m"card-content"[39m
            [36m>[39m
              [36m<div[39m
                [33mclass[39m=[32m"space-y-2"[39m
              [36m>[39m
                [36m<label[39m
                  [33mclass[39m=[32m"flex items-center gap-2 select-none group-data-[disabled=true]:pointer-events-none group-data-[disabled=true]:opacity-50 peer-disabled:cursor-not-allowed peer-disabled:opacity-50 text-sm font-medium"[39m
                  [33mdata-slot[39m=[32m"label"[39m
                [36m>[39m
                  [0mPopular Roles[0m
                [36m</label>[39m
                [36m<div[39m
                  [33mclass[39m=[32m"flex flex-wrap gap-2"[39m
                [36m>[39m
                  [36m<button[39m
                    [33mclass[39m=[32m"inline-flex items-center justify-center whitespace-nowrap font-medium transition-all disabled:pointer-events-none disabled:opacity-50 [&_svg]:pointer-events-none [&_svg:not([class*='size-'])]:size-4 shrink-0 [&_svg]:shrink-0 outline-none focus-visible:border-ring focus-visible:ring-ring/50 focus-visible:ring-[3px] aria-invalid:ring-destructive/20 dark:aria-invalid:ring-destructive/40 aria-invalid:border-destructive border bg-background shadow-xs hover:bg-accent hover:text-accent-foreground dark:bg-input/30 dark:border-input dark:hover:bg-input/50 h-8 rounded-md gap-1.5 px-3 has-[>svg]:px-2.5 text-xs"[39m
                    [33mdata-slot[39m=[32m"button"[39m
                  [36m>[39m
                    [0mEngineering Manager[0m
                  [36m</button>[39m
                  [36m<button[39m
                    [33mclass[39m=[32m"inline-flex items-center justify-center whitespace-nowrap font-medium transition-all disabled:pointer-events-none disabled:opacity-50 [&_svg]:pointer-events-none [&_svg:not([class*='size-'])]:size-4 shrink-0 [&_svg]:shrink-0 outline-none focus-visible:border-ring focus-visible:ring-ring/50 focus-visible:ring-[3px] aria-invalid:ring-destructive/20 dark:aria-invalid:ring-destructive/40 aria-invalid:border-destructive border bg-background shadow-xs hover:bg-accent hover:text-accent-foreground dark:bg-input/30 dark:border-input dark:hover:bg-input/50 h-8 rounded-md gap-1.5 px-3 has-[>svg]:px-2.5 text-xs"[39m
                    [33mdata-slot[39m=[32m"button"[39m
                  [36m>[39m
                    [0mProduct Manager[0m
                  [36m</button>[39m
                  [36m<button[39m
                    [33mclass[39m=[32m"inline-flex items-center justify-center whitespace-nowrap font-medium transition-all disabled:pointer-events-none disable...

      112 |     // Fill out the form
      113 |     const customRoleInput = screen.getByPlaceholderText('Add custom role...');
    > 114 |     const addButton = screen.getByRole('button', { name: /plus/i });
          |                              ^
      115 |     fireEvent.change(customRoleInput, { target: { value: 'Test Role' } });
      116 |     fireEvent.click(addButton);
      117 |     

      at Object.getElementError (node_modules/@testing-library/dom/dist/config.js:37:19)
      at node_modules/@testing-library/dom/dist/query-helpers.js:76:38
      at node_modules/@testing-library/dom/dist/query-helpers.js:52:17
      at node_modules/@testing-library/dom/dist/query-helpers.js:95:19
      at Object.getByRole (src/components/onboarding/__tests__/job-interests-step.test.tsx:114:30)

Summary of all failing tests
FAIL src/lib/abstractions/providers/__tests__/advanced-resume-analysis.test.ts
  ● AdvancedResumeAnalyzer › Overall Analysis › should calculate overall score correctly

    expect(received).toBeLessThan(expected)

    Expected: < 1
    Received:   31.699999999999996

      114 |         (analysis.categoryScores.industryRelevance.score * 0.05);
      115 |       
    > 116 |       expect(Math.abs(analysis.overallScore - expectedScore)).toBeLessThan(1);
          |                                                               ^
      117 |     });
      118 |   });
      119 |

      at Object.toBeLessThan (src/lib/abstractions/providers/__tests__/advanced-resume-analysis.test.ts:116:63)

  ● AdvancedResumeAnalyzer › Career Progression Analysis › should evaluate career growth

    expect(received).toBeGreaterThan(expected)

    Matcher error: received value must be a number or bigint

    Received has value: undefined

      221 |       const careerProgression = analysis.categoryScores.careerProgression;
      222 |       
    > 223 |       expect(careerProgression.breakdown.careerGrowth).toBeGreaterThan(0);
          |                                                        ^
      224 |       expect(careerProgression.insights).toBeDefined();
      225 |     });
      226 |

      at Object.toBeGreaterThan (src/lib/abstractions/providers/__tests__/advanced-resume-analysis.test.ts:223:56)

  ● AdvancedResumeAnalyzer › Career Progression Analysis › should assess role advancement

    expect(received).toBeGreaterThan(expected)

    Matcher error: received value must be a number or bigint

    Received has value: undefined

      229 |       const careerProgression = analysis.categoryScores.careerProgression;
      230 |       
    > 231 |       expect(careerProgression.breakdown.roleAdvancement).toBeGreaterThan(0);
          |                                                           ^
      232 |     });
      233 |   });
      234 |

      at Object.toBeGreaterThan (src/lib/abstractions/providers/__tests__/advanced-resume-analysis.test.ts:231:59)

  ● AdvancedResumeAnalyzer › ATS Optimization Analysis › should evaluate keyword optimization

    expect(received).toBeGreaterThan(expected)

    Matcher error: received value must be a number or bigint

    Received has value: undefined

      238 |       const atsOptimization = analysis.categoryScores.atsOptimization;
      239 |       
    > 240 |       expect(atsOptimization.breakdown.keywordOptimization).toBeGreaterThan(0);
          |                                                             ^
      241 |       expect(atsOptimization.insights).toBeDefined();
      242 |     });
      243 |

      at Object.toBeGreaterThan (src/lib/abstractions/providers/__tests__/advanced-resume-analysis.test.ts:240:61)

  ● AdvancedResumeAnalyzer › Industry Relevance Analysis › should evaluate industry terminology

    expect(received).toBeGreaterThan(expected)

    Matcher error: received value must be a number or bigint

    Received has value: undefined

      255 |       const industryRelevance = analysis.categoryScores.industryRelevance;
      256 |       
    > 257 |       expect(industryRelevance.breakdown.industryTerminology).toBeGreaterThan(0);
          |                                                               ^
      258 |       expect(industryRelevance.insights).toBeDefined();
      259 |     });
      260 |

      at Object.toBeGreaterThan (src/lib/abstractions/providers/__tests__/advanced-resume-analysis.test.ts:257:63)

  ● AdvancedResumeAnalyzer › Industry Relevance Analysis › should assess market alignment

    expect(received).toBeGreaterThan(expected)

    Matcher error: received value must be a number or bigint

    Received has value: undefined

      263 |       const industryRelevance = analysis.categoryScores.industryRelevance;
      264 |       
    > 265 |       expect(industryRelevance.breakdown.marketAlignment).toBeGreaterThan(0);
          |                                                           ^
      266 |     });
      267 |   });
      268 |

      at Object.toBeGreaterThan (src/lib/abstractions/providers/__tests__/advanced-resume-analysis.test.ts:265:59)

  ● AdvancedResumeAnalyzer › Detailed Insights › should generate comprehensive insights

    expect(received).toBeDefined()

    Received: undefined

      276 |       expect(insights.weaknesses).toBeDefined();
      277 |       expect(insights.weaknesses.length).toBeGreaterThan(0);
    > 278 |       expect(insights.contentImprovements).toBeDefined();
          |                                            ^
      279 |       expect(insights.structureImprovements).toBeDefined();
      280 |       expect(insights.keywordImprovements).toBeDefined();
      281 |       expect(insights.experienceImprovements).toBeDefined();

      at Object.toBeDefined (src/lib/abstractions/providers/__tests__/advanced-resume-analysis.test.ts:278:44)

  ● AdvancedResumeAnalyzer › Detailed Insights › should provide actionable improvement suggestions

    TypeError: Cannot read properties of undefined (reading 'every')

      288 |       
      289 |       // Each improvement category should have specific, actionable suggestions
    > 290 |       expect(insights.contentImprovements.every(improvement => 
          |                                           ^
      291 |         improvement.length > 20 && improvement.includes('specific')
      292 |       )).toBe(true);
      293 |     });

      at Object.every (src/lib/abstractions/providers/__tests__/advanced-resume-analysis.test.ts:290:43)

  ● AdvancedResumeAnalyzer › Recommendations › should generate prioritized recommendations

    expect(received).toBeGreaterThan(expected)

    Expected: > 0
    Received:   0

      300 |       
      301 |       expect(recommendations).toBeDefined();
    > 302 |       expect(recommendations.length).toBeGreaterThan(0);
          |                                      ^
      303 |       
      304 |       // Each recommendation should have required fields
      305 |       recommendations.forEach(rec => {

      at Object.toBeGreaterThan (src/lib/abstractions/providers/__tests__/advanced-resume-analysis.test.ts:302:38)

  ● AdvancedResumeAnalyzer › Recommendations › should prioritize high-impact recommendations

    expect(received).toBeGreaterThan(expected)

    Expected: > 0
    Received:   0

      318 |       
      319 |       const highPriorityRecs = recommendations.filter(rec => rec.priority === 'high');
    > 320 |       expect(highPriorityRecs.length).toBeGreaterThan(0);
          |                                       ^
      321 |     });
      322 |   });
      323 |

      at Object.toBeGreaterThan (src/lib/abstractions/providers/__tests__/advanced-resume-analysis.test.ts:320:39)

  ● AdvancedResumeAnalyzer › Recruiter Perspective › should provide recruiter insights

    expect(received).toBeDefined()

    Received: undefined

      327 |       const recruiterPerspective = analysis.recruiterPerspective;
      328 |       
    > 329 |       expect(recruiterPerspective.overallImpression).toBeDefined();
          |                                                      ^
      330 |       expect(recruiterPerspective.strengths).toBeDefined();
      331 |       expect(recruiterPerspective.concerns).toBeDefined();
      332 |       expect(recruiterPerspective.interviewReadiness).toBeDefined();

      at Object.toBeDefined (src/lib/abstractions/providers/__tests__/advanced-resume-analysis.test.ts:329:54)

  ● AdvancedResumeAnalyzer › Benchmarking › should provide industry benchmarking data

    expect(received).toBeDefined()

    Received: undefined

      343 |       expect(benchmarking.percentile).toBeGreaterThan(0);
      344 |       expect(benchmarking.percentile).toBeLessThanOrEqual(100);
    > 345 |       expect(benchmarking.competitivePosition).toBeDefined();
          |                                                ^
      346 |       expect(benchmarking.recommendations).toBeDefined();
      347 |     });
      348 |   });

      at Object.toBeDefined (src/lib/abstractions/providers/__tests__/advanced-resume-analysis.test.ts:345:48)

  ● AdvancedResumeAnalyzer › Error Handling › should handle malformed resume data gracefully

    expect(received).rejects.toThrow()

    Received promise resolved instead of rejected
    Resolved to value: {"benchmarking": {"industryAverage": 68, "marketCompetitiveness": {"factors": [], "recommendations": [], "score": 58}, "peerComparison": {"averageScore": 65, "gap": -7, "level": "Mid-level", "yourScore": 58}, "percentile": 58}, "categoryScores": {"atsOptimization": {"breakdown": {"fileFormat": 4, "formatCompatibility": 8, "keywordDensity": 10, "metadataOptimization": 5, "sectionHeaders": 6, "textReadability": 6}, "insights": [], "maxScore": 50, "score": 39}, "careerProgression": {"breakdown": {"careerNarrative": 8, "futureAlignment": 4, "logicalProgression": 12, "responsibilityGrowth": 6, "roleEvolution": 8, "skillDevelopment": 5}, "insights": [], "maxScore": 55, "score": 43}, "contentQuality": {"breakdown": {"achievementQuantification": 0, "actionVerbUsage": 4, "clarityAndConciseness": 2, "errorFreeWriting": 5, "impactStatements": 2, "industryTerminology": 2}, "insights": ["Limited quantified achievements - add specific numbers and percentages", "Weak action verb usage - replace passive language with strong action verbs"], "maxScore": 60, "score": 15}, "experienceDepth": {"breakdown": {"achievementDensity": 8, "careerGrowth": 6, "industryExperience": 8, "leadershipExamples": 10, "projectImpact": 8, "relevantExperience": 15}, "insights": [], "maxScore": 70, "score": 55}, "industryRelevance": {"breakdown": {"certificationRelevance": 6, "currentTrends": 6, "industryKeywords": 10, "methodologyAlignment": 5, "networkIndicators": 4, "technologyStack": 8}, "insights": [], "maxScore": 50, "score": 39}, "professionalPresentation": {"breakdown": {"brandConsistency": 7, "errorFreePresentation": 5, "modernFormatting": 6, "personalSummary": 6, "professionalTone": 8, "relevantKeywords": 8}, "insights": [], "maxScore": 55, "score": 40}, "skillsAlignment": {"breakdown": {"certifications": 4, "skillDemonstration": 8, "skillProgression": 6, "skillRelevance": 10, "softSkills": 8, "technicalSkills": 12}, "insights": [], "maxScore": 60, "score": 48}, "structuralIntegrity": {"breakdown": {"appropriateLength": 2, "consistentFormatting": 3, "contactInformation": 0, "logicalFlow": 5, "sectionCompleteness": 0, "visualHierarchy": 2}, "insights": ["Consider improving section organization and logical flow", "Some sections may be missing or incomplete"], "maxScore": 60, "score": 12}}, "detailedInsights": {"opportunities": [{"category": "Overall", "description": "Leverage your strong areas to differentiate yourself from other candidates", "effort": "low", "expectedImpact": 85, "timeline": "1-2 weeks"}], "redFlags": [{"description": "Address critical weaknesses to improve overall resume effectiveness", "issue": "Resume optimization needed", "recommendation": "Focus on the identified improvement areas to enhance resume impact", "severity": "major"}], "strengths": [{"category": "Skills Alignment", "description": "Skills are well-aligned with industry requirements", "evidence": ["Relevant skills listed", "Industry keywords included", "Skills match requirements"], "impact": "high"}], "weaknesses": [{"category": "Content Quality", "description": "Content could be more impactful and specific - major overhaul required", "evidence": ["Vague descriptions", "Missing quantifications", "Weak action verbs"], "impact": "high", "improvementPotential": 75}, {"category": "Structural Integrity", "description": "Structure and formatting need improvement - major overhaul required", "evidence": ["Inconsistent formatting", "Poor organization", "Formatting issues"], "impact": "high", "improvementPotential": 80}, {"category": "Professional Presentation", "description": "Professional presentation could be enhanced - moderate improvements recommended", "evidence": ["Unprofessional language", "Inconsistent style", "Poor appearance"], "impact": "low", "improvementPotential": 60}, {"category": "Skills Alignment", "description": "Skills may not align well with target roles - minor refinements needed", "evidence": ["Irrelevant skills", "Missing keywords", "Skills mismatch"], "impact": "low", "improvementPotential": 60}, {"category": "Experience Depth", "description": "Experience descriptions could be more detailed - moderate improvements recommended", "evidence": ["Shallow descriptions", "Missing achievements", "Unclear responsibilities"], "impact": "low", "improvementPotential": 60}, {"category": "Career Progression", "description": "Career progression could be clearer - moderate improvements recommended", "evidence": ["Unclear advancement", "No growth shown", "Flat career path"], "impact": "low", "improvementPotential": 60}, {"category": "Ats Optimization", "description": "May not be optimized for ATS systems - moderate improvements recommended", "evidence": ["Complex formatting", "Non-standard headings", "ATS-unfriendly"], "impact": "low", "improvementPotential": 60}, {"category": "Industry Relevance", "description": "Could be more relevant to current industry trends - moderate improvements recommended", "evidence": ["Outdated terminology", "Missing industry context", "Irrelevant experience"], "impact": "low", "improvementPotential": 60}]}, "overallScore": 58, "recommendations": [{"category": "formatting", "description": "Optimize formatting and keywords to pass Applicant Tracking Systems", "effortRequired": "low", "examples": ["Use \"Work Experience\" instead of \"Professional Journey\"", "Include keywords like \"project management\", \"team leadership\", \"data analysis\"", "Use simple bullet points instead of complex formatting", "Save as .docx or .pdf format for best ATS compatibility"], "expectedImpact": 90, "id": "rec-ats-compatibility", "priority": "high", "resources": ["ATS compatibility guides", "Keyword optimization tools"], "specificActions": ["Use standard section headings", "Avoid complex formatting and graphics", "Include relevant keywords from job descriptions", "Use standard fonts and bullet points"], "timeline": "3-5 days", "title": "Improve ATS Compatibility"}, {"category": "content", "description": "Focus on quantifying achievements and using stronger action verbs to demonstrate value", "effortRequired": "medium", "examples": ["Instead of \"Managed team\", write \"Led team of 8 developers, increasing productivity by 25%\"", "Instead of \"Improved sales\", write \"Increased sales revenue by $2M through strategic initiatives\"", "Instead of \"Developed software\", write \"Built scalable web application serving 10,000+ users\""], "expectedImpact": 85, "id": "rec-overall-impact", "priority": "high", "resources": ["Resume writing guides", "Action verb lists", "Quantification examples"], "specificActions": ["Add specific numbers and percentages to achievements", "Use strong action verbs (led, implemented, increased)", "Quantify results and outcomes", "Include relevant metrics and KPIs"], "timeline": "1-2 weeks", "title": "Enhance Overall Impact"}, {"category": "structural integrity", "description": "Structure and formatting need improvement - major overhaul required", "effortRequired": "medium", "examples": ["Use consistent formatting: All job titles in bold, company names in italics", "Maintain uniform spacing: 1.15 line spacing throughout document", "Organize sections: Contact Info → Summary → Experience → Education → Skills", "Use standard headings: \"Work Experience\", \"Education\", \"Skills\""], "expectedImpact": 80, "id": "rec-1", "priority": "high", "resources": ["Resume templates", "Formatting guides", "Section organization tips"], "specificActions": ["Organize sections in logical order", "Use consistent formatting throughout", "Ensure proper spacing and alignment", "Include all essential sections"], "timeline": "2-4 weeks", "title": "Improve Structural Integrity"}, {"category": "content quality", "description": "Content could be more impactful and specific - major overhaul required", "effortRequired": "medium", "examples": ["Before: \"Responsible for managing projects\" → After: \"Led 15+ cross-functional projects, delivering 95% on-time completion\"", "Before: \"Worked with team\" → After: \"Collaborated with 12-member development team, reducing bug reports by 40%\"", "Before: \"Improved processes\" → After: \"Streamlined workflow processes, saving 20 hours per week\""], "expectedImpact": 75, "id": "rec-0", "priority": "high", "resources": ["Resume writing guides", "Action verb lists", "Quantification examples"], "specificActions": ["Add quantified achievements with specific numbers", "Use strong action verbs to start bullet points", "Include relevant keywords from job descriptions", "Remove unnecessary or outdated information"], "timeline": "2-4 weeks", "title": "Improve Content Quality"}], "recruiterPerspective": {"firstImpression": {"factors": [], "score": 58, "timeToDecision": "30 seconds"}, "interviewLikelihood": {"factors": [], "probability": 58, "recommendations": []}, "screeningCriteria": {"criteria": [], "passesInitialScreening": false}}}

      355 |       };
      356 |       
    > 357 |       await expect(analyzer.analyzeResume(malformedResume)).rejects.toThrow();
          |             ^
      358 |     });
      359 |
      360 |     test('should handle empty resume content', async () => {

      at expect (node_modules/expect/build/index.js:113:15)
      at Object.expect (src/lib/abstractions/providers/__tests__/advanced-resume-analysis.test.ts:357:13)

FAIL src/__tests__/integration/transition-workflows.test.ts
  ● Transition Planning Workflows - Integration Tests › Workflow 2: Plan Creation and Skill Linking › should populate affiliate courses for each skill gap

    expect(received).toContain(expected) // indexOf

    Expected substring: "affiliate"
    Received string:    "https://www.udemy.com/course/strategic-thinking/?ref=careeros"

      233 |
      234 |           // Verify affiliate link contains tracking parameters
    > 235 |           expect(course.affiliateLink).toContain('affiliate');
          |                                        ^
      236 |           expect(course.affiliateLink).not.toBe(course.url);
      237 |         });
      238 |       });

      at toContain (src/__tests__/integration/transition-workflows.test.ts:235:40)
          at Array.forEach (<anonymous>)
      at forEach (src/__tests__/integration/transition-workflows.test.ts:227:33)
          at Array.forEach (<anonymous>)
      at Object.forEach (src/__tests__/integration/transition-workflows.test.ts:226:25)

FAIL src/components/onboarding/__tests__/welcome-step.test.tsx
  ● WelcomeStep › renders welcome content correctly

    TestingLibraryElementError: Unable to find an element with the text: Welcome to CareerOS. This could be because the text is broken up by multiple elements. In this case, you can provide a function for your text matcher to make your matcher more flexible.

    Ignored nodes: comments, script, style
    [36m<body>[39m
      [36m<div>[39m
        [36m<div[39m
          [33mclass[39m=[32m"max-w-4xl mx-auto space-y-8"[39m
        [36m>[39m
          [36m<div[39m
            [33mclass[39m=[32m"text-center space-y-6"[39m
          [36m>[39m
            [36m<div[39m
              [33mclass[39m=[32m"flex justify-center"[39m
            [36m>[39m
              [36m<div[39m
                [33mclass[39m=[32m"inline-flex items-center rounded-full border font-semibold transition-colors focus:outline-none focus:ring-2 focus:ring-ring focus:ring-offset-2 border-transparent bg-secondary text-secondary-foreground hover:bg-secondary/80 text-sm px-4 py-2"[39m
              [36m>[39m
                [36m<svg[39m
                  [33maria-hidden[39m=[32m"true"[39m
                  [33mclass[39m=[32m"lucide lucide-star h-4 w-4 mr-2"[39m
                  [33mfill[39m=[32m"none"[39m
                  [33mheight[39m=[32m"24"[39m
                  [33mstroke[39m=[32m"currentColor"[39m
                  [33mstroke-linecap[39m=[32m"round"[39m
                  [33mstroke-linejoin[39m=[32m"round"[39m
                  [33mstroke-width[39m=[32m"2"[39m
                  [33mviewBox[39m=[32m"0 0 24 24"[39m
                  [33mwidth[39m=[32m"24"[39m
                  [33mxmlns[39m=[32m"http://www.w3.org/2000/svg"[39m
                [36m>[39m
                  [36m<path[39m
                    [33md[39m=[32m"M11.525 2.295a.53.53 0 0 1 .95 0l2.31 4.679a2.123 2.123 0 0 0 1.595 1.16l5.166.756a.53.53 0 0 1 .294.904l-3.736 3.638a2.123 2.123 0 0 0-.611 1.878l.882 5.14a.53.53 0 0 1-.771.56l-4.618-2.428a2.122 2.122 0 0 0-1.973 0L6.396 21.01a.53.53 0 0 1-.77-.56l.881-5.139a2.122 2.122 0 0 0-.611-1.879L2.16 9.795a.53.53 0 0 1 .294-.906l5.165-.755a2.122 2.122 0 0 0 1.597-1.16z"[39m
                  [36m/>[39m
                [36m</svg>[39m
                [0mCareerOS MVP[0m
              [36m</div>[39m
            [36m</div>[39m
            [36m<h1[39m
              [33mclass[39m=[32m"text-4xl font-bold text-gray-900"[39m
            [36m>[39m
              [0mWelcome to [0m
              [36m<span[39m
                [33mclass[39m=[32m"text-blue-600"[39m
              [36m>[39m
                [0mCareerOS[0m
              [36m</span>[39m
            [36m</h1>[39m
            [36m<p[39m
              [33mclass[39m=[32m"text-xl text-gray-600 max-w-2xl mx-auto"[39m
            [36m>[39m
              [0mTransform your resume from good to exceptional through intelligent scoring and personalized coaching. Get ready to land your dream management role.[0m
            [36m</p>[39m
          [36m</div>[39m
          [36m<div[39m
            [33mclass[39m=[32m"grid md:grid-cols-2 gap-6"[39m
          [36m>[39m
            [36m<div[39m
              [33mclass[39m=[32m"text-card-foreground flex flex-col gap-6 rounded-xl py-6 border-0 shadow-sm bg-gradient-to-br from-blue-50 to-indigo-50"[39m
              [33mdata-slot[39m=[32m"card"[39m
            [36m>[39m
              [36m<div[39m
                [33mclass[39m=[32m"p-6"[39m
                [33mdata-slot[39m=[32m"card-content"[39m
              [36m>[39m
                [36m<div[39m
                  [33mclass[39m=[32m"flex items-start gap-4"[39m
                [36m>[39m
                  [36m<div[39m
                    [33mclass[39m=[32m"p-3 bg-blue-100 rounded-lg"[39m
                  [36m>[39m
                    [36m<svg[39m
                      [33maria-hidden[39m=[32m"true"[39m
                      [33mclass[39m=[32m"lucide lucide-file-text h-6 w-6 text-blue-600"[39m
                      [33mfill[39m=[32m"none"[39m
                      [33mheight[39m=[32m"24"[39m
                      [33mstroke[39m=[32m"currentColor"[39m
                      [33mstroke-linecap[39m=[32m"round"[39m
                      [33mstroke-linejoin[39m=[32m"round"[39m
                      [33mstroke-width[39m=[32m"2"[39m
                      [33mviewBox[39m=[32m"0 0 24 24"[39m
                      [33mwidth[39m=[32m"24"[39m
                      [33mxmlns[39m=[32m"http://www.w3.org/2000/svg"[39m
                    [36m>[39m
                      [36m<path[39m
                        [33md[39m=[32m"M15 2H6a2 2 0 0 0-2 2v16a2 2 0 0 0 2 2h12a2 2 0 0 0 2-2V7Z"[39m
                      [36m/>[39m
                      [36m<path[39m
                        [33md[39m=[32m"M14 2v4a2 2 0 0 0 2 2h4"[39m
                      [36m/>[39m
                      [36m<path[39m
                        [33md[39m=[32m"M10 9H8"[39m
                      [36m/>[39m
                      [36m<path[39m
                        [33md[39m=[32m"M16 13H8"[39m
                      [36m/>[39m
                      [36m<path[39m
                        [33md[39m=[32m"M16 17H8"[39m
                      [36m/>[39m
                    [36m</svg>[39m
                  [36m</div>[39m
                  [36m<div>[39m
                    [36m<h3[39m
                      [33mclass[39m=[32m"font-semibold text-gray-900 mb-2"[39m
                    [36m>[39m
                      [0mResume Analysis[0m
                    [36m</h3>[39m
                    [36m<p[39m
                      [33mclass[39m=[32m"text-gray-600 text-sm"[39m
                    [36m>[39m
                      [0mGet instant quality scores and detailed feedback on your resume[0m
                    [36m</p>[39m
                  [36m</div>[39m
                [36m</div>[39m
              [36m</div>[39m
            [36m</div>[39m
            [36m<div[39m
              [33mclass[39m=[32m"text-card-foreground flex flex-col gap-6 rounded-xl py-6 border-0 shadow-sm bg-gradient-to-br from-blue-50 to-indigo-50"[39m
              [33mdata-slot[39m=[32m"card"[39m
            [36m>[39m
              [36m<div[39m
                [33mclass[39m=[32m"p-6"[39m
                [33mdata-slot[39m=[32m"card-content"[39m
              [36m>[39m
                [36m<div[39m
                  [33mclass[39m=[32m"flex items-start gap-4"[39m
                [36m>[39m
                  [36m<div[39m
                    [33mclass[39m=[32m"p-3 bg-blue-100 rounded-lg"[39m
                  [36m>[39m
                    [36m<svg[39m
                      [33maria-hidden[39m=[32m"true"[39m
                      [33mclass[39m=[32m"lucide lucide-brain h-6 w-6 text-blue-600"[39m
                      [33mfill[39m=[32m"none"[39m
                      [33mheight[39m=[32m"24"[39m
                      [33mstroke[39m=[32m"currentColor"[39m
                      [33mstroke-linecap[39m=[32m"round"[39m
                      [33mstroke-linejoin[39m=[32m"round"[39m
                      [33mstroke-width[39m=[32m"2"[39m
                      [33mviewBox[39m=[32m"0 0 24 24"[39m
                      [33mwidth[39m=[32m"24"[39m
                      [33mxmlns[39m=[32m"http://www.w3.org/2000/svg"[39m
                    [36m>[39m
                      [36m<path[39m
                        [33md[39m=[32m"M12 18V5"[39m
                      [36m/>[39m
                      [36m<path[39m
                        [33md[39m=[32m"M15 13a4.17 4.17 0 0 1-3-4 4.17 4.17 0 0 1-3 4"[39m
                      [36m/>[39m
                      [36m<path[3...

      21 |     render(<WelcomeStep onNext={mockOnNext} onSkip={mockOnSkip} />);
      22 |     
    > 23 |     expect(screen.getByText('Welcome to CareerOS')).toBeInTheDocument();
         |                   ^
      24 |     expect(screen.getByText(/Transform your resume from good to exceptional/)).toBeInTheDocument();
      25 |   });
      26 |

      at Object.getElementError (node_modules/@testing-library/dom/dist/config.js:37:19)
      at node_modules/@testing-library/dom/dist/query-helpers.js:76:38
      at node_modules/@testing-library/dom/dist/query-helpers.js:52:17
      at node_modules/@testing-library/dom/dist/query-helpers.js:95:19
      at Object.getByText (src/components/onboarding/__tests__/welcome-step.test.tsx:23:19)

FAIL src/lib/abstractions/providers/__tests__/api-analysis.test.ts
  ● APIAnalysisProvider › performAdvancedResumeAnalysis › should perform advanced analysis successfully

    TypeError: provider.performAdvancedResumeAnalysis is not a function

      290 |       const { ConvexAnalysisProvider } = await import('./convex-analysis');
      291 |       const provider = new ConvexAnalysisProvider();
    > 292 |       return await provider.performAdvancedResumeAnalysis(resume);
          |                             ^
      293 |     }
      294 |   }
      295 |

      at APIAnalysisProvider.performAdvancedResumeAnalysis (src/lib/abstractions/providers/api-analysis.ts:292:29)
      at Object.<anonymous> (src/lib/abstractions/providers/__tests__/api-analysis.test.ts:357:22)

  ● APIAnalysisProvider › performAdvancedResumeAnalysis › should handle advanced analysis errors

    expect(received).rejects.toThrow(expected)

    Expected substring: "Advanced resume analysis failed: Advanced analysis failed"
    Received message:   "provider.performAdvancedResumeAnalysis is not a function"

          290 |       const { ConvexAnalysisProvider } = await import('./convex-analysis');
          291 |       const provider = new ConvexAnalysisProvider();
        > 292 |       return await provider.performAdvancedResumeAnalysis(resume);
              |                             ^
          293 |     }
          294 |   }
          295 |

      at APIAnalysisProvider.performAdvancedResumeAnalysis (src/lib/abstractions/providers/api-analysis.ts:292:29)
      at Object.<anonymous> (src/lib/abstractions/providers/__tests__/api-analysis.test.ts:366:7)
      at Object.toThrow (node_modules/expect/build/index.js:218:22)
      at Object.toThrow (src/lib/abstractions/providers/__tests__/api-analysis.test.ts:367:18)

FAIL src/components/skill-gap/__tests__/RadarChart.test.tsx
  ● RadarChart Component › displays all dimension names in the chart

    TestingLibraryElementError: Found multiple elements with the text: Technical Skills

    Here are the matching elements:

    Ignored nodes: comments, script, style
    [36m<text[39m
      [33mclass[39m=[32m"text-xs font-medium fill-gray-700"[39m
      [33mdominant-baseline[39m=[32m"middle"[39m
      [33mstyle[39m=[32m"font-size: 12px;"[39m
      [33mtext-anchor[39m=[32m"middle"[39m
      [33mx[39m=[32m"200"[39m
      [33my[39m=[32m"30"[39m
    [36m>[39m
      [0mTechnical Skills[0m
    [36m</text>[39m

    Ignored nodes: comments, script, style
    [36m<td[39m
      [33mclass[39m=[32m"p-2 font-medium"[39m
    [36m>[39m
      [0mTechnical Skills[0m
    [36m</td>[39m

    (If this is intentional, then use the `*AllBy*` variant of the query (like `queryAllByText`, `getAllByText`, or `findAllByText`)).

    Ignored nodes: comments, script, style
    [36m<body>[39m
      [36m<div>[39m
        [36m<div[39m
          [33mclass[39m=[32m"bg-card text-card-foreground flex flex-col gap-6 rounded-xl border py-6 shadow-sm w-full"[39m
          [33mdata-slot[39m=[32m"card"[39m
        [36m>[39m
          [36m<div[39m
            [33mclass[39m=[32m"@container/card-header grid auto-rows-min grid-rows-[auto_auto] items-start gap-1.5 px-6 has-data-[slot=card-action]:grid-cols-[1fr_auto] [.border-b]:pb-6"[39m
            [33mdata-slot[39m=[32m"card-header"[39m
          [36m>[39m
            [36m<div[39m
              [33mclass[39m=[32m"leading-none font-semibold flex items-center gap-2"[39m
              [33mdata-slot[39m=[32m"card-title"[39m
            [36m>[39m
              [0mSkill Profile Comparison[0m
              [36m<svg[39m
                [33maria-hidden[39m=[32m"true"[39m
                [33mclass[39m=[32m"lucide lucide-info h-4 w-4 text-muted-foreground"[39m
                [33mfill[39m=[32m"none"[39m
                [33mheight[39m=[32m"24"[39m
                [33mstroke[39m=[32m"currentColor"[39m
                [33mstroke-linecap[39m=[32m"round"[39m
                [33mstroke-linejoin[39m=[32m"round"[39m
                [33mstroke-width[39m=[32m"2"[39m
                [33mviewBox[39m=[32m"0 0 24 24"[39m
                [33mwidth[39m=[32m"24"[39m
                [33mxmlns[39m=[32m"http://www.w3.org/2000/svg"[39m
              [36m>[39m
                [36m<circle[39m
                  [33mcx[39m=[32m"12"[39m
                  [33mcy[39m=[32m"12"[39m
                  [33mr[39m=[32m"10"[39m
                [36m/>[39m
                [36m<path[39m
                  [33md[39m=[32m"M12 16v-4"[39m
                [36m/>[39m
                [36m<path[39m
                  [33md[39m=[32m"M12 8h.01"[39m
                [36m/>[39m
              [36m</svg>[39m
            [36m</div>[39m
            [36m<div[39m
              [33mclass[39m=[32m"text-muted-foreground text-sm"[39m
              [33mdata-slot[39m=[32m"card-description"[39m
            [36m>[39m
              [0mCurrent vs. target skill levels across key dimensions[0m
            [36m</div>[39m
          [36m</div>[39m
          [36m<div[39m
            [33mclass[39m=[32m"px-6"[39m
            [33mdata-slot[39m=[32m"card-content"[39m
          [36m>[39m
            [36m<div[39m
              [33maria-label[39m=[32m"Chart legend"[39m
              [33mclass[39m=[32m"flex flex-wrap gap-4 mb-6 justify-center"[39m
              [33mrole[39m=[32m"list"[39m
            [36m>[39m
              [36m<div[39m
                [33mclass[39m=[32m"flex items-center gap-2"[39m
                [33mrole[39m=[32m"listitem"[39m
              [36m>[39m
                [36m<div[39m
                  [33maria-hidden[39m=[32m"true"[39m
                  [33mclass[39m=[32m"w-4 h-4 rounded-full bg-blue-500 opacity-60"[39m
                [36m/>[39m
                [36m<span[39m
                  [33mclass[39m=[32m"text-sm text-muted-foreground"[39m
                [36m>[39m
                  [0mCurrent Level[0m
                [36m</span>[39m
              [36m</div>[39m
              [36m<div[39m
                [33mclass[39m=[32m"flex items-center gap-2"[39m
                [33mrole[39m=[32m"listitem"[39m
              [36m>[39m
                [36m<div[39m
                  [33maria-hidden[39m=[32m"true"[39m
                  [33mclass[39m=[32m"w-4 h-4 rounded-full bg-green-500 opacity-60"[39m
                [36m/>[39m
                [36m<span[39m
                  [33mclass[39m=[32m"text-sm text-muted-foreground"[39m
                [36m>[39m
                  [0mTarget Level[0m
                [36m</span>[39m
              [36m</div>[39m
            [36m</div>[39m
            [36m<div[39m
              [33mclass[39m=[32m"flex justify-center"[39m
            [36m>[39m
              [36m<svg[39m
                [33maria-label[39m=[32m"Radar chart showing current vs target skill levels"[39m
                [33mclass[39m=[32m"w-full max-w-md"[39m
                [33mrole[39m=[32m"img"[39m
                [33mviewBox[39m=[32m"0 0 400 400"[39m
              [36m>[39m
                [36m<circle[39m
                  [33mcx[39m=[32m"200"[39m
                  [33mcy[39m=[32m"200"[39m
                  [33mfill[39m=[32m"none"[39m
                  [33mr[39m=[32m"28"[39m
                  [33mstroke[39m=[32m"#e5e7eb"[39m
                  [33mstroke-width[39m=[32m"1"[39m
                [36m/>[39m
                [36m<circle[39m
                  [33mcx[39m=[32m"200"[39m
                  [33mcy[39m=[32m"200"[39m
                  [33mfill[39m=[32m"none"[39m
                  [33mr[39m=[32m"56"[39m
                  [33mstroke[39m=[32m"#e5e7eb"[39m
                  [33mstroke-width[39m=[32m"1"[39m
                [36m/>[39m
                [36m<circle[39m
                  [33mcx[39m=[32m"200"[39m
                  [33mcy[39m=[32m"200"[39m
                  [33mfill[39m=[32m"none"[39m
                  [33mr[39m=[32m"84"[39m
                  [33mstroke[39m=[32m"#e5e7eb"[39m
                  [33mstroke-width[39m=[32m"1"[39m
                [36m/>[39m
                [36m<circle[39m
                  [33mcx[39m=[32m"200"[39m
                  [33mcy[39m=[32m"200"[39m
                  [33mfill[39m=[32m"none"[39m
                  [33mr[39m=[32m"112"[39m
                  [33mstroke[39m=[32m"#e5e7eb"[39m
                  [33mstroke-width[39m=[32m"1"[39m
                [36m/>[39m
                [36m<circle[39m
                  [33mcx[39m=[32m"200"[39m
                  [33mcy[39m=[32m"200"[39m
                  [33mfill[39m=[32m"none"[39m
                  [33mr[39m=[32m"140"[39m
                  [33mstroke[39m=[32m"#e5e7eb"[39m
                  [33mstroke-width[39m=[32m"1"[39m
                [36m/>[39m
                [36m<line[39m
                  [33mstroke[39m=[32m"#d1d5db"[39m
                  [33mstroke-width[39m=[32m"1"[39m
                  [33mx1[39m=[32m"200"[39m
                  [33mx2[39m=[32m"200"[39m
                  [33my1[39m=[32m"200"[39m
                  [33my2[39m=[32m"60"[39m
                [36m/>[39m
                [36m<line[39m
                  [33mstroke[39m=[32m"#d1d5db"[39m
                  [33mstroke-width[39m=[32m"1"[39m
                  [33mx1[39m=[32m"200"[39m
                  [33mx2[39m=[32m"333.14791228132145"[39m
                  [33my1[39m=[32m"200"[39m
                  [33my2[39m=[32m"156.73762078750738"[39m
                [36m/>[39m
                [36m<line[39m
                  [33mstroke[39m=[32m"#d1d5db"[39m
                  [33mstroke-width[39m=[32m"1"[39m
                  [33mx1[39m=[32m"200"[39m
                  [33mx2[39m=[32m"282.28993532094626"[39m
                  [33my1[39m=[32m"200"[39m
                  [33my2[39m=[32m"313.26237921249265"[39m
                [36m/>[39m
                [36m<line[39m
                  [33mstroke[39m=[32m"#d1d5db"[39m
                  [33mstroke-width[39m=[32m"1"[39m
                  [33mx1[39m=[32m"200"[39m
                  [33mx2[39m=[32m"117.71006467905377"[39m
                  [33my1[39m=[32m"200"[39m
        ...

      35 |     render(<RadarChart dimensions={mockDimensions} />);
      36 |
    > 37 |     expect(screen.getByText('Technical Skills')).toBeInTheDocument();
         |                   ^
      38 |     expect(screen.getByText('Soft Skills')).toBeInTheDocument();
      39 |     expect(screen.getByText('Domain Knowledge')).toBeInTheDocument();
      40 |     expect(screen.getByText('Tools & Technologies')).toBeInTheDocument();

      at Object.getElementError (node_modules/@testing-library/dom/dist/config.js:37:19)
      at getElementError (node_modules/@testing-library/dom/dist/query-helpers.js:20:35)
      at getMultipleElementsFoundError (node_modules/@testing-library/dom/dist/query-helpers.js:23:10)
      at node_modules/@testing-library/dom/dist/query-helpers.js:55:13
      at node_modules/@testing-library/dom/dist/query-helpers.js:95:19
      at Object.getByText (src/components/skill-gap/__tests__/RadarChart.test.tsx:37:19)

FAIL src/app/api/analytics/__tests__/conversion.test.ts
  ● Test suite failed to run

    Configuration error:

    Could not locate module @/convex/_generated/dataModel mapped as:
    /Users/jonsiu/Projects/career-os/career-os-app/convex/$1.

    Please check your configuration for these entries:
    {
      "moduleNameMapper": {
        "/^@\/convex\/(.*)$/": "/Users/jonsiu/Projects/career-os/career-os-app/convex/$1"
      },
      "resolver": undefined
    }

      27 |
      28 | // Mock Convex dataModel
    > 29 | jest.mock('@/convex/_generated/dataModel', () => ({
         |      ^
      30 |   Id: jest.fn(),
      31 | }));
      32 |

      at createNoMappedModuleFoundError (node_modules/jest-resolve/build/resolver.js:759:17)
      at Object.mock (src/app/api/analytics/__tests__/conversion.test.ts:29:6)

FAIL convex/__tests__/helpers/convex-testing-helper.ts
  ● Test suite failed to run

    Your test suite must contain at least one test.

      at onResult (node_modules/@jest/core/build/TestScheduler.js:133:18)
      at node_modules/@jest/core/build/TestScheduler.js:254:19
      at node_modules/emittery/index.js:363:13
          at Array.map (<anonymous>)
      at Emittery.emit (node_modules/emittery/index.js:361:23)

FAIL src/components/skill-gap/__tests__/PrioritizedRoadmap.test.tsx
  ● PrioritizedRoadmap Component › displays sorting controls

    TestingLibraryElementError: Found multiple elements with the role "button" and name `/Phase/`

    Here are the matching elements:

    Ignored nodes: comments, script, style
    [36m<button[39m
      [33mclass[39m=[32m"inline-flex items-center justify-center whitespace-nowrap font-medium transition-all disabled:pointer-events-none disabled:opacity-50 [&_svg]:pointer-events-none [&_svg:not([class*='size-'])]:size-4 shrink-0 [&_svg]:shrink-0 outline-none focus-visible:border-ring focus-visible:ring-ring/50 focus-visible:ring-[3px] aria-invalid:ring-destructive/20 dark:aria-invalid:ring-destructive/40 aria-invalid:border-destructive border bg-background shadow-xs hover:bg-accent hover:text-accent-foreground dark:bg-input/30 dark:border-input dark:hover:bg-input/50 h-8 rounded-md gap-1.5 px-3 has-[>svg]:px-2.5 text-xs"[39m
      [33mdata-slot[39m=[32m"button"[39m
    [36m>[39m
      [0mPhase[0m
    [36m</button>[39m

    Ignored nodes: comments, script, style
    [36m<button[39m
      [33maria-controls[39m=[32m"phase-1-content"[39m
      [33maria-expanded[39m=[32m"true"[39m
      [33mclass[39m=[32m"w-full text-left mb-4 group"[39m
    [36m>[39m
      [36m<div[39m
        [33mclass[39m=[32m"flex items-center justify-between p-4 rounded-lg border-2 transition-colors text-red-600 bg-red-50 border-red-300 hover:opacity-80"[39m
      [36m>[39m
        [36m<div>[39m
          [36m<div[39m
            [33mclass[39m=[32m"flex items-center gap-3"[39m
          [36m>[39m
            [36m<div[39m
              [33mclass[39m=[32m"inline-flex items-center rounded-full border px-2.5 py-0.5 transition-colors focus:outline-none focus:ring-2 focus:ring-ring focus:ring-offset-2 hover:bg-primary/80 text-xs font-bold text-red-600 bg-red-50 border-red-300"[39m
            [36m>[39m
              [0mPhase [0m
              [0m1[0m
            [36m</div>[39m
            [36m<h3[39m
              [33mclass[39m=[32m"font-semibold text-lg"[39m
            [36m>[39m
              [0mImmediate Focus[0m
            [36m</h3>[39m
          [36m</div>[39m
          [36m<p[39m
            [33mclass[39m=[32m"text-sm mt-1 opacity-70"[39m
          [36m>[39m
            [0m0-3 months[0m
          [36m</p>[39m
        [36m</div>[39m
        [36m<div[39m
          [33mclass[39m=[32m"flex items-center gap-3"[39m
        [36m>[39m
          [36m<div[39m
            [33mclass[39m=[32m"inline-flex items-center rounded-full border px-2.5 py-0.5 font-semibold transition-colors focus:outline-none focus:ring-2 focus:ring-ring focus:ring-offset-2 text-foreground text-xs"[39m
          [36m>[39m
            [0m2[0m
            [0m [0m
            [0mskills[0m
          [36m</div>[39m
          [36m<svg[39m
            [33maria-hidden[39m=[32m"true"[39m
            [33mclass[39m=[32m"lucide lucide-chevron-up h-5 w-5"[39m
            [33mfill[39m=[32m"none"[39m
            [33mheight[39m=[32m"24"[39m
            [33mstroke[39m=[32m"currentColor"[39m
            [33mstroke-linecap[39m=[32m"round"[39m
            [33mstroke-linejoin[39m=[32m"round"[39m
            [33mstroke-width[39m=[32m"2"[39m
            [33mviewBox[39m=[32m"0 0 24 24"[39m
            [33mwidth[39m=[32m"24"[39m
            [33mxmlns[39m=[32m"http://www.w3.org/2000/svg"[39m
          [36m>[39m
            [36m<path[39m
              [33md[39m=[32m"m18 15-6-6-6 6"[39m
            [36m/>[39m
          [36m</svg>[39m
        [36m</div>[39m
      [36m</div>[39m
    [36m</button>[39m

    Ignored nodes: comments, script, style
    [36m<button[39m
      [33maria-controls[39m=[32m"phase-2-content"[39m
      [33maria-expanded[39m=[32m"true"[39m
      [33mclass[39m=[32m"w-full text-left mb-4 group"[39m
    [36m>[39m
      [36m<div[39m
        [33mclass[39m=[32m"flex items-center justify-between p-4 rounded-lg border-2 transition-colors text-yellow-600 bg-yellow-50 border-yellow-300 hover:opacity-80"[39m
      [36m>[39m
        [36m<div>[39m
          [36m<div[39m
            [33mclass[39m=[32m"flex items-center gap-3"[39m
          [36m>[39m
            [36m<div[39m
              [33mclass[39m=[32m"inline-flex items-center rounded-full border px-2.5 py-0.5 transition-colors focus:outline-none focus:ring-2 focus:ring-ring focus:ring-offset-2 hover:bg-primary/80 text-xs font-bold text-yellow-600 bg-yellow-50 border-yellow-300"[39m
            [36m>[39m
              [0mPhase [0m
              [0m2[0m
            [36m</div>[39m
            [36m<h3[39m
              [33mclass[39m=[32m"font-semibold text-lg"[39m
            [36m>[39m
              [0mShort-term Goals[0m
            [36m</h3>[39m
          [36m</div>[39m
          [36m<p[39m
            [33mclass[39m=[32m"text-sm mt-1 opacity-70"[39m
          [36m>[39m
            [0m3-6 months[0m
          [36m</p>[39m
        [36m</div>[39m
        [36m<div[39m
          [33mclass[39m=[32m"flex items-center gap-3"[39m
        [36m>[39m
          [36m<div[39m
            [33mclass[39m=[32m"inline-flex items-center rounded-full border px-2.5 py-0.5 font-semibold transition-colors focus:outline-none focus:ring-2 focus:ring-ring focus:ring-offset-2 text-foreground text-xs"[39m
          [36m>[39m
            [0m1[0m
            [0m [0m
            [0mskill[0m
          [36m</div>[39m
          [36m<svg[39m
            [33maria-hidden[39m=[32m"true"[39m
            [33mclass[39m=[32m"lucide lucide-chevron-up h-5 w-5"[39m
            [33mfill[39m=[32m"none"[39m
            [33mheight[39m=[32m"24"[39m
            [33mstroke[39m=[32m"currentColor"[39m
            [33mstroke-linecap[39m=[32m"round"[39m
            [33mstroke-linejoin[39m=[32m"round"[39m
            [33mstroke-width[39m=[32m"2"[39m
            [33mviewBox[39m=[32m"0 0 24 24"[39m
            [33mwidth[39m=[32m"24"[39m
            [33mxmlns[39m=[32m"http://www.w3.org/2000/svg"[39m
          [36m>[39m
            [36m<path[39m
              [33md[39m=[32m"m18 15-6-6-6 6"[39m
            [36m/>[39m
          [36m</svg>[39m
        [36m</div>[39m
      [36m</div>[39m
    [36m</button>[39m

    Ignored nodes: comments, script, style
    [36m<button[39m
      [33maria-controls[39m=[32m"phase-3-content"[39m
      [33maria-expanded[39m=[32m"true"[39m
      [33mclass[39m=[32m"w-full text-left mb-4 group"[39m
    [36m>[39m
      [36m<div[39m
        [33mclass[39m=[32m"flex items-center justify-between p-4 rounded-lg border-2 transition-colors text-blue-600 bg-blue-50 border-blue-300 hover:opacity-80"[39m
      [36m>[39m
        [36m<div>[39m
          [36m<div[39m
            [33mclass[39m=[32m"flex items-center gap-3"[39m
          [36m>[39m
            [36m<div[39m
              [33mclass[39m=[32m"inline-flex items-center rounded-full border px-2.5 py-0.5 transition-colors focus:outline-none focus:ring-2 focus:ring-ring focus:ring-offset-2 hover:bg-primary/80 text-xs font-bold text-blue-600 bg-blue-50 border-blue-300"[39m
            [36m>[39m
              [0mPhase [0m
              [0m3[0m
            [36m</div>[39m
            [36m<h3[39m
              [33mclass[39m=[32m"font-semibold text-lg"[39m
            [36m>[39m
              [0mLong-term Investment[0m
            [36m</h3>[39m
          [36m</div>[39m
          [36m<p[39m
            [33mclass[39m=[32m"text-sm mt-1 opacity-70"[39m
          [36m>[39m
            [0m6-12 months[0m
          [36m</p>[39m
        [36m</div>[39m
        [36m<div[39m
          [33mclass[39m=[32m"flex items-center gap-3"[39m
        [36m>[39m
          [36m<div[39m
            [33mclass[39m=[32m"inline-flex items-center rounded-full border px-2.5 py-0.5 font-semibold transition-colors focus:outline-none focus:ring-2 focus:ring-ring focus:ring-offset-2 text-foreground text-xs"[39m
          [36m>[39m
            [0m1[0m
            [0m [0m
            [0mskill[0m
          [36m</div>[39m
          [36m<svg[39m
            [33maria-hidden[39m=[32m"true"[39m
            [33mclass[39m=[32m"lucide lucide-chevron-up h-5 w-5"[39m
            [33mfill[39m=[32m"none"[39m
            [33mheight[39m=[32m"24"[39m
            [33mstroke[39m=[32m"currentColor"[39m
            [33mstroke-linecap[39m=[32m"round"[39m
            [33mstroke-linejoin[39m=[32m"round"[39m
            [33mstroke-width[39m=[32m"2"[39m
            [33mviewBox[39m=[32m"0 0 24 24"[39m
            [33mwidth[39m=[32m"24"[39m
            [33mxmlns[39m=[32m"http://www.w3.org/2000/svg"[39m
          [36m>[39m
            [36m<path[39m
              [33md[39m=[32m"m18 15-6-6-6 6"[39m
            [36m/>[39m
          [36m</svg>[39m
        [36m</div>[39m
      [36m</div>[39m
    [36m</button>[39m

    (If this is intentional, then use the `*AllBy*` variant of the query (like `queryAllByText`, `getAllByText`, or `findAllByText`)).

    Ignored nodes: comments, script, style
    [36m<body>[39m
      [36m<div>[39m
        [36m<div[39m
          [33mclass[39m=[32m"bg-card text-card-foreground flex flex-col gap-6 rounded-xl border py-6 shadow-sm w-full"[39m
          [33mdata-slot[39m=[32m"card"[39m
        [36m>[39m
          [36m<div[39m
            [33mclass[39m=[32m"@container/card-header grid auto-rows-min grid-rows-[auto_auto] items-start gap-1.5 px-6 has-data-[slot=card-action]:grid-cols-[1fr_auto] [.border-b]:pb-6"[39m
            [33mdata-slot[39m=[32m"card-header"[39m
          [36m>[39m
            [36m<div[39m
              [33mclass[39m=[32m"leading-none font-semibold flex items-center gap-2"[39m
              [33mdata-slot[39m=[32m"card-title"[39m
            [36m>[39m
              [0mPrioritized Learning Roadmap[0m
              [36m<svg[39m
                [33maria-hidden[39m=[32m"true"[39m
                [33mclass[39m=[32m"lucide lucide-info h-4 w-4 text-muted-foreground"[39m
                [33mfill[39m=[32m"none"[39m
                [33mheight[39m=[32m"24"[39m
                [33mstroke[39m=[32m"currentColor"[39m
                [33mstroke-linecap[39m=[32m"round"[39m
                [33mstroke-linejoin[39m=[32m"round"[39m
                [33mstroke-width[39m=[32m"2"[39m
                [33mviewBox[39m=[32m"0 0 24 24"[39m
                [33mwidth[39m=[32m"24"[39m
                [33mxmlns[39m=[32m"http://www.w3.org/2000/svg"[39m
              [36m>[39m
                [36m<circle[39m
                  [33mcx[39m=[32m"12"[39m
                  [33mcy[39m=[32m"12"[39m
                  [33mr[39m=[32m"10"[39m
                [36m/>[39m
                [36m<path[39m
                  [33md[39m=[32m"M12 16v-4"[39m
                [36m/>[39m
                [36m<path[39m
                  [33md[39m=[32m"M12 8h.01"[39m
                [36m/>[39m
              [36m</svg>[39m
            [36m</div>[39m
            [36m<div[39m
              [33mclass[39m=[32m"text-muted-foreground text-sm"[39m
              [33mdata-slot[39m=[32m"card-description"[39m
            [36m>[39m
              [0mYour personalized learning path based on impact, time, and market demand[0m
            [36m</div>[39m
          [36m</div>[39m
          [36m<div[39m
            [33mclass[39m=[32m"px-6"[39m
            [33mdata-slot[39m=[32m"card-content"[39m
          [36m>[39m
            [36m<div[39m
              [33mclass[39m=[32m"flex flex-col sm:flex-row gap-3 mb-6 pb-4 border-b"[39m
            [36m>[39m
              [36m<div[39m
                [33mclass[39m=[32m"flex gap-2 flex-wrap"[39m
              [36m>[39m
                [36m<span[39m
                  [33mclass[39m=[32m"text-sm text-muted-foreground self-center"[39m
                [36m>[39m
                  [0mSort by:[0m
                [36m</span>[39m
                [36m<button[39m
                  [33mclass[39m=[32m"inline-flex items-center justify-center whitespace-nowrap font-medium transition-all disabled:pointer-events-none disabled:opacity-50 [&_svg]:pointer-events-none [&_svg:not([class*='size-'])]:size-4 shrink-0 [&_svg]:shrink-0 outline-none focus-visible:border-ring focus-visible:ring-ring/50 focus-visible:ring-[3px] aria-invalid:ring-destructive/20 dark:aria-invalid:ring-destructive/40 aria-invalid:border-destructive bg-primary text-primary-foreground shadow-xs hover:bg-primary/90 h-8 rounded-md gap-1.5 px-3 has-[>svg]:px-2.5 text-xs"[39m
                  [33mdata-slot[39m=[32m"button"[39m
                [36m>[39m
                  [36m<svg[39m
                    [33maria-hidden[39m=[32m"true"[39m
                    [33mclass[39m=[32m"lucide lucide-trending-up h-3 w-3 mr-1"[39m
                    [33mfill[39m=[32m"none"[39m
                    [33mheight[39m=[32m"24"[39m
                    [33mstroke[39m=[32m"currentColor"[39m
                    [33mstroke-linecap[39m=[32m"round"[39m
                    [33mstroke-linejoin[39m=[32m"round"[39m
                    [33mstroke-width[39m=[32m"2"[39m
                    [33mviewBox[39m=[32m"0 0 24 24"[39m
                    [33mwidth[39m=[32m"24"[39m
                    [33mxmlns[39m=[32m"http://www.w3.org/2000/svg"[39m
                  [36m>[39m
                    [36m<path[39m
                      [33md[39m=[32m"M16 7h6v6"[39m
                    [36m/>[39m
                    [36m<path[39m
                      [33md[39m=[32m"m22 7-8.5 8.5-5-5L2 17"[39m
                    [36m/>[39m
                  [36m</svg>[39m
                  [0mPriority[0m
                [36m</button>[39m
                [36m<button[39m
                  [33mclass[39m=[32m"inline-flex items-center justify-center whitespace-nowrap font-medium transition-all disabled:pointer-events-none disabled:opacity-50 [&_svg]:pointer-events-none [&_svg:not([class*='size-'])]:size-4 shrink-0 [&_svg]:shrink-0 outline-none focus-visible:border-ring focus-visible:ring-ring/50 focus-visible:ring-[3px] aria-invalid:ring-destructive/20 dark:aria-invalid:ring-destructive/40 aria-invalid:border-destructive border bg-background shadow-xs hover:bg-accent hover:text-accent-foreground dark:bg-input/30 dark:border-input dark:hover:bg-input/50 h-8 rounded-md gap-1.5 px-3 has-[>svg]:px-2.5 text-xs"[39m
                  [33mdata-slot[39m=[32m"button"[39m
                [36m>[39m
                  [36m<svg[39m
                    [33maria-hidden[39m=[32m"true"[39m
                    [33mclass[39m=[32m"lucide lucide-clock h-3 w-3 mr-1"[39m
                    [33mfill[39m=[32m"none"[39m
                    [33mheight[39m=[32m"24"[39m
                    [33mstroke[39m=[32m"currentColor"[39m
                    [33mstroke-linecap[39m=[32m"round"[39m
                    [33mstroke-linejoin[39m=[32m"round"[39m
                    [33mstroke-width[39m=[32m"2"[39m
                    [33mviewBox[39m=[32m"0 0 24 24"[39m
                    [33mwidth[39m=[32m"24"[39m
                    [33mxmlns[39m=[32m"http://www.w3.org/2000/svg"[39m
                  [36m>[39m
                    [36m<path[39m
                      [33md[39m=[32m"M12 6v6l4 2"[39m
                    [36m/>[39m
                    [36m<circle[39m
                      [33mcx[39m=[32m"12"[39m
                      [33mcy[39m=[32m"12"[39m
                      [33mr[39m=[32m"10"[39m
                    [36m/>[39m
                  [36m</svg>[39m
                  [0mTime[0m
                [36m</button>[39m
                [36m<button[39m
                  [33mclass[39m=[32m"inline-flex items-center justify-center whitespace-nowrap font-medium transition-all disabled:pointer-events-none disabled:opacity-50 [&_svg]:pointer-events-none [&_svg:not([class*='size-'])]:size-4 shrink-0 [&_svg]:shrink-0 outline-none focus-visible:border-ring focus-visible:ring-ring/50 focus-visible:ring-[3px] aria-invalid:ring-destructive/20 dark:aria-invalid:ring-destructive/40 aria-invalid:border-destructive border bg-background shadow-xs hover:bg-accent hover:text-accent-foreground dark:bg-input/30 dark:border-input dark:hover:bg-input/50 h-8 rounded-md gap-1.5 px-3 has-[>svg]:px-2.5 text-xs"[39m
                  [33mdata-slot[39m=[32m"button...

      55 |     expect(screen.getByRole('button', { name: /Priority/ })).toBeInTheDocument();
      56 |     expect(screen.getByRole('button', { name: /Time/ })).toBeInTheDocument();
    > 57 |     expect(screen.getByRole('button', { name: /Phase/ })).toBeInTheDocument();
         |                   ^
      58 |   });
      59 |
      60 |   it('displays all three phases with correct titles', () => {

      at Object.getElementError (node_modules/@testing-library/dom/dist/config.js:37:19)
      at getElementError (node_modules/@testing-library/dom/dist/query-helpers.js:20:35)
      at getMultipleElementsFoundError (node_modules/@testing-library/dom/dist/query-helpers.js:23:10)
      at node_modules/@testing-library/dom/dist/query-helpers.js:55:13
      at node_modules/@testing-library/dom/dist/query-helpers.js:95:19
      at Object.getByRole (src/components/skill-gap/__tests__/PrioritizedRoadmap.test.tsx:57:19)

FAIL src/components/skill-gap/__tests__/AnalysisResults.test.tsx
  ● AnalysisResults Component › displays overview tab by default

    TestingLibraryElementError: Found multiple elements with the text: Senior Software Engineer

    Here are the matching elements:

    Ignored nodes: comments, script, style
    [36m<strong>[39m
      [0mSenior Software Engineer[0m
    [36m</strong>[39m

    Ignored nodes: comments, script, style
    [36m<strong>[39m
      [0mSenior Software Engineer[0m
    [36m</strong>[39m

    (If this is intentional, then use the `*AllBy*` variant of the query (like `queryAllByText`, `getAllByText`, or `findAllByText`)).

    Ignored nodes: comments, script, style
    [36m<body>[39m
      [36m<div>[39m
        [36m<div[39m
          [33mclass[39m=[32m"w-full space-y-6"[39m
        [36m>[39m
          [36m<div[39m
            [33mclass[39m=[32m"bg-card text-card-foreground flex flex-col gap-6 rounded-xl border py-6 shadow-sm"[39m
            [33mdata-slot[39m=[32m"card"[39m
          [36m>[39m
            [36m<div[39m
              [33mclass[39m=[32m"@container/card-header grid auto-rows-min grid-rows-[auto_auto] items-start gap-1.5 px-6 has-data-[slot=card-action]:grid-cols-[1fr_auto] [.border-b]:pb-6"[39m
              [33mdata-slot[39m=[32m"card-header"[39m
            [36m>[39m
              [36m<div[39m
                [33mclass[39m=[32m"leading-none font-semibold flex items-center gap-2"[39m
                [33mdata-slot[39m=[32m"card-title"[39m
              [36m>[39m
                [36m<svg[39m
                  [33maria-hidden[39m=[32m"true"[39m
                  [33mclass[39m=[32m"lucide lucide-target h-5 w-5 text-blue-600"[39m
                  [33mfill[39m=[32m"none"[39m
                  [33mheight[39m=[32m"24"[39m
                  [33mstroke[39m=[32m"currentColor"[39m
                  [33mstroke-linecap[39m=[32m"round"[39m
                  [33mstroke-linejoin[39m=[32m"round"[39m
                  [33mstroke-width[39m=[32m"2"[39m
                  [33mviewBox[39m=[32m"0 0 24 24"[39m
                  [33mwidth[39m=[32m"24"[39m
                  [33mxmlns[39m=[32m"http://www.w3.org/2000/svg"[39m
                [36m>[39m
                  [36m<circle[39m
                    [33mcx[39m=[32m"12"[39m
                    [33mcy[39m=[32m"12"[39m
                    [33mr[39m=[32m"10"[39m
                  [36m/>[39m
                  [36m<circle[39m
                    [33mcx[39m=[32m"12"[39m
                    [33mcy[39m=[32m"12"[39m
                    [33mr[39m=[32m"6"[39m
                  [36m/>[39m
                  [36m<circle[39m
                    [33mcx[39m=[32m"12"[39m
                    [33mcy[39m=[32m"12"[39m
                    [33mr[39m=[32m"2"[39m
                  [36m/>[39m
                [36m</svg>[39m
                [0mQuick Actions[0m
              [36m</div>[39m
              [36m<div[39m
                [33mclass[39m=[32m"text-muted-foreground text-sm"[39m
                [33mdata-slot[39m=[32m"card-description"[39m
              [36m>[39m
                [0mIntegrate this analysis with your career development workflow[0m
              [36m</div>[39m
            [36m</div>[39m
            [36m<div[39m
              [33mclass[39m=[32m"px-6"[39m
              [33mdata-slot[39m=[32m"card-content"[39m
            [36m>[39m
              [36m<div[39m
                [33mclass[39m=[32m"flex flex-col sm:flex-row gap-3"[39m
              [36m>[39m
                [36m<button[39m
                  [33mclass[39m=[32m"inline-flex items-center justify-center gap-2 whitespace-nowrap rounded-md text-sm font-medium transition-all disabled:pointer-events-none disabled:opacity-50 [&_svg]:pointer-events-none [&_svg:not([class*='size-'])]:size-4 [&_svg]:shrink-0 outline-none focus-visible:border-ring focus-visible:ring-ring/50 focus-visible:ring-[3px] aria-invalid:ring-destructive/20 dark:aria-invalid:ring-destructive/40 aria-invalid:border-destructive border bg-background shadow-xs hover:bg-accent hover:text-accent-foreground dark:bg-input/30 dark:border-input dark:hover:bg-input/50 h-9 px-4 py-2 has-[>svg]:px-3 flex-1"[39m
                  [33mdata-slot[39m=[32m"button"[39m
                [36m>[39m
                  [36m<svg[39m
                    [33maria-hidden[39m=[32m"true"[39m
                    [33mclass[39m=[32m"lucide lucide-bookmark-plus h-4 w-4 mr-2"[39m
                    [33mfill[39m=[32m"none"[39m
                    [33mheight[39m=[32m"24"[39m
                    [33mstroke[39m=[32m"currentColor"[39m
                    [33mstroke-linecap[39m=[32m"round"[39m
                    [33mstroke-linejoin[39m=[32m"round"[39m
                    [33mstroke-width[39m=[32m"2"[39m
                    [33mviewBox[39m=[32m"0 0 24 24"[39m
                    [33mwidth[39m=[32m"24"[39m
                    [33mxmlns[39m=[32m"http://www.w3.org/2000/svg"[39m
                  [36m>[39m
                    [36m<path[39m
                      [33md[39m=[32m"m19 21-7-4-7 4V5a2 2 0 0 1 2-2h10a2 2 0 0 1 2 2v16z"[39m
                    [36m/>[39m
                    [36m<line[39m
                      [33mx1[39m=[32m"12"[39m
                      [33mx2[39m=[32m"12"[39m
                      [33my1[39m=[32m"7"[39m
                      [33my2[39m=[32m"13"[39m
                    [36m/>[39m
                    [36m<line[39m
                      [33mx1[39m=[32m"15"[39m
                      [33mx2[39m=[32m"9"[39m
                      [33my1[39m=[32m"10"[39m
                      [33my2[39m=[32m"10"[39m
                    [36m/>[39m
                  [36m</svg>[39m
                  [0mAdd All Gaps to Skills Tracker ([0m
                  [0m3[0m
                  [0m)[0m
                [36m</button>[39m
                [36m<button[39m
                  [33mclass[39m=[32m"inline-flex items-center justify-center gap-2 whitespace-nowrap rounded-md text-sm font-medium transition-all disabled:pointer-events-none disabled:opacity-50 [&_svg]:pointer-events-none [&_svg:not([class*='size-'])]:size-4 [&_svg]:shrink-0 outline-none focus-visible:border-ring focus-visible:ring-ring/50 focus-visible:ring-[3px] aria-invalid:ring-destructive/20 dark:aria-invalid:ring-destructive/40 aria-invalid:border-destructive bg-primary text-primary-foreground shadow-xs hover:bg-primary/90 h-9 px-4 py-2 has-[>svg]:px-3 flex-1"[39m
                  [33mdata-slot[39m=[32m"button"[39m
                [36m>[39m
                  [36m<svg[39m
                    [33maria-hidden[39m=[32m"true"[39m
                    [33mclass[39m=[32m"lucide lucide-map h-4 w-4 mr-2"[39m
                    [33mfill[39m=[32m"none"[39m
                    [33mheight[39m=[32m"24"[39m
                    [33mstroke[39m=[32m"currentColor"[39m
                    [33mstroke-linecap[39m=[32m"round"[39m
                    [33mstroke-linejoin[39m=[32m"round"[39m
                    [33mstroke-width[39m=[32m"2"[39m
                    [33mviewBox[39m=[32m"0 0 24 24"[39m
                    [33mwidth[39m=[32m"24"[39m
                    [33mxmlns[39m=[32m"http://www.w3.org/2000/svg"[39m
                  [36m>[39m
                    [36m<path[39m
                      [33md[39m=[32m"M14.106 5.553a2 2 0 0 0 1.788 0l3.659-1.83A1 1 0 0 1 21 4.619v12.764a1 1 0 0 1-.553.894l-4.553 2.277a2 2 0 0 1-1.788 0l-4.212-2.106a2 2 0 0 0-1.788 0l-3.659 1.83A1 1 0 0 1 3 19.381V6.618a1 1 0 0 1 .553-.894l4.553-2.277a2 2 0 0 1 1.788 0z"[39m
                    [36m/>[39m
                    [36m<path[39m
                      [33md[39m=[32m"M15 5.764v15"[39m
                    [36m/>[39m
                    [36m<path[39m
                      [33md[39m=[32m"M9 3.236v15"[39m
                    [36m/>[39m
                  [36m</svg>[39m
                  [0mCreate Career Plan from Roadmap[0m
          ...

      100 |
      101 |     expect(screen.getByText('Analysis Overview')).toBeInTheDocument();
    > 102 |     expect(screen.getByText('Senior Software Engineer')).toBeInTheDocument();
          |                   ^
      103 |   });
      104 |
      105 |   it('shows summary statistics in overview tab', () => {

      at Object.getElementError (node_modules/@testing-library/dom/dist/config.js:37:19)
      at getElementError (node_modules/@testing-library/dom/dist/query-helpers.js:20:35)
      at getMultipleElementsFoundError (node_modules/@testing-library/dom/dist/query-helpers.js:23:10)
      at node_modules/@testing-library/dom/dist/query-helpers.js:55:13
      at node_modules/@testing-library/dom/dist/query-helpers.js:95:19
      at Object.getByText (src/components/skill-gap/__tests__/AnalysisResults.test.tsx:102:19)

  ● AnalysisResults Component › shows summary statistics in overview tab

    TestingLibraryElementError: Found multiple elements with the text: 2

    Here are the matching elements:

    Ignored nodes: comments, script, style
    [36m<div[39m
      [33mclass[39m=[32m"text-3xl font-bold text-red-900"[39m
    [36m>[39m
      [0m2[0m
    [36m</div>[39m

    Ignored nodes: comments, script, style
    [36m<div[39m
      [33mclass[39m=[32m"text-3xl font-bold text-green-900"[39m
    [36m>[39m
      [0m2[0m
    [36m</div>[39m

    Ignored nodes: comments, script, style
    [36m<strong>[39m
      [0m2[0m
    [36m</strong>[39m

    Ignored nodes: comments, script, style
    [36m<strong>[39m
      [0m2[0m
    [36m</strong>[39m

    (If this is intentional, then use the `*AllBy*` variant of the query (like `queryAllByText`, `getAllByText`, or `findAllByText`)).

    Ignored nodes: comments, script, style
    [36m<body>[39m
      [36m<div>[39m
        [36m<div[39m
          [33mclass[39m=[32m"w-full space-y-6"[39m
        [36m>[39m
          [36m<div[39m
            [33mclass[39m=[32m"bg-card text-card-foreground flex flex-col gap-6 rounded-xl border py-6 shadow-sm"[39m
            [33mdata-slot[39m=[32m"card"[39m
          [36m>[39m
            [36m<div[39m
              [33mclass[39m=[32m"@container/card-header grid auto-rows-min grid-rows-[auto_auto] items-start gap-1.5 px-6 has-data-[slot=card-action]:grid-cols-[1fr_auto] [.border-b]:pb-6"[39m
              [33mdata-slot[39m=[32m"card-header"[39m
            [36m>[39m
              [36m<div[39m
                [33mclass[39m=[32m"leading-none font-semibold flex items-center gap-2"[39m
                [33mdata-slot[39m=[32m"card-title"[39m
              [36m>[39m
                [36m<svg[39m
                  [33maria-hidden[39m=[32m"true"[39m
                  [33mclass[39m=[32m"lucide lucide-target h-5 w-5 text-blue-600"[39m
                  [33mfill[39m=[32m"none"[39m
                  [33mheight[39m=[32m"24"[39m
                  [33mstroke[39m=[32m"currentColor"[39m
                  [33mstroke-linecap[39m=[32m"round"[39m
                  [33mstroke-linejoin[39m=[32m"round"[39m
                  [33mstroke-width[39m=[32m"2"[39m
                  [33mviewBox[39m=[32m"0 0 24 24"[39m
                  [33mwidth[39m=[32m"24"[39m
                  [33mxmlns[39m=[32m"http://www.w3.org/2000/svg"[39m
                [36m>[39m
                  [36m<circle[39m
                    [33mcx[39m=[32m"12"[39m
                    [33mcy[39m=[32m"12"[39m
                    [33mr[39m=[32m"10"[39m
                  [36m/>[39m
                  [36m<circle[39m
                    [33mcx[39m=[32m"12"[39m
                    [33mcy[39m=[32m"12"[39m
                    [33mr[39m=[32m"6"[39m
                  [36m/>[39m
                  [36m<circle[39m
                    [33mcx[39m=[32m"12"[39m
                    [33mcy[39m=[32m"12"[39m
                    [33mr[39m=[32m"2"[39m
                  [36m/>[39m
                [36m</svg>[39m
                [0mQuick Actions[0m
              [36m</div>[39m
              [36m<div[39m
                [33mclass[39m=[32m"text-muted-foreground text-sm"[39m
                [33mdata-slot[39m=[32m"card-description"[39m
              [36m>[39m
                [0mIntegrate this analysis with your career development workflow[0m
              [36m</div>[39m
            [36m</div>[39m
            [36m<div[39m
              [33mclass[39m=[32m"px-6"[39m
              [33mdata-slot[39m=[32m"card-content"[39m
            [36m>[39m
              [36m<div[39m
                [33mclass[39m=[32m"flex flex-col sm:flex-row gap-3"[39m
              [36m>[39m
                [36m<button[39m
                  [33mclass[39m=[32m"inline-flex items-center justify-center gap-2 whitespace-nowrap rounded-md text-sm font-medium transition-all disabled:pointer-events-none disabled:opacity-50 [&_svg]:pointer-events-none [&_svg:not([class*='size-'])]:size-4 [&_svg]:shrink-0 outline-none focus-visible:border-ring focus-visible:ring-ring/50 focus-visible:ring-[3px] aria-invalid:ring-destructive/20 dark:aria-invalid:ring-destructive/40 aria-invalid:border-destructive border bg-background shadow-xs hover:bg-accent hover:text-accent-foreground dark:bg-input/30 dark:border-input dark:hover:bg-input/50 h-9 px-4 py-2 has-[>svg]:px-3 flex-1"[39m
                  [33mdata-slot[39m=[32m"button"[39m
                [36m>[39m
                  [36m<svg[39m
                    [33maria-hidden[39m=[32m"true"[39m
                    [33mclass[39m=[32m"lucide lucide-bookmark-plus h-4 w-4 mr-2"[39m
                    [33mfill[39m=[32m"none"[39m
                    [33mheight[39m=[32m"24"[39m
                    [33mstroke[39m=[32m"currentColor"[39m
                    [33mstroke-linecap[39m=[32m"round"[39m
                    [33mstroke-linejoin[39m=[32m"round"[39m
                    [33mstroke-width[39m=[32m"2"[39m
                    [33mviewBox[39m=[32m"0 0 24 24"[39m
                    [33mwidth[39m=[32m"24"[39m
                    [33mxmlns[39m=[32m"http://www.w3.org/2000/svg"[39m
                  [36m>[39m
                    [36m<path[39m
                      [33md[39m=[32m"m19 21-7-4-7 4V5a2 2 0 0 1 2-2h10a2 2 0 0 1 2 2v16z"[39m
                    [36m/>[39m
                    [36m<line[39m
                      [33mx1[39m=[32m"12"[39m
                      [33mx2[39m=[32m"12"[39m
                      [33my1[39m=[32m"7"[39m
                      [33my2[39m=[32m"13"[39m
                    [36m/>[39m
                    [36m<line[39m
                      [33mx1[39m=[32m"15"[39m
                      [33mx2[39m=[32m"9"[39m
                      [33my1[39m=[32m"10"[39m
                      [33my2[39m=[32m"10"[39m
                    [36m/>[39m
                  [36m</svg>[39m
                  [0mAdd All Gaps to Skills Tracker ([0m
                  [0m3[0m
                  [0m)[0m
                [36m</button>[39m
                [36m<button[39m
                  [33mclass[39m=[32m"inline-flex items-center justify-center gap-2 whitespace-nowrap rounded-md text-sm font-medium transition-all disabled:pointer-events-none disabled:opacity-50 [&_svg]:pointer-events-none [&_svg:not([class*='size-'])]:size-4 [&_svg]:shrink-0 outline-none focus-visible:border-ring focus-visible:ring-ring/50 focus-visible:ring-[3px] aria-invalid:ring-destructive/20 dark:aria-invalid:ring-destructive/40 aria-invalid:border-destructive bg-primary text-primary-foreground shadow-xs hover:bg-primary/90 h-9 px-4 py-2 has-[>svg]:px-3 flex-1"[39m
                  [33mdata-slot[39m=[32m"button"[39m
                [36m>[39m
                  [36m<svg[39m
                    [33maria-hidden[39m=[32m"true"[39m
                    [33mclass[39m=[32m"lucide lucide-map h-4 w-4 mr-2"[39m
                    [33mfill[39m=[32m"none"[39m
                    [33mheight[39m=[32m"24"[39m
                    [33mstroke[39m=[32m"currentColor"[39m
                    [33mstroke-linecap[39m=[32m"round"[39m
                    [33mstroke-linejoin[39m=[32m"round"[39m
                    [33mstroke-width[39m=[32m"2"[39m
                    [33mviewBox[39m=[32m"0 0 24 24"[39m
                    [33mwidth[39m=[32m"24"[39m
                    [33mxmlns[39m=[32m"http://www.w3.org/2000/svg"[39m
                  [36m>[39m
                    [36m<path[39m
                      [33md[39m=[32m"M14.106 5.553a2 2 0 0 0 1.788 0l3.659-1.83A1 1 0 0 1 21 4.619v12.764a1 1 0 0 1-.553.894l-4.553 2.277a2 2 0 0 1-1.788 0l-4.212-2.106a2 2 0 0 0-1.788 0l-3.659 1.83A1 1 0 0 1 3 19.381V6.618a1 1 0 0 1 .553-.894l4.553-2.277a2 2 0 0 1 1.788 0z"[39m
                    [36m/>[39m
                    [36m<path[39m
                      [33md[39m=[32m"M15 5.764v15"[39m
                    [36m/>[39m
                    [36m<path[39m
                      [33md[39m=[32m"M9 3.236v15"[39m
                    [36m/>[39m
                  [36m</svg>[39m
                  [0mCreate Career Plan from Roadmap[0m
          ...

      107 |
      108 |     // Critical gaps count
    > 109 |     expect(screen.getByText('2')).toBeInTheDocument();
          |                   ^
      110 |     expect(screen.getByText('Critical Gaps')).toBeInTheDocument();
      111 |
      112 |     // Nice-to-have count

      at Object.getElementError (node_modules/@testing-library/dom/dist/config.js:37:19)
      at getElementError (node_modules/@testing-library/dom/dist/query-helpers.js:20:35)
      at getMultipleElementsFoundError (node_modules/@testing-library/dom/dist/query-helpers.js:23:10)
      at node_modules/@testing-library/dom/dist/query-helpers.js:55:13
      at node_modules/@testing-library/dom/dist/query-helpers.js:95:19
      at Object.getByText (src/components/skill-gap/__tests__/AnalysisResults.test.tsx:109:19)

  ● AnalysisResults Component › switches to Radar Chart tab when clicked

    TestingLibraryElementError: Unable to find an element with the text: Skill Profile Comparison. This could be because the text is broken up by multiple elements. In this case, you can provide a function for your text matcher to make your matcher more flexible.

    Ignored nodes: comments, script, style
    [36m<body>[39m
      [36m<div>[39m
        [36m<div[39m
          [33mclass[39m=[32m"w-full space-y-6"[39m
        [36m>[39m
          [36m<div[39m
            [33mclass[39m=[32m"bg-card text-card-foreground flex flex-col gap-6 rounded-xl border py-6 shadow-sm"[39m
            [33mdata-slot[39m=[32m"card"[39m
          [36m>[39m
            [36m<div[39m
              [33mclass[39m=[32m"@container/card-header grid auto-rows-min grid-rows-[auto_auto] items-start gap-1.5 px-6 has-data-[slot=card-action]:grid-cols-[1fr_auto] [.border-b]:pb-6"[39m
              [33mdata-slot[39m=[32m"card-header"[39m
            [36m>[39m
              [36m<div[39m
                [33mclass[39m=[32m"leading-none font-semibold flex items-center gap-2"[39m
                [33mdata-slot[39m=[32m"card-title"[39m
              [36m>[39m
                [36m<svg[39m
                  [33maria-hidden[39m=[32m"true"[39m
                  [33mclass[39m=[32m"lucide lucide-target h-5 w-5 text-blue-600"[39m
                  [33mfill[39m=[32m"none"[39m
                  [33mheight[39m=[32m"24"[39m
                  [33mstroke[39m=[32m"currentColor"[39m
                  [33mstroke-linecap[39m=[32m"round"[39m
                  [33mstroke-linejoin[39m=[32m"round"[39m
                  [33mstroke-width[39m=[32m"2"[39m
                  [33mviewBox[39m=[32m"0 0 24 24"[39m
                  [33mwidth[39m=[32m"24"[39m
                  [33mxmlns[39m=[32m"http://www.w3.org/2000/svg"[39m
                [36m>[39m
                  [36m<circle[39m
                    [33mcx[39m=[32m"12"[39m
                    [33mcy[39m=[32m"12"[39m
                    [33mr[39m=[32m"10"[39m
                  [36m/>[39m
                  [36m<circle[39m
                    [33mcx[39m=[32m"12"[39m
                    [33mcy[39m=[32m"12"[39m
                    [33mr[39m=[32m"6"[39m
                  [36m/>[39m
                  [36m<circle[39m
                    [33mcx[39m=[32m"12"[39m
                    [33mcy[39m=[32m"12"[39m
                    [33mr[39m=[32m"2"[39m
                  [36m/>[39m
                [36m</svg>[39m
                [0mQuick Actions[0m
              [36m</div>[39m
              [36m<div[39m
                [33mclass[39m=[32m"text-muted-foreground text-sm"[39m
                [33mdata-slot[39m=[32m"card-description"[39m
              [36m>[39m
                [0mIntegrate this analysis with your career development workflow[0m
              [36m</div>[39m
            [36m</div>[39m
            [36m<div[39m
              [33mclass[39m=[32m"px-6"[39m
              [33mdata-slot[39m=[32m"card-content"[39m
            [36m>[39m
              [36m<div[39m
                [33mclass[39m=[32m"flex flex-col sm:flex-row gap-3"[39m
              [36m>[39m
                [36m<button[39m
                  [33mclass[39m=[32m"inline-flex items-center justify-center gap-2 whitespace-nowrap rounded-md text-sm font-medium transition-all disabled:pointer-events-none disabled:opacity-50 [&_svg]:pointer-events-none [&_svg:not([class*='size-'])]:size-4 [&_svg]:shrink-0 outline-none focus-visible:border-ring focus-visible:ring-ring/50 focus-visible:ring-[3px] aria-invalid:ring-destructive/20 dark:aria-invalid:ring-destructive/40 aria-invalid:border-destructive border bg-background shadow-xs hover:bg-accent hover:text-accent-foreground dark:bg-input/30 dark:border-input dark:hover:bg-input/50 h-9 px-4 py-2 has-[>svg]:px-3 flex-1"[39m
                  [33mdata-slot[39m=[32m"button"[39m
                [36m>[39m
                  [36m<svg[39m
                    [33maria-hidden[39m=[32m"true"[39m
                    [33mclass[39m=[32m"lucide lucide-bookmark-plus h-4 w-4 mr-2"[39m
                    [33mfill[39m=[32m"none"[39m
                    [33mheight[39m=[32m"24"[39m
                    [33mstroke[39m=[32m"currentColor"[39m
                    [33mstroke-linecap[39m=[32m"round"[39m
                    [33mstroke-linejoin[39m=[32m"round"[39m
                    [33mstroke-width[39m=[32m"2"[39m
                    [33mviewBox[39m=[32m"0 0 24 24"[39m
                    [33mwidth[39m=[32m"24"[39m
                    [33mxmlns[39m=[32m"http://www.w3.org/2000/svg"[39m
                  [36m>[39m
                    [36m<path[39m
                      [33md[39m=[32m"m19 21-7-4-7 4V5a2 2 0 0 1 2-2h10a2 2 0 0 1 2 2v16z"[39m
                    [36m/>[39m
                    [36m<line[39m
                      [33mx1[39m=[32m"12"[39m
                      [33mx2[39m=[32m"12"[39m
                      [33my1[39m=[32m"7"[39m
                      [33my2[39m=[32m"13"[39m
                    [36m/>[39m
                    [36m<line[39m
                      [33mx1[39m=[32m"15"[39m
                      [33mx2[39m=[32m"9"[39m
                      [33my1[39m=[32m"10"[39m
                      [33my2[39m=[32m"10"[39m
                    [36m/>[39m
                  [36m</svg>[39m
                  [0mAdd All Gaps to Skills Tracker ([0m
                  [0m3[0m
                  [0m)[0m
                [36m</button>[39m
                [36m<button[39m
                  [33mclass[39m=[32m"inline-flex items-center justify-center gap-2 whitespace-nowrap rounded-md text-sm font-medium transition-all disabled:pointer-events-none disabled:opacity-50 [&_svg]:pointer-events-none [&_svg:not([class*='size-'])]:size-4 [&_svg]:shrink-0 outline-none focus-visible:border-ring focus-visible:ring-ring/50 focus-visible:ring-[3px] aria-invalid:ring-destructive/20 dark:aria-invalid:ring-destructive/40 aria-invalid:border-destructive bg-primary text-primary-foreground shadow-xs hover:bg-primary/90 h-9 px-4 py-2 has-[>svg]:px-3 flex-1"[39m
                  [33mdata-slot[39m=[32m"button"[39m
                [36m>[39m
                  [36m<svg[39m
                    [33maria-hidden[39m=[32m"true"[39m
                    [33mclass[39m=[32m"lucide lucide-map h-4 w-4 mr-2"[39m
                    [33mfill[39m=[32m"none"[39m
                    [33mheight[39m=[32m"24"[39m
                    [33mstroke[39m=[32m"currentColor"[39m
                    [33mstroke-linecap[39m=[32m"round"[39m
                    [33mstroke-linejoin[39m=[32m"round"[39m
                    [33mstroke-width[39m=[32m"2"[39m
                    [33mviewBox[39m=[32m"0 0 24 24"[39m
                    [33mwidth[39m=[32m"24"[39m
                    [33mxmlns[39m=[32m"http://www.w3.org/2000/svg"[39m
                  [36m>[39m
                    [36m<path[39m
                      [33md[39m=[32m"M14.106 5.553a2 2 0 0 0 1.788 0l3.659-1.83A1 1 0 0 1 21 4.619v12.764a1 1 0 0 1-.553.894l-4.553 2.277a2 2 0 0 1-1.788 0l-4.212-2.106a2 2 0 0 0-1.788 0l-3.659 1.83A1 1 0 0 1 3 19.381V6.618a1 1 0 0 1 .553-.894l4.553-2.277a2 2 0 0 1 1.788 0z"[39m
                    [36m/>[39m
                    [36m<path[39m
                      [33md[39m=[32m"M15 5.764v15"[39m
                    [36m/>[39m
                    [36m<path[39m
                      [33md[39m=[32m"M9 3.236v15"[39m
                    [36m/>[39m
                  [36m</svg>[39m
                  [0mCreate Career Plan from Roadmap[0m
          ...

      142 |
      143 |     // Should show the RadarChart component
    > 144 |     expect(screen.getAllByText('Skill Profile Comparison').length).toBeGreaterThan(0);
          |                   ^
      145 |   });
      146 |
      147 |   it('switches to Roadmap tab when clicked', () => {

      at Object.getElementError (node_modules/@testing-library/dom/dist/config.js:37:19)
      at node_modules/@testing-library/dom/dist/query-helpers.js:76:38
      at node_modules/@testing-library/dom/dist/query-helpers.js:109:15
      at Object.getAllByText (src/components/skill-gap/__tests__/AnalysisResults.test.tsx:144:19)

  ● AnalysisResults Component › switches to Roadmap tab when clicked

    TestingLibraryElementError: Unable to find an element with the text: Prioritized Learning Roadmap. This could be because the text is broken up by multiple elements. In this case, you can provide a function for your text matcher to make your matcher more flexible.

    Ignored nodes: comments, script, style
    [36m<body>[39m
      [36m<div>[39m
        [36m<div[39m
          [33mclass[39m=[32m"w-full space-y-6"[39m
        [36m>[39m
          [36m<div[39m
            [33mclass[39m=[32m"bg-card text-card-foreground flex flex-col gap-6 rounded-xl border py-6 shadow-sm"[39m
            [33mdata-slot[39m=[32m"card"[39m
          [36m>[39m
            [36m<div[39m
              [33mclass[39m=[32m"@container/card-header grid auto-rows-min grid-rows-[auto_auto] items-start gap-1.5 px-6 has-data-[slot=card-action]:grid-cols-[1fr_auto] [.border-b]:pb-6"[39m
              [33mdata-slot[39m=[32m"card-header"[39m
            [36m>[39m
              [36m<div[39m
                [33mclass[39m=[32m"leading-none font-semibold flex items-center gap-2"[39m
                [33mdata-slot[39m=[32m"card-title"[39m
              [36m>[39m
                [36m<svg[39m
                  [33maria-hidden[39m=[32m"true"[39m
                  [33mclass[39m=[32m"lucide lucide-target h-5 w-5 text-blue-600"[39m
                  [33mfill[39m=[32m"none"[39m
                  [33mheight[39m=[32m"24"[39m
                  [33mstroke[39m=[32m"currentColor"[39m
                  [33mstroke-linecap[39m=[32m"round"[39m
                  [33mstroke-linejoin[39m=[32m"round"[39m
                  [33mstroke-width[39m=[32m"2"[39m
                  [33mviewBox[39m=[32m"0 0 24 24"[39m
                  [33mwidth[39m=[32m"24"[39m
                  [33mxmlns[39m=[32m"http://www.w3.org/2000/svg"[39m
                [36m>[39m
                  [36m<circle[39m
                    [33mcx[39m=[32m"12"[39m
                    [33mcy[39m=[32m"12"[39m
                    [33mr[39m=[32m"10"[39m
                  [36m/>[39m
                  [36m<circle[39m
                    [33mcx[39m=[32m"12"[39m
                    [33mcy[39m=[32m"12"[39m
                    [33mr[39m=[32m"6"[39m
                  [36m/>[39m
                  [36m<circle[39m
                    [33mcx[39m=[32m"12"[39m
                    [33mcy[39m=[32m"12"[39m
                    [33mr[39m=[32m"2"[39m
                  [36m/>[39m
                [36m</svg>[39m
                [0mQuick Actions[0m
              [36m</div>[39m
              [36m<div[39m
                [33mclass[39m=[32m"text-muted-foreground text-sm"[39m
                [33mdata-slot[39m=[32m"card-description"[39m
              [36m>[39m
                [0mIntegrate this analysis with your career development workflow[0m
              [36m</div>[39m
            [36m</div>[39m
            [36m<div[39m
              [33mclass[39m=[32m"px-6"[39m
              [33mdata-slot[39m=[32m"card-content"[39m
            [36m>[39m
              [36m<div[39m
                [33mclass[39m=[32m"flex flex-col sm:flex-row gap-3"[39m
              [36m>[39m
                [36m<button[39m
                  [33mclass[39m=[32m"inline-flex items-center justify-center gap-2 whitespace-nowrap rounded-md text-sm font-medium transition-all disabled:pointer-events-none disabled:opacity-50 [&_svg]:pointer-events-none [&_svg:not([class*='size-'])]:size-4 [&_svg]:shrink-0 outline-none focus-visible:border-ring focus-visible:ring-ring/50 focus-visible:ring-[3px] aria-invalid:ring-destructive/20 dark:aria-invalid:ring-destructive/40 aria-invalid:border-destructive border bg-background shadow-xs hover:bg-accent hover:text-accent-foreground dark:bg-input/30 dark:border-input dark:hover:bg-input/50 h-9 px-4 py-2 has-[>svg]:px-3 flex-1"[39m
                  [33mdata-slot[39m=[32m"button"[39m
                [36m>[39m
                  [36m<svg[39m
                    [33maria-hidden[39m=[32m"true"[39m
                    [33mclass[39m=[32m"lucide lucide-bookmark-plus h-4 w-4 mr-2"[39m
                    [33mfill[39m=[32m"none"[39m
                    [33mheight[39m=[32m"24"[39m
                    [33mstroke[39m=[32m"currentColor"[39m
                    [33mstroke-linecap[39m=[32m"round"[39m
                    [33mstroke-linejoin[39m=[32m"round"[39m
                    [33mstroke-width[39m=[32m"2"[39m
                    [33mviewBox[39m=[32m"0 0 24 24"[39m
                    [33mwidth[39m=[32m"24"[39m
                    [33mxmlns[39m=[32m"http://www.w3.org/2000/svg"[39m
                  [36m>[39m
                    [36m<path[39m
                      [33md[39m=[32m"m19 21-7-4-7 4V5a2 2 0 0 1 2-2h10a2 2 0 0 1 2 2v16z"[39m
                    [36m/>[39m
                    [36m<line[39m
                      [33mx1[39m=[32m"12"[39m
                      [33mx2[39m=[32m"12"[39m
                      [33my1[39m=[32m"7"[39m
                      [33my2[39m=[32m"13"[39m
                    [36m/>[39m
                    [36m<line[39m
                      [33mx1[39m=[32m"15"[39m
                      [33mx2[39m=[32m"9"[39m
                      [33my1[39m=[32m"10"[39m
                      [33my2[39m=[32m"10"[39m
                    [36m/>[39m
                  [36m</svg>[39m
                  [0mAdd All Gaps to Skills Tracker ([0m
                  [0m3[0m
                  [0m)[0m
                [36m</button>[39m
                [36m<button[39m
                  [33mclass[39m=[32m"inline-flex items-center justify-center gap-2 whitespace-nowrap rounded-md text-sm font-medium transition-all disabled:pointer-events-none disabled:opacity-50 [&_svg]:pointer-events-none [&_svg:not([class*='size-'])]:size-4 [&_svg]:shrink-0 outline-none focus-visible:border-ring focus-visible:ring-ring/50 focus-visible:ring-[3px] aria-invalid:ring-destructive/20 dark:aria-invalid:ring-destructive/40 aria-invalid:border-destructive bg-primary text-primary-foreground shadow-xs hover:bg-primary/90 h-9 px-4 py-2 has-[>svg]:px-3 flex-1"[39m
                  [33mdata-slot[39m=[32m"button"[39m
                [36m>[39m
                  [36m<svg[39m
                    [33maria-hidden[39m=[32m"true"[39m
                    [33mclass[39m=[32m"lucide lucide-map h-4 w-4 mr-2"[39m
                    [33mfill[39m=[32m"none"[39m
                    [33mheight[39m=[32m"24"[39m
                    [33mstroke[39m=[32m"currentColor"[39m
                    [33mstroke-linecap[39m=[32m"round"[39m
                    [33mstroke-linejoin[39m=[32m"round"[39m
                    [33mstroke-width[39m=[32m"2"[39m
                    [33mviewBox[39m=[32m"0 0 24 24"[39m
                    [33mwidth[39m=[32m"24"[39m
                    [33mxmlns[39m=[32m"http://www.w3.org/2000/svg"[39m
                  [36m>[39m
                    [36m<path[39m
                      [33md[39m=[32m"M14.106 5.553a2 2 0 0 0 1.788 0l3.659-1.83A1 1 0 0 1 21 4.619v12.764a1 1 0 0 1-.553.894l-4.553 2.277a2 2 0 0 1-1.788 0l-4.212-2.106a2 2 0 0 0-1.788 0l-3.659 1.83A1 1 0 0 1 3 19.381V6.618a1 1 0 0 1 .553-.894l4.553-2.277a2 2 0 0 1 1.788 0z"[39m
                    [36m/>[39m
                    [36m<path[39m
                      [33md[39m=[32m"M15 5.764v15"[39m
                    [36m/>[39m
                    [36m<path[39m
                      [33md[39m=[32m"M9 3.236v15"[39m
                    [36m/>[39m
                  [36m</svg>[39m
                  [0mCreate Career Plan from Roadmap[0m
          ...

      152 |
      153 |     // Should show the PrioritizedRoadmap component
    > 154 |     expect(screen.getAllByText('Prioritized Learning Roadmap').length).toBeGreaterThan(0);
          |                   ^
      155 |   });
      156 |
      157 |   it('renders with custom className', () => {

      at Object.getElementError (node_modules/@testing-library/dom/dist/config.js:37:19)
      at node_modules/@testing-library/dom/dist/query-helpers.js:76:38
      at node_modules/@testing-library/dom/dist/query-helpers.js:109:15
      at Object.getAllByText (src/components/skill-gap/__tests__/AnalysisResults.test.tsx:154:19)

FAIL src/components/planning/__tests__/transition-ui.test.tsx (5.279 s)
  ● Transition UI Components › TransitionAssessmentFlow › should render the first step and navigate forward

    TestingLibraryElementError: Found multiple elements with the text: /current role/i

    Here are the matching elements:

    Ignored nodes: comments, script, style
    [36m<h2[39m
      [33mclass[39m=[32m"text-2xl font-bold text-gray-900"[39m
    [36m>[39m
      [0mTell us about your current role[0m
    [36m</h2>[39m

    Ignored nodes: comments, script, style
    [36m<label[39m
      [33mclass[39m=[32m"text-sm leading-none font-medium select-none group-data-[disabled=true]:pointer-events-none group-data-[disabled=true]:opacity-50 peer-disabled:cursor-not-allowed peer-disabled:opacity-50 flex items-center gap-2"[39m
      [33mdata-slot[39m=[32m"label"[39m
      [33mfor[39m=[32m"current-role"[39m
    [36m>[39m
      [36m<svg[39m
        [33maria-hidden[39m=[32m"true"[39m
        [33mclass[39m=[32m"lucide lucide-briefcase h-4 w-4 text-gray-500"[39m
        [33mfill[39m=[32m"none"[39m
        [33mheight[39m=[32m"24"[39m
        [33mstroke[39m=[32m"currentColor"[39m
        [33mstroke-linecap[39m=[32m"round"[39m
        [33mstroke-linejoin[39m=[32m"round"[39m
        [33mstroke-width[39m=[32m"2"[39m
        [33mviewBox[39m=[32m"0 0 24 24"[39m
        [33mwidth[39m=[32m"24"[39m
        [33mxmlns[39m=[32m"http://www.w3.org/2000/svg"[39m
      [36m>[39m
        [36m<path[39m
          [33md[39m=[32m"M16 20V4a2 2 0 0 0-2-2h-4a2 2 0 0 0-2 2v16"[39m
        [36m/>[39m
        [36m<rect[39m
          [33mheight[39m=[32m"14"[39m
          [33mrx[39m=[32m"2"[39m
          [33mwidth[39m=[32m"20"[39m
          [33mx[39m=[32m"2"[39m
          [33my[39m=[32m"6"[39m
        [36m/>[39m
      [36m</svg>[39m
      [0mCurrent Role Title *[0m
    [36m</label>[39m

    Ignored nodes: comments, script, style
    [36m<p[39m
      [33mclass[39m=[32m"text-sm text-gray-500"[39m
    [36m>[39m
      [0mTotal years of professional experience in your current role or similar roles[0m
    [36m</p>[39m

    (If this is intentional, then use the `*AllBy*` variant of the query (like `queryAllByText`, `getAllByText`, or `findAllByText`)).

    Ignored nodes: comments, script, style
    [36m<body>[39m
      [36m<div>[39m
        [36m<div[39m
          [33mclass[39m=[32m"min-h-screen bg-gradient-to-br from-blue-50 via-white to-indigo-50"[39m
        [36m>[39m
          [36m<div[39m
            [33mclass[39m=[32m"sticky top-0 z-10 bg-white/80 backdrop-blur-sm border-b"[39m
          [36m>[39m
            [36m<div[39m
              [33mclass[39m=[32m"max-w-4xl mx-auto px-4 py-4"[39m
            [36m>[39m
              [36m<div[39m
                [33mclass[39m=[32m"flex items-center justify-between"[39m
              [36m>[39m
                [36m<div[39m
                  [33mclass[39m=[32m"flex items-center gap-4"[39m
                [36m>[39m
                  [36m<button[39m
                    [33mclass[39m=[32m"inline-flex items-center justify-center whitespace-nowrap text-sm font-medium transition-all disabled:pointer-events-none disabled:opacity-50 [&_svg]:pointer-events-none [&_svg:not([class*='size-'])]:size-4 shrink-0 [&_svg]:shrink-0 outline-none focus-visible:border-ring focus-visible:ring-ring/50 focus-visible:ring-[3px] aria-invalid:ring-destructive/20 dark:aria-invalid:ring-destructive/40 aria-invalid:border-destructive hover:bg-accent dark:hover:bg-accent/50 h-8 rounded-md gap-1.5 px-3 has-[>svg]:px-2.5 text-gray-500 hover:text-gray-700"[39m
                    [33mdata-slot[39m=[32m"button"[39m
                  [36m>[39m
                    [36m<svg[39m
                      [33maria-hidden[39m=[32m"true"[39m
                      [33mclass[39m=[32m"lucide lucide-x h-4 w-4 mr-2"[39m
                      [33mfill[39m=[32m"none"[39m
                      [33mheight[39m=[32m"24"[39m
                      [33mstroke[39m=[32m"currentColor"[39m
                      [33mstroke-linecap[39m=[32m"round"[39m
                      [33mstroke-linejoin[39m=[32m"round"[39m
                      [33mstroke-width[39m=[32m"2"[39m
                      [33mviewBox[39m=[32m"0 0 24 24"[39m
                      [33mwidth[39m=[32m"24"[39m
                      [33mxmlns[39m=[32m"http://www.w3.org/2000/svg"[39m
                    [36m>[39m
                      [36m<path[39m
                        [33md[39m=[32m"M18 6 6 18"[39m
                      [36m/>[39m
                      [36m<path[39m
                        [33md[39m=[32m"m6 6 12 12"[39m
                      [36m/>[39m
                    [36m</svg>[39m
                    [0mExit[0m
                  [36m</button>[39m
                  [36m<div[39m
                    [33mclass[39m=[32m"text-sm text-gray-600"[39m
                  [36m>[39m
                    [0mStep [0m
                    [0m1[0m
                    [0m of [0m
                    [0m6[0m
                  [36m</div>[39m
                [36m</div>[39m
                [36m<div[39m
                  [33mclass[39m=[32m"flex items-center gap-2"[39m
                [36m>[39m
                  [36m<div[39m
                    [33mclass[39m=[32m"w-2 h-2 rounded-full bg-blue-600"[39m
                    [33mtitle[39m=[32m"Current Role"[39m
                  [36m/>[39m
                  [36m<div[39m
                    [33mclass[39m=[32m"w-2 h-2 rounded-full bg-gray-300"[39m
                    [33mtitle[39m=[32m"Target Role"[39m
                  [36m/>[39m
                  [36m<div[39m
                    [33mclass[39m=[32m"w-2 h-2 rounded-full bg-gray-300"[39m
                    [33mtitle[39m=[32m"Industry Changes"[39m
                  [36m/>[39m
                  [36m<div[39m
                    [33mclass[39m=[32m"w-2 h-2 rounded-full bg-gray-300"[39m
                    [33mtitle[39m=[32m"AI Analysis"[39m
                  [36m/>[39m
                  [36m<div[39m
                    [33mclass[39m=[32m"w-2 h-2 rounded-full bg-gray-300"[39m
                    [33mtitle[39m=[32m"Results"[39m
                  [36m/>[39m
                  [36m<div[39m
                    [33mclass[39m=[32m"w-2 h-2 rounded-full bg-gray-300"[39m
                    [33mtitle[39m=[32m"Customization"[39m
                  [36m/>[39m
                [36m</div>[39m
              [36m</div>[39m
              [36m<div[39m
                [33mclass[39m=[32m"mt-3"[39m
              [36m>[39m
                [36m<div[39m
                  [33maria-valuemax[39m=[32m"100"[39m
                  [33maria-valuemin[39m=[32m"0"[39m
                  [33mclass[39m=[32m"relative w-full overflow-hidden rounded-full bg-secondary h-2"[39m
                  [33mdata-max[39m=[32m"100"[39m
                  [33mdata-state[39m=[32m"indeterminate"[39m
                  [33mrole[39m=[32m"progressbar"[39m
                [36m>[39m
                  [36m<div[39m
                    [33mclass[39m=[32m"h-full w-full flex-1 bg-primary transition-all"[39m
                    [33mdata-max[39m=[32m"100"[39m
                    [33mdata-state[39m=[32m"indeterminate"[39m
                    [33mstyle[39m=[32m"transform: translateX(-83.33333333333334%);"[39m
                  [36m/>[39m
                [36m</div>[39m
              [36m</div>[39m
            [36m</div>[39m
          [36m</div>[39m
          [36m<div[39m
            [33mclass[39m=[32m"max-w-4xl mx-auto px-4 py-8"[39m
          [36m>[39m
            [36m<div[39m
              [33mclass[39m=[32m"bg-card text-card-foreground flex flex-col gap-6 rounded-xl py-6 border-0 shadow-lg"[39m
              [33mdata-slot[39m=[32m"card"[39m
            [36m>[39m
              [36m<div[39m
                [33mclass[39m=[32m"p-8"[39m
                [33mdata-slot[39m=[32m"card-content"[39m
              [36m>[39m
                [36m<div[39m
                  [33mclass[39m=[32m"space-y-6"[39m
                [36m>[39m
                  [36m<div[39m
                    [33mclass[39m=[32m"text-center mb-8"[39m
                  [36m>[39m
                    [36m<div[39m
                      [33mclass[39m=[32m"mx-auto w-16 h-16 bg-blue-100 rounded-full flex items-center justify-center mb-4"[39m
                    [36m>[39m
                      [36m<svg[39m
                        [33maria-hidden[39m=[32m"true"[39m
                        [33mclass[39m=[32m"lucide lucide-briefcase h-8 w-8 text-blue-600"[39m
                        [33mfill[39m=[32m"none"[39m
                        [33mheight[39m=[32m"24"[39m
                        [33mstroke[39m=[32m"currentColor"[39m
                        [33mstroke-linecap[39m=[32m"round"[39m
                        [33mstroke-linejoin[39m=[32m"round"[39m
                        [33mstroke-width[39m=[32m"2"[39m
                        [33mviewBox[39m=[32m"0 0 24 24"[39m
                        [33mwidth[39m=[32m"24"[39m
                        [33mxmlns[39m=[32m"http://www.w3.org/2000/svg"[39m
                      [36m>[39m
                        [36m<path[39m
                          [33md[39m=[32m"M16 20V4a2 2 0 0 0-2-2h-4a2 2 0 0 0-2 2v16"[39m
                        [36m/>[39m
                        [36m<rect[39m
                          [33mheight[39m=[32m"14"[39m
                          [33mrx[39m=[32m"2"[39m
                          [33mwidth[39m=[32m"20"[39m
                          [33mx[39m=[32m"2"[39m
                ...

      36 |
      37 |       // Check that the first step (CurrentRole) is rendered
    > 38 |       expect(screen.getByText(/current role/i)).toBeInTheDocument();
         |                     ^
      39 |
      40 |       // Fill in current role information
      41 |       const roleInput = screen.getByPlaceholderText(/e.g., Software Engineer/i);

      at Object.getElementError (node_modules/@testing-library/dom/dist/config.js:37:19)
      at getElementError (node_modules/@testing-library/dom/dist/query-helpers.js:20:35)
      at getMultipleElementsFoundError (node_modules/@testing-library/dom/dist/query-helpers.js:23:10)
      at node_modules/@testing-library/dom/dist/query-helpers.js:55:13
      at node_modules/@testing-library/dom/dist/query-helpers.js:95:19
      at Object.getByText (src/components/planning/__tests__/transition-ui.test.tsx:38:21)

  ● Transition UI Components › TransitionAssessmentFlow › should allow navigation backward through steps

    Found multiple elements with the text: /target role/i

    Here are the matching elements:

    Ignored nodes: comments, script, style
    [36m<h2[39m
      [33mclass[39m=[32m"text-2xl font-bold text-gray-900"[39m
    [36m>[39m
      [0mWhat's your target role?[0m
    [36m</h2>[39m

    Ignored nodes: comments, script, style
    [36m<label[39m
      [33mclass[39m=[32m"text-sm leading-none font-medium select-none group-data-[disabled=true]:pointer-events-none group-data-[disabled=true]:opacity-50 peer-disabled:cursor-not-allowed peer-disabled:opacity-50 flex items-center gap-2"[39m
      [33mdata-slot[39m=[32m"label"[39m
      [33mfor[39m=[32m"target-role"[39m
    [36m>[39m
      [36m<svg[39m
        [33maria-hidden[39m=[32m"true"[39m
        [33mclass[39m=[32m"lucide lucide-target h-4 w-4 text-gray-500"[39m
        [33mfill[39m=[32m"none"[39m
        [33mheight[39m=[32m"24"[39m
        [33mstroke[39m=[32m"currentColor"[39m
        [33mstroke-linecap[39m=[32m"round"[39m
        [33mstroke-linejoin[39m=[32m"round"[39m
        [33mstroke-width[39m=[32m"2"[39m
        [33mviewBox[39m=[32m"0 0 24 24"[39m
        [33mwidth[39m=[32m"24"[39m
        [33mxmlns[39m=[32m"http://www.w3.org/2000/svg"[39m
      [36m>[39m
        [36m<circle[39m
          [33mcx[39m=[32m"12"[39m
          [33mcy[39m=[32m"12"[39m
          [33mr[39m=[32m"10"[39m
        [36m/>[39m
        [36m<circle[39m
          [33mcx[39m=[32m"12"[39m
          [33mcy[39m=[32m"12"[39m
          [33mr[39m=[32m"6"[39m
        [36m/>[39m
        [36m<circle[39m
          [33mcx[39m=[32m"12"[39m
          [33mcy[39m=[32m"12"[39m
          [33mr[39m=[32m"2"[39m
        [36m/>[39m
      [36m</svg>[39m
      [0mTarget Role Title *[0m
    [36m</label>[39m

    Ignored nodes: comments, script, style
    [36m<p[39m
      [33mclass[39m=[32m"text-sm text-green-900"[39m
    [36m>[39m
      [36m<strong>[39m
        [0mNext step:[0m
      [36m</strong>[39m
      [0m We'll analyze the differences between your current and target roles to identify the type of transition you're making.[0m
    [36m</p>[39m

    (If this is intentional, then use the `*AllBy*` variant of the query (like `queryAllByText`, `getAllByText`, or `findAllByText`)).

    Ignored nodes: comments, script, style
    [36m<body>[39m
      [36m<div>[39m
        [36m<div[39m
          [33mclass[39m=[32m"min-h-screen bg-gradient-to-br from-blue-50 via-white to-indigo-50"[39m
        [36m>[39m
          [36m<div[39m
            [33mclass[39m=[32m"sticky top-0 z-10 bg-white/80 backdrop-blur-sm border-b"[39m
          [36m>[39m
            [36m<div[39m
              [33mclass[39m=[32m"max-w-4xl mx-auto px-4 py-4"[39m
            [36m>[39m
              [36m<div[39m
                [33mclass[39m=[32m"flex items-center justify-between"[39m
              [36m>[39m
                [36m<div[39m
                  [33mclass[39m=[32m"flex items-center gap-4"[39m
                [36m>[39m
                  [36m<button[39m
                    [33mclass[39m=[32m"inline-flex items-center justify-center whitespace-nowrap text-sm font-medium transition-all disabled:pointer-events-none disabled:opacity-50 [&_svg]:pointer-events-none [&_svg:not([class*='size-'])]:size-4 shrink-0 [&_svg]:shrink-0 outline-none focus-visible:border-ring focus-visible:ring-ring/50 focus-visible:ring-[3px] aria-invalid:ring-destructive/20 dark:aria-invalid:ring-destructive/40 aria-invalid:border-destructive hover:bg-accent dark:hover:bg-accent/50 h-8 rounded-md gap-1.5 px-3 has-[>svg]:px-2.5 text-gray-500 hover:text-gray-700"[39m
                    [33mdata-slot[39m=[32m"button"[39m
                  [36m>[39m
                    [36m<svg[39m
                      [33maria-hidden[39m=[32m"true"[39m
                      [33mclass[39m=[32m"lucide lucide-x h-4 w-4 mr-2"[39m
                      [33mfill[39m=[32m"none"[39m
                      [33mheight[39m=[32m"24"[39m
                      [33mstroke[39m=[32m"currentColor"[39m
                      [33mstroke-linecap[39m=[32m"round"[39m
                      [33mstroke-linejoin[39m=[32m"round"[39m
                      [33mstroke-width[39m=[32m"2"[39m
                      [33mviewBox[39m=[32m"0 0 24 24"[39m
                      [33mwidth[39m=[32m"24"[39m
                      [33mxmlns[39m=[32m"http://www.w3.org/2000/svg"[39m
                    [36m>[39m
                      [36m<path[39m
                        [33md[39m=[32m"M18 6 6 18"[39m
                      [36m/>[39m
                      [36m<path[39m
                        [33md[39m=[32m"m6 6 12 12"[39m
                      [36m/>[39m
                    [36m</svg>[39m
                    [0mExit[0m
                  [36m</button>[39m
                  [36m<div[39m
                    [33mclass[39m=[32m"text-sm text-gray-600"[39m
                  [36m>[39m
                    [0mStep [0m
                    [0m2[0m
                    [0m of [0m
                    [0m6[0m
                  [36m</div>[39m
                [36m</div>[39m
                [36m<div[39m
                  [33mclass[39m=[32m"flex items-center gap-2"[39m
                [36m>[39m
                  [36m<div[39m
                    [33mclass[39m=[32m"w-2 h-2 rounded-full bg-blue-600"[39m
                    [33mtitle[39m=[32m"Current Role"[39m
                  [36m/>[39m
                  [36m<div[39m
                    [33mclass[39m=[32m"w-2 h-2 rounded-full bg-blue-600"[39m
                    [33mtitle[39m=[32m"Target Role"[39m
                  [36m/>[39m
                  [36m<div[39m
                    [33mclass[39m=[32m"w-2 h-2 rounded-full bg-gray-300"[39m
                    [33mtitle[39m=[32m"Industry Changes"[39m
                  [36m/>[39m
                  [36m<div[39m
                    [33mclass[39m=[32m"w-2 h-2 rounded-full bg-gray-300"[39m
                    [33mtitle[39m=[32m"AI Analysis"[39m
                  [36m/>[39m
                  [36m<div[39m
                    [33mclass[39m=[32m"w-2 h-2 rounded-full bg-gray-300"[39m
                    [33mtitle[39m=[32m"Results"[39m
                  [36m/>[39m
                  [36m<div[39m
                    [33mclass[39m=[32m"w-2 h-2 rounded-full bg-gray-300"[39m
                    [33mtitle[39m=[32m"Customization"[39m
                  [36m/>[39m
                [36m</div>[39m
              [36m</div>[39m
              [36m<div[39m
                [33mclass[39m=[32m"mt-3"[39m
              [36m>[39m
                [36m<div[39m
                  [33maria-valuemax[39m=[32m"100"[39m
                  [33maria-valuemin[39m=[32m"0"[39m
                  [33mclass[39m=[32m"relative w-full overflow-hidden rounded-full bg-secondary h-2"[39m
                  [33mdata-max[39m=[32m"100"[39m
                  [33mdata-state[39m=[32m"indeterminate"[39m
                  [33mrole[39m=[32m"progressbar"[39m
                [36m>[39m
                  [36m<div[39m
                    [33mclass[39m=[32m"h-full w-full flex-1 bg-primary transition-all"[39m
                    [33mdata-max[39m=[32m"100"[39m
                    [33mdata-state[39m=[32m"indeterminate"[39m
                    [33mstyle[39m=[32m"transform: translateX(-66.66666666666667%);"[39m
                  [36m/>[39m
                [36m</div>[39m
              [36m</div>[39m
            [36m</div>[39m
          [36m</div>[39m
          [36m<div[39m
            [33mclass[39m=[32m"max-w-4xl mx-auto px-4 py-8"[39m
          [36m>[39m
            [36m<div[39m
              [33mclass[39m=[32m"bg-card text-card-foreground flex flex-col gap-6 rounded-xl py-6 border-0 shadow-lg"[39m
              [33mdata-slot[39m=[32m"card"[39m
            [36m>[39m
              [36m<div[39m
                [33mclass[39m=[32m"p-8"[39m
                [33mdata-slot[39m=[32m"card-content"[39m
              [36m>[39m
                [36m<div[39m
                  [33mclass[39m=[32m"space-y-6"[39m
                [36m>[39m
                  [36m<div[39m
                    [33mclass[39m=[32m"text-center mb-8"[39m
                  [36m>[39m
                    [36m<div[39m
                      [33mclass[39m=[32m"mx-auto w-16 h-16 bg-green-100 rounded-full flex items-center justify-center mb-4"[39m
                    [36m>[39m
                      [36m<svg[39m
                        [33maria-hidden[39m=[32m"true"[39m
                        [33mclass[39m=[32m"lucide lucide-target h-8 w-8 text-green-600"[39m
                        [33mfill[39m=[32m"none"[39m
                        [33mheight[39m=[32m"24"[39m
                        [33mstroke[39m=[32m"currentColor"[39m
                        [33mstroke-linecap[39m=[32m"round"[39m
                        [33mstroke-linejoin[39m=[32m"round"[39m
                        [33mstroke-width[39m=[32m"2"[39m
                        [33mviewBox[39m=[32m"0 0 24 24"[39m
                        [33mwidth[39m=[32m"24"[39m
                        [33mxmlns[39m=[32m"http://www.w3.org/2000/svg"[39m
                      [36m>[39m
                        [36m<circle[39m
                          [33mcx[39m=[32m"12"[39m
                          [33mcy[39m=[32m"12"[39m
                          [33mr[39m=[32m"10"[39m
                        [36m/>[39m
                        [36m<circle[39m
                          [33mcx[39m=[32m"12"[39m
                          [33mcy[39m=[32m"12"[39m
                          [33mr[39m=[32m"6"[39m
         ...

      69 |       fireEvent.click(screen.getByRole('button', { name: /next/i }));
      70 |
    > 71 |       await waitFor(() => {
         |                    ^
      72 |         expect(screen.getByText(/target role/i)).toBeInTheDocument();
      73 |       });
      74 |

      at waitForWrapper (node_modules/@testing-library/dom/dist/wait-for.js:163:27)
      at Object.<anonymous> (src/components/planning/__tests__/transition-ui.test.tsx:71:20)

  ● Transition UI Components › TransitionAssessmentFlow › should validate required fields before allowing next step

    TestingLibraryElementError: Found multiple elements with the text: /current role/i

    Here are the matching elements:

    Ignored nodes: comments, script, style
    [36m<h2[39m
      [33mclass[39m=[32m"text-2xl font-bold text-gray-900"[39m
    [36m>[39m
      [0mTell us about your current role[0m
    [36m</h2>[39m

    Ignored nodes: comments, script, style
    [36m<label[39m
      [33mclass[39m=[32m"text-sm leading-none font-medium select-none group-data-[disabled=true]:pointer-events-none group-data-[disabled=true]:opacity-50 peer-disabled:cursor-not-allowed peer-disabled:opacity-50 flex items-center gap-2"[39m
      [33mdata-slot[39m=[32m"label"[39m
      [33mfor[39m=[32m"current-role"[39m
    [36m>[39m
      [36m<svg[39m
        [33maria-hidden[39m=[32m"true"[39m
        [33mclass[39m=[32m"lucide lucide-briefcase h-4 w-4 text-gray-500"[39m
        [33mfill[39m=[32m"none"[39m
        [33mheight[39m=[32m"24"[39m
        [33mstroke[39m=[32m"currentColor"[39m
        [33mstroke-linecap[39m=[32m"round"[39m
        [33mstroke-linejoin[39m=[32m"round"[39m
        [33mstroke-width[39m=[32m"2"[39m
        [33mviewBox[39m=[32m"0 0 24 24"[39m
        [33mwidth[39m=[32m"24"[39m
        [33mxmlns[39m=[32m"http://www.w3.org/2000/svg"[39m
      [36m>[39m
        [36m<path[39m
          [33md[39m=[32m"M16 20V4a2 2 0 0 0-2-2h-4a2 2 0 0 0-2 2v16"[39m
        [36m/>[39m
        [36m<rect[39m
          [33mheight[39m=[32m"14"[39m
          [33mrx[39m=[32m"2"[39m
          [33mwidth[39m=[32m"20"[39m
          [33mx[39m=[32m"2"[39m
          [33my[39m=[32m"6"[39m
        [36m/>[39m
      [36m</svg>[39m
      [0mCurrent Role Title *[0m
    [36m</label>[39m

    Ignored nodes: comments, script, style
    [36m<p[39m
      [33mclass[39m=[32m"text-sm text-gray-500"[39m
    [36m>[39m
      [0mTotal years of professional experience in your current role or similar roles[0m
    [36m</p>[39m

    (If this is intentional, then use the `*AllBy*` variant of the query (like `queryAllByText`, `getAllByText`, or `findAllByText`)).

    Ignored nodes: comments, script, style
    [36m<body>[39m
      [36m<div>[39m
        [36m<div[39m
          [33mclass[39m=[32m"min-h-screen bg-gradient-to-br from-blue-50 via-white to-indigo-50"[39m
        [36m>[39m
          [36m<div[39m
            [33mclass[39m=[32m"sticky top-0 z-10 bg-white/80 backdrop-blur-sm border-b"[39m
          [36m>[39m
            [36m<div[39m
              [33mclass[39m=[32m"max-w-4xl mx-auto px-4 py-4"[39m
            [36m>[39m
              [36m<div[39m
                [33mclass[39m=[32m"flex items-center justify-between"[39m
              [36m>[39m
                [36m<div[39m
                  [33mclass[39m=[32m"flex items-center gap-4"[39m
                [36m>[39m
                  [36m<button[39m
                    [33mclass[39m=[32m"inline-flex items-center justify-center whitespace-nowrap text-sm font-medium transition-all disabled:pointer-events-none disabled:opacity-50 [&_svg]:pointer-events-none [&_svg:not([class*='size-'])]:size-4 shrink-0 [&_svg]:shrink-0 outline-none focus-visible:border-ring focus-visible:ring-ring/50 focus-visible:ring-[3px] aria-invalid:ring-destructive/20 dark:aria-invalid:ring-destructive/40 aria-invalid:border-destructive hover:bg-accent dark:hover:bg-accent/50 h-8 rounded-md gap-1.5 px-3 has-[>svg]:px-2.5 text-gray-500 hover:text-gray-700"[39m
                    [33mdata-slot[39m=[32m"button"[39m
                  [36m>[39m
                    [36m<svg[39m
                      [33maria-hidden[39m=[32m"true"[39m
                      [33mclass[39m=[32m"lucide lucide-x h-4 w-4 mr-2"[39m
                      [33mfill[39m=[32m"none"[39m
                      [33mheight[39m=[32m"24"[39m
                      [33mstroke[39m=[32m"currentColor"[39m
                      [33mstroke-linecap[39m=[32m"round"[39m
                      [33mstroke-linejoin[39m=[32m"round"[39m
                      [33mstroke-width[39m=[32m"2"[39m
                      [33mviewBox[39m=[32m"0 0 24 24"[39m
                      [33mwidth[39m=[32m"24"[39m
                      [33mxmlns[39m=[32m"http://www.w3.org/2000/svg"[39m
                    [36m>[39m
                      [36m<path[39m
                        [33md[39m=[32m"M18 6 6 18"[39m
                      [36m/>[39m
                      [36m<path[39m
                        [33md[39m=[32m"m6 6 12 12"[39m
                      [36m/>[39m
                    [36m</svg>[39m
                    [0mExit[0m
                  [36m</button>[39m
                  [36m<div[39m
                    [33mclass[39m=[32m"text-sm text-gray-600"[39m
                  [36m>[39m
                    [0mStep [0m
                    [0m1[0m
                    [0m of [0m
                    [0m6[0m
                  [36m</div>[39m
                [36m</div>[39m
                [36m<div[39m
                  [33mclass[39m=[32m"flex items-center gap-2"[39m
                [36m>[39m
                  [36m<div[39m
                    [33mclass[39m=[32m"w-2 h-2 rounded-full bg-blue-600"[39m
                    [33mtitle[39m=[32m"Current Role"[39m
                  [36m/>[39m
                  [36m<div[39m
                    [33mclass[39m=[32m"w-2 h-2 rounded-full bg-gray-300"[39m
                    [33mtitle[39m=[32m"Target Role"[39m
                  [36m/>[39m
                  [36m<div[39m
                    [33mclass[39m=[32m"w-2 h-2 rounded-full bg-gray-300"[39m
                    [33mtitle[39m=[32m"Industry Changes"[39m
                  [36m/>[39m
                  [36m<div[39m
                    [33mclass[39m=[32m"w-2 h-2 rounded-full bg-gray-300"[39m
                    [33mtitle[39m=[32m"AI Analysis"[39m
                  [36m/>[39m
                  [36m<div[39m
                    [33mclass[39m=[32m"w-2 h-2 rounded-full bg-gray-300"[39m
                    [33mtitle[39m=[32m"Results"[39m
                  [36m/>[39m
                  [36m<div[39m
                    [33mclass[39m=[32m"w-2 h-2 rounded-full bg-gray-300"[39m
                    [33mtitle[39m=[32m"Customization"[39m
                  [36m/>[39m
                [36m</div>[39m
              [36m</div>[39m
              [36m<div[39m
                [33mclass[39m=[32m"mt-3"[39m
              [36m>[39m
                [36m<div[39m
                  [33maria-valuemax[39m=[32m"100"[39m
                  [33maria-valuemin[39m=[32m"0"[39m
                  [33mclass[39m=[32m"relative w-full overflow-hidden rounded-full bg-secondary h-2"[39m
                  [33mdata-max[39m=[32m"100"[39m
                  [33mdata-state[39m=[32m"indeterminate"[39m
                  [33mrole[39m=[32m"progressbar"[39m
                [36m>[39m
                  [36m<div[39m
                    [33mclass[39m=[32m"h-full w-full flex-1 bg-primary transition-all"[39m
                    [33mdata-max[39m=[32m"100"[39m
                    [33mdata-state[39m=[32m"indeterminate"[39m
                    [33mstyle[39m=[32m"transform: translateX(-83.33333333333334%);"[39m
                  [36m/>[39m
                [36m</div>[39m
              [36m</div>[39m
            [36m</div>[39m
          [36m</div>[39m
          [36m<div[39m
            [33mclass[39m=[32m"max-w-4xl mx-auto px-4 py-8"[39m
          [36m>[39m
            [36m<div[39m
              [33mclass[39m=[32m"bg-card text-card-foreground flex flex-col gap-6 rounded-xl py-6 border-0 shadow-lg"[39m
              [33mdata-slot[39m=[32m"card"[39m
            [36m>[39m
              [36m<div[39m
                [33mclass[39m=[32m"p-8"[39m
                [33mdata-slot[39m=[32m"card-content"[39m
              [36m>[39m
                [36m<div[39m
                  [33mclass[39m=[32m"space-y-6"[39m
                [36m>[39m
                  [36m<div[39m
                    [33mclass[39m=[32m"text-center mb-8"[39m
                  [36m>[39m
                    [36m<div[39m
                      [33mclass[39m=[32m"mx-auto w-16 h-16 bg-blue-100 rounded-full flex items-center justify-center mb-4"[39m
                    [36m>[39m
                      [36m<svg[39m
                        [33maria-hidden[39m=[32m"true"[39m
                        [33mclass[39m=[32m"lucide lucide-briefcase h-8 w-8 text-blue-600"[39m
                        [33mfill[39m=[32m"none"[39m
                        [33mheight[39m=[32m"24"[39m
                        [33mstroke[39m=[32m"currentColor"[39m
                        [33mstroke-linecap[39m=[32m"round"[39m
                        [33mstroke-linejoin[39m=[32m"round"[39m
                        [33mstroke-width[39m=[32m"2"[39m
                        [33mviewBox[39m=[32m"0 0 24 24"[39m
                        [33mwidth[39m=[32m"24"[39m
                        [33mxmlns[39m=[32m"http://www.w3.org/2000/svg"[39m
                      [36m>[39m
                        [36m<path[39m
                          [33md[39m=[32m"M16 20V4a2 2 0 0 0-2-2h-4a2 2 0 0 0-2 2v16"[39m
                        [36m/>[39m
                        [36m<rect[39m
                          [33mheight[39m=[32m"14"[39m
                          [33mrx[39m=[32m"2"[39m
                          [33mwidth[39m=[32m"20"[39m
                          [33mx[39m=[32m"2"[39m
                ...

       98 |
       99 |       // Should display validation error or keep user on same step
    > 100 |       expect(screen.getByText(/current role/i)).toBeInTheDocument();
          |                     ^
      101 |     });
      102 |   });
      103 |

      at Object.getElementError (node_modules/@testing-library/dom/dist/config.js:37:19)
      at getElementError (node_modules/@testing-library/dom/dist/query-helpers.js:20:35)
      at getMultipleElementsFoundError (node_modules/@testing-library/dom/dist/query-helpers.js:23:10)
      at node_modules/@testing-library/dom/dist/query-helpers.js:55:13
      at node_modules/@testing-library/dom/dist/query-helpers.js:95:19
      at Object.getByText (src/components/planning/__tests__/transition-ui.test.tsx:100:21)

  ● Transition UI Components › TransitionPlanCard › should display transition metadata correctly

    TestingLibraryElementError: Unable to find an element with the text: /cross-role/i. This could be because the text is broken up by multiple elements. In this case, you can provide a function for your text matcher to make your matcher more flexible.

    Ignored nodes: comments, script, style
    [36m<body>[39m
      [36m<div>[39m
        [36m<div[39m
          [33mclass[39m=[32m"bg-card text-card-foreground flex flex-col gap-6 rounded-xl border py-6 shadow-sm cursor-pointer transition-all hover:shadow-lg"[39m
          [33mdata-slot[39m=[32m"card"[39m
        [36m>[39m
          [36m<div[39m
            [33mclass[39m=[32m"@container/card-header grid auto-rows-min grid-rows-[auto_auto] items-start gap-1.5 px-6 has-data-[slot=card-action]:grid-cols-[1fr_auto] [.border-b]:pb-6"[39m
            [33mdata-slot[39m=[32m"card-header"[39m
          [36m>[39m
            [36m<div[39m
              [33mclass[39m=[32m"flex items-start justify-between"[39m
            [36m>[39m
              [36m<div[39m
                [33mclass[39m=[32m"flex-1"[39m
              [36m>[39m
                [36m<div[39m
                  [33mclass[39m=[32m"font-semibold text-lg"[39m
                  [33mdata-slot[39m=[32m"card-title"[39m
                [36m>[39m
                  [0mIC to Manager Transition[0m
                [36m</div>[39m
                [36m<p[39m
                  [33mclass[39m=[32m"text-sm text-gray-600 mt-1"[39m
                [36m>[39m
                  [0mTransition from Individual Contributor to Engineering Manager[0m
                [36m</p>[39m
              [36m</div>[39m
              [36m<div[39m
                [33mclass[39m=[32m"flex gap-1 ml-2"[39m
              [36m/>[39m
            [36m</div>[39m
            [36m<div[39m
              [33mclass[39m=[32m"flex items-center gap-2 mt-3 text-sm"[39m
            [36m>[39m
              [36m<span[39m
                [33mclass[39m=[32m"font-medium text-gray-700"[39m
              [36m>[39m
                [0mSenior Software Engineer[0m
              [36m</span>[39m
              [36m<svg[39m
                [33maria-hidden[39m=[32m"true"[39m
                [33mclass[39m=[32m"lucide lucide-arrow-right h-4 w-4 text-gray-400"[39m
                [33mfill[39m=[32m"none"[39m
                [33mheight[39m=[32m"24"[39m
                [33mstroke[39m=[32m"currentColor"[39m
                [33mstroke-linecap[39m=[32m"round"[39m
                [33mstroke-linejoin[39m=[32m"round"[39m
                [33mstroke-width[39m=[32m"2"[39m
                [33mviewBox[39m=[32m"0 0 24 24"[39m
                [33mwidth[39m=[32m"24"[39m
                [33mxmlns[39m=[32m"http://www.w3.org/2000/svg"[39m
              [36m>[39m
                [36m<path[39m
                  [33md[39m=[32m"M5 12h14"[39m
                [36m/>[39m
                [36m<path[39m
                  [33md[39m=[32m"m12 5 7 7-7 7"[39m
                [36m/>[39m
              [36m</svg>[39m
              [36m<span[39m
                [33mclass[39m=[32m"font-medium text-blue-600"[39m
              [36m>[39m
                [0mEngineering Manager[0m
              [36m</span>[39m
            [36m</div>[39m
            [36m<div[39m
              [33mclass[39m=[32m"flex flex-wrap gap-2 mt-3"[39m
            [36m>[39m
              [36m<div[39m
                [33mclass[39m=[32m"inline-flex items-center rounded-full border px-2.5 py-0.5 text-xs font-semibold transition-colors focus:outline-none focus:ring-2 focus:ring-ring focus:ring-offset-2 border-transparent hover:bg-primary/80 bg-blue-100 text-blue-800"[39m
              [36m>[39m
                [0mrole[0m
              [36m</div>[39m
              [36m<div[39m
                [33mclass[39m=[32m"inline-flex items-center rounded-full border px-2.5 py-0.5 text-xs font-semibold transition-colors focus:outline-none focus:ring-2 focus:ring-ring focus:ring-offset-2 border-transparent hover:bg-primary/80 bg-green-100 text-green-800"[39m
              [36m>[39m
                [0mactive[0m
              [36m</div>[39m
            [36m</div>[39m
          [36m</div>[39m
          [36m<div[39m
            [33mclass[39m=[32m"px-6 space-y-4"[39m
            [33mdata-slot[39m=[32m"card-content"[39m
          [36m>[39m
            [36m<div[39m
              [33mclass[39m=[32m"grid grid-cols-3 gap-3"[39m
            [36m>[39m
              [36m<div[39m
                [33mclass[39m=[32m"text-center p-2 bg-blue-50 rounded-lg"[39m
              [36m>[39m
                [36m<svg[39m
                  [33maria-hidden[39m=[32m"true"[39m
                  [33mclass[39m=[32m"lucide lucide-calendar mx-auto h-5 w-5 text-blue-600 mb-1"[39m
                  [33mfill[39m=[32m"none"[39m
                  [33mheight[39m=[32m"24"[39m
                  [33mstroke[39m=[32m"currentColor"[39m
                  [33mstroke-linecap[39m=[32m"round"[39m
                  [33mstroke-linejoin[39m=[32m"round"[39m
                  [33mstroke-width[39m=[32m"2"[39m
                  [33mviewBox[39m=[32m"0 0 24 24"[39m
                  [33mwidth[39m=[32m"24"[39m
                  [33mxmlns[39m=[32m"http://www.w3.org/2000/svg"[39m
                [36m>[39m
                  [36m<path[39m
                    [33md[39m=[32m"M8 2v4"[39m
                  [36m/>[39m
                  [36m<path[39m
                    [33md[39m=[32m"M16 2v4"[39m
                  [36m/>[39m
                  [36m<rect[39m
                    [33mheight[39m=[32m"18"[39m
                    [33mrx[39m=[32m"2"[39m
                    [33mwidth[39m=[32m"18"[39m
                    [33mx[39m=[32m"3"[39m
                    [33my[39m=[32m"4"[39m
                  [36m/>[39m
                  [36m<path[39m
                    [33md[39m=[32m"M3 10h18"[39m
                  [36m/>[39m
                [36m</svg>[39m
                [36m<div[39m
                  [33mclass[39m=[32m"text-sm font-bold text-blue-600"[39m
                [36m>[39m
                  [0m8-12mo[0m
                [36m</div>[39m
                [36m<div[39m
                  [33mclass[39m=[32m"text-xs text-gray-600"[39m
                [36m>[39m
                  [0mTimeline[0m
                [36m</div>[39m
              [36m</div>[39m
              [36m<div[39m
                [33mclass[39m=[32m"text-center p-2 bg-purple-50 rounded-lg"[39m
              [36m>[39m
                [36m<svg[39m
                  [33maria-hidden[39m=[32m"true"[39m
                  [33mclass[39m=[32m"lucide lucide-target mx-auto h-5 w-5 text-purple-600 mb-1"[39m
                  [33mfill[39m=[32m"none"[39m
                  [33mheight[39m=[32m"24"[39m
                  [33mstroke[39m=[32m"currentColor"[39m
                  [33mstroke-linecap[39m=[32m"round"[39m
                  [33mstroke-linejoin[39m=[32m"round"[39m
                  [33mstroke-width[39m=[32m"2"[39m
                  [33mviewBox[39m=[32m"0 0 24 24"[39m
                  [33mwidth[39m=[32m"24"[39m
                  [33mxmlns[39m=[32m"http://www.w3.org/2000/svg"[39m
                [36m>[39m
                  [36m<circle[39m
                    [33mcx[39m=[32m"12"[39m
                    [33mcy[39m=[32m"12"[39m
                    [33mr[39m=[32m"10"[39m
                  [36m/>[39m
                  [36m<circle[39m
                    [33mcx[39m=[32m"12"[39m
                    [33mcy[39m=[32m"12"[39m
                    [33mr[39m=[32m"6"[39m
                  [36m/>[39m
                  [36m<circle[39m
                    [33mcx[39m=[32m"12"[39m
                    [33mcy[39m=[32m"12"[39m
                    [33mr[39m=[32m"2"[39m
                  [36m/>[39m
                [36m</svg>[39m
                [36m<div[39m
                  [33mclass[39m=[32m"text-sm font-bold text-purple-600"[39m
                [36m>[39m
                  [0m0[0m
                  [0m/[0m
                  [0m0[0m
                [36m</div>[39m
                [36m<div[39m
                  [33mclass[39m=[32m"text-xs text-gray-600"[39m
                [36m>[39m
                  [0mMilestones[0m
                [36m</div>[39m
              [36m</div>[39m
              [36m<div[39m
                [33mclass[39m=[32m"text-center p-2 bg-green-50 rounded-lg"[39m
              [36m>[39m
                [36m<svg[39m
                  [33maria-hidden[39m=[32m"true"[39m
                  [33mclass[39m=[32m"lucide lucide-trending-up mx-auto h-5 w-5 text-green-600 mb-1"[39m
                  [33mfill[39m=[32m"none"[39m
                  [33mheight[39m=[32m"24"[39m
                  [33mstroke[39m=[32m"currentColor"[39m
                  [33mstroke-linecap[39m=[32m"round"[39m
                  [33mstroke-linejoin[39m=[32m"round"[39m
                  [33mstroke-width[39m=[32m"2"[39m
                  [33mviewBox[39m=[32m"0 0 24 24"[39m
                  [33mwidth[39m=[32m"24"[39m
                  [33mxmlns[39m=[32m"http://www.w3.org/2000/svg"[39m
                [36m>[39m
                  [36m<path[39m
                    [33md[39m=[32m"M16 7h6v6"[39m
                  [36m/>[39m
                  [36m<path[39m
                    [33md[39m=[32m"m22 7-8.5 8.5-5-5L2 17"[39m
                  [36m/>[39m
                [36m</svg>[39m
                [36m<div[39m
                  [33mclass[39m=[32m"text-sm font-bold text-green-600"[39m
                [36m>[39m
                  [0m35[0m
                  [0m%[0m
                [36m</div>[39m
                [36m<div[39m
                  [33mclass[39m=[32m"text-xs text-gray-600"[39m
                [36m>[39m
                  [0mProgress[0m
                [36m</div>[39m
              [36m</div>[39m
            [36m</div>[39m
            [36m<div[39m
              [33mclass[39m=[32m"space-y-2"[39m
            [36m>[39m
              [36m<div[39m
                [33mclass[39m=[32m"flex items-center justify-between text-sm"[39m
              [36m>[39m
                [36m<span[39m
                  [33mclass[39m=[32m"text-gray-600"[39m
                [36m>[39m
                  [0mOverall Progress[0m
                [36m</span>[39m
                [36m<span[39m
                  [33mclass[39m=[32m"font-medium text-gray-900"[39m
                [36m>[39m
                  [0m35[0m
                  [0m%[0m
                [36m</span>[39m
              [36m</div>[39m
              [36m<div[39m
                [33maria-valuemax[39m=[32m"100"[39m
                [33maria-valuemin[39m=[32m"0"[39m
                [33mclass[39m=[32m"relative w-full overflow-hidden rounded-full bg-secondary h-2"[39m
                [33mdata-max[39m=[32m"100"[39m
                [33mdata-state[39m=[32m"indeterminate"[39m
                [33mrole[39m=[32m"progressbar"[39m
              [36m>[39m
                [36m<div[39m
                  [33mclass[39m=[32m"h-full w-full flex-1 bg-primary transition-all"[39m
                  [33mdata-max[39m=[32m"100"[39m
                  [33mdata-state[39m=[32m"indeterminate"[39m
                  [33mstyle[39m=[32m"transform: translateX(-65%);"[39m
                [36m/>[39m
              [36m</div>[39m
            [36m</div>[39m
            [36m<div[39m
              [33mclass[39m=[32m"border-t pt-3"[39m
            [36m>[39m
              [36m<div[39m
                [33mclass[39m=[32m"flex items-center gap-2 text-xs text-gray-600 mb-2"[39m
              [36m>[39m
                [36m<svg[39m
                  [33maria-hidden[39m=[32m"true"[39m
                  [33mclass[39m=[32m"lucide lucide-users h-3 w-3"[39m
                  [33mfill[39m=[32m"none"[39m
                  [33mheight[39m=[32m"24"[39m
                  [33mstroke[39m=[32m"currentColor"[39m
                  [33mstroke-linecap[39m=[32m"round"[39m
                  [33mstroke-linejoin[39m=[32m"round"[39m
                  [33mstroke-width[39m=[32m"2"[39m
                  [33mviewBox[39m=[32m"0 0 24 24"[39m
                  [33mwidth[39m=[32m"24"[39m
                  [33mxmlns[39m=[32m"http://www.w3.org/2000/svg"[39m
                [36m>[39m
                  [36m<path[39m
                    [33md[39m=[32m"M16 21v-2a4 4 0 0 0-4-4H6a4 4 0 0 0-4 4v2"[39m
                  [36m/>[39m
                  [36m<path[39m
                    [33md[39m=[32m"M16 3.128a4 4 0 0 1 0 7.744"[39m
                  [36m/>[39m
                  [36m<path[39m
                    [33md[39m=[32m"M22 21v-2a4 4 0 0 0-3-3.87"[39m
                  [36m/>[39m
                  [36m<circle[39m
                    [33mcx[39m=[32m"9"[39m
                    [33mcy[39m=[32m"7"[39m
                    [33mr[39m=[32m"4"[39m
                  [36m/>[39m
                [36m</svg>[39m
                [36m<span[39m
                  [33mclass[39m=[32m"font-medium"[39m
                [36m>[39m
                  [0mBridge Roles[0m
                [36m</span>[39m
              [36m</div>[39m
              [36m<div[39m
                [33mclass[39m=[32m"flex flex-wrap gap-1"[39m
              [36m>[39m
                [36m<div[39m
                  [33mclass[39m=[32m"inline-flex items-center rounded-full border px-2.5 py-0.5 font-semibold transition-colors focus:outline-none focus:ring-2 focus:ring-ring focus:ring-offset-2 text-foreground text-xs"[39m
                [36m>[39m
                  [0mTech Lead[0m
                [36m</div>[39m
                [36m<div[39m
                  [33mclass[39m=[32m"inline-flex items-center rounded-full border px-2.5 py-0.5 font-semibold transition-colors focus:outline-none focus:ring-2 focus:ring-ring focus:ring-offset-2 text-foreground text-xs"[39m
                [36m>[39m
                  [0mStaff Engineer[0m
                [36m</div>[39m
              [36m</div>[39m
            [36m</div>[39m
            [36m<div[39m
              [33mclass[39m=[32m"border-t pt-3"[39m
            [36m>[39m
              [36m<div[39m
                [33mclass[39m=[32m"flex items-center gap-2 text-xs text-gray-600 mb-2"[39m
              [36m>[39m
                [36m<svg[39m
                  [33maria-hidden[39m=[32m"true"[39m
                  [33mclass[39m=[32m"lucide lucide-users h-3 w-3"[39m
                  [33mfill[39m=[32m"none"[39m
                  [33mheight[39m=[32m"24"[39m
                  [33mstroke[39m=[32m"currentColor"[39m
                  [33mstroke-linecap[39m=[32m"round"[39m
                  [33mstroke-linejoin[39m=[32m"round"[39m
                  [33mstroke-width[39m=[32m"2"[39m
                  [33mviewBox[39m=[32m"0 0 24 24"[39m
                  [33mwidth[39m=[32m"24"[39m
                  [33mxmlns[39m=[32m"http://www.w3.org/2000/svg"[39m
                [36m>[39m
                  [36m<path[39m
                    [33md[39m=[32m"M16 21v-2a4 4 0 0 0-4-4H6a4 4 0 0 0-4 4v2"[39m
                  [36m/>[39m
                  [36m<path[39m
                    [33md[39m=[32m"M16 3.128a4 4 0 0 1 0 7.744"[39m
                  [36m/>[39m
                  [36m<path[39m
                    [33md[39m=[32m"M22 21v-2a4 4 0 0 0-3-3.87"[39m
                  [36m/>[39m
                  [36m<circle[39m
                    [33mcx[39m=[32m"9"[39m
                    [33mcy[39m=[32m"7"[39m
                    [33mr[39m=[32m"4"[39m
                  [36m/>[39m
                [36m</svg>[39m
                [36m<span[39m
                  [33mclass[39m=[32m"font-medium"[39m
                [36m>[39m
                  [0mSimilar Transitions[0m
                [36m</span>[39m
              [36m</div>[39m
              [36m<p[39m
                [33mclass[39m=[32m"text-sm text-gray-700"[39m
              [36m>[39m
                [0mAverage: [0m
                [36m<strong>[39m
                  [0m10 months[0m
                [36m</strong>[39m
                [0m • Success Rate: [0m
                [36m<strong>[39m
                  [0m75[0m
                  [0m%[0m
                [36m</strong>[39m
              [36m</p>[39m
            [36m</div>[39m
          [36m</div>[39m
        [36m</div>[39m
      [36m</div>[39m
    [36m</body>[39m

      137 |       // Check that all key information is displayed
      138 |       expect(screen.getByText('IC to Manager Transition')).toBeInTheDocument();
    > 139 |       expect(screen.getByText(/cross-role/i)).toBeInTheDocument();
          |                     ^
      140 |       expect(screen.getByText(/8-12 months/i)).toBeInTheDocument();
      141 |       expect(screen.getByText(/35%/i)).toBeInTheDocument();
      142 |       expect(screen.getByText(/Tech Lead/i)).toBeInTheDocument();

      at Object.getElementError (node_modules/@testing-library/dom/dist/config.js:37:19)
      at node_modules/@testing-library/dom/dist/query-helpers.js:76:38
      at node_modules/@testing-library/dom/dist/query-helpers.js:52:17
      at node_modules/@testing-library/dom/dist/query-helpers.js:95:19
      at Object.getByText (src/components/planning/__tests__/transition-ui.test.tsx:139:21)

  ● Transition UI Components › CourseRecommendations › should display course recommendations with affiliate links

    TestingLibraryElementError: Found multiple elements with the text: /affiliate/i

    Here are the matching elements:

    Ignored nodes: comments, script, style
    [36m<p[39m
      [33mclass[39m=[32m"text-xs text-blue-900"[39m
    [36m>[39m
      [36m<strong>[39m
        [0mAffiliate Disclosure:[0m
      [36m</strong>[39m
      [0m These are affiliate links. We may earn a commission if you enroll in a course, at no additional cost to you. We only recommend courses we believe will help you develop this skill.[0m
    [36m</p>[39m

    Ignored nodes: comments, script, style
    [36m<strong>[39m
      [0mAffiliate Disclosure:[0m
    [36m</strong>[39m

    (If this is intentional, then use the `*AllBy*` variant of the query (like `queryAllByText`, `getAllByText`, or `findAllByText`)).

    Ignored nodes: comments, script, style
    [36m<body>[39m
      [36m<div>[39m
        [36m<div[39m
          [33mclass[39m=[32m"space-y-4"[39m
        [36m>[39m
          [36m<div[39m
            [33mclass[39m=[32m"bg-blue-50 border border-blue-200 rounded-lg p-3 flex items-start gap-2"[39m
          [36m>[39m
            [36m<svg[39m
              [33maria-hidden[39m=[32m"true"[39m
              [33mclass[39m=[32m"lucide lucide-info h-4 w-4 text-blue-600 flex-shrink-0 mt-0.5"[39m
              [33mfill[39m=[32m"none"[39m
              [33mheight[39m=[32m"24"[39m
              [33mstroke[39m=[32m"currentColor"[39m
              [33mstroke-linecap[39m=[32m"round"[39m
              [33mstroke-linejoin[39m=[32m"round"[39m
              [33mstroke-width[39m=[32m"2"[39m
              [33mviewBox[39m=[32m"0 0 24 24"[39m
              [33mwidth[39m=[32m"24"[39m
              [33mxmlns[39m=[32m"http://www.w3.org/2000/svg"[39m
            [36m>[39m
              [36m<circle[39m
                [33mcx[39m=[32m"12"[39m
                [33mcy[39m=[32m"12"[39m
                [33mr[39m=[32m"10"[39m
              [36m/>[39m
              [36m<path[39m
                [33md[39m=[32m"M12 16v-4"[39m
              [36m/>[39m
              [36m<path[39m
                [33md[39m=[32m"M12 8h.01"[39m
              [36m/>[39m
            [36m</svg>[39m
            [36m<p[39m
              [33mclass[39m=[32m"text-xs text-blue-900"[39m
            [36m>[39m
              [36m<strong>[39m
                [0mAffiliate Disclosure:[0m
              [36m</strong>[39m
              [0m These are affiliate links. We may earn a commission if you enroll in a course, at no additional cost to you. We only recommend courses we believe will help you develop this skill.[0m
            [36m</p>[39m
          [36m</div>[39m
          [36m<div[39m
            [33mclass[39m=[32m"grid grid-cols-1 md:grid-cols-2 gap-3"[39m
          [36m>[39m
            [36m<div[39m
              [33mclass[39m=[32m"bg-card text-card-foreground flex flex-col gap-6 rounded-xl border py-6 shadow-sm hover:shadow-md transition-shadow"[39m
              [33mdata-slot[39m=[32m"card"[39m
            [36m>[39m
              [36m<div[39m
                [33mclass[39m=[32m"p-4"[39m
                [33mdata-slot[39m=[32m"card-content"[39m
              [36m>[39m
                [36m<div[39m
                  [33mclass[39m=[32m"space-y-3"[39m
                [36m>[39m
                  [36m<div[39m
                    [33mclass[39m=[32m"flex items-center justify-between"[39m
                  [36m>[39m
                    [36m<div[39m
                      [33mclass[39m=[32m"inline-flex items-center rounded-full border px-2.5 py-0.5 text-xs font-semibold transition-colors focus:outline-none focus:ring-2 focus:ring-ring focus:ring-offset-2 border-transparent hover:bg-primary/80 bg-blue-100 text-blue-800"[39m
                    [36m>[39m
                      [0mCoursera[0m
                    [36m</div>[39m
                    [36m<span[39m
                      [33mclass[39m=[32m"text-lg font-bold text-gray-900"[39m
                    [36m>[39m
                      [0m$[0m
                      [0m49.99[0m
                    [36m</span>[39m
                  [36m</div>[39m
                  [36m<h5[39m
                    [33mclass[39m=[32m"font-semibold text-gray-900 line-clamp-2"[39m
                  [36m>[39m
                    [0mLeadership Fundamentals[0m
                  [36m</h5>[39m
                  [36m<a[39m
                    [33mclass[39m=[32m"flex items-center gap-2 text-blue-600 hover:text-blue-800 text-sm font-medium transition-colors"[39m
                    [33mhref[39m=[32m"https://coursera.org/course/leadership?aff=careeros"[39m
                    [33mrel[39m=[32m"noopener noreferrer"[39m
                    [33mtarget[39m=[32m"_blank"[39m
                  [36m>[39m
                    [0mView Course[0m
                    [36m<svg[39m
                      [33maria-hidden[39m=[32m"true"[39m
                      [33mclass[39m=[32m"lucide lucide-external-link h-4 w-4"[39m
                      [33mfill[39m=[32m"none"[39m
                      [33mheight[39m=[32m"24"[39m
                      [33mstroke[39m=[32m"currentColor"[39m
                      [33mstroke-linecap[39m=[32m"round"[39m
                      [33mstroke-linejoin[39m=[32m"round"[39m
                      [33mstroke-width[39m=[32m"2"[39m
                      [33mviewBox[39m=[32m"0 0 24 24"[39m
                      [33mwidth[39m=[32m"24"[39m
                      [33mxmlns[39m=[32m"http://www.w3.org/2000/svg"[39m
                    [36m>[39m
                      [36m<path[39m
                        [33md[39m=[32m"M15 3h6v6"[39m
                      [36m/>[39m
                      [36m<path[39m
                        [33md[39m=[32m"M10 14 21 3"[39m
                      [36m/>[39m
                      [36m<path[39m
                        [33md[39m=[32m"M18 13v6a2 2 0 0 1-2 2H5a2 2 0 0 1-2-2V8a2 2 0 0 1 2-2h6"[39m
                      [36m/>[39m
                    [36m</svg>[39m
                  [36m</a>[39m
                  [36m<p[39m
                    [33mclass[39m=[32m"text-xs text-gray-600"[39m
                  [36m>[39m
                    [0mLearn [0m
                    [0mLeadership[0m
                    [0m from industry experts with hands-on projects[0m
                  [36m</p>[39m
                [36m</div>[39m
              [36m</div>[39m
            [36m</div>[39m
            [36m<div[39m
              [33mclass[39m=[32m"bg-card text-card-foreground flex flex-col gap-6 rounded-xl border py-6 shadow-sm hover:shadow-md transition-shadow"[39m
              [33mdata-slot[39m=[32m"card"[39m
            [36m>[39m
              [36m<div[39m
                [33mclass[39m=[32m"p-4"[39m
                [33mdata-slot[39m=[32m"card-content"[39m
              [36m>[39m
                [36m<div[39m
                  [33mclass[39m=[32m"space-y-3"[39m
                [36m>[39m
                  [36m<div[39m
                    [33mclass[39m=[32m"flex items-center justify-between"[39m
                  [36m>[39m
                    [36m<div[39m
                      [33mclass[39m=[32m"inline-flex items-center rounded-full border px-2.5 py-0.5 text-xs font-semibold transition-colors focus:outline-none focus:ring-2 focus:ring-ring focus:ring-offset-2 border-transparent hover:bg-primary/80 bg-purple-100 text-purple-800"[39m
                    [36m>[39m
                      [0mUdemy[0m
                    [36m</div>[39m
                    [36m<span[39m
                      [33mclass[39m=[32m"text-lg font-bold text-gray-900"[39m
                    [36m>[39m
                      [0m$[0m
                      [0m29.99[0m
                    [36m</span>[39m
                  [36m</div>[39m
                  [36m<h5[39m
                    [33mclass[39m=[32m"font-semibold text-gray-900 line-clamp-2"[39m
                  [36m>[39m
                    [0mManagement Essentials[0m
                  [36m</h5>[39m
                  [36m<a[39m
                    [33mclass[39m=[32m"flex items-center gap-2 text-blue-600 hover:text-blue-800 text-sm font-medium transition-colors"[39m
                    [33mhref[39m=[32m"https://udemy.com/course/management?aff=careeros"[39m
                    [33mrel[39m=[32m"noopener noreferrer"[39m
                    [33mtarget[39m=[32m"_blank"[39m
                  [36m>[39m
                    [0mView Course[0m
                    [36m<svg[39m
                      [33maria-hidden[39m=[32m"true"[39m
                      [33mclass[39m=[32m"lucide lucide-external-link h-4 w-4"[39m
                      [33mfill[39m=[32m"none"[39m
                      [33mheight[39m=[32m"24"[39m
                      [33mstroke[39m=[32m"currentColor"[39m
                      [33mstroke-linecap[39m=[32m"round"[39m
                      [33mstroke-linejoin[39m=[32m"round"[39m
                      [33mstroke-width[39m=[32m"2"[39m
                      [33mviewBox[39m=[32m"0 0 24 24"[39m
                      [33mwidth[39m=[32m"24"[39m
                      [33mxmlns[39m=[32m"http://www.w3.org/2000/svg"[39m
                    [36m>[39m
                      [36m<path[39m
                        [33md[39m=[32m"M15 3h6v6"[39m
                      [36m/>[39m
                      [36m<path[39m
                        [33md[39m=[32m"M10 14 21 3"[39m
                      [36m/>[39m
                      [36m<path[39m
                        [33md[39m=[32m"M18 13v6a2 2 0 0 1-2 2H5a2 2 0 0 1-2-2V8a2 2 0 0 1 2-2h6"[39m
                      [36m/>[39m
                    [36m</svg>[39m
                  [36m</a>[39m
                  [36m<p[39m
                    [33mclass[39m=[32m"text-xs text-gray-600"[39m
                  [36m>[39m
                    [0mLearn [0m
                    [0mLeadership[0m
                    [0m from industry experts with hands-on projects[0m
                  [36m</p>[39m
                [36m</div>[39m
              [36m</div>[39m
            [36m</div>[39m
          [36m</div>[39m
          [36m<div[39m
            [33mclass[39m=[32m"text-xs text-gray-500 text-center mt-4"[39m
          [36m>[39m
            [36m<p>[39m
              [0mCan't find what you're looking for?[0m
              [0m [0m
              [36m<a[39m
                [33mclass[39m=[32m"text-blue-600 hover:underline"[39m
                [33mhref[39m=[32m"https://www.google.com/search?q=Leadership%20online%20course"[39m
                [33mrel[39m=[32m"noopener noreferrer"[39m
                [33mtarget[39m=[32m"_blank"[39m
              [36m>[39m
                [0mSearch for more courses[0m
              [36m</a>[39m
            [36m</p>[39m
          [36m</div>[39m
        [36m</div>[39m
      [36m</div>[39m
    [36m</body>[39m

      230 |
      231 |       // Check for affiliate disclosure
    > 232 |       expect(screen.getByText(/affiliate/i)).toBeInTheDocument();
          |                     ^
      233 |
      234 |       // Check that prices are displayed
      235 |       expect(screen.getByText(/\$49\.99/)).toBeInTheDocument();

      at Object.getElementError (node_modules/@testing-library/dom/dist/config.js:37:19)
      at getElementError (node_modules/@testing-library/dom/dist/query-helpers.js:20:35)
      at getMultipleElementsFoundError (node_modules/@testing-library/dom/dist/query-helpers.js:23:10)
      at node_modules/@testing-library/dom/dist/query-helpers.js:55:13
      at node_modules/@testing-library/dom/dist/query-helpers.js:95:19
      at Object.getByText (src/components/planning/__tests__/transition-ui.test.tsx:232:21)

  ● Transition UI Components › CourseRecommendations › should render affiliate links with proper attributes

    TestingLibraryElementError: Unable to find an accessible element with the role "link" and name `/Leadership Fundamentals/i`

    Here are the accessible roles:

      paragraph:

      Name "":
      [36m<p[39m
        [33mclass[39m=[32m"text-xs text-blue-900"[39m
      [36m/>[39m

      Name "":
      [36m<p[39m
        [33mclass[39m=[32m"text-xs text-gray-600"[39m
      [36m/>[39m

      Name "":
      [36m<p />[39m

      --------------------------------------------------
      strong:

      Name "":
      [36m<strong />[39m

      --------------------------------------------------
      heading:

      Name "Leadership Fundamentals":
      [36m<h5[39m
        [33mclass[39m=[32m"font-semibold text-gray-900 line-clamp-2"[39m
      [36m/>[39m

      --------------------------------------------------
      link:

      Name "View Course":
      [36m<a[39m
        [33mclass[39m=[32m"flex items-center gap-2 text-blue-600 hover:text-blue-800 text-sm font-medium transition-colors"[39m
        [33mhref[39m=[32m"https://coursera.org/course/leadership?aff=careeros"[39m
        [33mrel[39m=[32m"noopener noreferrer"[39m
        [33mtarget[39m=[32m"_blank"[39m
      [36m/>[39m

      Name "Search for more courses":
      [36m<a[39m
        [33mclass[39m=[32m"text-blue-600 hover:underline"[39m
        [33mhref[39m=[32m"https://www.google.com/search?q=Leadership%20online%20course"[39m
        [33mrel[39m=[32m"noopener noreferrer"[39m
        [33mtarget[39m=[32m"_blank"[39m
      [36m/>[39m

      --------------------------------------------------

    Ignored nodes: comments, script, style
    [36m<body>[39m
      [36m<div>[39m
        [36m<div[39m
          [33mclass[39m=[32m"space-y-4"[39m
        [36m>[39m
          [36m<div[39m
            [33mclass[39m=[32m"bg-blue-50 border border-blue-200 rounded-lg p-3 flex items-start gap-2"[39m
          [36m>[39m
            [36m<svg[39m
              [33maria-hidden[39m=[32m"true"[39m
              [33mclass[39m=[32m"lucide lucide-info h-4 w-4 text-blue-600 flex-shrink-0 mt-0.5"[39m
              [33mfill[39m=[32m"none"[39m
              [33mheight[39m=[32m"24"[39m
              [33mstroke[39m=[32m"currentColor"[39m
              [33mstroke-linecap[39m=[32m"round"[39m
              [33mstroke-linejoin[39m=[32m"round"[39m
              [33mstroke-width[39m=[32m"2"[39m
              [33mviewBox[39m=[32m"0 0 24 24"[39m
              [33mwidth[39m=[32m"24"[39m
              [33mxmlns[39m=[32m"http://www.w3.org/2000/svg"[39m
            [36m>[39m
              [36m<circle[39m
                [33mcx[39m=[32m"12"[39m
                [33mcy[39m=[32m"12"[39m
                [33mr[39m=[32m"10"[39m
              [36m/>[39m
              [36m<path[39m
                [33md[39m=[32m"M12 16v-4"[39m
              [36m/>[39m
              [36m<path[39m
                [33md[39m=[32m"M12 8h.01"[39m
              [36m/>[39m
            [36m</svg>[39m
            [36m<p[39m
              [33mclass[39m=[32m"text-xs text-blue-900"[39m
            [36m>[39m
              [36m<strong>[39m
                [0mAffiliate Disclosure:[0m
              [36m</strong>[39m
              [0m These are affiliate links. We may earn a commission if you enroll in a course, at no additional cost to you. We only recommend courses we believe will help you develop this skill.[0m
            [36m</p>[39m
          [36m</div>[39m
          [36m<div[39m
            [33mclass[39m=[32m"grid grid-cols-1 md:grid-cols-2 gap-3"[39m
          [36m>[39m
            [36m<div[39m
              [33mclass[39m=[32m"bg-card text-card-foreground flex flex-col gap-6 rounded-xl border py-6 shadow-sm hover:shadow-md transition-shadow"[39m
              [33mdata-slot[39m=[32m"card"[39m
            [36m>[39m
              [36m<div[39m
                [33mclass[39m=[32m"p-4"[39m
                [33mdata-slot[39m=[32m"card-content"[39m
              [36m>[39m
                [36m<div[39m
                  [33mclass[39m=[32m"space-y-3"[39m
                [36m>[39m
                  [36m<div[39m
                    [33mclass[39m=[32m"flex items-center justify-between"[39m
                  [36m>[39m
                    [36m<div[39m
                      [33mclass[39m=[32m"inline-flex items-center rounded-full border px-2.5 py-0.5 text-xs font-semibold transition-colors focus:outline-none focus:ring-2 focus:ring-ring focus:ring-offset-2 border-transparent hover:bg-primary/80 bg-blue-100 text-blue-800"[39m
                    [36m>[39m
                      [0mCoursera[0m
                    [36m</div>[39m
                    [36m<span[39m
                      [33mclass[39m=[32m"text-lg font-bold text-gray-900"[39m
                    [36m>[39m
                      [0m$[0m
                      [0m49.99[0m
                    [36m</span>[39m
                  [36m</div>[39m
                  [36m<h5[39m
                    [33mclass[39m=[32m"font-semibold text-gray-900 line-clamp-2"[39m
                  [36m>[39m
                    [0mLeadership Fundamentals[0m
                  [36m</h5>[39m
                  [36m<a[39m
                    [33mclass[39m=[32m"flex items-center gap-2 text-blue-600 hover:text-blue-800 text-sm font-medium transition-colors"[39m
                    [33mhref[39m=[32m"https://coursera.org/course/leadership?aff=careeros"[39m
                    [33mrel[39m=[32m"noopener noreferrer"[39m
                    [33mtarget[39m=[32m"_blank"[39m
                  [36m>[39m
                    [0mView Course[0m
                    [36m<svg[39m
                      [33maria-hidden[39m=[32m"true"[39m
                      [33mclass[39m=[32m"lucide lucide-external-link h-4 w-4"[39m
                      [33mfill[39m=[32m"none"[39m
                      [33mheight[39m=[32m"24"[39m
                      [33mstroke[39m=[32m"currentColor"[39m
                      [33mstroke-linecap[39m=[32m"round"[39m
                      [33mstroke-linejoin[39m=[32m"round"[39m
                      [33mstroke-width[39m=[32m"2"[39m
                      [33mviewBox[39m=[32m"0 0 24 24"[39m
                      [33mwidth[39m=[32m"24"[39m
                      [33mxmlns[39m=[32m"http://www.w3.org/2000/svg"[39m
                    [36m>[39m
                      [36m<path[39m
                        [33md[39m=[32m"M15 3h6v6"[39m
                      [36m/>[39m
                      [36m<path[39m
                        [33md[39m=[32m"M10 14 21 3"[39m
                      [36m/>[39m
                      [36m<path[39m
                        [33md[39m=[32m"M18 13v6a2 2 0 0 1-2 2H5a2 2 0 0 1-2-2V8a2 2 0 0 1 2-2h6"[39m
                      [36m/>[39m
                    [36m</svg>[39m
                  [36m</a>[39m
                  [36m<p[39m
                    [33mclass[39m=[32m"text-xs text-gray-600"[39m
                  [36m>[39m
                    [0mLearn [0m
                    [0mLeadership[0m
                    [0m from industry experts with hands-on projects[0m
                  [36m</p>[39m
                [36m</div>[39m
              [36m</div>[39m
            [36m</div>[39m
          [36m</div>[39m
          [36m<div[39m
            [33mclass[39m=[32m"text-xs text-gray-500 text-center mt-4"[39m
          [36m>[39m
            [36m<p>[39m
              [0mCan't find what you're looking for?[0m
              [0m [0m
              [36m<a[39m
                [33mclass[39m=[32m"text-blue-600 hover:underline"[39m
                [33mhref[39m=[32m"https://www.google.com/search?q=Leadership%20online%20course"[39m
                [33mrel[39m=[32m"noopener noreferrer"[39m
                [33mtarget[39m=[32m"_blank"[39m
              [36m>[39m
                [0mSearch for more courses[0m
              [36m</a>[39m
            [36m</p>[39m
          [36m</div>[39m
        [36m</div>[39m
      [36m</div>[39m
    [36m</body>[39m

      250 |       render(<CourseRecommendations courses={mockCourses} skillName="Leadership" />);
      251 |
    > 252 |       const affiliateLink = screen.getByRole('link', { name: /Leadership Fundamentals/i });
          |                                    ^
      253 |       expect(affiliateLink).toHaveAttribute('href', 'https://coursera.org/course/leadership?aff=careeros');
      254 |       expect(affiliateLink).toHaveAttribute('target', '_blank');
      255 |       expect(affiliateLink).toHaveAttribute('rel', 'noopener noreferrer');

      at Object.getElementError (node_modules/@testing-library/dom/dist/config.js:37:19)
      at node_modules/@testing-library/dom/dist/query-helpers.js:76:38
      at node_modules/@testing-library/dom/dist/query-helpers.js:52:17
      at node_modules/@testing-library/dom/dist/query-helpers.js:95:19
      at Object.getByRole (src/components/planning/__tests__/transition-ui.test.tsx:252:36)

  ● Transition UI Components › BenchmarkingDisplay › should visualize timeline comparison data

    TestingLibraryElementError: Found multiple elements with the text: /10 months/i

    Here are the matching elements:

    Ignored nodes: comments, script, style
    [36m<p[39m
      [33mclass[39m=[32m"text-xl font-bold text-purple-600"[39m
    [36m>[39m
      [0m10 months[0m
    [36m</p>[39m

    Ignored nodes: comments, script, style
    [36m<span[39m
      [33mclass[39m=[32m"text-sm font-bold text-purple-600"[39m
    [36m>[39m
      [0m10 months[0m
    [36m</span>[39m

    (If this is intentional, then use the `*AllBy*` variant of the query (like `queryAllByText`, `getAllByText`, or `findAllByText`)).

    Ignored nodes: comments, script, style
    [36m<body>[39m
      [36m<div>[39m
        [36m<div[39m
          [33mclass[39m=[32m"space-y-6"[39m
        [36m>[39m
          [36m<div>[39m
            [36m<h2[39m
              [33mclass[39m=[32m"text-2xl font-bold text-gray-900 flex items-center gap-2"[39m
            [36m>[39m
              [36m<svg[39m
                [33maria-hidden[39m=[32m"true"[39m
                [33mclass[39m=[32m"lucide lucide-users h-6 w-6 text-blue-600"[39m
                [33mfill[39m=[32m"none"[39m
                [33mheight[39m=[32m"24"[39m
                [33mstroke[39m=[32m"currentColor"[39m
                [33mstroke-linecap[39m=[32m"round"[39m
                [33mstroke-linejoin[39m=[32m"round"[39m
                [33mstroke-width[39m=[32m"2"[39m
                [33mviewBox[39m=[32m"0 0 24 24"[39m
                [33mwidth[39m=[32m"24"[39m
                [33mxmlns[39m=[32m"http://www.w3.org/2000/svg"[39m
              [36m>[39m
                [36m<path[39m
                  [33md[39m=[32m"M16 21v-2a4 4 0 0 0-4-4H6a4 4 0 0 0-4 4v2"[39m
                [36m/>[39m
                [36m<path[39m
                  [33md[39m=[32m"M16 3.128a4 4 0 0 1 0 7.744"[39m
                [36m/>[39m
                [36m<path[39m
                  [33md[39m=[32m"M22 21v-2a4 4 0 0 0-3-3.87"[39m
                [36m/>[39m
                [36m<circle[39m
                  [33mcx[39m=[32m"9"[39m
                  [33mcy[39m=[32m"7"[39m
                  [33mr[39m=[32m"4"[39m
                [36m/>[39m
              [36m</svg>[39m
              [0mBenchmarking Data[0m
            [36m</h2>[39m
            [36m<p[39m
              [33mclass[39m=[32m"mt-2 text-gray-600"[39m
            [36m>[39m
              [0mSee how your timeline compares to similar career transitions[0m
            [36m</p>[39m
          [36m</div>[39m
          [36m<div[39m
            [33mclass[39m=[32m"text-card-foreground flex flex-col gap-6 rounded-xl border py-6 shadow-sm bg-gradient-to-br from-blue-50 to-purple-50"[39m
            [33mdata-slot[39m=[32m"card"[39m
          [36m>[39m
            [36m<div[39m
              [33mclass[39m=[32m"@container/card-header grid auto-rows-min grid-rows-[auto_auto] items-start gap-1.5 px-6 has-data-[slot=card-action]:grid-cols-[1fr_auto] [.border-b]:pb-6"[39m
              [33mdata-slot[39m=[32m"card-header"[39m
            [36m>[39m
              [36m<div[39m
                [33mclass[39m=[32m"leading-none font-semibold flex items-center gap-2"[39m
                [33mdata-slot[39m=[32m"card-title"[39m
              [36m>[39m
                [36m<svg[39m
                  [33maria-hidden[39m=[32m"true"[39m
                  [33mclass[39m=[32m"lucide lucide-trending-up h-5 w-5 text-blue-600"[39m
                  [33mfill[39m=[32m"none"[39m
                  [33mheight[39m=[32m"24"[39m
                  [33mstroke[39m=[32m"currentColor"[39m
                  [33mstroke-linecap[39m=[32m"round"[39m
                  [33mstroke-linejoin[39m=[32m"round"[39m
                  [33mstroke-width[39m=[32m"2"[39m
                  [33mviewBox[39m=[32m"0 0 24 24"[39m
                  [33mwidth[39m=[32m"24"[39m
                  [33mxmlns[39m=[32m"http://www.w3.org/2000/svg"[39m
                [36m>[39m
                  [36m<path[39m
                    [33md[39m=[32m"M16 7h6v6"[39m
                  [36m/>[39m
                  [36m<path[39m
                    [33md[39m=[32m"m22 7-8.5 8.5-5-5L2 17"[39m
                  [36m/>[39m
                [36m</svg>[39m
                [0mSimilar Transitions[0m
              [36m</div>[39m
            [36m</div>[39m
            [36m<div[39m
              [33mclass[39m=[32m"px-6 space-y-4"[39m
              [33mdata-slot[39m=[32m"card-content"[39m
            [36m>[39m
              [36m<div[39m
                [33mclass[39m=[32m"text-center"[39m
              [36m>[39m
                [36m<p[39m
                  [33mclass[39m=[32m"text-sm text-gray-600 mb-2"[39m
                [36m>[39m
                  [0mTransition Type[0m
                [36m</p>[39m
                [36m<p[39m
                  [33mclass[39m=[32m"text-2xl font-bold text-blue-600"[39m
                [36m>[39m
                  [0mIC to Manager[0m
                [36m</p>[39m
              [36m</div>[39m
              [36m<div[39m
                [33mclass[39m=[32m"grid grid-cols-2 gap-4"[39m
              [36m>[39m
                [36m<div[39m
                  [33mclass[39m=[32m"bg-white rounded-lg p-4 text-center"[39m
                [36m>[39m
                  [36m<svg[39m
                    [33maria-hidden[39m=[32m"true"[39m
                    [33mclass[39m=[32m"lucide lucide-clock mx-auto h-6 w-6 text-purple-600 mb-2"[39m
                    [33mfill[39m=[32m"none"[39m
                    [33mheight[39m=[32m"24"[39m
                    [33mstroke[39m=[32m"currentColor"[39m
                    [33mstroke-linecap[39m=[32m"round"[39m
                    [33mstroke-linejoin[39m=[32m"round"[39m
                    [33mstroke-width[39m=[32m"2"[39m
                    [33mviewBox[39m=[32m"0 0 24 24"[39m
                    [33mwidth[39m=[32m"24"[39m
                    [33mxmlns[39m=[32m"http://www.w3.org/2000/svg"[39m
                  [36m>[39m
                    [36m<path[39m
                      [33md[39m=[32m"M12 6v6l4 2"[39m
                    [36m/>[39m
                    [36m<circle[39m
                      [33mcx[39m=[32m"12"[39m
                      [33mcy[39m=[32m"12"[39m
                      [33mr[39m=[32m"10"[39m
                    [36m/>[39m
                  [36m</svg>[39m
                  [36m<p[39m
                    [33mclass[39m=[32m"text-sm text-gray-600 mb-1"[39m
                  [36m>[39m
                    [0mAverage Timeline[0m
                  [36m</p>[39m
                  [36m<p[39m
                    [33mclass[39m=[32m"text-xl font-bold text-purple-600"[39m
                  [36m>[39m
                    [0m10 months[0m
                  [36m</p>[39m
                [36m</div>[39m
                [36m<div[39m
                  [33mclass[39m=[32m"bg-white rounded-lg p-4 text-center"[39m
                [36m>[39m
                  [36m<svg[39m
                    [33maria-hidden[39m=[32m"true"[39m
                    [33mclass[39m=[32m"lucide lucide-award mx-auto h-6 w-6 text-green-600 mb-2"[39m
                    [33mfill[39m=[32m"none"[39m
                    [33mheight[39m=[32m"24"[39m
                    [33mstroke[39m=[32m"currentColor"[39m
                    [33mstroke-linecap[39m=[32m"round"[39m
                    [33mstroke-linejoin[39m=[32m"round"[39m
                    [33mstroke-width[39m=[32m"2"[39m
                    [33mviewBox[39m=[32m"0 0 24 24"[39m
                    [33mwidth[39m=[32m"24"[39m
                    [33mxmlns[39m=[32m"http://www.w3.org/2000/svg"[39m
                  [36m>[39m
                    [36m<path[39m
                      [33md[39m=[32m"m15.477 12.89 1.515 8.526a.5.5 0 0 1-.81.47l-3.58-2.687a1 1 0 0 0-1.197 0l-3.586 2.686a.5.5 0 0 1-.81-.469l1.514-8.526"[39m
                    [36m/>[39m
                    [36m<circle[39m
                      [33mcx...

      279 |       // Check that benchmark information is displayed
      280 |       expect(screen.getByText(/IC to Manager/i)).toBeInTheDocument();
    > 281 |       expect(screen.getByText(/10 months/i)).toBeInTheDocument();
          |                     ^
      282 |       expect(screen.getByText(/75%/i)).toBeInTheDocument();
      283 |
      284 |       // Check that user timeline is shown for comparison

      at Object.getElementError (node_modules/@testing-library/dom/dist/config.js:37:19)
      at getElementError (node_modules/@testing-library/dom/dist/query-helpers.js:20:35)
      at getMultipleElementsFoundError (node_modules/@testing-library/dom/dist/query-helpers.js:23:10)
      at node_modules/@testing-library/dom/dist/query-helpers.js:55:13
      at node_modules/@testing-library/dom/dist/query-helpers.js:95:19
      at Object.getByText (src/components/planning/__tests__/transition-ui.test.tsx:281:21)

  ● Transition UI Components › Form Validation › should validate current role input in assessment flow

    TestingLibraryElementError: Found multiple elements with the text: /current role/i

    Here are the matching elements:

    Ignored nodes: comments, script, style
    [36m<h2[39m
      [33mclass[39m=[32m"text-2xl font-bold text-gray-900"[39m
    [36m>[39m
      [0mTell us about your current role[0m
    [36m</h2>[39m

    Ignored nodes: comments, script, style
    [36m<label[39m
      [33mclass[39m=[32m"text-sm leading-none font-medium select-none group-data-[disabled=true]:pointer-events-none group-data-[disabled=true]:opacity-50 peer-disabled:cursor-not-allowed peer-disabled:opacity-50 flex items-center gap-2"[39m
      [33mdata-slot[39m=[32m"label"[39m
      [33mfor[39m=[32m"current-role"[39m
    [36m>[39m
      [36m<svg[39m
        [33maria-hidden[39m=[32m"true"[39m
        [33mclass[39m=[32m"lucide lucide-briefcase h-4 w-4 text-gray-500"[39m
        [33mfill[39m=[32m"none"[39m
        [33mheight[39m=[32m"24"[39m
        [33mstroke[39m=[32m"currentColor"[39m
        [33mstroke-linecap[39m=[32m"round"[39m
        [33mstroke-linejoin[39m=[32m"round"[39m
        [33mstroke-width[39m=[32m"2"[39m
        [33mviewBox[39m=[32m"0 0 24 24"[39m
        [33mwidth[39m=[32m"24"[39m
        [33mxmlns[39m=[32m"http://www.w3.org/2000/svg"[39m
      [36m>[39m
        [36m<path[39m
          [33md[39m=[32m"M16 20V4a2 2 0 0 0-2-2h-4a2 2 0 0 0-2 2v16"[39m
        [36m/>[39m
        [36m<rect[39m
          [33mheight[39m=[32m"14"[39m
          [33mrx[39m=[32m"2"[39m
          [33mwidth[39m=[32m"20"[39m
          [33mx[39m=[32m"2"[39m
          [33my[39m=[32m"6"[39m
        [36m/>[39m
      [36m</svg>[39m
      [0mCurrent Role Title *[0m
    [36m</label>[39m

    Ignored nodes: comments, script, style
    [36m<p[39m
      [33mclass[39m=[32m"text-sm text-gray-500"[39m
    [36m>[39m
      [0mTotal years of professional experience in your current role or similar roles[0m
    [36m</p>[39m

    (If this is intentional, then use the `*AllBy*` variant of the query (like `queryAllByText`, `getAllByText`, or `findAllByText`)).

    Ignored nodes: comments, script, style
    [36m<body>[39m
      [36m<div>[39m
        [36m<div[39m
          [33mclass[39m=[32m"min-h-screen bg-gradient-to-br from-blue-50 via-white to-indigo-50"[39m
        [36m>[39m
          [36m<div[39m
            [33mclass[39m=[32m"sticky top-0 z-10 bg-white/80 backdrop-blur-sm border-b"[39m
          [36m>[39m
            [36m<div[39m
              [33mclass[39m=[32m"max-w-4xl mx-auto px-4 py-4"[39m
            [36m>[39m
              [36m<div[39m
                [33mclass[39m=[32m"flex items-center justify-between"[39m
              [36m>[39m
                [36m<div[39m
                  [33mclass[39m=[32m"flex items-center gap-4"[39m
                [36m>[39m
                  [36m<button[39m
                    [33mclass[39m=[32m"inline-flex items-center justify-center whitespace-nowrap text-sm font-medium transition-all disabled:pointer-events-none disabled:opacity-50 [&_svg]:pointer-events-none [&_svg:not([class*='size-'])]:size-4 shrink-0 [&_svg]:shrink-0 outline-none focus-visible:border-ring focus-visible:ring-ring/50 focus-visible:ring-[3px] aria-invalid:ring-destructive/20 dark:aria-invalid:ring-destructive/40 aria-invalid:border-destructive hover:bg-accent dark:hover:bg-accent/50 h-8 rounded-md gap-1.5 px-3 has-[>svg]:px-2.5 text-gray-500 hover:text-gray-700"[39m
                    [33mdata-slot[39m=[32m"button"[39m
                  [36m>[39m
                    [36m<svg[39m
                      [33maria-hidden[39m=[32m"true"[39m
                      [33mclass[39m=[32m"lucide lucide-x h-4 w-4 mr-2"[39m
                      [33mfill[39m=[32m"none"[39m
                      [33mheight[39m=[32m"24"[39m
                      [33mstroke[39m=[32m"currentColor"[39m
                      [33mstroke-linecap[39m=[32m"round"[39m
                      [33mstroke-linejoin[39m=[32m"round"[39m
                      [33mstroke-width[39m=[32m"2"[39m
                      [33mviewBox[39m=[32m"0 0 24 24"[39m
                      [33mwidth[39m=[32m"24"[39m
                      [33mxmlns[39m=[32m"http://www.w3.org/2000/svg"[39m
                    [36m>[39m
                      [36m<path[39m
                        [33md[39m=[32m"M18 6 6 18"[39m
                      [36m/>[39m
                      [36m<path[39m
                        [33md[39m=[32m"m6 6 12 12"[39m
                      [36m/>[39m
                    [36m</svg>[39m
                    [0mExit[0m
                  [36m</button>[39m
                  [36m<div[39m
                    [33mclass[39m=[32m"text-sm text-gray-600"[39m
                  [36m>[39m
                    [0mStep [0m
                    [0m1[0m
                    [0m of [0m
                    [0m6[0m
                  [36m</div>[39m
                [36m</div>[39m
                [36m<div[39m
                  [33mclass[39m=[32m"flex items-center gap-2"[39m
                [36m>[39m
                  [36m<div[39m
                    [33mclass[39m=[32m"w-2 h-2 rounded-full bg-blue-600"[39m
                    [33mtitle[39m=[32m"Current Role"[39m
                  [36m/>[39m
                  [36m<div[39m
                    [33mclass[39m=[32m"w-2 h-2 rounded-full bg-gray-300"[39m
                    [33mtitle[39m=[32m"Target Role"[39m
                  [36m/>[39m
                  [36m<div[39m
                    [33mclass[39m=[32m"w-2 h-2 rounded-full bg-gray-300"[39m
                    [33mtitle[39m=[32m"Industry Changes"[39m
                  [36m/>[39m
                  [36m<div[39m
                    [33mclass[39m=[32m"w-2 h-2 rounded-full bg-gray-300"[39m
                    [33mtitle[39m=[32m"AI Analysis"[39m
                  [36m/>[39m
                  [36m<div[39m
                    [33mclass[39m=[32m"w-2 h-2 rounded-full bg-gray-300"[39m
                    [33mtitle[39m=[32m"Results"[39m
                  [36m/>[39m
                  [36m<div[39m
                    [33mclass[39m=[32m"w-2 h-2 rounded-full bg-gray-300"[39m
                    [33mtitle[39m=[32m"Customization"[39m
                  [36m/>[39m
                [36m</div>[39m
              [36m</div>[39m
              [36m<div[39m
                [33mclass[39m=[32m"mt-3"[39m
              [36m>[39m
                [36m<div[39m
                  [33maria-valuemax[39m=[32m"100"[39m
                  [33maria-valuemin[39m=[32m"0"[39m
                  [33mclass[39m=[32m"relative w-full overflow-hidden rounded-full bg-secondary h-2"[39m
                  [33mdata-max[39m=[32m"100"[39m
                  [33mdata-state[39m=[32m"indeterminate"[39m
                  [33mrole[39m=[32m"progressbar"[39m
                [36m>[39m
                  [36m<div[39m
                    [33mclass[39m=[32m"h-full w-full flex-1 bg-primary transition-all"[39m
                    [33mdata-max[39m=[32m"100"[39m
                    [33mdata-state[39m=[32m"indeterminate"[39m
                    [33mstyle[39m=[32m"transform: translateX(-83.33333333333334%);"[39m
                  [36m/>[39m
                [36m</div>[39m
              [36m</div>[39m
            [36m</div>[39m
          [36m</div>[39m
          [36m<div[39m
            [33mclass[39m=[32m"max-w-4xl mx-auto px-4 py-8"[39m
          [36m>[39m
            [36m<div[39m
              [33mclass[39m=[32m"bg-card text-card-foreground flex flex-col gap-6 rounded-xl py-6 border-0 shadow-lg"[39m
              [33mdata-slot[39m=[32m"card"[39m
            [36m>[39m
              [36m<div[39m
                [33mclass[39m=[32m"p-8"[39m
                [33mdata-slot[39m=[32m"card-content"[39m
              [36m>[39m
                [36m<div[39m
                  [33mclass[39m=[32m"space-y-6"[39m
                [36m>[39m
                  [36m<div[39m
                    [33mclass[39m=[32m"text-center mb-8"[39m
                  [36m>[39m
                    [36m<div[39m
                      [33mclass[39m=[32m"mx-auto w-16 h-16 bg-blue-100 rounded-full flex items-center justify-center mb-4"[39m
                    [36m>[39m
                      [36m<svg[39m
                        [33maria-hidden[39m=[32m"true"[39m
                        [33mclass[39m=[32m"lucide lucide-briefcase h-8 w-8 text-blue-600"[39m
                        [33mfill[39m=[32m"none"[39m
                        [33mheight[39m=[32m"24"[39m
                        [33mstroke[39m=[32m"currentColor"[39m
                        [33mstroke-linecap[39m=[32m"round"[39m
                        [33mstroke-linejoin[39m=[32m"round"[39m
                        [33mstroke-width[39m=[32m"2"[39m
                        [33mviewBox[39m=[32m"0 0 24 24"[39m
                        [33mwidth[39m=[32m"24"[39m
                        [33mxmlns[39m=[32m"http://www.w3.org/2000/svg"[39m
                      [36m>[39m
                        [36m<path[39m
                          [33md[39m=[32m"M16 20V4a2 2 0 0 0-2-2h-4a2 2 0 0 0-2 2v16"[39m
                        [36m/>[39m
                        [36m<rect[39m
                          [33mheight[39m=[32m"14"[39m
                          [33mrx[39m=[32m"2"[39m
                          [33mwidth[39m=[32m"20"[39m
                          [33mx[39m=[32m"2"[39m
                ...

      306 |
      307 |       // Should still be on the same step (validation should prevent navigation)
    > 308 |       expect(screen.getByText(/current role/i)).toBeInTheDocument();
          |                     ^
      309 |       expect(onComplete).not.toHaveBeenCalled();
      310 |     });
      311 |   });

      at Object.getElementError (node_modules/@testing-library/dom/dist/config.js:37:19)
      at getElementError (node_modules/@testing-library/dom/dist/query-helpers.js:20:35)
      at getMultipleElementsFoundError (node_modules/@testing-library/dom/dist/query-helpers.js:23:10)
      at node_modules/@testing-library/dom/dist/query-helpers.js:55:13
      at node_modules/@testing-library/dom/dist/query-helpers.js:95:19
      at Object.getByText (src/components/planning/__tests__/transition-ui.test.tsx:308:21)

FAIL src/app/api/jobs/sync/__tests__/route.test.ts
  ● Test suite failed to run

    ReferenceError: Request is not defined

      35 |   },
      36 | }), { virtual: true });
    > 37 |
         | ^
      38 | import { auth } from '@clerk/nextjs/server';
      39 | import { ConvexHttpClient } from 'convex/browser';
      40 | // Mock the Convex API import

      at Object.Request (node_modules/next/src/server/web/spec-extension/request.ts:14:34)
      at Object.<anonymous> (node_modules/next/server.js:2:16)
      at Object.<anonymous> (src/app/api/jobs/sync/__tests__/route.test.ts:37:17)

FAIL src/components/skill-gap/__tests__/SkillGapMatrix.test.tsx (6.165 s)
  ● SkillGapMatrix Component › renders legend with all gap types

    TestingLibraryElementError: Found multiple elements with the text: Transferable

    Here are the matching elements:

    Ignored nodes: comments, script, style
    [36m<span[39m
      [33mclass[39m=[32m"text-sm text-muted-foreground"[39m
    [36m>[39m
      [0mTransferable[0m
    [36m</span>[39m

    Ignored nodes: comments, script, style
    [36m<div[39m
      [33mclass[39m=[32m"text-xs text-muted-foreground"[39m
    [36m>[39m
      [0mTransferable[0m
    [36m</div>[39m

    (If this is intentional, then use the `*AllBy*` variant of the query (like `queryAllByText`, `getAllByText`, or `findAllByText`)).

    Ignored nodes: comments, script, style
    [36m<body>[39m
      [36m<div>[39m
        [36m<div[39m
          [33mclass[39m=[32m"bg-card text-card-foreground flex flex-col gap-6 rounded-xl border py-6 shadow-sm w-full"[39m
          [33mdata-slot[39m=[32m"card"[39m
        [36m>[39m
          [36m<div[39m
            [33mclass[39m=[32m"@container/card-header grid auto-rows-min grid-rows-[auto_auto] items-start gap-1.5 px-6 has-data-[slot=card-action]:grid-cols-[1fr_auto] [.border-b]:pb-6"[39m
            [33mdata-slot[39m=[32m"card-header"[39m
          [36m>[39m
            [36m<div[39m
              [33mclass[39m=[32m"leading-none font-semibold flex items-center gap-2"[39m
              [33mdata-slot[39m=[32m"card-title"[39m
            [36m>[39m
              [0mSkill Gap Matrix[0m
              [36m<svg[39m
                [33maria-hidden[39m=[32m"true"[39m
                [33mclass[39m=[32m"lucide lucide-info h-4 w-4 text-muted-foreground"[39m
                [33mfill[39m=[32m"none"[39m
                [33mheight[39m=[32m"24"[39m
                [33mstroke[39m=[32m"currentColor"[39m
                [33mstroke-linecap[39m=[32m"round"[39m
                [33mstroke-linejoin[39m=[32m"round"[39m
                [33mstroke-width[39m=[32m"2"[39m
                [33mviewBox[39m=[32m"0 0 24 24"[39m
                [33mwidth[39m=[32m"24"[39m
                [33mxmlns[39m=[32m"http://www.w3.org/2000/svg"[39m
              [36m>[39m
                [36m<circle[39m
                  [33mcx[39m=[32m"12"[39m
                  [33mcy[39m=[32m"12"[39m
                  [33mr[39m=[32m"10"[39m
                [36m/>[39m
                [36m<path[39m
                  [33md[39m=[32m"M12 16v-4"[39m
                [36m/>[39m
                [36m<path[39m
                  [33md[39m=[32m"M12 8h.01"[39m
                [36m/>[39m
              [36m</svg>[39m
            [36m</div>[39m
            [36m<div[39m
              [33mclass[39m=[32m"text-muted-foreground text-sm"[39m
              [33mdata-slot[39m=[32m"card-description"[39m
            [36m>[39m
              [0mCurrent vs. required skill levels organized by category and importance[0m
            [36m</div>[39m
          [36m</div>[39m
          [36m<div[39m
            [33mclass[39m=[32m"px-6"[39m
            [33mdata-slot[39m=[32m"card-content"[39m
          [36m>[39m
            [36m<div[39m
              [33maria-label[39m=[32m"Legend"[39m
              [33mclass[39m=[32m"flex flex-wrap gap-4 mb-6 pb-4 border-b"[39m
              [33mrole[39m=[32m"list"[39m
            [36m>[39m
              [36m<div[39m
                [33mclass[39m=[32m"flex items-center gap-2"[39m
                [33mrole[39m=[32m"listitem"[39m
              [36m>[39m
                [36m<svg[39m
                  [33maria-hidden[39m=[32m"true"[39m
                  [33mclass[39m=[32m"lucide lucide-circle h-4 w-4 text-red-600"[39m
                  [33mfill[39m=[32m"none"[39m
                  [33mheight[39m=[32m"24"[39m
                  [33mstroke[39m=[32m"currentColor"[39m
                  [33mstroke-linecap[39m=[32m"round"[39m
                  [33mstroke-linejoin[39m=[32m"round"[39m
                  [33mstroke-width[39m=[32m"2"[39m
                  [33mviewBox[39m=[32m"0 0 24 24"[39m
                  [33mwidth[39m=[32m"24"[39m
                  [33mxmlns[39m=[32m"http://www.w3.org/2000/svg"[39m
                [36m>[39m
                  [36m<circle[39m
                    [33mcx[39m=[32m"12"[39m
                    [33mcy[39m=[32m"12"[39m
                    [33mr[39m=[32m"10"[39m
                  [36m/>[39m
                [36m</svg>[39m
                [36m<span[39m
                  [33mclass[39m=[32m"text-sm text-muted-foreground"[39m
                [36m>[39m
                  [0mCritical Gap[0m
                [36m</span>[39m
              [36m</div>[39m
              [36m<div[39m
                [33mclass[39m=[32m"flex items-center gap-2"[39m
                [33mrole[39m=[32m"listitem"[39m
              [36m>[39m
                [36m<svg[39m
                  [33maria-hidden[39m=[32m"true"[39m
                  [33mclass[39m=[32m"lucide lucide-triangle h-4 w-4 text-yellow-600"[39m
                  [33mfill[39m=[32m"none"[39m
                  [33mheight[39m=[32m"24"[39m
                  [33mstroke[39m=[32m"currentColor"[39m
                  [33mstroke-linecap[39m=[32m"round"[39m
                  [33mstroke-linejoin[39m=[32m"round"[39m
                  [33mstroke-width[39m=[32m"2"[39m
                  [33mviewBox[39m=[32m"0 0 24 24"[39m
                  [33mwidth[39m=[32m"24"[39m
                  [33mxmlns[39m=[32m"http://www.w3.org/2000/svg"[39m
                [36m>[39m
                  [36m<path[39m
                    [33md[39m=[32m"M13.73 4a2 2 0 0 0-3.46 0l-8 14A2 2 0 0 0 4 21h16a2 2 0 0 0 1.73-3Z"[39m
                  [36m/>[39m
                [36m</svg>[39m
                [36m<span[39m
                  [33mclass[39m=[32m"text-sm text-muted-foreground"[39m
                [36m>[39m
                  [0mNice to Have[0m
                [36m</span>[39m
              [36m</div>[39m
              [36m<div[39m
                [33mclass[39m=[32m"flex items-center gap-2"[39m
                [33mrole[39m=[32m"listitem"[39m
              [36m>[39m
                [36m<svg[39m
                  [33maria-hidden[39m=[32m"true"[39m
                  [33mclass[39m=[32m"lucide lucide-circle-check h-4 w-4 text-green-600"[39m
                  [33mfill[39m=[32m"none"[39m
                  [33mheight[39m=[32m"24"[39m
                  [33mstroke[39m=[32m"currentColor"[39m
                  [33mstroke-linecap[39m=[32m"round"[39m
                  [33mstroke-linejoin[39m=[32m"round"[39m
                  [33mstroke-width[39m=[32m"2"[39m
                  [33mviewBox[39m=[32m"0 0 24 24"[39m
                  [33mwidth[39m=[32m"24"[39m
                  [33mxmlns[39m=[32m"http://www.w3.org/2000/svg"[39m
                [36m>[39m
                  [36m<circle[39m
                    [33mcx[39m=[32m"12"[39m
                    [33mcy[39m=[32m"12"[39m
                    [33mr[39m=[32m"10"[39m
                  [36m/>[39m
                  [36m<path[39m
                    [33md[39m=[32m"m9 12 2 2 4-4"[39m
                  [36m/>[39m
                [36m</svg>[39m
                [36m<span[39m
                  [33mclass[39m=[32m"text-sm text-muted-foreground"[39m
                [36m>[39m
                  [0mTransferable[0m
                [36m</span>[39m
              [36m</div>[39m
            [36m</div>[39m
            [36m<div[39m
              [33mclass[39m=[32m"space-y-6"[39m
            [36m>[39m
              [36m<div[39m
                [33mclass[39m=[32m"space-y-3"[39m
              [36m>[39m
                [36m<div[39m
                  [33mclass[39m=[32m"flex items-center justify-between"[39m
                [36m>[39m
                  [36m<h3[39m
                    [33mclass[39m=[32m"font-semibold text-lg text-foreground"[39m
                  [36m>[39m
                    [0mTechnical Skills[0m
                  [36m</h3>[39m
                  [36m<div[39m
                    [33mclass[39m=[32m"flex items-center g...

      53 |     expect(screen.getByText('Critical Gap')).toBeInTheDocument();
      54 |     expect(screen.getByText('Nice to Have')).toBeInTheDocument();
    > 55 |     expect(screen.getByText('Transferable')).toBeInTheDocument();
         |                   ^
      56 |   });
      57 |
      58 |   it('groups skills by category', () => {

      at Object.getElementError (node_modules/@testing-library/dom/dist/config.js:37:19)
      at getElementError (node_modules/@testing-library/dom/dist/query-helpers.js:20:35)
      at getMultipleElementsFoundError (node_modules/@testing-library/dom/dist/query-helpers.js:23:10)
      at node_modules/@testing-library/dom/dist/query-helpers.js:55:13
      at node_modules/@testing-library/dom/dist/query-helpers.js:95:19
      at Object.getByText (src/components/skill-gap/__tests__/SkillGapMatrix.test.tsx:55:19)

  ● SkillGapMatrix Component › shows current level for each skill

    TestingLibraryElementError: Found multiple elements with the text: /Current:/

    Here are the matching elements:

    Ignored nodes: comments, script, style
    [36m<span[39m
      [33mclass[39m=[32m"text-muted-foreground text-xs"[39m
    [36m>[39m
      [0mCurrent:[0m
    [36m</span>[39m

    Ignored nodes: comments, script, style
    [36m<span[39m
      [33mclass[39m=[32m"text-muted-foreground text-xs"[39m
    [36m>[39m
      [0mCurrent:[0m
    [36m</span>[39m

    Ignored nodes: comments, script, style
    [36m<span[39m
      [33mclass[39m=[32m"text-muted-foreground text-xs"[39m
    [36m>[39m
      [0mCurrent:[0m
    [36m</span>[39m

    Ignored nodes: comments, script, style
    [36m<span[39m
      [33mclass[39m=[32m"text-muted-foreground text-xs"[39m
    [36m>[39m
      [0mCurrent:[0m
    [36m</span>[39m

    (If this is intentional, then use the `*AllBy*` variant of the query (like `queryAllByText`, `getAllByText`, or `findAllByText`)).

    Ignored nodes: comments, script, style
    [36m<body>[39m
      [36m<div>[39m
        [36m<div[39m
          [33mclass[39m=[32m"bg-card text-card-foreground flex flex-col gap-6 rounded-xl border py-6 shadow-sm w-full"[39m
          [33mdata-slot[39m=[32m"card"[39m
        [36m>[39m
          [36m<div[39m
            [33mclass[39m=[32m"@container/card-header grid auto-rows-min grid-rows-[auto_auto] items-start gap-1.5 px-6 has-data-[slot=card-action]:grid-cols-[1fr_auto] [.border-b]:pb-6"[39m
            [33mdata-slot[39m=[32m"card-header"[39m
          [36m>[39m
            [36m<div[39m
              [33mclass[39m=[32m"leading-none font-semibold flex items-center gap-2"[39m
              [33mdata-slot[39m=[32m"card-title"[39m
            [36m>[39m
              [0mSkill Gap Matrix[0m
              [36m<svg[39m
                [33maria-hidden[39m=[32m"true"[39m
                [33mclass[39m=[32m"lucide lucide-info h-4 w-4 text-muted-foreground"[39m
                [33mfill[39m=[32m"none"[39m
                [33mheight[39m=[32m"24"[39m
                [33mstroke[39m=[32m"currentColor"[39m
                [33mstroke-linecap[39m=[32m"round"[39m
                [33mstroke-linejoin[39m=[32m"round"[39m
                [33mstroke-width[39m=[32m"2"[39m
                [33mviewBox[39m=[32m"0 0 24 24"[39m
                [33mwidth[39m=[32m"24"[39m
                [33mxmlns[39m=[32m"http://www.w3.org/2000/svg"[39m
              [36m>[39m
                [36m<circle[39m
                  [33mcx[39m=[32m"12"[39m
                  [33mcy[39m=[32m"12"[39m
                  [33mr[39m=[32m"10"[39m
                [36m/>[39m
                [36m<path[39m
                  [33md[39m=[32m"M12 16v-4"[39m
                [36m/>[39m
                [36m<path[39m
                  [33md[39m=[32m"M12 8h.01"[39m
                [36m/>[39m
              [36m</svg>[39m
            [36m</div>[39m
            [36m<div[39m
              [33mclass[39m=[32m"text-muted-foreground text-sm"[39m
              [33mdata-slot[39m=[32m"card-description"[39m
            [36m>[39m
              [0mCurrent vs. required skill levels organized by category and importance[0m
            [36m</div>[39m
          [36m</div>[39m
          [36m<div[39m
            [33mclass[39m=[32m"px-6"[39m
            [33mdata-slot[39m=[32m"card-content"[39m
          [36m>[39m
            [36m<div[39m
              [33maria-label[39m=[32m"Legend"[39m
              [33mclass[39m=[32m"flex flex-wrap gap-4 mb-6 pb-4 border-b"[39m
              [33mrole[39m=[32m"list"[39m
            [36m>[39m
              [36m<div[39m
                [33mclass[39m=[32m"flex items-center gap-2"[39m
                [33mrole[39m=[32m"listitem"[39m
              [36m>[39m
                [36m<svg[39m
                  [33maria-hidden[39m=[32m"true"[39m
                  [33mclass[39m=[32m"lucide lucide-circle h-4 w-4 text-red-600"[39m
                  [33mfill[39m=[32m"none"[39m
                  [33mheight[39m=[32m"24"[39m
                  [33mstroke[39m=[32m"currentColor"[39m
                  [33mstroke-linecap[39m=[32m"round"[39m
                  [33mstroke-linejoin[39m=[32m"round"[39m
                  [33mstroke-width[39m=[32m"2"[39m
                  [33mviewBox[39m=[32m"0 0 24 24"[39m
                  [33mwidth[39m=[32m"24"[39m
                  [33mxmlns[39m=[32m"http://www.w3.org/2000/svg"[39m
                [36m>[39m
                  [36m<circle[39m
                    [33mcx[39m=[32m"12"[39m
                    [33mcy[39m=[32m"12"[39m
                    [33mr[39m=[32m"10"[39m
                  [36m/>[39m
                [36m</svg>[39m
                [36m<span[39m
                  [33mclass[39m=[32m"text-sm text-muted-foreground"[39m
                [36m>[39m
                  [0mCritical Gap[0m
                [36m</span>[39m
              [36m</div>[39m
              [36m<div[39m
                [33mclass[39m=[32m"flex items-center gap-2"[39m
                [33mrole[39m=[32m"listitem"[39m
              [36m>[39m
                [36m<svg[39m
                  [33maria-hidden[39m=[32m"true"[39m
                  [33mclass[39m=[32m"lucide lucide-triangle h-4 w-4 text-yellow-600"[39m
                  [33mfill[39m=[32m"none"[39m
                  [33mheight[39m=[32m"24"[39m
                  [33mstroke[39m=[32m"currentColor"[39m
                  [33mstroke-linecap[39m=[32m"round"[39m
                  [33mstroke-linejoin[39m=[32m"round"[39m
                  [33mstroke-width[39m=[32m"2"[39m
                  [33mviewBox[39m=[32m"0 0 24 24"[39m
                  [33mwidth[39m=[32m"24"[39m
                  [33mxmlns[39m=[32m"http://www.w3.org/2000/svg"[39m
                [36m>[39m
                  [36m<path[39m
                    [33md[39m=[32m"M13.73 4a2 2 0 0 0-3.46 0l-8 14A2 2 0 0 0 4 21h16a2 2 0 0 0 1.73-3Z"[39m
                  [36m/>[39m
                [36m</svg>[39m
                [36m<span[39m
                  [33mclass[39m=[32m"text-sm text-muted-foreground"[39m
                [36m>[39m
                  [0mNice to Have[0m
                [36m</span>[39m
              [36m</div>[39m
              [36m<div[39m
                [33mclass[39m=[32m"flex items-center gap-2"[39m
                [33mrole[39m=[32m"listitem"[39m
              [36m>[39m
                [36m<svg[39m
                  [33maria-hidden[39m=[32m"true"[39m
                  [33mclass[39m=[32m"lucide lucide-circle-check h-4 w-4 text-green-600"[39m
                  [33mfill[39m=[32m"none"[39m
                  [33mheight[39m=[32m"24"[39m
                  [33mstroke[39m=[32m"currentColor"[39m
                  [33mstroke-linecap[39m=[32m"round"[39m
                  [33mstroke-linejoin[39m=[32m"round"[39m
                  [33mstroke-width[39m=[32m"2"[39m
                  [33mviewBox[39m=[32m"0 0 24 24"[39m
                  [33mwidth[39m=[32m"24"[39m
                  [33mxmlns[39m=[32m"http://www.w3.org/2000/svg"[39m
                [36m>[39m
                  [36m<circle[39m
                    [33mcx[39m=[32m"12"[39m
                    [33mcy[39m=[32m"12"[39m
                    [33mr[39m=[32m"10"[39m
                  [36m/>[39m
                  [36m<path[39m
                    [33md[39m=[32m"m9 12 2 2 4-4"[39m
                  [36m/>[39m
                [36m</svg>[39m
                [36m<span[39m
                  [33mclass[39m=[32m"text-sm text-muted-foreground"[39m
                [36m>[39m
                  [0mTransferable[0m
                [36m</span>[39m
              [36m</div>[39m
            [36m</div>[39m
            [36m<div[39m
              [33mclass[39m=[32m"space-y-6"[39m
            [36m>[39m
              [36m<div[39m
                [33mclass[39m=[32m"space-y-3"[39m
              [36m>[39m
                [36m<div[39m
                  [33mclass[39m=[32m"flex items-center justify-between"[39m
                [36m>[39m
                  [36m<h3[39m
                    [33mclass[39m=[32m"font-semibold text-lg text-foreground"[39m
                  [36m>[39m
                    [0mTechnical Skills[0m
                  [36m</h3>[39m
                  [36m<div[39m
                    [33mclass[39m=[32m"flex items-center g...

      86 |   it('shows current level for each skill', () => {
      87 |     render(<SkillGapMatrix skills={mockSkills} />);
    > 88 |     expect(screen.getByText(/Current:/)).toBeInTheDocument();
         |                   ^
      89 |     // Check for level labels (Basic for 40%)
      90 |     expect(screen.getByText('Basic')).toBeInTheDocument();
      91 |   });

      at Object.getElementError (node_modules/@testing-library/dom/dist/config.js:37:19)
      at getElementError (node_modules/@testing-library/dom/dist/query-helpers.js:20:35)
      at getMultipleElementsFoundError (node_modules/@testing-library/dom/dist/query-helpers.js:23:10)
      at node_modules/@testing-library/dom/dist/query-helpers.js:55:13
      at node_modules/@testing-library/dom/dist/query-helpers.js:95:19
      at Object.getByText (src/components/skill-gap/__tests__/SkillGapMatrix.test.tsx:88:19)

  ● SkillGapMatrix Component › renders summary statistics

    TestingLibraryElementError: Found multiple elements with the text: Transferable

    Here are the matching elements:

    Ignored nodes: comments, script, style
    [36m<span[39m
      [33mclass[39m=[32m"text-sm text-muted-foreground"[39m
    [36m>[39m
      [0mTransferable[0m
    [36m</span>[39m

    Ignored nodes: comments, script, style
    [36m<div[39m
      [33mclass[39m=[32m"text-xs text-muted-foreground"[39m
    [36m>[39m
      [0mTransferable[0m
    [36m</div>[39m

    (If this is intentional, then use the `*AllBy*` variant of the query (like `queryAllByText`, `getAllByText`, or `findAllByText`)).

    Ignored nodes: comments, script, style
    [36m<body>[39m
      [36m<div>[39m
        [36m<div[39m
          [33mclass[39m=[32m"bg-card text-card-foreground flex flex-col gap-6 rounded-xl border py-6 shadow-sm w-full"[39m
          [33mdata-slot[39m=[32m"card"[39m
        [36m>[39m
          [36m<div[39m
            [33mclass[39m=[32m"@container/card-header grid auto-rows-min grid-rows-[auto_auto] items-start gap-1.5 px-6 has-data-[slot=card-action]:grid-cols-[1fr_auto] [.border-b]:pb-6"[39m
            [33mdata-slot[39m=[32m"card-header"[39m
          [36m>[39m
            [36m<div[39m
              [33mclass[39m=[32m"leading-none font-semibold flex items-center gap-2"[39m
              [33mdata-slot[39m=[32m"card-title"[39m
            [36m>[39m
              [0mSkill Gap Matrix[0m
              [36m<svg[39m
                [33maria-hidden[39m=[32m"true"[39m
                [33mclass[39m=[32m"lucide lucide-info h-4 w-4 text-muted-foreground"[39m
                [33mfill[39m=[32m"none"[39m
                [33mheight[39m=[32m"24"[39m
                [33mstroke[39m=[32m"currentColor"[39m
                [33mstroke-linecap[39m=[32m"round"[39m
                [33mstroke-linejoin[39m=[32m"round"[39m
                [33mstroke-width[39m=[32m"2"[39m
                [33mviewBox[39m=[32m"0 0 24 24"[39m
                [33mwidth[39m=[32m"24"[39m
                [33mxmlns[39m=[32m"http://www.w3.org/2000/svg"[39m
              [36m>[39m
                [36m<circle[39m
                  [33mcx[39m=[32m"12"[39m
                  [33mcy[39m=[32m"12"[39m
                  [33mr[39m=[32m"10"[39m
                [36m/>[39m
                [36m<path[39m
                  [33md[39m=[32m"M12 16v-4"[39m
                [36m/>[39m
                [36m<path[39m
                  [33md[39m=[32m"M12 8h.01"[39m
                [36m/>[39m
              [36m</svg>[39m
            [36m</div>[39m
            [36m<div[39m
              [33mclass[39m=[32m"text-muted-foreground text-sm"[39m
              [33mdata-slot[39m=[32m"card-description"[39m
            [36m>[39m
              [0mCurrent vs. required skill levels organized by category and importance[0m
            [36m</div>[39m
          [36m</div>[39m
          [36m<div[39m
            [33mclass[39m=[32m"px-6"[39m
            [33mdata-slot[39m=[32m"card-content"[39m
          [36m>[39m
            [36m<div[39m
              [33maria-label[39m=[32m"Legend"[39m
              [33mclass[39m=[32m"flex flex-wrap gap-4 mb-6 pb-4 border-b"[39m
              [33mrole[39m=[32m"list"[39m
            [36m>[39m
              [36m<div[39m
                [33mclass[39m=[32m"flex items-center gap-2"[39m
                [33mrole[39m=[32m"listitem"[39m
              [36m>[39m
                [36m<svg[39m
                  [33maria-hidden[39m=[32m"true"[39m
                  [33mclass[39m=[32m"lucide lucide-circle h-4 w-4 text-red-600"[39m
                  [33mfill[39m=[32m"none"[39m
                  [33mheight[39m=[32m"24"[39m
                  [33mstroke[39m=[32m"currentColor"[39m
                  [33mstroke-linecap[39m=[32m"round"[39m
                  [33mstroke-linejoin[39m=[32m"round"[39m
                  [33mstroke-width[39m=[32m"2"[39m
                  [33mviewBox[39m=[32m"0 0 24 24"[39m
                  [33mwidth[39m=[32m"24"[39m
                  [33mxmlns[39m=[32m"http://www.w3.org/2000/svg"[39m
                [36m>[39m
                  [36m<circle[39m
                    [33mcx[39m=[32m"12"[39m
                    [33mcy[39m=[32m"12"[39m
                    [33mr[39m=[32m"10"[39m
                  [36m/>[39m
                [36m</svg>[39m
                [36m<span[39m
                  [33mclass[39m=[32m"text-sm text-muted-foreground"[39m
                [36m>[39m
                  [0mCritical Gap[0m
                [36m</span>[39m
              [36m</div>[39m
              [36m<div[39m
                [33mclass[39m=[32m"flex items-center gap-2"[39m
                [33mrole[39m=[32m"listitem"[39m
              [36m>[39m
                [36m<svg[39m
                  [33maria-hidden[39m=[32m"true"[39m
                  [33mclass[39m=[32m"lucide lucide-triangle h-4 w-4 text-yellow-600"[39m
                  [33mfill[39m=[32m"none"[39m
                  [33mheight[39m=[32m"24"[39m
                  [33mstroke[39m=[32m"currentColor"[39m
                  [33mstroke-linecap[39m=[32m"round"[39m
                  [33mstroke-linejoin[39m=[32m"round"[39m
                  [33mstroke-width[39m=[32m"2"[39m
                  [33mviewBox[39m=[32m"0 0 24 24"[39m
                  [33mwidth[39m=[32m"24"[39m
                  [33mxmlns[39m=[32m"http://www.w3.org/2000/svg"[39m
                [36m>[39m
                  [36m<path[39m
                    [33md[39m=[32m"M13.73 4a2 2 0 0 0-3.46 0l-8 14A2 2 0 0 0 4 21h16a2 2 0 0 0 1.73-3Z"[39m
                  [36m/>[39m
                [36m</svg>[39m
                [36m<span[39m
                  [33mclass[39m=[32m"text-sm text-muted-foreground"[39m
                [36m>[39m
                  [0mNice to Have[0m
                [36m</span>[39m
              [36m</div>[39m
              [36m<div[39m
                [33mclass[39m=[32m"flex items-center gap-2"[39m
                [33mrole[39m=[32m"listitem"[39m
              [36m>[39m
                [36m<svg[39m
                  [33maria-hidden[39m=[32m"true"[39m
                  [33mclass[39m=[32m"lucide lucide-circle-check h-4 w-4 text-green-600"[39m
                  [33mfill[39m=[32m"none"[39m
                  [33mheight[39m=[32m"24"[39m
                  [33mstroke[39m=[32m"currentColor"[39m
                  [33mstroke-linecap[39m=[32m"round"[39m
                  [33mstroke-linejoin[39m=[32m"round"[39m
                  [33mstroke-width[39m=[32m"2"[39m
                  [33mviewBox[39m=[32m"0 0 24 24"[39m
                  [33mwidth[39m=[32m"24"[39m
                  [33mxmlns[39m=[32m"http://www.w3.org/2000/svg"[39m
                [36m>[39m
                  [36m<circle[39m
                    [33mcx[39m=[32m"12"[39m
                    [33mcy[39m=[32m"12"[39m
                    [33mr[39m=[32m"10"[39m
                  [36m/>[39m
                  [36m<path[39m
                    [33md[39m=[32m"m9 12 2 2 4-4"[39m
                  [36m/>[39m
                [36m</svg>[39m
                [36m<span[39m
                  [33mclass[39m=[32m"text-sm text-muted-foreground"[39m
                [36m>[39m
                  [0mTransferable[0m
                [36m</span>[39m
              [36m</div>[39m
            [36m</div>[39m
            [36m<div[39m
              [33mclass[39m=[32m"space-y-6"[39m
            [36m>[39m
              [36m<div[39m
                [33mclass[39m=[32m"space-y-3"[39m
              [36m>[39m
                [36m<div[39m
                  [33mclass[39m=[32m"flex items-center justify-between"[39m
                [36m>[39m
                  [36m<h3[39m
                    [33mclass[39m=[32m"font-semibold text-lg text-foreground"[39m
                  [36m>[39m
                    [0mTechnical Skills[0m
                  [36m</h3>[39m
                  [36m<div[39m
                    [33mclass[39m=[32m"flex items-center g...

      134 |     expect(screen.getByText('Categories')).toBeInTheDocument();
      135 |     expect(screen.getByText('Critical Gaps')).toBeInTheDocument();
    > 136 |     expect(screen.getByText('Transferable')).toBeInTheDocument();
          |                   ^
      137 |   });
      138 |
      139 |   it('counts total skills correctly', () => {

      at Object.getElementError (node_modules/@testing-library/dom/dist/config.js:37:19)
      at getElementError (node_modules/@testing-library/dom/dist/query-helpers.js:20:35)
      at getMultipleElementsFoundError (node_modules/@testing-library/dom/dist/query-helpers.js:23:10)
      at node_modules/@testing-library/dom/dist/query-helpers.js:55:13
      at node_modules/@testing-library/dom/dist/query-helpers.js:95:19
      at Object.getByText (src/components/skill-gap/__tests__/SkillGapMatrix.test.tsx:136:19)

  ● SkillGapMatrix Component › displays level categories correctly

    TestingLibraryElementError: Found multiple elements with the text: Advanced

    Here are the matching elements:

    Ignored nodes: comments, script, style
    [36m<div[39m
      [33mclass[39m=[32m"inline-flex items-center rounded-full border px-2.5 py-0.5 font-semibold transition-colors focus:outline-none focus:ring-2 focus:ring-ring focus:ring-offset-2 text-foreground text-xs bg-red-50 border-red-300"[39m
    [36m>[39m
      [0mAdvanced[0m
    [36m</div>[39m

    Ignored nodes: comments, script, style
    [36m<div[39m
      [33mclass[39m=[32m"inline-flex items-center rounded-full border px-2.5 py-0.5 font-semibold transition-colors focus:outline-none focus:ring-2 focus:ring-ring focus:ring-offset-2 text-foreground text-xs bg-orange-50 border-orange-300"[39m
    [36m>[39m
      [0mAdvanced[0m
    [36m</div>[39m

    Ignored nodes: comments, script, style
    [36m<div[39m
      [33mclass[39m=[32m"inline-flex items-center rounded-full border px-2.5 py-0.5 font-semibold transition-colors focus:outline-none focus:ring-2 focus:ring-ring focus:ring-offset-2 text-foreground text-xs bg-yellow-50 border-yellow-300"[39m
    [36m>[39m
      [0mAdvanced[0m
    [36m</div>[39m

    Ignored nodes: comments, script, style
    [36m<div[39m
      [33mclass[39m=[32m"inline-flex items-center rounded-full border px-2.5 py-0.5 font-semibold transition-colors focus:outline-none focus:ring-2 focus:ring-ring focus:ring-offset-2 text-foreground text-xs bg-blue-50 border-blue-300"[39m
    [36m>[39m
      [0mAdvanced[0m
    [36m</div>[39m

    Ignored nodes: comments, script, style
    [36m<div[39m
      [33mclass[39m=[32m"inline-flex items-center rounded-full border px-2.5 py-0.5 font-semibold transition-colors focus:outline-none focus:ring-2 focus:ring-ring focus:ring-offset-2 text-foreground text-xs bg-blue-50 border-blue-300"[39m
    [36m>[39m
      [0mAdvanced[0m
    [36m</div>[39m

    (If this is intentional, then use the `*AllBy*` variant of the query (like `queryAllByText`, `getAllByText`, or `findAllByText`)).

    Ignored nodes: comments, script, style
    [36m<body>[39m
      [36m<div>[39m
        [36m<div[39m
          [33mclass[39m=[32m"bg-card text-card-foreground flex flex-col gap-6 rounded-xl border py-6 shadow-sm w-full"[39m
          [33mdata-slot[39m=[32m"card"[39m
        [36m>[39m
          [36m<div[39m
            [33mclass[39m=[32m"@container/card-header grid auto-rows-min grid-rows-[auto_auto] items-start gap-1.5 px-6 has-data-[slot=card-action]:grid-cols-[1fr_auto] [.border-b]:pb-6"[39m
            [33mdata-slot[39m=[32m"card-header"[39m
          [36m>[39m
            [36m<div[39m
              [33mclass[39m=[32m"leading-none font-semibold flex items-center gap-2"[39m
              [33mdata-slot[39m=[32m"card-title"[39m
            [36m>[39m
              [0mSkill Gap Matrix[0m
              [36m<svg[39m
                [33maria-hidden[39m=[32m"true"[39m
                [33mclass[39m=[32m"lucide lucide-info h-4 w-4 text-muted-foreground"[39m
                [33mfill[39m=[32m"none"[39m
                [33mheight[39m=[32m"24"[39m
                [33mstroke[39m=[32m"currentColor"[39m
                [33mstroke-linecap[39m=[32m"round"[39m
                [33mstroke-linejoin[39m=[32m"round"[39m
                [33mstroke-width[39m=[32m"2"[39m
                [33mviewBox[39m=[32m"0 0 24 24"[39m
                [33mwidth[39m=[32m"24"[39m
                [33mxmlns[39m=[32m"http://www.w3.org/2000/svg"[39m
              [36m>[39m
                [36m<circle[39m
                  [33mcx[39m=[32m"12"[39m
                  [33mcy[39m=[32m"12"[39m
                  [33mr[39m=[32m"10"[39m
                [36m/>[39m
                [36m<path[39m
                  [33md[39m=[32m"M12 16v-4"[39m
                [36m/>[39m
                [36m<path[39m
                  [33md[39m=[32m"M12 8h.01"[39m
                [36m/>[39m
              [36m</svg>[39m
            [36m</div>[39m
            [36m<div[39m
              [33mclass[39m=[32m"text-muted-foreground text-sm"[39m
              [33mdata-slot[39m=[32m"card-description"[39m
            [36m>[39m
              [0mCurrent vs. required skill levels organized by category and importance[0m
            [36m</div>[39m
          [36m</div>[39m
          [36m<div[39m
            [33mclass[39m=[32m"px-6"[39m
            [33mdata-slot[39m=[32m"card-content"[39m
          [36m>[39m
            [36m<div[39m
              [33maria-label[39m=[32m"Legend"[39m
              [33mclass[39m=[32m"flex flex-wrap gap-4 mb-6 pb-4 border-b"[39m
              [33mrole[39m=[32m"list"[39m
            [36m>[39m
              [36m<div[39m
                [33mclass[39m=[32m"flex items-center gap-2"[39m
                [33mrole[39m=[32m"listitem"[39m
              [36m>[39m
                [36m<svg[39m
                  [33maria-hidden[39m=[32m"true"[39m
                  [33mclass[39m=[32m"lucide lucide-circle h-4 w-4 text-red-600"[39m
                  [33mfill[39m=[32m"none"[39m
                  [33mheight[39m=[32m"24"[39m
                  [33mstroke[39m=[32m"currentColor"[39m
                  [33mstroke-linecap[39m=[32m"round"[39m
                  [33mstroke-linejoin[39m=[32m"round"[39m
                  [33mstroke-width[39m=[32m"2"[39m
                  [33mviewBox[39m=[32m"0 0 24 24"[39m
                  [33mwidth[39m=[32m"24"[39m
                  [33mxmlns[39m=[32m"http://www.w3.org/2000/svg"[39m
                [36m>[39m
                  [36m<circle[39m
                    [33mcx[39m=[32m"12"[39m
                    [33mcy[39m=[32m"12"[39m
                    [33mr[39m=[32m"10"[39m
                  [36m/>[39m
                [36m</svg>[39m
                [36m<span[39m
                  [33mclass[39m=[32m"text-sm text-muted-foreground"[39m
                [36m>[39m
                  [0mCritical Gap[0m
                [36m</span>[39m
              [36m</div>[39m
              [36m<div[39m
                [33mclass[39m=[32m"flex items-center gap-2"[39m
                [33mrole[39m=[32m"listitem"[39m
              [36m>[39m
                [36m<svg[39m
                  [33maria-hidden[39m=[32m"true"[39m
                  [33mclass[39m=[32m"lucide lucide-triangle h-4 w-4 text-yellow-600"[39m
                  [33mfill[39m=[32m"none"[39m
                  [33mheight[39m=[32m"24"[39m
                  [33mstroke[39m=[32m"currentColor"[39m
                  [33mstroke-linecap[39m=[32m"round"[39m
                  [33mstroke-linejoin[39m=[32m"round"[39m
                  [33mstroke-width[39m=[32m"2"[39m
                  [33mviewBox[39m=[32m"0 0 24 24"[39m
                  [33mwidth[39m=[32m"24"[39m
                  [33mxmlns[39m=[32m"http://www.w3.org/2000/svg"[39m
                [36m>[39m
                  [36m<path[39m
                    [33md[39m=[32m"M13.73 4a2 2 0 0 0-3.46 0l-8 14A2 2 0 0 0 4 21h16a2 2 0 0 0 1.73-3Z"[39m
                  [36m/>[39m
                [36m</svg>[39m
                [36m<span[39m
                  [33mclass[39m=[32m"text-sm text-muted-foreground"[39m
                [36m>[39m
                  [0mNice to Have[0m
                [36m</span>[39m
              [36m</div>[39m
              [36m<div[39m
                [33mclass[39m=[32m"flex items-center gap-2"[39m
                [33mrole[39m=[32m"listitem"[39m
              [36m>[39m
                [36m<svg[39m
                  [33maria-hidden[39m=[32m"true"[39m
                  [33mclass[39m=[32m"lucide lucide-circle-check h-4 w-4 text-green-600"[39m
                  [33mfill[39m=[32m"none"[39m
                  [33mheight[39m=[32m"24"[39m
                  [33mstroke[39m=[32m"currentColor"[39m
                  [33mstroke-linecap[39m=[32m"round"[39m
                  [33mstroke-linejoin[39m=[32m"round"[39m
                  [33mstroke-width[39m=[32m"2"[39m
                  [33mviewBox[39m=[32m"0 0 24 24"[39m
                  [33mwidth[39m=[32m"24"[39m
                  [33mxmlns[39m=[32m"http://www.w3.org/2000/svg"[39m
                [36m>[39m
                  [36m<circle[39m
                    [33mcx[39m=[32m"12"[39m
                    [33mcy[39m=[32m"12"[39m
                    [33mr[39m=[32m"10"[39m
                  [36m/>[39m
                  [36m<path[39m
                    [33md[39m=[32m"m9 12 2 2 4-4"[39m
                  [36m/>[39m
                [36m</svg>[39m
                [36m<span[39m
                  [33mclass[39m=[32m"text-sm text-muted-foreground"[39m
                [36m>[39m
                  [0mTransferable[0m
                [36m</span>[39m
              [36m</div>[39m
            [36m</div>[39m
            [36m<div[39m
              [33mclass[39m=[32m"space-y-6"[39m
            [36m>[39m
              [36m<div[39m
                [33mclass[39m=[32m"space-y-3"[39m
              [36m>[39m
                [36m<div[39m
                  [33mclass[39m=[32m"flex items-center justify-between"[39m
                [36m>[39m
                  [36m<h3[39m
                    [33mclass[39m=[32m"font-semibold text-lg text-foreground"[39m
                  [36m>[39m
                    [0mTechnical Skills[0m
                  [36m</h3>[39m
                  [36m<div[39m
                    [33mclass[39m=[32m"flex items-center g...

      188 |     // 40% = Basic, 80% = Advanced, 70% = Intermediate
      189 |     expect(screen.getByText('Basic')).toBeInTheDocument();
    > 190 |     expect(screen.getByText('Advanced')).toBeInTheDocument();
          |                   ^
      191 |     expect(screen.getByText('Intermediate')).toBeInTheDocument();
      192 |   });
      193 |

      at Object.getElementError (node_modules/@testing-library/dom/dist/config.js:37:19)
      at getElementError (node_modules/@testing-library/dom/dist/query-helpers.js:20:35)
      at getMultipleElementsFoundError (node_modules/@testing-library/dom/dist/query-helpers.js:23:10)
      at node_modules/@testing-library/dom/dist/query-helpers.js:55:13
      at node_modules/@testing-library/dom/dist/query-helpers.js:95:19
      at Object.getByText (src/components/skill-gap/__tests__/SkillGapMatrix.test.tsx:190:19)

FAIL src/components/skill-gap/__tests__/TimeToMasteryEstimator.test.tsx (6.626 s)
  ● TimeToMasteryEstimator Component › calculates total weeks correctly

    TestingLibraryElementError: Unable to find an element with the text: 10 months. This could be because the text is broken up by multiple elements. In this case, you can provide a function for your text matcher to make your matcher more flexible.

    Ignored nodes: comments, script, style
    [36m<body>[39m
      [36m<div>[39m
        [36m<div[39m
          [33mclass[39m=[32m"bg-card text-card-foreground flex flex-col gap-6 rounded-xl border py-6 shadow-sm w-full"[39m
          [33mdata-slot[39m=[32m"card"[39m
        [36m>[39m
          [36m<div[39m
            [33mclass[39m=[32m"@container/card-header grid auto-rows-min grid-rows-[auto_auto] items-start gap-1.5 px-6 has-data-[slot=card-action]:grid-cols-[1fr_auto] [.border-b]:pb-6"[39m
            [33mdata-slot[39m=[32m"card-header"[39m
          [36m>[39m
            [36m<div[39m
              [33mclass[39m=[32m"leading-none font-semibold flex items-center gap-2"[39m
              [33mdata-slot[39m=[32m"card-title"[39m
            [36m>[39m
              [0mTime to Mastery Estimator[0m
              [36m<svg[39m
                [33maria-hidden[39m=[32m"true"[39m
                [33mclass[39m=[32m"lucide lucide-info h-4 w-4 text-muted-foreground"[39m
                [33mfill[39m=[32m"none"[39m
                [33mheight[39m=[32m"24"[39m
                [33mstroke[39m=[32m"currentColor"[39m
                [33mstroke-linecap[39m=[32m"round"[39m
                [33mstroke-linejoin[39m=[32m"round"[39m
                [33mstroke-width[39m=[32m"2"[39m
                [33mviewBox[39m=[32m"0 0 24 24"[39m
                [33mwidth[39m=[32m"24"[39m
                [33mxmlns[39m=[32m"http://www.w3.org/2000/svg"[39m
              [36m>[39m
                [36m<circle[39m
                  [33mcx[39m=[32m"12"[39m
                  [33mcy[39m=[32m"12"[39m
                  [33mr[39m=[32m"10"[39m
                [36m/>[39m
                [36m<path[39m
                  [33md[39m=[32m"M12 16v-4"[39m
                [36m/>[39m
                [36m<path[39m
                  [33md[39m=[32m"M12 8h.01"[39m
                [36m/>[39m
              [36m</svg>[39m
            [36m</div>[39m
            [36m<div[39m
              [33mclass[39m=[32m"text-muted-foreground text-sm"[39m
              [33mdata-slot[39m=[32m"card-description"[39m
            [36m>[39m
              [0mEstimated time to master skills at [0m
              [0m10[0m
              [0m hours/week[0m
            [36m</div>[39m
          [36m</div>[39m
          [36m<div[39m
            [33mclass[39m=[32m"px-6 space-y-6"[39m
            [33mdata-slot[39m=[32m"card-content"[39m
          [36m>[39m
            [36m<div[39m
              [33mclass[39m=[32m"grid grid-cols-2 md:grid-cols-4 gap-4 p-4 bg-gradient-to-r from-blue-50 to-indigo-50 rounded-lg border border-blue-200"[39m
            [36m>[39m
              [36m<div[39m
                [33mclass[39m=[32m"text-center"[39m
              [36m>[39m
                [36m<svg[39m
                  [33maria-hidden[39m=[32m"true"[39m
                  [33mclass[39m=[32m"lucide lucide-clock h-6 w-6 mx-auto mb-1 text-blue-600"[39m
                  [33mfill[39m=[32m"none"[39m
                  [33mheight[39m=[32m"24"[39m
                  [33mstroke[39m=[32m"currentColor"[39m
                  [33mstroke-linecap[39m=[32m"round"[39m
                  [33mstroke-linejoin[39m=[32m"round"[39m
                  [33mstroke-width[39m=[32m"2"[39m
                  [33mviewBox[39m=[32m"0 0 24 24"[39m
                  [33mwidth[39m=[32m"24"[39m
                  [33mxmlns[39m=[32m"http://www.w3.org/2000/svg"[39m
                [36m>[39m
                  [36m<path[39m
                    [33md[39m=[32m"M12 6v6l4 2"[39m
                  [36m/>[39m
                  [36m<circle[39m
                    [33mcx[39m=[32m"12"[39m
                    [33mcy[39m=[32m"12"[39m
                    [33mr[39m=[32m"10"[39m
                  [36m/>[39m
                [36m</svg>[39m
                [36m<div[39m
                  [33mclass[39m=[32m"text-2xl font-bold text-foreground"[39m
                [36m>[39m
                  [0m420h[0m
                [36m</div>[39m
                [36m<div[39m
                  [33mclass[39m=[32m"text-xs text-muted-foreground"[39m
                [36m>[39m
                  [0mTotal Time[0m
                [36m</div>[39m
              [36m</div>[39m
              [36m<div[39m
                [33mclass[39m=[32m"text-center"[39m
              [36m>[39m
                [36m<svg[39m
                  [33maria-hidden[39m=[32m"true"[39m
                  [33mclass[39m=[32m"lucide lucide-calendar h-6 w-6 mx-auto mb-1 text-indigo-600"[39m
                  [33mfill[39m=[32m"none"[39m
                  [33mheight[39m=[32m"24"[39m
                  [33mstroke[39m=[32m"currentColor"[39m
                  [33mstroke-linecap[39m=[32m"round"[39m
                  [33mstroke-linejoin[39m=[32m"round"[39m
                  [33mstroke-width[39m=[32m"2"[39m
                  [33mviewBox[39m=[32m"0 0 24 24"[39m
                  [33mwidth[39m=[32m"24"[39m
                  [33mxmlns[39m=[32m"http://www.w3.org/2000/svg"[39m
                [36m>[39m
                  [36m<path[39m
                    [33md[39m=[32m"M8 2v4"[39m
                  [36m/>[39m
                  [36m<path[39m
                    [33md[39m=[32m"M16 2v4"[39m
                  [36m/>[39m
                  [36m<rect[39m
                    [33mheight[39m=[32m"18"[39m
                    [33mrx[39m=[32m"2"[39m
                    [33mwidth[39m=[32m"18"[39m
                    [33mx[39m=[32m"3"[39m
                    [33my[39m=[32m"4"[39m
                  [36m/>[39m
                  [36m<path[39m
                    [33md[39m=[32m"M3 10h18"[39m
                  [36m/>[39m
                [36m</svg>[39m
                [36m<div[39m
                  [33mclass[39m=[32m"text-2xl font-bold text-foreground"[39m
                [36m>[39m
                  [0m11 months[0m
                [36m</div>[39m
                [36m<div[39m
                  [33mclass[39m=[32m"text-xs text-muted-foreground"[39m
                [36m>[39m
                  [0mCompletion[0m
                [36m</div>[39m
              [36m</div>[39m
              [36m<div[39m
                [33mclass[39m=[32m"text-center"[39m
              [36m>[39m
                [36m<svg[39m
                  [33maria-hidden[39m=[32m"true"[39m
                  [33mclass[39m=[32m"lucide lucide-zap h-6 w-6 mx-auto mb-1 text-yellow-600"[39m
                  [33mfill[39m=[32m"none"[39m
                  [33mheight[39m=[32m"24"[39m
                  [33mstroke[39m=[32m"currentColor"[39m
                  [33mstroke-linecap[39m=[32m"round"[39m
                  [33mstroke-linejoin[39m=[32m"round"[39m
                  [33mstroke-width[39m=[32m"2"[39m
                  [33mviewBox[39m=[32m"0 0 24 24"[39m
                  [33mwidth[39m=[32m"24"[39m
                  [33mxmlns[39m=[32m"http://www.w3.org/2000/svg"[39m
                [36m>[39m
                  [36m<path[39m
                    [33md[39m=[32m"M4 14a1 1 0 0 1-.78-1.63l9.9-10.2a.5.5 0 0 1 .86.46l-1.92 6.02A1 1 0 0 0 13 10h7a1 1 0 0 1 .78 1.63l-9.9 10.2a.5.5 0 0 1-.86-.46l1.92-6.02A1 1 0 0 0 11 14z"[39m
                  [36m/>[39m
                [36m</svg>[39m
                [36m<div[39m
                  [33mclass[39m=[32m"text-2xl font-bold text-foreground"[39m
                [36m...

      68 |     );
      69 |     // Total: 420 / 10 = 42 weeks = ~10 months
    > 70 |     expect(screen.getByText('10 months')).toBeInTheDocument();
         |                   ^
      71 |   });
      72 |
      73 |   it('displays quick wins count correctly', () => {

      at Object.getElementError (node_modules/@testing-library/dom/dist/config.js:37:19)
      at node_modules/@testing-library/dom/dist/query-helpers.js:76:38
      at node_modules/@testing-library/dom/dist/query-helpers.js:52:17
      at node_modules/@testing-library/dom/dist/query-helpers.js:95:19
      at Object.getByText (src/components/skill-gap/__tests__/TimeToMasteryEstimator.test.tsx:70:19)

  ● TimeToMasteryEstimator Component › shows medium-term skills section when applicable

    TestingLibraryElementError: Unable to find an element with the text: Medium-term (1-3 months). This could be because the text is broken up by multiple elements. In this case, you can provide a function for your text matcher to make your matcher more flexible.

    Ignored nodes: comments, script, style
    [36m<body>[39m
      [36m<div>[39m
        [36m<div[39m
          [33mclass[39m=[32m"bg-card text-card-foreground flex flex-col gap-6 rounded-xl border py-6 shadow-sm w-full"[39m
          [33mdata-slot[39m=[32m"card"[39m
        [36m>[39m
          [36m<div[39m
            [33mclass[39m=[32m"@container/card-header grid auto-rows-min grid-rows-[auto_auto] items-start gap-1.5 px-6 has-data-[slot=card-action]:grid-cols-[1fr_auto] [.border-b]:pb-6"[39m
            [33mdata-slot[39m=[32m"card-header"[39m
          [36m>[39m
            [36m<div[39m
              [33mclass[39m=[32m"leading-none font-semibold flex items-center gap-2"[39m
              [33mdata-slot[39m=[32m"card-title"[39m
            [36m>[39m
              [0mTime to Mastery Estimator[0m
              [36m<svg[39m
                [33maria-hidden[39m=[32m"true"[39m
                [33mclass[39m=[32m"lucide lucide-info h-4 w-4 text-muted-foreground"[39m
                [33mfill[39m=[32m"none"[39m
                [33mheight[39m=[32m"24"[39m
                [33mstroke[39m=[32m"currentColor"[39m
                [33mstroke-linecap[39m=[32m"round"[39m
                [33mstroke-linejoin[39m=[32m"round"[39m
                [33mstroke-width[39m=[32m"2"[39m
                [33mviewBox[39m=[32m"0 0 24 24"[39m
                [33mwidth[39m=[32m"24"[39m
                [33mxmlns[39m=[32m"http://www.w3.org/2000/svg"[39m
              [36m>[39m
                [36m<circle[39m
                  [33mcx[39m=[32m"12"[39m
                  [33mcy[39m=[32m"12"[39m
                  [33mr[39m=[32m"10"[39m
                [36m/>[39m
                [36m<path[39m
                  [33md[39m=[32m"M12 16v-4"[39m
                [36m/>[39m
                [36m<path[39m
                  [33md[39m=[32m"M12 8h.01"[39m
                [36m/>[39m
              [36m</svg>[39m
            [36m</div>[39m
            [36m<div[39m
              [33mclass[39m=[32m"text-muted-foreground text-sm"[39m
              [33mdata-slot[39m=[32m"card-description"[39m
            [36m>[39m
              [0mEstimated time to master skills at [0m
              [0m10[0m
              [0m hours/week[0m
            [36m</div>[39m
          [36m</div>[39m
          [36m<div[39m
            [33mclass[39m=[32m"px-6 space-y-6"[39m
            [33mdata-slot[39m=[32m"card-content"[39m
          [36m>[39m
            [36m<div[39m
              [33mclass[39m=[32m"grid grid-cols-2 md:grid-cols-4 gap-4 p-4 bg-gradient-to-r from-blue-50 to-indigo-50 rounded-lg border border-blue-200"[39m
            [36m>[39m
              [36m<div[39m
                [33mclass[39m=[32m"text-center"[39m
              [36m>[39m
                [36m<svg[39m
                  [33maria-hidden[39m=[32m"true"[39m
                  [33mclass[39m=[32m"lucide lucide-clock h-6 w-6 mx-auto mb-1 text-blue-600"[39m
                  [33mfill[39m=[32m"none"[39m
                  [33mheight[39m=[32m"24"[39m
                  [33mstroke[39m=[32m"currentColor"[39m
                  [33mstroke-linecap[39m=[32m"round"[39m
                  [33mstroke-linejoin[39m=[32m"round"[39m
                  [33mstroke-width[39m=[32m"2"[39m
                  [33mviewBox[39m=[32m"0 0 24 24"[39m
                  [33mwidth[39m=[32m"24"[39m
                  [33mxmlns[39m=[32m"http://www.w3.org/2000/svg"[39m
                [36m>[39m
                  [36m<path[39m
                    [33md[39m=[32m"M12 6v6l4 2"[39m
                  [36m/>[39m
                  [36m<circle[39m
                    [33mcx[39m=[32m"12"[39m
                    [33mcy[39m=[32m"12"[39m
                    [33mr[39m=[32m"10"[39m
                  [36m/>[39m
                [36m</svg>[39m
                [36m<div[39m
                  [33mclass[39m=[32m"text-2xl font-bold text-foreground"[39m
                [36m>[39m
                  [0m420h[0m
                [36m</div>[39m
                [36m<div[39m
                  [33mclass[39m=[32m"text-xs text-muted-foreground"[39m
                [36m>[39m
                  [0mTotal Time[0m
                [36m</div>[39m
              [36m</div>[39m
              [36m<div[39m
                [33mclass[39m=[32m"text-center"[39m
              [36m>[39m
                [36m<svg[39m
                  [33maria-hidden[39m=[32m"true"[39m
                  [33mclass[39m=[32m"lucide lucide-calendar h-6 w-6 mx-auto mb-1 text-indigo-600"[39m
                  [33mfill[39m=[32m"none"[39m
                  [33mheight[39m=[32m"24"[39m
                  [33mstroke[39m=[32m"currentColor"[39m
                  [33mstroke-linecap[39m=[32m"round"[39m
                  [33mstroke-linejoin[39m=[32m"round"[39m
                  [33mstroke-width[39m=[32m"2"[39m
                  [33mviewBox[39m=[32m"0 0 24 24"[39m
                  [33mwidth[39m=[32m"24"[39m
                  [33mxmlns[39m=[32m"http://www.w3.org/2000/svg"[39m
                [36m>[39m
                  [36m<path[39m
                    [33md[39m=[32m"M8 2v4"[39m
                  [36m/>[39m
                  [36m<path[39m
                    [33md[39m=[32m"M16 2v4"[39m
                  [36m/>[39m
                  [36m<rect[39m
                    [33mheight[39m=[32m"18"[39m
                    [33mrx[39m=[32m"2"[39m
                    [33mwidth[39m=[32m"18"[39m
                    [33mx[39m=[32m"3"[39m
                    [33my[39m=[32m"4"[39m
                  [36m/>[39m
                  [36m<path[39m
                    [33md[39m=[32m"M3 10h18"[39m
                  [36m/>[39m
                [36m</svg>[39m
                [36m<div[39m
                  [33mclass[39m=[32m"text-2xl font-bold text-foreground"[39m
                [36m>[39m
                  [0m11 months[0m
                [36m</div>[39m
                [36m<div[39m
                  [33mclass[39m=[32m"text-xs text-muted-foreground"[39m
                [36m>[39m
                  [0mCompletion[0m
                [36m</div>[39m
              [36m</div>[39m
              [36m<div[39m
                [33mclass[39m=[32m"text-center"[39m
              [36m>[39m
                [36m<svg[39m
                  [33maria-hidden[39m=[32m"true"[39m
                  [33mclass[39m=[32m"lucide lucide-zap h-6 w-6 mx-auto mb-1 text-yellow-600"[39m
                  [33mfill[39m=[32m"none"[39m
                  [33mheight[39m=[32m"24"[39m
                  [33mstroke[39m=[32m"currentColor"[39m
                  [33mstroke-linecap[39m=[32m"round"[39m
                  [33mstroke-linejoin[39m=[32m"round"[39m
                  [33mstroke-width[39m=[32m"2"[39m
                  [33mviewBox[39m=[32m"0 0 24 24"[39m
                  [33mwidth[39m=[32m"24"[39m
                  [33mxmlns[39m=[32m"http://www.w3.org/2000/svg"[39m
                [36m>[39m
                  [36m<path[39m
                    [33md[39m=[32m"M4 14a1 1 0 0 1-.78-1.63l9.9-10.2a.5.5 0 0 1 .86.46l-1.92 6.02A1 1 0 0 0 13 10h7a1 1 0 0 1 .78 1.63l-9.9 10.2a.5.5 0 0 1-.86-.46l1.92-6.02A1 1 0 0 0 11 14z"[39m
                  [36m/>[39m
                [36m</svg>[39m
                [36m<div[39m
                  [33mclass[39m=[32m"text-2xl font-bold text-foreground"[39m
                [36m...

      101 |       <TimeToMasteryEstimator skills={mockSkills} userAvailability={userAvailability} />
      102 |     );
    > 103 |     expect(screen.getByText('Medium-term (1-3 months)')).toBeInTheDocument();
          |                   ^
      104 |     // Machine Learning is medium-term (16 weeks)
      105 |     expect(screen.getByText(/Machine Learning/)).toBeInTheDocument();
      106 |   });

      at Object.getElementError (node_modules/@testing-library/dom/dist/config.js:37:19)
      at node_modules/@testing-library/dom/dist/query-helpers.js:76:38
      at node_modules/@testing-library/dom/dist/query-helpers.js:52:17
      at node_modules/@testing-library/dom/dist/query-helpers.js:95:19
      at Object.getByText (src/components/skill-gap/__tests__/TimeToMasteryEstimator.test.tsx:103:19)

  ● TimeToMasteryEstimator Component › shows long-term skills section when applicable

    TestingLibraryElementError: Found multiple elements with the text: /System Design/

    Here are the matching elements:

    Ignored nodes: comments, script, style
    [36m<div[39m
      [33mclass[39m=[32m"text-xs text-muted-foreground"[39m
    [36m>[39m
      [0mMachine Learning, System Design[0m
    [36m</div>[39m

    Ignored nodes: comments, script, style
    [36m<h4[39m
      [33mclass[39m=[32m"font-semibold text-sm truncate"[39m
    [36m>[39m
      [0mSystem Design[0m
    [36m</h4>[39m

    (If this is intentional, then use the `*AllBy*` variant of the query (like `queryAllByText`, `getAllByText`, or `findAllByText`)).

    Ignored nodes: comments, script, style
    [36m<body>[39m
      [36m<div>[39m
        [36m<div[39m
          [33mclass[39m=[32m"bg-card text-card-foreground flex flex-col gap-6 rounded-xl border py-6 shadow-sm w-full"[39m
          [33mdata-slot[39m=[32m"card"[39m
        [36m>[39m
          [36m<div[39m
            [33mclass[39m=[32m"@container/card-header grid auto-rows-min grid-rows-[auto_auto] items-start gap-1.5 px-6 has-data-[slot=card-action]:grid-cols-[1fr_auto] [.border-b]:pb-6"[39m
            [33mdata-slot[39m=[32m"card-header"[39m
          [36m>[39m
            [36m<div[39m
              [33mclass[39m=[32m"leading-none font-semibold flex items-center gap-2"[39m
              [33mdata-slot[39m=[32m"card-title"[39m
            [36m>[39m
              [0mTime to Mastery Estimator[0m
              [36m<svg[39m
                [33maria-hidden[39m=[32m"true"[39m
                [33mclass[39m=[32m"lucide lucide-info h-4 w-4 text-muted-foreground"[39m
                [33mfill[39m=[32m"none"[39m
                [33mheight[39m=[32m"24"[39m
                [33mstroke[39m=[32m"currentColor"[39m
                [33mstroke-linecap[39m=[32m"round"[39m
                [33mstroke-linejoin[39m=[32m"round"[39m
                [33mstroke-width[39m=[32m"2"[39m
                [33mviewBox[39m=[32m"0 0 24 24"[39m
                [33mwidth[39m=[32m"24"[39m
                [33mxmlns[39m=[32m"http://www.w3.org/2000/svg"[39m
              [36m>[39m
                [36m<circle[39m
                  [33mcx[39m=[32m"12"[39m
                  [33mcy[39m=[32m"12"[39m
                  [33mr[39m=[32m"10"[39m
                [36m/>[39m
                [36m<path[39m
                  [33md[39m=[32m"M12 16v-4"[39m
                [36m/>[39m
                [36m<path[39m
                  [33md[39m=[32m"M12 8h.01"[39m
                [36m/>[39m
              [36m</svg>[39m
            [36m</div>[39m
            [36m<div[39m
              [33mclass[39m=[32m"text-muted-foreground text-sm"[39m
              [33mdata-slot[39m=[32m"card-description"[39m
            [36m>[39m
              [0mEstimated time to master skills at [0m
              [0m10[0m
              [0m hours/week[0m
            [36m</div>[39m
          [36m</div>[39m
          [36m<div[39m
            [33mclass[39m=[32m"px-6 space-y-6"[39m
            [33mdata-slot[39m=[32m"card-content"[39m
          [36m>[39m
            [36m<div[39m
              [33mclass[39m=[32m"grid grid-cols-2 md:grid-cols-4 gap-4 p-4 bg-gradient-to-r from-blue-50 to-indigo-50 rounded-lg border border-blue-200"[39m
            [36m>[39m
              [36m<div[39m
                [33mclass[39m=[32m"text-center"[39m
              [36m>[39m
                [36m<svg[39m
                  [33maria-hidden[39m=[32m"true"[39m
                  [33mclass[39m=[32m"lucide lucide-clock h-6 w-6 mx-auto mb-1 text-blue-600"[39m
                  [33mfill[39m=[32m"none"[39m
                  [33mheight[39m=[32m"24"[39m
                  [33mstroke[39m=[32m"currentColor"[39m
                  [33mstroke-linecap[39m=[32m"round"[39m
                  [33mstroke-linejoin[39m=[32m"round"[39m
                  [33mstroke-width[39m=[32m"2"[39m
                  [33mviewBox[39m=[32m"0 0 24 24"[39m
                  [33mwidth[39m=[32m"24"[39m
                  [33mxmlns[39m=[32m"http://www.w3.org/2000/svg"[39m
                [36m>[39m
                  [36m<path[39m
                    [33md[39m=[32m"M12 6v6l4 2"[39m
                  [36m/>[39m
                  [36m<circle[39m
                    [33mcx[39m=[32m"12"[39m
                    [33mcy[39m=[32m"12"[39m
                    [33mr[39m=[32m"10"[39m
                  [36m/>[39m
                [36m</svg>[39m
                [36m<div[39m
                  [33mclass[39m=[32m"text-2xl font-bold text-foreground"[39m
                [36m>[39m
                  [0m420h[0m
                [36m</div>[39m
                [36m<div[39m
                  [33mclass[39m=[32m"text-xs text-muted-foreground"[39m
                [36m>[39m
                  [0mTotal Time[0m
                [36m</div>[39m
              [36m</div>[39m
              [36m<div[39m
                [33mclass[39m=[32m"text-center"[39m
              [36m>[39m
                [36m<svg[39m
                  [33maria-hidden[39m=[32m"true"[39m
                  [33mclass[39m=[32m"lucide lucide-calendar h-6 w-6 mx-auto mb-1 text-indigo-600"[39m
                  [33mfill[39m=[32m"none"[39m
                  [33mheight[39m=[32m"24"[39m
                  [33mstroke[39m=[32m"currentColor"[39m
                  [33mstroke-linecap[39m=[32m"round"[39m
                  [33mstroke-linejoin[39m=[32m"round"[39m
                  [33mstroke-width[39m=[32m"2"[39m
                  [33mviewBox[39m=[32m"0 0 24 24"[39m
                  [33mwidth[39m=[32m"24"[39m
                  [33mxmlns[39m=[32m"http://www.w3.org/2000/svg"[39m
                [36m>[39m
                  [36m<path[39m
                    [33md[39m=[32m"M8 2v4"[39m
                  [36m/>[39m
                  [36m<path[39m
                    [33md[39m=[32m"M16 2v4"[39m
                  [36m/>[39m
                  [36m<rect[39m
                    [33mheight[39m=[32m"18"[39m
                    [33mrx[39m=[32m"2"[39m
                    [33mwidth[39m=[32m"18"[39m
                    [33mx[39m=[32m"3"[39m
                    [33my[39m=[32m"4"[39m
                  [36m/>[39m
                  [36m<path[39m
                    [33md[39m=[32m"M3 10h18"[39m
                  [36m/>[39m
                [36m</svg>[39m
                [36m<div[39m
                  [33mclass[39m=[32m"text-2xl font-bold text-foreground"[39m
                [36m>[39m
                  [0m11 months[0m
                [36m</div>[39m
                [36m<div[39m
                  [33mclass[39m=[32m"text-xs text-muted-foreground"[39m
                [36m>[39m
                  [0mCompletion[0m
                [36m</div>[39m
              [36m</div>[39m
              [36m<div[39m
                [33mclass[39m=[32m"text-center"[39m
              [36m>[39m
                [36m<svg[39m
                  [33maria-hidden[39m=[32m"true"[39m
                  [33mclass[39m=[32m"lucide lucide-zap h-6 w-6 mx-auto mb-1 text-yellow-600"[39m
                  [33mfill[39m=[32m"none"[39m
                  [33mheight[39m=[32m"24"[39m
                  [33mstroke[39m=[32m"currentColor"[39m
                  [33mstroke-linecap[39m=[32m"round"[39m
                  [33mstroke-linejoin[39m=[32m"round"[39m
                  [33mstroke-width[39m=[32m"2"[39m
                  [33mviewBox[39m=[32m"0 0 24 24"[39m
                  [33mwidth[39m=[32m"24"[39m
                  [33mxmlns[39m=[32m"http://www.w3.org/2000/svg"[39m
                [36m>[39m
                  [36m<path[39m
                    [33md[39m=[32m"M4 14a1 1 0 0 1-.78-1.63l9.9-10.2a.5.5 0 0 1 .86.46l-1.92 6.02A1 1 0 0 0 13 10h7a1 1 0 0 1 .78 1.63l-9.9 10.2a.5.5 0 0 1-.86-.46l1.92-6.02A1 1 0 0 0 11 14z"[39m
                  [36m/>[39m
                [36m</svg>[39m
                [36m<div[39m
                  [33mclass[39m=[32m"text-2xl font-bold text-foreground"[39m
                [36m...

      112 |     expect(screen.getByText('Long-term (3+ months)')).toBeInTheDocument();
      113 |     // System Design is long-term (20 weeks)
    > 114 |     expect(screen.getByText(/System Design/)).toBeInTheDocument();
          |                   ^
      115 |   });
      116 |
      117 |   it('displays all skill names', () => {

      at Object.getElementError (node_modules/@testing-library/dom/dist/config.js:37:19)
      at getElementError (node_modules/@testing-library/dom/dist/query-helpers.js:20:35)
      at getMultipleElementsFoundError (node_modules/@testing-library/dom/dist/query-helpers.js:23:10)
      at node_modules/@testing-library/dom/dist/query-helpers.js:55:13
      at node_modules/@testing-library/dom/dist/query-helpers.js:95:19
      at Object.getByText (src/components/skill-gap/__tests__/TimeToMasteryEstimator.test.tsx:114:19)

  ● TimeToMasteryEstimator Component › displays user availability information

    TestingLibraryElementError: Unable to find an element with the text: /Your availability: 10 hours per week/. This could be because the text is broken up by multiple elements. In this case, you can provide a function for your text matcher to make your matcher more flexible.

    Ignored nodes: comments, script, style
    [36m<body>[39m
      [36m<div>[39m
        [36m<div[39m
          [33mclass[39m=[32m"bg-card text-card-foreground flex flex-col gap-6 rounded-xl border py-6 shadow-sm w-full"[39m
          [33mdata-slot[39m=[32m"card"[39m
        [36m>[39m
          [36m<div[39m
            [33mclass[39m=[32m"@container/card-header grid auto-rows-min grid-rows-[auto_auto] items-start gap-1.5 px-6 has-data-[slot=card-action]:grid-cols-[1fr_auto] [.border-b]:pb-6"[39m
            [33mdata-slot[39m=[32m"card-header"[39m
          [36m>[39m
            [36m<div[39m
              [33mclass[39m=[32m"leading-none font-semibold flex items-center gap-2"[39m
              [33mdata-slot[39m=[32m"card-title"[39m
            [36m>[39m
              [0mTime to Mastery Estimator[0m
              [36m<svg[39m
                [33maria-hidden[39m=[32m"true"[39m
                [33mclass[39m=[32m"lucide lucide-info h-4 w-4 text-muted-foreground"[39m
                [33mfill[39m=[32m"none"[39m
                [33mheight[39m=[32m"24"[39m
                [33mstroke[39m=[32m"currentColor"[39m
                [33mstroke-linecap[39m=[32m"round"[39m
                [33mstroke-linejoin[39m=[32m"round"[39m
                [33mstroke-width[39m=[32m"2"[39m
                [33mviewBox[39m=[32m"0 0 24 24"[39m
                [33mwidth[39m=[32m"24"[39m
                [33mxmlns[39m=[32m"http://www.w3.org/2000/svg"[39m
              [36m>[39m
                [36m<circle[39m
                  [33mcx[39m=[32m"12"[39m
                  [33mcy[39m=[32m"12"[39m
                  [33mr[39m=[32m"10"[39m
                [36m/>[39m
                [36m<path[39m
                  [33md[39m=[32m"M12 16v-4"[39m
                [36m/>[39m
                [36m<path[39m
                  [33md[39m=[32m"M12 8h.01"[39m
                [36m/>[39m
              [36m</svg>[39m
            [36m</div>[39m
            [36m<div[39m
              [33mclass[39m=[32m"text-muted-foreground text-sm"[39m
              [33mdata-slot[39m=[32m"card-description"[39m
            [36m>[39m
              [0mEstimated time to master skills at [0m
              [0m10[0m
              [0m hours/week[0m
            [36m</div>[39m
          [36m</div>[39m
          [36m<div[39m
            [33mclass[39m=[32m"px-6 space-y-6"[39m
            [33mdata-slot[39m=[32m"card-content"[39m
          [36m>[39m
            [36m<div[39m
              [33mclass[39m=[32m"grid grid-cols-2 md:grid-cols-4 gap-4 p-4 bg-gradient-to-r from-blue-50 to-indigo-50 rounded-lg border border-blue-200"[39m
            [36m>[39m
              [36m<div[39m
                [33mclass[39m=[32m"text-center"[39m
              [36m>[39m
                [36m<svg[39m
                  [33maria-hidden[39m=[32m"true"[39m
                  [33mclass[39m=[32m"lucide lucide-clock h-6 w-6 mx-auto mb-1 text-blue-600"[39m
                  [33mfill[39m=[32m"none"[39m
                  [33mheight[39m=[32m"24"[39m
                  [33mstroke[39m=[32m"currentColor"[39m
                  [33mstroke-linecap[39m=[32m"round"[39m
                  [33mstroke-linejoin[39m=[32m"round"[39m
                  [33mstroke-width[39m=[32m"2"[39m
                  [33mviewBox[39m=[32m"0 0 24 24"[39m
                  [33mwidth[39m=[32m"24"[39m
                  [33mxmlns[39m=[32m"http://www.w3.org/2000/svg"[39m
                [36m>[39m
                  [36m<path[39m
                    [33md[39m=[32m"M12 6v6l4 2"[39m
                  [36m/>[39m
                  [36m<circle[39m
                    [33mcx[39m=[32m"12"[39m
                    [33mcy[39m=[32m"12"[39m
                    [33mr[39m=[32m"10"[39m
                  [36m/>[39m
                [36m</svg>[39m
                [36m<div[39m
                  [33mclass[39m=[32m"text-2xl font-bold text-foreground"[39m
                [36m>[39m
                  [0m420h[0m
                [36m</div>[39m
                [36m<div[39m
                  [33mclass[39m=[32m"text-xs text-muted-foreground"[39m
                [36m>[39m
                  [0mTotal Time[0m
                [36m</div>[39m
              [36m</div>[39m
              [36m<div[39m
                [33mclass[39m=[32m"text-center"[39m
              [36m>[39m
                [36m<svg[39m
                  [33maria-hidden[39m=[32m"true"[39m
                  [33mclass[39m=[32m"lucide lucide-calendar h-6 w-6 mx-auto mb-1 text-indigo-600"[39m
                  [33mfill[39m=[32m"none"[39m
                  [33mheight[39m=[32m"24"[39m
                  [33mstroke[39m=[32m"currentColor"[39m
                  [33mstroke-linecap[39m=[32m"round"[39m
                  [33mstroke-linejoin[39m=[32m"round"[39m
                  [33mstroke-width[39m=[32m"2"[39m
                  [33mviewBox[39m=[32m"0 0 24 24"[39m
                  [33mwidth[39m=[32m"24"[39m
                  [33mxmlns[39m=[32m"http://www.w3.org/2000/svg"[39m
                [36m>[39m
                  [36m<path[39m
                    [33md[39m=[32m"M8 2v4"[39m
                  [36m/>[39m
                  [36m<path[39m
                    [33md[39m=[32m"M16 2v4"[39m
                  [36m/>[39m
                  [36m<rect[39m
                    [33mheight[39m=[32m"18"[39m
                    [33mrx[39m=[32m"2"[39m
                    [33mwidth[39m=[32m"18"[39m
                    [33mx[39m=[32m"3"[39m
                    [33my[39m=[32m"4"[39m
                  [36m/>[39m
                  [36m<path[39m
                    [33md[39m=[32m"M3 10h18"[39m
                  [36m/>[39m
                [36m</svg>[39m
                [36m<div[39m
                  [33mclass[39m=[32m"text-2xl font-bold text-foreground"[39m
                [36m>[39m
                  [0m11 months[0m
                [36m</div>[39m
                [36m<div[39m
                  [33mclass[39m=[32m"text-xs text-muted-foreground"[39m
                [36m>[39m
                  [0mCompletion[0m
                [36m</div>[39m
              [36m</div>[39m
              [36m<div[39m
                [33mclass[39m=[32m"text-center"[39m
              [36m>[39m
                [36m<svg[39m
                  [33maria-hidden[39m=[32m"true"[39m
                  [33mclass[39m=[32m"lucide lucide-zap h-6 w-6 mx-auto mb-1 text-yellow-600"[39m
                  [33mfill[39m=[32m"none"[39m
                  [33mheight[39m=[32m"24"[39m
                  [33mstroke[39m=[32m"currentColor"[39m
                  [33mstroke-linecap[39m=[32m"round"[39m
                  [33mstroke-linejoin[39m=[32m"round"[39m
                  [33mstroke-width[39m=[32m"2"[39m
                  [33mviewBox[39m=[32m"0 0 24 24"[39m
                  [33mwidth[39m=[32m"24"[39m
                  [33mxmlns[39m=[32m"http://www.w3.org/2000/svg"[39m
                [36m>[39m
                  [36m<path[39m
                    [33md[39m=[32m"M4 14a1 1 0 0 1-.78-1.63l9.9-10.2a.5.5 0 0 1 .86.46l-1.92 6.02A1 1 0 0 0 13 10h7a1 1 0 0 1 .78 1.63l-9.9 10.2a.5.5 0 0 1-.86-.46l1.92-6.02A1 1 0 0 0 11 14z"[39m
                  [36m/>[39m
                [36m</svg>[39m
                [36m<div[39m
                  [33mclass[39m=[32m"text-2xl font-bold text-foreground"[39m
                [36m...

      188 |       <TimeToMasteryEstimator skills={mockSkills} userAvailability={userAvailability} />
      189 |     );
    > 190 |     expect(screen.getByText(/Your availability: 10 hours per week/)).toBeInTheDocument();
          |                   ^
      191 |   });
      192 |
      193 |   it('shows disclaimer about estimate variability', () => {

      at Object.getElementError (node_modules/@testing-library/dom/dist/config.js:37:19)
      at node_modules/@testing-library/dom/dist/query-helpers.js:76:38
      at node_modules/@testing-library/dom/dist/query-helpers.js:52:17
      at node_modules/@testing-library/dom/dist/query-helpers.js:95:19
      at Object.getByText (src/components/skill-gap/__tests__/TimeToMasteryEstimator.test.tsx:190:19)

FAIL src/app/api/jobs/bookmark/__tests__/route.test.ts
  ● Test suite failed to run

    ReferenceError: Request is not defined

      35 |   },
      36 | }), { virtual: true });
    > 37 |
         | ^
      38 | import { auth } from '@clerk/nextjs/server';
      39 | import { ConvexHttpClient } from 'convex/browser';
      40 | // Mock the Convex API import

      at Object.Request (node_modules/next/src/server/web/spec-extension/request.ts:14:34)
      at Object.<anonymous> (node_modules/next/server.js:2:16)
      at Object.<anonymous> (src/app/api/jobs/bookmark/__tests__/route.test.ts:37:17)

FAIL src/app/api/transitions/__tests__/routes.test.ts
  ● Test suite failed to run

    ReferenceError: Request is not defined

      216 |       const response = await identifyPOST(request);
      217 |       expect(response.status).toBe(401);
    > 218 |     });
          |        ^
      219 |
      220 |     it('should return 400 when required parameters are missing', async () => {
      221 |       const request = new NextRequest('http://localhost:3000/api/transitions/identify', {

      at Object.Request (node_modules/next/src/server/web/spec-extension/request.ts:14:34)
      at Object.<anonymous> (node_modules/next/server.js:2:16)
      at Object.<anonymous> (src/app/api/transitions/__tests__/routes.test.ts:218:17)

FAIL src/app/api/onet/__tests__/onet-api.test.ts
  ● Test suite failed to run

    ReferenceError: Request is not defined

      70 |     getCachedOccupation: jest.fn().mockResolvedValue(null), // No cache initially
      71 |     cacheOccupation: jest.fn().mockResolvedValue(undefined),
    > 72 |   })),
         |       ^
      73 | }));
      74 |
      75 | describe('O*NET API Endpoints', () => {

      at Object.Request (node_modules/next/src/server/web/spec-extension/request.ts:14:34)
      at Object.<anonymous> (node_modules/next/server.js:2:16)
      at Object.<anonymous> (src/app/api/onet/__tests__/onet-api.test.ts:72:17)

FAIL src/app/api/health/__tests__/route.simple.test.ts
  ● Test suite failed to run

    ReferenceError: Request is not defined

      3 |
      4 | describe('/api/health', () => {
    > 5 |   describe('GET', () => {
        |                 ^
      6 |     it('should return health status successfully', async () => {
      7 |       const request = new NextRequest('http://localhost:3000/api/health');
      8 |       const response = await GET(request);

      at Object.Request (node_modules/next/src/server/web/spec-extension/request.ts:14:34)
      at Object.<anonymous> (node_modules/next/server.js:2:16)
      at Object.<anonymous> (src/app/api/health/__tests__/route.simple.test.ts:5:17)

FAIL src/app/api/health/__tests__/route.test.ts
  ● Test suite failed to run

    ReferenceError: Request is not defined

      3 |
      4 | describe('/api/health', () => {
    > 5 |   describe('GET', () => {
        |                 ^
      6 |     it('should return health status successfully', async () => {
      7 |       const request = new NextRequest('http://localhost:3000/api/health');
      8 |       const response = await GET(request);

      at Object.Request (node_modules/next/src/server/web/spec-extension/request.ts:14:34)
      at Object.<anonymous> (node_modules/next/server.js:2:16)
      at Object.<anonymous> (src/app/api/health/__tests__/route.test.ts:5:17)

FAIL src/lib/abstractions/providers/__tests__/transition-analysis.test.ts
  ● TransitionAnalysisProvider › identifyTransitionType › should detect cross-role transition

    ReferenceError: TextEncoder is not defined

       9 |   
      10 |   // Convert to Uint8Array and hash
    > 11 |   const encoder = new TextEncoder();
         |                   ^
      12 |   const data = encoder.encode(normalizedContent);
      13 |   
      14 |   // Use Web Crypto API for SHA-256 hashing

      at generateContentHash (src/lib/utils/content-hash.ts:11:19)
      at TransitionAnalysisProvider.generateCacheKey (src/lib/abstractions/providers/transition-analysis.ts:331:43)
      at TransitionAnalysisProvider.generateCacheKey [as identifyTransitionType] (src/lib/abstractions/providers/transition-analysis.ts:57:35)
      at Object.identifyTransitionType (src/lib/abstractions/providers/__tests__/transition-analysis.test.ts:32:37)

  ● TransitionAnalysisProvider › identifyTransitionType › should detect hybrid transition (cross-role + cross-industry)

    ReferenceError: TextEncoder is not defined

       9 |   
      10 |   // Convert to Uint8Array and hash
    > 11 |   const encoder = new TextEncoder();
         |                   ^
      12 |   const data = encoder.encode(normalizedContent);
      13 |   
      14 |   // Use Web Crypto API for SHA-256 hashing

      at generateContentHash (src/lib/utils/content-hash.ts:11:19)
      at TransitionAnalysisProvider.generateCacheKey (src/lib/abstractions/providers/transition-analysis.ts:331:43)
      at TransitionAnalysisProvider.generateCacheKey [as identifyTransitionType] (src/lib/abstractions/providers/transition-analysis.ts:57:35)
      at Object.identifyTransitionType (src/lib/abstractions/providers/__tests__/transition-analysis.test.ts:68:37)

  ● TransitionAnalysisProvider › generateRoadmap › should generate roadmap with timeline and milestones

    ReferenceError: TextEncoder is not defined

       9 |   
      10 |   // Convert to Uint8Array and hash
    > 11 |   const encoder = new TextEncoder();
         |                   ^
      12 |   const data = encoder.encode(normalizedContent);
      13 |   
      14 |   // Use Web Crypto API for SHA-256 hashing

      at generateContentHash (src/lib/utils/content-hash.ts:11:19)
      at TransitionAnalysisProvider.generateCacheKey (src/lib/abstractions/providers/transition-analysis.ts:331:43)
      at TransitionAnalysisProvider.generateCacheKey [as generateRoadmap] (src/lib/abstractions/providers/transition-analysis.ts:145:35)
      at Object.generateRoadmap (src/lib/abstractions/providers/__tests__/transition-analysis.test.ts:116:37)

  ● TransitionAnalysisProvider › generateRoadmap › should use cache for identical roadmap requests

    ReferenceError: TextEncoder is not defined

       9 |   
      10 |   // Convert to Uint8Array and hash
    > 11 |   const encoder = new TextEncoder();
         |                   ^
      12 |   const data = encoder.encode(normalizedContent);
      13 |   
      14 |   // Use Web Crypto API for SHA-256 hashing

      at generateContentHash (src/lib/utils/content-hash.ts:11:19)
      at TransitionAnalysisProvider.generateCacheKey (src/lib/abstractions/providers/transition-analysis.ts:331:43)
      at TransitionAnalysisProvider.generateCacheKey [as generateRoadmap] (src/lib/abstractions/providers/transition-analysis.ts:145:35)
      at Object.generateRoadmap (src/lib/abstractions/providers/__tests__/transition-analysis.test.ts:145:38)

  ● TransitionAnalysisProvider › analyzeSkillGaps › should identify critical and nice-to-have skills

    ReferenceError: TextEncoder is not defined

       9 |   
      10 |   // Convert to Uint8Array and hash
    > 11 |   const encoder = new TextEncoder();
         |                   ^
      12 |   const data = encoder.encode(normalizedContent);
      13 |   
      14 |   // Use Web Crypto API for SHA-256 hashing

      at generateContentHash (src/lib/utils/content-hash.ts:11:19)
      at TransitionAnalysisProvider.generateCacheKey (src/lib/abstractions/providers/transition-analysis.ts:331:43)
      at TransitionAnalysisProvider.generateCacheKey (src/lib/abstractions/providers/transition-analysis.ts:224:35)
      at Object.analyzeSkillGaps (src/lib/abstractions/providers/__tests__/transition-analysis.test.ts:199:37)

  ● TransitionAnalysisProvider › assessCareerCapital › should identify unique skill combinations

    ReferenceError: TextEncoder is not defined

       9 |   
      10 |   // Convert to Uint8Array and hash
    > 11 |   const encoder = new TextEncoder();
         |                   ^
      12 |   const data = encoder.encode(normalizedContent);
      13 |   
      14 |   // Use Web Crypto API for SHA-256 hashing

      at generateContentHash (src/lib/utils/content-hash.ts:11:19)
      at TransitionAnalysisProvider.generateCacheKey (src/lib/abstractions/providers/transition-analysis.ts:331:43)
      at TransitionAnalysisProvider.generateCacheKey [as assessCareerCapital] (src/lib/abstractions/providers/transition-analysis.ts:292:35)
      at Object.assessCareerCapital (src/lib/abstractions/providers/__tests__/transition-analysis.test.ts:217:37)

  ● TransitionAnalysisProvider › error handling › should handle API failures gracefully

    expect(received).rejects.toThrow(expected)

    Expected substring: "API Error"
    Received message:   "TextEncoder is not defined"

           9 |   
          10 |   // Convert to Uint8Array and hash
        > 11 |   const encoder = new TextEncoder();
             |                   ^
          12 |   const data = encoder.encode(normalizedContent);
          13 |   
          14 |   // Use Web Crypto API for SHA-256 hashing

      at generateContentHash (src/lib/utils/content-hash.ts:11:19)
      at TransitionAnalysisProvider.generateCacheKey (src/lib/abstractions/providers/transition-analysis.ts:331:43)
      at TransitionAnalysisProvider.generateCacheKey [as identifyTransitionType] (src/lib/abstractions/providers/transition-analysis.ts:57:35)
      at Object.identifyTransitionType (src/lib/abstractions/providers/__tests__/transition-analysis.test.ts:238:18)
      at Object.toThrow (node_modules/expect/build/index.js:218:22)
      at Object.toThrow (src/lib/abstractions/providers/__tests__/transition-analysis.test.ts:239:17)

  ● TransitionAnalysisProvider › error handling › should handle network errors

    expect(received).rejects.toThrow(expected)

    Expected substring: "Network error"
    Received message:   "TextEncoder is not defined"

           9 |   
          10 |   // Convert to Uint8Array and hash
        > 11 |   const encoder = new TextEncoder();
             |                   ^
          12 |   const data = encoder.encode(normalizedContent);
          13 |   
          14 |   // Use Web Crypto API for SHA-256 hashing

      at generateContentHash (src/lib/utils/content-hash.ts:11:19)
      at TransitionAnalysisProvider.generateCacheKey (src/lib/abstractions/providers/transition-analysis.ts:331:43)
      at TransitionAnalysisProvider.generateCacheKey [as generateRoadmap] (src/lib/abstractions/providers/transition-analysis.ts:145:35)
      at Object.generateRoadmap (src/lib/abstractions/providers/__tests__/transition-analysis.test.ts:246:18)
      at Object.toThrow (node_modules/expect/build/index.js:218:22)
      at Object.toThrow (src/lib/abstractions/providers/__tests__/transition-analysis.test.ts:250:17)

FAIL src/app/api/skill-gap/__tests__/skill-gap-api.test.ts
  ● Test suite failed to run

    ReferenceError: Request is not defined

       9 | import { generateContentHash } from '@/lib/utils/content-hash';
      10 | import { performanceMonitor } from '@/lib/utils/performance-monitor';
    > 11 | import {
         |         ^
      12 |   getUserFriendlyError,
      13 |   withFallback,
      14 |   retryWithBackoff,

      at Object.Request (node_modules/next/src/server/web/spec-extension/request.ts:14:34)
      at Object.<anonymous> (node_modules/next/server.js:2:16)
      at Object.<anonymous> (src/app/api/skill-gap/analyze/route.ts:11:17)
      at Object.<anonymous> (src/app/api/skill-gap/__tests__/skill-gap-api.test.ts:160:16)

FAIL src/app/api/recommendations/__tests__/recommendations-api.test.ts
  ● Test suite failed to run

    ReferenceError: Request is not defined

      36 | }), { virtual: true });
      37 |
    > 38 | import { NextRequest } from 'next/server';
         |                 ^
      39 | import { POST as coursesPost } from '../courses/route';
      40 | import { POST as trackClickPost } from '../track-click/route';
      41 | import { auth } from '@clerk/nextjs/server';

      at Object.Request (node_modules/next/src/server/web/spec-extension/request.ts:14:34)
      at Object.<anonymous> (node_modules/next/server.js:2:16)
      at Object.<anonymous> (src/app/api/recommendations/__tests__/recommendations-api.test.ts:38:17)

FAIL convex/__tests__/test-helpers.ts
  ● Test suite failed to run

    Your test suite must contain at least one test.

      at onResult (node_modules/@jest/core/build/TestScheduler.js:133:18)
      at node_modules/@jest/core/build/TestScheduler.js:254:19
      at node_modules/emittery/index.js:363:13
          at Array.map (<anonymous>)
      at Emittery.emit (node_modules/emittery/index.js:361:23)

FAIL src/__tests__/fixtures/transition-data.ts
  ● Test suite failed to run

    Your test suite must contain at least one test.

      at onResult (node_modules/@jest/core/build/TestScheduler.js:133:18)
      at node_modules/@jest/core/build/TestScheduler.js:254:19
      at node_modules/emittery/index.js:363:13
          at Array.map (<anonymous>)
      at Emittery.emit (node_modules/emittery/index.js:361:23)

FAIL src/app/api/analytics/__tests__/revenue.test.ts
  ● Test suite failed to run

    ReferenceError: Request is not defined

      34 |
      35 | jest.mock('convex/browser', () => ({
    > 36 |   ConvexHttpClient: jest.fn().mockImplementation(() => ({
         |                 ^
      37 |     query: mockQuery,
      38 |     mutation: mockMutation,
      39 |   })),

      at Object.Request (node_modules/next/src/server/web/spec-extension/request.ts:14:34)
      at Object.<anonymous> (node_modules/next/server.js:2:16)
      at Object.<anonymous> (src/app/api/analytics/__tests__/revenue.test.ts:36:17)

FAIL src/components/onboarding/__tests__/job-interests-step.test.tsx (8.175 s)
  ● JobInterestsStep › renders job interests form correctly

    TestingLibraryElementError: Unable to find an element with the text: Experience Level. This could be because the text is broken up by multiple elements. In this case, you can provide a function for your text matcher to make your matcher more flexible.

    Ignored nodes: comments, script, style
    [36m<body>[39m
      [36m<div>[39m
        [36m<div[39m
          [33mclass[39m=[32m"max-w-2xl mx-auto space-y-6"[39m
        [36m>[39m
          [36m<div[39m
            [33mclass[39m=[32m"text-center space-y-4"[39m
          [36m>[39m
            [36m<div[39m
              [33mclass[39m=[32m"flex justify-center"[39m
            [36m>[39m
              [36m<div[39m
                [33mclass[39m=[32m"p-3 bg-green-100 rounded-full"[39m
              [36m>[39m
                [36m<svg[39m
                  [33maria-hidden[39m=[32m"true"[39m
                  [33mclass[39m=[32m"lucide lucide-target h-8 w-8 text-green-600"[39m
                  [33mfill[39m=[32m"none"[39m
                  [33mheight[39m=[32m"24"[39m
                  [33mstroke[39m=[32m"currentColor"[39m
                  [33mstroke-linecap[39m=[32m"round"[39m
                  [33mstroke-linejoin[39m=[32m"round"[39m
                  [33mstroke-width[39m=[32m"2"[39m
                  [33mviewBox[39m=[32m"0 0 24 24"[39m
                  [33mwidth[39m=[32m"24"[39m
                  [33mxmlns[39m=[32m"http://www.w3.org/2000/svg"[39m
                [36m>[39m
                  [36m<circle[39m
                    [33mcx[39m=[32m"12"[39m
                    [33mcy[39m=[32m"12"[39m
                    [33mr[39m=[32m"10"[39m
                  [36m/>[39m
                  [36m<circle[39m
                    [33mcx[39m=[32m"12"[39m
                    [33mcy[39m=[32m"12"[39m
                    [33mr[39m=[32m"6"[39m
                  [36m/>[39m
                  [36m<circle[39m
                    [33mcx[39m=[32m"12"[39m
                    [33mcy[39m=[32m"12"[39m
                    [33mr[39m=[32m"2"[39m
                  [36m/>[39m
                [36m</svg>[39m
              [36m</div>[39m
            [36m</div>[39m
            [36m<h2[39m
              [33mclass[39m=[32m"text-2xl font-bold text-gray-900"[39m
            [36m>[39m
              [0mTell Us About Your Goals[0m
            [36m</h2>[39m
            [36m<p[39m
              [33mclass[39m=[32m"text-gray-600"[39m
            [36m>[39m
              [0mHelp us personalize your experience by sharing your career interests and target roles.[0m
            [36m</p>[39m
          [36m</div>[39m
          [36m<div[39m
            [33mclass[39m=[32m"bg-card text-card-foreground flex flex-col gap-6 rounded-xl border py-6 shadow-sm"[39m
            [33mdata-slot[39m=[32m"card"[39m
          [36m>[39m
            [36m<div[39m
              [33mclass[39m=[32m"@container/card-header grid auto-rows-min grid-rows-[auto_auto] items-start gap-1.5 px-6 has-data-[slot=card-action]:grid-cols-[1fr_auto] [.border-b]:pb-6"[39m
              [33mdata-slot[39m=[32m"card-header"[39m
            [36m>[39m
              [36m<div[39m
                [33mclass[39m=[32m"leading-none font-semibold flex items-center gap-2"[39m
                [33mdata-slot[39m=[32m"card-title"[39m
              [36m>[39m
                [36m<svg[39m
                  [33maria-hidden[39m=[32m"true"[39m
                  [33mclass[39m=[32m"lucide lucide-briefcase h-5 w-5"[39m
                  [33mfill[39m=[32m"none"[39m
                  [33mheight[39m=[32m"24"[39m
                  [33mstroke[39m=[32m"currentColor"[39m
                  [33mstroke-linecap[39m=[32m"round"[39m
                  [33mstroke-linejoin[39m=[32m"round"[39m
                  [33mstroke-width[39m=[32m"2"[39m
                  [33mviewBox[39m=[32m"0 0 24 24"[39m
                  [33mwidth[39m=[32m"24"[39m
                  [33mxmlns[39m=[32m"http://www.w3.org/2000/svg"[39m
                [36m>[39m
                  [36m<path[39m
                    [33md[39m=[32m"M16 20V4a2 2 0 0 0-2-2h-4a2 2 0 0 0-2 2v16"[39m
                  [36m/>[39m
                  [36m<rect[39m
                    [33mheight[39m=[32m"14"[39m
                    [33mrx[39m=[32m"2"[39m
                    [33mwidth[39m=[32m"20"[39m
                    [33mx[39m=[32m"2"[39m
                    [33my[39m=[32m"6"[39m
                  [36m/>[39m
                [36m</svg>[39m
                [0mTarget Roles[0m
              [36m</div>[39m
              [36m<div[39m
                [33mclass[39m=[32m"text-muted-foreground text-sm"[39m
                [33mdata-slot[39m=[32m"card-description"[39m
              [36m>[39m
                [0mWhat management or leadership roles are you interested in?[0m
              [36m</div>[39m
            [36m</div>[39m
            [36m<div[39m
              [33mclass[39m=[32m"px-6 space-y-4"[39m
              [33mdata-slot[39m=[32m"card-content"[39m
            [36m>[39m
              [36m<div[39m
                [33mclass[39m=[32m"space-y-2"[39m
              [36m>[39m
                [36m<label[39m
                  [33mclass[39m=[32m"flex items-center gap-2 select-none group-data-[disabled=true]:pointer-events-none group-data-[disabled=true]:opacity-50 peer-disabled:cursor-not-allowed peer-disabled:opacity-50 text-sm font-medium"[39m
                  [33mdata-slot[39m=[32m"label"[39m
                [36m>[39m
                  [0mPopular Roles[0m
                [36m</label>[39m
                [36m<div[39m
                  [33mclass[39m=[32m"flex flex-wrap gap-2"[39m
                [36m>[39m
                  [36m<button[39m
                    [33mclass[39m=[32m"inline-flex items-center justify-center whitespace-nowrap font-medium transition-all disabled:pointer-events-none disabled:opacity-50 [&_svg]:pointer-events-none [&_svg:not([class*='size-'])]:size-4 shrink-0 [&_svg]:shrink-0 outline-none focus-visible:border-ring focus-visible:ring-ring/50 focus-visible:ring-[3px] aria-invalid:ring-destructive/20 dark:aria-invalid:ring-destructive/40 aria-invalid:border-destructive border bg-background shadow-xs hover:bg-accent hover:text-accent-foreground dark:bg-input/30 dark:border-input dark:hover:bg-input/50 h-8 rounded-md gap-1.5 px-3 has-[>svg]:px-2.5 text-xs"[39m
                    [33mdata-slot[39m=[32m"button"[39m
                  [36m>[39m
                    [0mEngineering Manager[0m
                  [36m</button>[39m
                  [36m<button[39m
                    [33mclass[39m=[32m"inline-flex items-center justify-center whitespace-nowrap font-medium transition-all disabled:pointer-events-none disabled:opacity-50 [&_svg]:pointer-events-none [&_svg:not([class*='size-'])]:size-4 shrink-0 [&_svg]:shrink-0 outline-none focus-visible:border-ring focus-visible:ring-ring/50 focus-visible:ring-[3px] aria-invalid:ring-destructive/20 dark:aria-invalid:ring-destructive/40 aria-invalid:border-destructive border bg-background shadow-xs hover:bg-accent hover:text-accent-foreground dark:bg-input/30 dark:border-input dark:hover:bg-input/50 h-8 rounded-md gap-1.5 px-3 has-[>svg]:px-2.5 text-xs"[39m
                    [33mdata-slot[39m=[32m"button"[39m
                  [36m>[39m
                    [0mProduct Manager[0m
                  [36m</button>[39m
                  [36m<button[39m
                    [33mclass[39m=[32m"inline-flex items-center justify-center whitespace-nowrap font-medium transition-all disabled:pointer-events-none disable...

      24 |     expect(screen.getByText('Target Roles')).toBeInTheDocument();
      25 |     expect(screen.getByText('Industries')).toBeInTheDocument();
    > 26 |     expect(screen.getByText('Experience Level')).toBeInTheDocument();
         |                   ^
      27 |   });
      28 |
      29 |   it('shows popular roles and industries', () => {

      at Object.getElementError (node_modules/@testing-library/dom/dist/config.js:37:19)
      at node_modules/@testing-library/dom/dist/query-helpers.js:76:38
      at node_modules/@testing-library/dom/dist/query-helpers.js:52:17
      at node_modules/@testing-library/dom/dist/query-helpers.js:95:19
      at Object.getByText (src/components/onboarding/__tests__/job-interests-step.test.tsx:26:19)

  ● JobInterestsStep › allows adding custom roles

    TestingLibraryElementError: Unable to find an accessible element with the role "button" and name `/plus/i`

    Here are the accessible roles:

      heading:

      Name "Tell Us About Your Goals":
      [36m<h2[39m
        [33mclass[39m=[32m"text-2xl font-bold text-gray-900"[39m
      [36m/>[39m

      --------------------------------------------------
      paragraph:

      Name "":
      [36m<p[39m
        [33mclass[39m=[32m"text-gray-600"[39m
      [36m/>[39m

      --------------------------------------------------
      button:

      Name "Engineering Manager":
      [36m<button[39m
        [33mclass[39m=[32m"inline-flex items-center justify-center whitespace-nowrap font-medium transition-all disabled:pointer-events-none disabled:opacity-50 [&_svg]:pointer-events-none [&_svg:not([class*='size-'])]:size-4 shrink-0 [&_svg]:shrink-0 outline-none focus-visible:border-ring focus-visible:ring-ring/50 focus-visible:ring-[3px] aria-invalid:ring-destructive/20 dark:aria-invalid:ring-destructive/40 aria-invalid:border-destructive border bg-background shadow-xs hover:bg-accent hover:text-accent-foreground dark:bg-input/30 dark:border-input dark:hover:bg-input/50 h-8 rounded-md gap-1.5 px-3 has-[>svg]:px-2.5 text-xs"[39m
        [33mdata-slot[39m=[32m"button"[39m
      [36m/>[39m

      Name "Product Manager":
      [36m<button[39m
        [33mclass[39m=[32m"inline-flex items-center justify-center whitespace-nowrap font-medium transition-all disabled:pointer-events-none disabled:opacity-50 [&_svg]:pointer-events-none [&_svg:not([class*='size-'])]:size-4 shrink-0 [&_svg]:shrink-0 outline-none focus-visible:border-ring focus-visible:ring-ring/50 focus-visible:ring-[3px] aria-invalid:ring-destructive/20 dark:aria-invalid:ring-destructive/40 aria-invalid:border-destructive border bg-background shadow-xs hover:bg-accent hover:text-accent-foreground dark:bg-input/30 dark:border-input dark:hover:bg-input/50 h-8 rounded-md gap-1.5 px-3 has-[>svg]:px-2.5 text-xs"[39m
        [33mdata-slot[39m=[32m"button"[39m
      [36m/>[39m

      Name "Technical Lead":
      [36m<button[39m
        [33mclass[39m=[32m"inline-flex items-center justify-center whitespace-nowrap font-medium transition-all disabled:pointer-events-none disabled:opacity-50 [&_svg]:pointer-events-none [&_svg:not([class*='size-'])]:size-4 shrink-0 [&_svg]:shrink-0 outline-none focus-visible:border-ring focus-visible:ring-ring/50 focus-visible:ring-[3px] aria-invalid:ring-destructive/20 dark:aria-invalid:ring-destructive/40 aria-invalid:border-destructive border bg-background shadow-xs hover:bg-accent hover:text-accent-foreground dark:bg-input/30 dark:border-input dark:hover:bg-input/50 h-8 rounded-md gap-1.5 px-3 has-[>svg]:px-2.5 text-xs"[39m
        [33mdata-slot[39m=[32m"button"[39m
      [36m/>[39m

      Name "Senior Software Engineer":
      [36m<button[39m
        [33mclass[39m=[32m"inline-flex items-center justify-center whitespace-nowrap font-medium transition-all disabled:pointer-events-none disabled:opacity-50 [&_svg]:pointer-events-none [&_svg:not([class*='size-'])]:size-4 shrink-0 [&_svg]:shrink-0 outline-none focus-visible:border-ring focus-visible:ring-ring/50 focus-visible:ring-[3px] aria-invalid:ring-destructive/20 dark:aria-invalid:ring-destructive/40 aria-invalid:border-destructive border bg-background shadow-xs hover:bg-accent hover:text-accent-foreground dark:bg-input/30 dark:border-input dark:hover:bg-input/50 h-8 rounded-md gap-1.5 px-3 has-[>svg]:px-2.5 text-xs"[39m
        [33mdata-slot[39m=[32m"button"[39m
      [36m/>[39m

      Name "Data Science Manager":
      [36m<button[39m
        [33mclass[39m=[32m"inline-flex items-center justify-center whitespace-nowrap font-medium transition-all disabled:pointer-events-none disabled:opacity-50 [&_svg]:pointer-events-none [&_svg:not([class*='size-'])]:size-4 shrink-0 [&_svg]:shrink-0 outline-none focus-visible:border-ring focus-visible:ring-ring/50 focus-visible:ring-[3px] aria-invalid:ring-destructive/20 dark:aria-invalid:ring-destructive/40 aria-invalid:border-destructive border bg-background shadow-xs hover:bg-accent hover:text-accent-foreground dark:bg-input/30 dark:border-input dark:hover:bg-input/50 h-8 rounded-md gap-1.5 px-3 has-[>svg]:px-2.5 text-xs"[39m
        [33mdata-slot[39m=[32m"button"[39m
      [36m/>[39m

      Name "Marketing Manager":
      [36m<button[39m
        [33mclass[39m=[32m"inline-flex items-center justify-center whitespace-nowrap font-medium transition-all disabled:pointer-events-none disabled:opacity-50 [&_svg]:pointer-events-none [&_svg:not([class*='size-'])]:size-4 shrink-0 [&_svg]:shrink-0 outline-none focus-visible:border-ring focus-visible:ring-ring/50 focus-visible:ring-[3px] aria-invalid:ring-destructive/20 dark:aria-invalid:ring-destructive/40 aria-invalid:border-destructive border bg-background shadow-xs hover:bg-accent hover:text-accent-foreground dark:bg-input/30 dark:border-input dark:hover:bg-input/50 h-8 rounded-md gap-1.5 px-3 has-[>svg]:px-2.5 text-xs"[39m
        [33mdata-slot[39m=[32m"button"[39m
      [36m/>[39m

      Name "Sales Manager":
      [36m<button[39m
        [33mclass[39m=[32m"inline-flex items-center justify-center whitespace-nowrap font-medium transition-all disabled:pointer-events-none disabled:opacity-50 [&_svg]:pointer-events-none [&_svg:not([class*='size-'])]:size-4 shrink-0 [&_svg]:shrink-0 outline-none focus-visible:border-ring focus-visible:ring-ring/50 focus-visible:ring-[3px] aria-invalid:ring-destructive/20 dark:aria-invalid:ring-destructive/40 aria-invalid:border-destructive border bg-background shadow-xs hover:bg-accent hover:text-accent-foreground dark:bg-input/30 dark:border-input dark:hover:bg-input/50 h-8 rounded-md gap-1.5 px-3 has-[>svg]:px-2.5 text-xs"[39m
        [33mdata-slot[39m=[32m"button"[39m
      [36m/>[39m

      Name "Operations Manager":
      [36m<button[39m
        [33mclass[39m=[32m"inline-flex items-center justify-center whitespace-nowrap font-medium transition-all disabled:pointer-events-none disabled:opacity-50 [&_svg]:pointer-events-none [&_svg:not([class*='size-'])]:size-4 shrink-0 [&_svg]:shrink-0 outline-none focus-visible:border-ring focus-visible:ring-ring/50 focus-visible:ring-[3px] aria-invalid:ring-destructive/20 dark:aria-invalid:ring-destructive/40 aria-invalid:border-destructive border bg-background shadow-xs hover:bg-accent hover:text-accent-foreground dark:bg-input/30 dark:border-input dark:hover:bg-input/50 h-8 rounded-md gap-1.5 px-3 has-[>svg]:px-2.5 text-xs"[39m
        [33mdata-slot[39m=[32m"button"[39m
      [36m/>[39m

      Name "Project Manager":
      [36m<button[39m
        [33mclass[39m=[32m"inline-flex items-center justify-center whitespace-nowrap font-medium transition-all disabled:pointer-events-none disabled:opacity-50 [&_svg]:pointer-events-none [&_svg:not([class*='size-'])]:size-4 shrink-0 [&_svg]:shrink-0 outline-none focus-visible:border-ring focus-visible:ring-ring/50 focus-visible:ring-[3px] aria-invalid:ring-destructive/20 dark:aria-invalid:ring-destructive/40 aria-invalid:border-destructive border bg-background shadow-xs hover:bg-accent hover:text-accent-foreground dark:bg-input/30 dark:border-input dark:hover:bg-input/50 h-8 rounded-md gap-1.5 px-3 has-[>svg]:px-2.5 text-xs"[39m
        [33mdata-slot[39m=[32m"button"[39m
      [36m/>[39m

      Name "Design Manager":
      [36m<button[39m
        [33mclass[39m=[32m"inline-flex items-center justify-center whitespace-nowrap font-medium transition-all disabled:pointer-events-none disabled:opacity-50 [&_svg]:pointer-events-none [&_svg:not([class*='size-'])]:size-4 shrink-0 [&_svg]:shrink-0 outline-none focus-visible:border-ring focus-visible:ring-ring/50 focus-visible:ring-[3px] aria-invalid:ring-destructive/20 dark:aria-invalid:ring-destructive/40 aria-invalid:border-destructive border bg-background shadow-xs hover:bg-accent hover:text-accent-foreground dark:bg-input/30 dark:border-input dark:hover:bg-input/50 h-8 rounded-md gap-1.5 px-3 has-[>svg]:px-2.5 text-xs"[39m
        [33mdata-slot[39m=[32m"button"[39m
      [36m/>[39m

      Name "DevOps Manager":
      [36m<button[39m
        [33mclass[39m=[32m"inline-flex items-center justify-center whitespace-nowrap font-medium transition-all disabled:pointer-events-none disabled:opacity-50 [&_svg]:pointer-events-none [&_svg:not([class*='size-'])]:size-4 shrink-0 [&_svg]:shrink-0 outline-none focus-visible:border-ring focus-visible:ring-ring/50 focus-visible:ring-[3px] aria-invalid:ring-destructive/20 dark:aria-invalid:ring-destructive/40 aria-invalid:border-destructive border bg-background shadow-xs hover:bg-accent hover:text-accent-foreground dark:bg-input/30 dark:border-input dark:hover:bg-input/50 h-8 rounded-md gap-1.5 px-3 has-[>svg]:px-2.5 text-xs"[39m
        [33mdata-slot[39m=[32m"button"[39m
      [36m/>[39m

      Name "QA Manager":
      [36m<button[39m
        [33mclass[39m=[32m"inline-flex items-center justify-center whitespace-nowrap font-medium transition-all disabled:pointer-events-none disabled:opacity-50 [&_svg]:pointer-events-none [&_svg:not([class*='size-'])]:size-4 shrink-0 [&_svg]:shrink-0 outline-none focus-visible:border-ring focus-visible:ring-ring/50 focus-visible:ring-[3px] aria-invalid:ring-destructive/20 dark:aria-invalid:ring-destructive/40 aria-invalid:border-destructive border bg-background shadow-xs hover:bg-accent hover:text-accent-foreground dark:bg-input/30 dark:border-input dark:hover:bg-input/50 h-8 rounded-md gap-1.5 px-3 has-[>svg]:px-2.5 text-xs"[39m
        [33mdata-slot[39m=[32m"button"[39m
      [36m/>[39m

      Name "":
      [36m<button[39m
        [33mclass[39m=[32m"inline-flex items-center justify-center whitespace-nowrap text-sm font-medium transition-all disabled:pointer-events-none disabled:opacity-50 [&_svg]:pointer-events-none [&_svg:not([class*='size-'])]:size-4 shrink-0 [&_svg]:shrink-0 outline-none focus-visible:border-ring focus-visible:ring-ring/50 focus-visible:ring-[3px] aria-invalid:ring-destructive/20 dark:aria-invalid:ring-destructive/40 aria-invalid:border-destructive bg-primary text-primary-foreground shadow-xs hover:bg-primary/90 h-8 rounded-md gap-1.5 px-3 has-[>svg]:px-2.5"[39m
        [33mdata-slot[39m=[32m"button"[39m
        [33mdisabled[39m=[32m""[39m
      [36m/>[39m

      Name "Technology":
      [36m<button[39m
        [33mclass[39m=[32m"inline-flex items-center justify-center whitespace-nowrap font-medium transition-all disabled:pointer-events-none disabled:opacity-50 [&_svg]:pointer-events-none [&_svg:not([class*='size-'])]:size-4 shrink-0 [&_svg]:shrink-0 outline-none focus-visible:border-ring focus-visible:ring-ring/50 focus-visible:ring-[3px] aria-invalid:ring-destructive/20 dark:aria-invalid:ring-destructive/40 aria-invalid:border-destructive border bg-background shadow-xs hover:bg-accent hover:text-accent-foreground dark:bg-input/30 dark:border-input dark:hover:bg-input/50 h-8 rounded-md gap-1.5 px-3 has-[>svg]:px-2.5 text-xs"[39m
        [33mdata-slot[39m=[32m"button"[39m
      [36m/>[39m

      Name "Healthcare":
      [36m<button[39m
        [33mclass[39m=[32m"inline-flex items-center justify-center whitespace-nowrap font-medium transition-all disabled:pointer-events-none disabled:opacity-50 [&_svg]:pointer-events-none [&_svg:not([class*='size-'])]:size-4 shrink-0 [&_svg]:shrink-0 outline-none focus-visible:border-ring focus-visible:ring-ring/50 focus-visible:ring-[3px] aria-invalid:ring-destructive/20 dark:aria-invalid:ring-destructive/40 aria-invalid:border-destructive border bg-background shadow-xs hover:bg-accent hover:text-accent-foreground dark:bg-input/30 dark:border-input dark:hover:bg-input/50 h-8 rounded-md gap-1.5 px-3 has-[>svg]:px-2.5 text-xs"[39m
        [33mdata-slot[39m=[32m"button"[39m
      [36m/>[39m

      Name "Finance":
      [36m<button[39m
        [33mclass[39m=[32m"inline-flex items-center justify-center whitespace-nowrap font-medium transition-all disabled:pointer-events-none disabled:opacity-50 [&_svg]:pointer-events-none [&_svg:not([class*='size-'])]:size-4 shrink-0 [&_svg]:shrink-0 outline-none focus-visible:border-ring focus-visible:ring-ring/50 focus-visible:ring-[3px] aria-invalid:ring-destructive/20 dark:aria-invalid:ring-destructive/40 aria-invalid:border-destructive border bg-background shadow-xs hover:bg-accent hover:text-accent-foreground dark:bg-input/30 dark:border-input dark:hover:bg-input/50 h-8 rounded-md gap-1.5 px-3 has-[>svg]:px-2.5 text-xs"[39m
        [33mdata-slot[39m=[32m"button"[39m
      [36m/>[39m

      Name "E-commerce":
      [36m<button[39m
        [33mclass[39m=[32m"inline-flex items-center justify-center whitespace-nowrap font-medium transition-all disabled:pointer-events-none disabled:opacity-50 [&_svg]:pointer-events-none [&_svg:not([class*='size-'])]:size-4 shrink-0 [&_svg]:shrink-0 outline-none focus-visible:border-ring focus-visible:ring-ring/50 focus-visible:ring-[3px] aria-invalid:ring-destructive/20 dark:aria-invalid:ring-destructive/40 aria-invalid:border-destructive border bg-background shadow-xs hover:bg-accent hover:text-accent-foreground dark:bg-input/30 dark:border-input dark:hover:bg-input/50 h-8 rounded-md gap-1.5 px-3 has-[>svg]:px-2.5 text-xs"[39m
        [33mdata-slot[39m=[32m"button"[39m
      [36m/>[39m

      Name "Education":
      [36m<button[39m
        [33mclass[39m=[32m"inline-flex items-center justify-center whitespace-nowrap font-medium transition-all disabled:pointer-events-none disabled:opacity-50 [&_svg]:pointer-events-none [&_svg:not([class*='size-'])]:size-4 shrink-0 [&_svg]:shrink-0 outline-none focus-visible:border-ring focus-visible:ring-ring/50 focus-visible:ring-[3px] aria-invalid:ring-destructive/20 dark:aria-invalid:ring-destructive/40 aria-invalid:border-destructive border bg-background shadow-xs hover:bg-accent hover:text-accent-foreground dark:bg-input/30 dark:border-input dark:hover:bg-input/50 h-8 rounded-md gap-1.5 px-3 has-[>svg]:px-2.5 text-xs"[39m
        [33mdata-slot[39m=[32m"button"[39m
      [36m/>[39m

      Name "Manufacturing":
      [36m<button[39m
        [33mclass[39m=[32m"inline-flex items-center justify-center whitespace-nowrap font-medium transition-all disabled:pointer-events-none disabled:opacity-50 [&_svg]:pointer-events-none [&_svg:not([class*='size-'])]:size-4 shrink-0 [&_svg]:shrink-0 outline-none focus-visible:border-ring focus-visible:ring-ring/50 focus-visible:ring-[3px] aria-invalid:ring-destructive/20 dark:aria-invalid:ring-destructive/40 aria-invalid:border-destructive border bg-background shadow-xs hover:bg-accent hover:text-accent-foreground dark:bg-input/30 dark:border-input dark:hover:bg-input/50 h-8 rounded-md gap-1.5 px-3 has-[>svg]:px-2.5 text-xs"[39m
        [33mdata-slot[39m=[32m"button"[39m
      [36m/>[39m

      Name "Consulting":
      [36m<button[39m
        [33mclass[39m=[32m"inline-flex items-center justify-center whitespace-nowrap font-medium transition-all disabled:pointer-events-none disabled:opacity-50 [&_svg]:pointer-events-none [&_svg:not([class*='size-'])]:size-4 shrink-0 [&_svg]:shrink-0 outline-none focus-visible:border-ring focus-visible:ring-ring/50 focus-visible:ring-[3px] aria-invalid:ring-destructive/20 dark:aria-invalid:ring-destructive/40 aria-invalid:border-destructive border bg-background shadow-xs hover:bg-accent hover:text-accent-foreground dark:bg-input/30 dark:border-input dark:hover:bg-input/50 h-8 rounded-md gap-1.5 px-3 has-[>svg]:px-2.5 text-xs"[39m
        [33mdata-slot[39m=[32m"button"[39m
      [36m/>[39m

      Name "Media & Entertainment":
      [36m<button[39m
        [33mclass[39m=[32m"inline-flex items-center justify-center whitespace-nowrap font-medium transition-all disabled:pointer-events-none disabled:opacity-50 [&_svg]:pointer-events-none [&_svg:not([class*='size-'])]:size-4 shrink-0 [&_svg]:shrink-0 outline-none focus-visible:border-ring focus-visible:ring-ring/50 focus-visible:ring-[3px] aria-invalid:ring-destructive/20 dark:aria-invalid:ring-destructive/40 aria-invalid:border-destructive border bg-background shadow-xs hover:bg-accent hover:text-accent-foreground dark:bg-input/30 dark:border-input dark:hover:bg-input/50 h-8 rounded-md gap-1.5 px-3 has-[>svg]:px-2.5 text-xs"[39m
        [33mdata-slot[39m=[32m"button"[39m
      [36m/>[39m

      Name "Real Estate":
      [36m<button[39m
        [33mclass[39m=[32m"inline-flex items-center justify-center whitespace-nowrap font-medium transition-all disabled:pointer-events-none disabled:opacity-50 [&_svg]:pointer-events-none [&_svg:not([class*='size-'])]:size-4 shrink-0 [&_svg]:shrink-0 outline-none focus-visible:border-ring focus-visible:ring-ring/50 focus-visible:ring-[3px] aria-invalid:ring-destructive/20 dark:aria-invalid:ring-destructive/40 aria-invalid:border-destructive border bg-background shadow-xs hover:bg-accent hover:text-accent-foreground dark:bg-input/30 dark:border-input dark:hover:bg-input/50 h-8 rounded-md gap-1.5 px-3 has-[>svg]:px-2.5 text-xs"[39m
        [33mdata-slot[39m=[32m"button"[39m
      [36m/>[39m

      Name "Government":
      [36m<button[39m
        [33mclass[39m=[32m"inline-flex items-center justify-center whitespace-nowrap font-medium transition-all disabled:pointer-events-none disabled:opacity-50 [&_svg]:pointer-events-none [&_svg:not([class*='size-'])]:size-4 shrink-0 [&_svg]:shrink-0 outline-none focus-visible:border-ring focus-visible:ring-ring/50 focus-visible:ring-[3px] aria-invalid:ring-destructive/20 dark:aria-invalid:ring-destructive/40 aria-invalid:border-destructive border bg-background shadow-xs hover:bg-accent hover:text-accent-foreground dark:bg-input/30 dark:border-input dark:hover:bg-input/50 h-8 rounded-md gap-1.5 px-3 has-[>svg]:px-2.5 text-xs"[39m
        [33mdata-slot[39m=[32m"button"[39m
      [36m/>[39m

      Name "Non-profit":
      [36m<button[39m
        [33mclass[39m=[32m"inline-flex items-center justify-center whitespace-nowrap font-medium transition-all disabled:pointer-events-none disabled:opacity-50 [&_svg]:pointer-events-none [&_svg:not([class*='size-'])]:size-4 shrink-0 [&_svg]:shrink-0 outline-none focus-visible:border-ring focus-visible:ring-ring/50 focus-visible:ring-[3px] aria-invalid:ring-destructive/20 dark:aria-invalid:ring-destructive/40 aria-invalid:border-destructive border bg-background shadow-xs hover:bg-accent hover:text-accent-foreground dark:bg-input/30 dark:border-input dark:hover:bg-input/50 h-8 rounded-md gap-1.5 px-3 has-[>svg]:px-2.5 text-xs"[39m
        [33mdata-slot[39m=[32m"button"[39m
      [36m/>[39m

      Name "Startups":
      [36m<button[39m
        [33mclass[39m=[32m"inline-flex items-center justify-center whitespace-nowrap font-medium transition-all disabled:pointer-events-none disabled:opacity-50 [&_svg]:pointer-events-none [&_svg:not([class*='size-'])]:size-4 shrink-0 [&_svg]:shrink-0 outline-none focus-visible:border-ring focus-visible:ring-ring/50 focus-visible:ring-[3px] aria-invalid:ring-destructive/20 dark:aria-invalid:ring-destructive/40 aria-invalid:border-destructive border bg-background shadow-xs hover:bg-accent hover:text-accent-foreground dark:bg-input/30 dark:border-input dark:hover:bg-input/50 h-8 rounded-md gap-1.5 px-3 has-[>svg]:px-2.5 text-xs"[39m
        [33mdata-slot[39m=[32m"button"[39m
      [36m/>[39m

      Name "":
      [36m<button[39m
        [33mclass[39m=[32m"inline-flex items-center justify-center whitespace-nowrap text-sm font-medium transition-all disabled:pointer-events-none disabled:opacity-50 [&_svg]:pointer-events-none [&_svg:not([class*='size-'])]:size-4 shrink-0 [&_svg]:shrink-0 outline-none focus-visible:border-ring focus-visible:ring-ring/50 focus-visible:ring-[3px] aria-invalid:ring-destructive/20 dark:aria-invalid:ring-destructive/40 aria-invalid:border-destructive bg-primary text-primary-foreground shadow-xs hover:bg-primary/90 h-8 rounded-md gap-1.5 px-3 has-[>svg]:px-2.5"[39m
        [33mdata-slot[39m=[32m"button"[39m
        [33mdisabled[39m=[32m""[39m
      [36m/>[39m

      Name "":
      [36m<button[39m
        [33mclass[39m=[32m"inline-flex items-center justify-center whitespace-nowrap text-sm font-medium transition-all disabled:pointer-events-none disabled:opacity-50 [&_svg]:pointer-events-none [&_svg:not([class*='size-'])]:size-4 shrink-0 [&_svg]:shrink-0 outline-none focus-visible:border-ring focus-visible:ring-ring/50 focus-visible:ring-[3px] aria-invalid:ring-destructive/20 dark:aria-invalid:ring-destructive/40 aria-invalid:border-destructive bg-primary text-primary-foreground shadow-xs hover:bg-primary/90 h-8 rounded-md gap-1.5 px-3 has-[>svg]:px-2.5"[39m
        [33mdata-slot[39m=[32m"button"[39m
        [33mdisabled[39m=[32m""[39m
      [36m/>[39m

      Name "Back":
      [36m<button[39m
        [33mclass[39m=[32m"inline-flex items-center justify-center gap-2 whitespace-nowrap rounded-md text-sm font-medium transition-all disabled:pointer-events-none disabled:opacity-50 [&_svg]:pointer-events-none [&_svg:not([class*='size-'])]:size-4 shrink-0 [&_svg]:shrink-0 outline-none focus-visible:border-ring focus-visible:ring-ring/50 focus-visible:ring-[3px] aria-invalid:ring-destructive/20 dark:aria-invalid:ring-destructive/40 aria-invalid:border-destructive border bg-background shadow-xs hover:bg-accent hover:text-accent-foreground dark:bg-input/30 dark:border-input dark:hover:bg-input/50 h-9 px-4 py-2 has-[>svg]:px-3"[39m
        [33mdata-slot[39m=[32m"button"[39m
      [36m/>[39m

      Name "Continue":
      [36m<button[39m
        [33mclass[39m=[32m"inline-flex items-center justify-center gap-2 whitespace-nowrap rounded-md text-sm font-medium transition-all disabled:pointer-events-none disabled:opacity-50 [&_svg]:pointer-events-none [&_svg:not([class*='size-'])]:size-4 shrink-0 [&_svg]:shrink-0 outline-none focus-visible:border-ring focus-visible:ring-ring/50 focus-visible:ring-[3px] aria-invalid:ring-destructive/20 dark:aria-invalid:ring-destructive/40 aria-invalid:border-destructive text-primary-foreground shadow-xs h-9 px-4 py-2 has-[>svg]:px-3 bg-green-600 hover:bg-green-700"[39m
        [33mdata-slot[39m=[32m"button"[39m
        [33mdisabled[39m=[32m""[39m
      [36m/>[39m

      --------------------------------------------------
      textbox:

      Name "":
      [36m<input[39m
        [33mclass[39m=[32m"file:text-foreground placeholder:text-muted-foreground selection:bg-primary selection:text-primary-foreground dark:bg-input/30 border-input flex h-9 w-full min-w-0 rounded-md border bg-transparent px-3 py-1 text-base shadow-xs transition-[color,box-shadow] outline-none file:inline-flex file:h-7 file:border-0 file:bg-transparent file:text-sm file:font-medium disabled:pointer-events-none disabled:cursor-not-allowed disabled:opacity-50 md:text-sm focus-visible:border-ring focus-visible:ring-ring/50 focus-visible:ring-[3px] aria-invalid:ring-destructive/20 dark:aria-invalid:ring-destructive/40 aria-invalid:border-destructive"[39m
        [33mdata-slot[39m=[32m"input"[39m
        [33mplaceholder[39m=[32m"Add custom role..."[39m
        [33mvalue[39m=[32m""[39m
      [36m/>[39m

      Name "":
      [36m<input[39m
        [33mclass[39m=[32m"file:text-foreground placeholder:text-muted-foreground selection:bg-primary selection:text-primary-foreground dark:bg-input/30 border-input flex h-9 w-full min-w-0 rounded-md border bg-transparent px-3 py-1 text-base shadow-xs transition-[color,box-shadow] outline-none file:inline-flex file:h-7 file:border-0 file:bg-transparent file:text-sm file:font-medium disabled:pointer-events-none disabled:cursor-not-allowed disabled:opacity-50 md:text-sm focus-visible:border-ring focus-visible:ring-ring/50 focus-visible:ring-[3px] aria-invalid:ring-destructive/20 dark:aria-invalid:ring-destructive/40 aria-invalid:border-destructive"[39m
        [33mdata-slot[39m=[32m"input"[39m
        [33mplaceholder[39m=[32m"Add custom industry..."[39m
        [33mvalue[39m=[32m""[39m
      [36m/>[39m

      Name "":
      [36m<input[39m
        [33mclass[39m=[32m"file:text-foreground placeholder:text-muted-foreground selection:bg-primary selection:text-primary-foreground dark:bg-input/30 border-input flex h-9 w-full min-w-0 rounded-md border bg-transparent px-3 py-1 text-base shadow-xs transition-[color,box-shadow] outline-none file:inline-flex file:h-7 file:border-0 file:bg-transparent file:text-sm file:font-medium disabled:pointer-events-none disabled:cursor-not-allowed disabled:opacity-50 md:text-sm focus-visible:border-ring focus-visible:ring-ring/50 focus-visible:ring-[3px] aria-invalid:ring-destructive/20 dark:aria-invalid:ring-destructive/40 aria-invalid:border-destructive"[39m
        [33mdata-slot[39m=[32m"input"[39m
        [33mplaceholder[39m=[32m"Add location (e.g., San Francisco, Remote, New York)..."[39m
        [33mvalue[39m=[32m""[39m
      [36m/>[39m

      --------------------------------------------------
      radio:

      Name "Entry Level":
      [36m<input[39m
        [33mclass[39m=[32m"h-4 w-4 text-blue-600"[39m
        [33mname[39m=[32m"careerLevel"[39m
        [33mtype[39m=[32m"radio"[39m
        [33mvalue[39m=[32m"entry"[39m
      [36m/>[39m

      Name "Mid Level":
      [36m<input[39m
        [33mclass[39m=[32m"h-4 w-4 text-blue-600"[39m
        [33mname[39m=[32m"careerLevel"[39m
        [33mtype[39m=[32m"radio"[39m
        [33mvalue[39m=[32m"mid"[39m
      [36m/>[39m

      Name "Senior Level":
      [36m<input[39m
        [33mclass[39m=[32m"h-4 w-4 text-blue-600"[39m
        [33mname[39m=[32m"careerLevel"[39m
        [33mtype[39m=[32m"radio"[39m
        [33mvalue[39m=[32m"senior"[39m
      [36m/>[39m

      Name "Lead/Principal":
      [36m<input[39m
        [33mclass[39m=[32m"h-4 w-4 text-blue-600"[39m
        [33mname[39m=[32m"careerLevel"[39m
        [33mtype[39m=[32m"radio"[39m
        [33mvalue[39m=[32m"lead"[39m
      [36m/>[39m

      Name "Executive/C-Level":
      [36m<input[39m
        [33mclass[39m=[32m"h-4 w-4 text-blue-600"[39m
        [33mname[39m=[32m"careerLevel"[39m
        [33mtype[39m=[32m"radio"[39m
        [33mvalue[39m=[32m"executive"[39m
      [36m/>[39m

      Name "0-1 years":
      [36m<input[39m
        [33mclass[39m=[32m"h-4 w-4 text-blue-600"[39m
        [33mname[39m=[32m"yearsOfExperience"[39m
        [33mtype[39m=[32m"radio"[39m
        [33mvalue[39m=[32m"0-1"[39m
      [36m/>[39m

      Name "2-3 years":
      [36m<input[39m
        [33mclass[39m=[32m"h-4 w-4 text-blue-600"[39m
        [33mname[39m=[32m"yearsOfExperience"[39m
        [33mtype[39m=[32m"radio"[39m
        [33mvalue[39m=[32m"2-3"[39m
      [36m/>[39m

      Name "4-5 years":
      [36m<input[39m
        [33mclass[39m=[32m"h-4 w-4 text-blue-600"[39m
        [33mname[39m=[32m"yearsOfExperience"[39m
        [33mtype[39m=[32m"radio"[39m
        [33mvalue[39m=[32m"4-5"[39m
      [36m/>[39m

      Name "6-10 years":
      [36m<input[39m
        [33mclass[39m=[32m"h-4 w-4 text-blue-600"[39m
        [33mname[39m=[32m"yearsOfExperience"[39m
        [33mtype[39m=[32m"radio"[39m
        [33mvalue[39m=[32m"6-10"[39m
      [36m/>[39m

      Name "11-15 years":
      [36m<input[39m
        [33mclass[39m=[32m"h-4 w-4 text-blue-600"[39m
        [33mname[39m=[32m"yearsOfExperience"[39m
        [33mtype[39m=[32m"radio"[39m
        [33mvalue[39m=[32m"11-15"[39m
      [36m/>[39m

      Name "16+ years":
      [36m<input[39m
        [33mclass[39m=[32m"h-4 w-4 text-blue-600"[39m
        [33mname[39m=[32m"yearsOfExperience"[39m
        [33mtype[39m=[32m"radio"[39m
        [33mvalue[39m=[32m"16+"[39m
      [36m/>[39m

      --------------------------------------------------

    Ignored nodes: comments, script, style
    [36m<body>[39m
      [36m<div>[39m
        [36m<div[39m
          [33mclass[39m=[32m"max-w-2xl mx-auto space-y-6"[39m
        [36m>[39m
          [36m<div[39m
            [33mclass[39m=[32m"text-center space-y-4"[39m
          [36m>[39m
            [36m<div[39m
              [33mclass[39m=[32m"flex justify-center"[39m
            [36m>[39m
              [36m<div[39m
                [33mclass[39m=[32m"p-3 bg-green-100 rounded-full"[39m
              [36m>[39m
                [36m<svg[39m
                  [33maria-hidden[39m=[32m"true"[39m
                  [33mclass[39m=[32m"lucide lucide-target h-8 w-8 text-green-600"[39m
                  [33mfill[39m=[32m"none"[39m
                  [33mheight[39m=[32m"24"[39m
                  [33mstroke[39m=[32m"currentColor"[39m
                  [33mstroke-linecap[39m=[32m"round"[39m
                  [33mstroke-linejoin[39m=[32m"round"[39m
                  [33mstroke-width[39m=[32m"2"[39m
                  [33mviewBox[39m=[32m"0 0 24 24"[39m
                  [33mwidth[39m=[32m"24"[39m
                  [33mxmlns[39m=[32m"http://www.w3.org/2000/svg"[39m
                [36m>[39m
                  [36m<circle[39m
                    [33mcx[39m=[32m"12"[39m
                    [33mcy[39m=[32m"12"[39m
                    [33mr[39m=[32m"10"[39m
                  [36m/>[39m
                  [36m<circle[39m
                    [33mcx[39m=[32m"12"[39m
                    [33mcy[39m=[32m"12"[39m
                    [33mr[39m=[32m"6"[39m
                  [36m/>[39m
                  [36m<circle[39m
                    [33mcx[39m=[32m"12"[39m
                    [33mcy[39m=[32m"12"[39m
                    [33mr[39m=[32m"2"[39m
                  [36m/>[39m
                [36m</svg>[39m
              [36m</div>[39m
            [36m</div>[39m
            [36m<h2[39m
              [33mclass[39m=[32m"text-2xl font-bold text-gray-900"[39m
            [36m>[39m
              [0mTell Us About Your Goals[0m
            [36m</h2>[39m
            [36m<p[39m
              [33mclass[39m=[32m"text-gray-600"[39m
            [36m>[39m
              [0mHelp us personalize your experience by sharing your career interests and target roles.[0m
            [36m</p>[39m
          [36m</div>[39m
          [36m<div[39m
            [33mclass[39m=[32m"bg-card text-card-foreground flex flex-col gap-6 rounded-xl border py-6 shadow-sm"[39m
            [33mdata-slot[39m=[32m"card"[39m
          [36m>[39m
            [36m<div[39m
              [33mclass[39m=[32m"@container/card-header grid auto-rows-min grid-rows-[auto_auto] items-start gap-1.5 px-6 has-data-[slot=card-action]:grid-cols-[1fr_auto] [.border-b]:pb-6"[39m
              [33mdata-slot[39m=[32m"card-header"[39m
            [36m>[39m
              [36m<div[39m
                [33mclass[39m=[32m"leading-none font-semibold flex items-center gap-2"[39m
                [33mdata-slot[39m=[32m"card-title"[39m
              [36m>[39m
                [36m<svg[39m
                  [33maria-hidden[39m=[32m"true"[39m
                  [33mclass[39m=[32m"lucide lucide-briefcase h-5 w-5"[39m
                  [33mfill[39m=[32m"none"[39m
                  [33mheight[39m=[32m"24"[39m
                  [33mstroke[39m=[32m"currentColor"[39m
                  [33mstroke-linecap[39m=[32m"round"[39m
                  [33mstroke-linejoin[39m=[32m"round"[39m
                  [33mstroke-width[39m=[32m"2"[39m
                  [33mviewBox[39m=[32m"0 0 24 24"[39m
                  [33mwidth[39m=[32m"24"[39m
                  [33mxmlns[39m=[32m"http://www.w3.org/2000/svg"[39m
                [36m>[39m
                  [36m<path[39m
                    [33md[39m=[32m"M16 20V4a2 2 0 0 0-2-2h-4a2 2 0 0 0-2 2v16"[39m
                  [36m/>[39m
                  [36m<rect[39m
                    [33mheight[39m=[32m"14"[39m
                    [33mrx[39m=[32m"2"[39m
                    [33mwidth[39m=[32m"20"[39m
                    [33mx[39m=[32m"2"[39m
                    [33my[39m=[32m"6"[39m
                  [36m/>[39m
                [36m</svg>[39m
                [0mTarget Roles[0m
              [36m</div>[39m
              [36m<div[39m
                [33mclass[39m=[32m"text-muted-foreground text-sm"[39m
                [33mdata-slot[39m=[32m"card-description"[39m
              [36m>[39m
                [0mWhat management or leadership roles are you interested in?[0m
              [36m</div>[39m
            [36m</div>[39m
            [36m<div[39m
              [33mclass[39m=[32m"px-6 space-y-4"[39m
              [33mdata-slot[39m=[32m"card-content"[39m
            [36m>[39m
              [36m<div[39m
                [33mclass[39m=[32m"space-y-2"[39m
              [36m>[39m
                [36m<label[39m
                  [33mclass[39m=[32m"flex items-center gap-2 select-none group-data-[disabled=true]:pointer-events-none group-data-[disabled=true]:opacity-50 peer-disabled:cursor-not-allowed peer-disabled:opacity-50 text-sm font-medium"[39m
                  [33mdata-slot[39m=[32m"label"[39m
                [36m>[39m
                  [0mPopular Roles[0m
                [36m</label>[39m
                [36m<div[39m
                  [33mclass[39m=[32m"flex flex-wrap gap-2"[39m
                [36m>[39m
                  [36m<button[39m
                    [33mclass[39m=[32m"inline-flex items-center justify-center whitespace-nowrap font-medium transition-all disabled:pointer-events-none disabled:opacity-50 [&_svg]:pointer-events-none [&_svg:not([class*='size-'])]:size-4 shrink-0 [&_svg]:shrink-0 outline-none focus-visible:border-ring focus-visible:ring-ring/50 focus-visible:ring-[3px] aria-invalid:ring-destructive/20 dark:aria-invalid:ring-destructive/40 aria-invalid:border-destructive border bg-background shadow-xs hover:bg-accent hover:text-accent-foreground dark:bg-input/30 dark:border-input dark:hover:bg-input/50 h-8 rounded-md gap-1.5 px-3 has-[>svg]:px-2.5 text-xs"[39m
                    [33mdata-slot[39m=[32m"button"[39m
                  [36m>[39m
                    [0mEngineering Manager[0m
                  [36m</button>[39m
                  [36m<button[39m
                    [33mclass[39m=[32m"inline-flex items-center justify-center whitespace-nowrap font-medium transition-all disabled:pointer-events-none disabled:opacity-50 [&_svg]:pointer-events-none [&_svg:not([class*='size-'])]:size-4 shrink-0 [&_svg]:shrink-0 outline-none focus-visible:border-ring focus-visible:ring-ring/50 focus-visible:ring-[3px] aria-invalid:ring-destructive/20 dark:aria-invalid:ring-destructive/40 aria-invalid:border-destructive border bg-background shadow-xs hover:bg-accent hover:text-accent-foreground dark:bg-input/30 dark:border-input dark:hover:bg-input/50 h-8 rounded-md gap-1.5 px-3 has-[>svg]:px-2.5 text-xs"[39m
                    [33mdata-slot[39m=[32m"button"[39m
                  [36m>[39m
                    [0mProduct Manager[0m
                  [36m</button>[39m
                  [36m<button[39m
                    [33mclass[39m=[32m"inline-flex items-center justify-center whitespace-nowrap font-medium transition-all disabled:pointer-events-none disable...

      40 |     
      41 |     const customRoleInput = screen.getByPlaceholderText('Add custom role...');
    > 42 |     const addButton = screen.getByRole('button', { name: /plus/i });
         |                              ^
      43 |     
      44 |     fireEvent.change(customRoleInput, { target: { value: 'Custom Role' } });
      45 |     fireEvent.click(addButton);

      at Object.getElementError (node_modules/@testing-library/dom/dist/config.js:37:19)
      at node_modules/@testing-library/dom/dist/query-helpers.js:76:38
      at node_modules/@testing-library/dom/dist/query-helpers.js:52:17
      at node_modules/@testing-library/dom/dist/query-helpers.js:95:19
      at Object.getByRole (src/components/onboarding/__tests__/job-interests-step.test.tsx:42:30)

  ● JobInterestsStep › allows adding custom industries

    TestingLibraryElementError: Unable to find an accessible element with the role "button" and name `/plus/i`

    Here are the accessible roles:

      heading:

      Name "Tell Us About Your Goals":
      [36m<h2[39m
        [33mclass[39m=[32m"text-2xl font-bold text-gray-900"[39m
      [36m/>[39m

      --------------------------------------------------
      paragraph:

      Name "":
      [36m<p[39m
        [33mclass[39m=[32m"text-gray-600"[39m
      [36m/>[39m

      --------------------------------------------------
      button:

      Name "Engineering Manager":
      [36m<button[39m
        [33mclass[39m=[32m"inline-flex items-center justify-center whitespace-nowrap font-medium transition-all disabled:pointer-events-none disabled:opacity-50 [&_svg]:pointer-events-none [&_svg:not([class*='size-'])]:size-4 shrink-0 [&_svg]:shrink-0 outline-none focus-visible:border-ring focus-visible:ring-ring/50 focus-visible:ring-[3px] aria-invalid:ring-destructive/20 dark:aria-invalid:ring-destructive/40 aria-invalid:border-destructive border bg-background shadow-xs hover:bg-accent hover:text-accent-foreground dark:bg-input/30 dark:border-input dark:hover:bg-input/50 h-8 rounded-md gap-1.5 px-3 has-[>svg]:px-2.5 text-xs"[39m
        [33mdata-slot[39m=[32m"button"[39m
      [36m/>[39m

      Name "Product Manager":
      [36m<button[39m
        [33mclass[39m=[32m"inline-flex items-center justify-center whitespace-nowrap font-medium transition-all disabled:pointer-events-none disabled:opacity-50 [&_svg]:pointer-events-none [&_svg:not([class*='size-'])]:size-4 shrink-0 [&_svg]:shrink-0 outline-none focus-visible:border-ring focus-visible:ring-ring/50 focus-visible:ring-[3px] aria-invalid:ring-destructive/20 dark:aria-invalid:ring-destructive/40 aria-invalid:border-destructive border bg-background shadow-xs hover:bg-accent hover:text-accent-foreground dark:bg-input/30 dark:border-input dark:hover:bg-input/50 h-8 rounded-md gap-1.5 px-3 has-[>svg]:px-2.5 text-xs"[39m
        [33mdata-slot[39m=[32m"button"[39m
      [36m/>[39m

      Name "Technical Lead":
      [36m<button[39m
        [33mclass[39m=[32m"inline-flex items-center justify-center whitespace-nowrap font-medium transition-all disabled:pointer-events-none disabled:opacity-50 [&_svg]:pointer-events-none [&_svg:not([class*='size-'])]:size-4 shrink-0 [&_svg]:shrink-0 outline-none focus-visible:border-ring focus-visible:ring-ring/50 focus-visible:ring-[3px] aria-invalid:ring-destructive/20 dark:aria-invalid:ring-destructive/40 aria-invalid:border-destructive border bg-background shadow-xs hover:bg-accent hover:text-accent-foreground dark:bg-input/30 dark:border-input dark:hover:bg-input/50 h-8 rounded-md gap-1.5 px-3 has-[>svg]:px-2.5 text-xs"[39m
        [33mdata-slot[39m=[32m"button"[39m
      [36m/>[39m

      Name "Senior Software Engineer":
      [36m<button[39m
        [33mclass[39m=[32m"inline-flex items-center justify-center whitespace-nowrap font-medium transition-all disabled:pointer-events-none disabled:opacity-50 [&_svg]:pointer-events-none [&_svg:not([class*='size-'])]:size-4 shrink-0 [&_svg]:shrink-0 outline-none focus-visible:border-ring focus-visible:ring-ring/50 focus-visible:ring-[3px] aria-invalid:ring-destructive/20 dark:aria-invalid:ring-destructive/40 aria-invalid:border-destructive border bg-background shadow-xs hover:bg-accent hover:text-accent-foreground dark:bg-input/30 dark:border-input dark:hover:bg-input/50 h-8 rounded-md gap-1.5 px-3 has-[>svg]:px-2.5 text-xs"[39m
        [33mdata-slot[39m=[32m"button"[39m
      [36m/>[39m

      Name "Data Science Manager":
      [36m<button[39m
        [33mclass[39m=[32m"inline-flex items-center justify-center whitespace-nowrap font-medium transition-all disabled:pointer-events-none disabled:opacity-50 [&_svg]:pointer-events-none [&_svg:not([class*='size-'])]:size-4 shrink-0 [&_svg]:shrink-0 outline-none focus-visible:border-ring focus-visible:ring-ring/50 focus-visible:ring-[3px] aria-invalid:ring-destructive/20 dark:aria-invalid:ring-destructive/40 aria-invalid:border-destructive border bg-background shadow-xs hover:bg-accent hover:text-accent-foreground dark:bg-input/30 dark:border-input dark:hover:bg-input/50 h-8 rounded-md gap-1.5 px-3 has-[>svg]:px-2.5 text-xs"[39m
        [33mdata-slot[39m=[32m"button"[39m
      [36m/>[39m

      Name "Marketing Manager":
      [36m<button[39m
        [33mclass[39m=[32m"inline-flex items-center justify-center whitespace-nowrap font-medium transition-all disabled:pointer-events-none disabled:opacity-50 [&_svg]:pointer-events-none [&_svg:not([class*='size-'])]:size-4 shrink-0 [&_svg]:shrink-0 outline-none focus-visible:border-ring focus-visible:ring-ring/50 focus-visible:ring-[3px] aria-invalid:ring-destructive/20 dark:aria-invalid:ring-destructive/40 aria-invalid:border-destructive border bg-background shadow-xs hover:bg-accent hover:text-accent-foreground dark:bg-input/30 dark:border-input dark:hover:bg-input/50 h-8 rounded-md gap-1.5 px-3 has-[>svg]:px-2.5 text-xs"[39m
        [33mdata-slot[39m=[32m"button"[39m
      [36m/>[39m

      Name "Sales Manager":
      [36m<button[39m
        [33mclass[39m=[32m"inline-flex items-center justify-center whitespace-nowrap font-medium transition-all disabled:pointer-events-none disabled:opacity-50 [&_svg]:pointer-events-none [&_svg:not([class*='size-'])]:size-4 shrink-0 [&_svg]:shrink-0 outline-none focus-visible:border-ring focus-visible:ring-ring/50 focus-visible:ring-[3px] aria-invalid:ring-destructive/20 dark:aria-invalid:ring-destructive/40 aria-invalid:border-destructive border bg-background shadow-xs hover:bg-accent hover:text-accent-foreground dark:bg-input/30 dark:border-input dark:hover:bg-input/50 h-8 rounded-md gap-1.5 px-3 has-[>svg]:px-2.5 text-xs"[39m
        [33mdata-slot[39m=[32m"button"[39m
      [36m/>[39m

      Name "Operations Manager":
      [36m<button[39m
        [33mclass[39m=[32m"inline-flex items-center justify-center whitespace-nowrap font-medium transition-all disabled:pointer-events-none disabled:opacity-50 [&_svg]:pointer-events-none [&_svg:not([class*='size-'])]:size-4 shrink-0 [&_svg]:shrink-0 outline-none focus-visible:border-ring focus-visible:ring-ring/50 focus-visible:ring-[3px] aria-invalid:ring-destructive/20 dark:aria-invalid:ring-destructive/40 aria-invalid:border-destructive border bg-background shadow-xs hover:bg-accent hover:text-accent-foreground dark:bg-input/30 dark:border-input dark:hover:bg-input/50 h-8 rounded-md gap-1.5 px-3 has-[>svg]:px-2.5 text-xs"[39m
        [33mdata-slot[39m=[32m"button"[39m
      [36m/>[39m

      Name "Project Manager":
      [36m<button[39m
        [33mclass[39m=[32m"inline-flex items-center justify-center whitespace-nowrap font-medium transition-all disabled:pointer-events-none disabled:opacity-50 [&_svg]:pointer-events-none [&_svg:not([class*='size-'])]:size-4 shrink-0 [&_svg]:shrink-0 outline-none focus-visible:border-ring focus-visible:ring-ring/50 focus-visible:ring-[3px] aria-invalid:ring-destructive/20 dark:aria-invalid:ring-destructive/40 aria-invalid:border-destructive border bg-background shadow-xs hover:bg-accent hover:text-accent-foreground dark:bg-input/30 dark:border-input dark:hover:bg-input/50 h-8 rounded-md gap-1.5 px-3 has-[>svg]:px-2.5 text-xs"[39m
        [33mdata-slot[39m=[32m"button"[39m
      [36m/>[39m

      Name "Design Manager":
      [36m<button[39m
        [33mclass[39m=[32m"inline-flex items-center justify-center whitespace-nowrap font-medium transition-all disabled:pointer-events-none disabled:opacity-50 [&_svg]:pointer-events-none [&_svg:not([class*='size-'])]:size-4 shrink-0 [&_svg]:shrink-0 outline-none focus-visible:border-ring focus-visible:ring-ring/50 focus-visible:ring-[3px] aria-invalid:ring-destructive/20 dark:aria-invalid:ring-destructive/40 aria-invalid:border-destructive border bg-background shadow-xs hover:bg-accent hover:text-accent-foreground dark:bg-input/30 dark:border-input dark:hover:bg-input/50 h-8 rounded-md gap-1.5 px-3 has-[>svg]:px-2.5 text-xs"[39m
        [33mdata-slot[39m=[32m"button"[39m
      [36m/>[39m

      Name "DevOps Manager":
      [36m<button[39m
        [33mclass[39m=[32m"inline-flex items-center justify-center whitespace-nowrap font-medium transition-all disabled:pointer-events-none disabled:opacity-50 [&_svg]:pointer-events-none [&_svg:not([class*='size-'])]:size-4 shrink-0 [&_svg]:shrink-0 outline-none focus-visible:border-ring focus-visible:ring-ring/50 focus-visible:ring-[3px] aria-invalid:ring-destructive/20 dark:aria-invalid:ring-destructive/40 aria-invalid:border-destructive border bg-background shadow-xs hover:bg-accent hover:text-accent-foreground dark:bg-input/30 dark:border-input dark:hover:bg-input/50 h-8 rounded-md gap-1.5 px-3 has-[>svg]:px-2.5 text-xs"[39m
        [33mdata-slot[39m=[32m"button"[39m
      [36m/>[39m

      Name "QA Manager":
      [36m<button[39m
        [33mclass[39m=[32m"inline-flex items-center justify-center whitespace-nowrap font-medium transition-all disabled:pointer-events-none disabled:opacity-50 [&_svg]:pointer-events-none [&_svg:not([class*='size-'])]:size-4 shrink-0 [&_svg]:shrink-0 outline-none focus-visible:border-ring focus-visible:ring-ring/50 focus-visible:ring-[3px] aria-invalid:ring-destructive/20 dark:aria-invalid:ring-destructive/40 aria-invalid:border-destructive border bg-background shadow-xs hover:bg-accent hover:text-accent-foreground dark:bg-input/30 dark:border-input dark:hover:bg-input/50 h-8 rounded-md gap-1.5 px-3 has-[>svg]:px-2.5 text-xs"[39m
        [33mdata-slot[39m=[32m"button"[39m
      [36m/>[39m

      Name "":
      [36m<button[39m
        [33mclass[39m=[32m"inline-flex items-center justify-center whitespace-nowrap text-sm font-medium transition-all disabled:pointer-events-none disabled:opacity-50 [&_svg]:pointer-events-none [&_svg:not([class*='size-'])]:size-4 shrink-0 [&_svg]:shrink-0 outline-none focus-visible:border-ring focus-visible:ring-ring/50 focus-visible:ring-[3px] aria-invalid:ring-destructive/20 dark:aria-invalid:ring-destructive/40 aria-invalid:border-destructive bg-primary text-primary-foreground shadow-xs hover:bg-primary/90 h-8 rounded-md gap-1.5 px-3 has-[>svg]:px-2.5"[39m
        [33mdata-slot[39m=[32m"button"[39m
        [33mdisabled[39m=[32m""[39m
      [36m/>[39m

      Name "Technology":
      [36m<button[39m
        [33mclass[39m=[32m"inline-flex items-center justify-center whitespace-nowrap font-medium transition-all disabled:pointer-events-none disabled:opacity-50 [&_svg]:pointer-events-none [&_svg:not([class*='size-'])]:size-4 shrink-0 [&_svg]:shrink-0 outline-none focus-visible:border-ring focus-visible:ring-ring/50 focus-visible:ring-[3px] aria-invalid:ring-destructive/20 dark:aria-invalid:ring-destructive/40 aria-invalid:border-destructive border bg-background shadow-xs hover:bg-accent hover:text-accent-foreground dark:bg-input/30 dark:border-input dark:hover:bg-input/50 h-8 rounded-md gap-1.5 px-3 has-[>svg]:px-2.5 text-xs"[39m
        [33mdata-slot[39m=[32m"button"[39m
      [36m/>[39m

      Name "Healthcare":
      [36m<button[39m
        [33mclass[39m=[32m"inline-flex items-center justify-center whitespace-nowrap font-medium transition-all disabled:pointer-events-none disabled:opacity-50 [&_svg]:pointer-events-none [&_svg:not([class*='size-'])]:size-4 shrink-0 [&_svg]:shrink-0 outline-none focus-visible:border-ring focus-visible:ring-ring/50 focus-visible:ring-[3px] aria-invalid:ring-destructive/20 dark:aria-invalid:ring-destructive/40 aria-invalid:border-destructive border bg-background shadow-xs hover:bg-accent hover:text-accent-foreground dark:bg-input/30 dark:border-input dark:hover:bg-input/50 h-8 rounded-md gap-1.5 px-3 has-[>svg]:px-2.5 text-xs"[39m
        [33mdata-slot[39m=[32m"button"[39m
      [36m/>[39m

      Name "Finance":
      [36m<button[39m
        [33mclass[39m=[32m"inline-flex items-center justify-center whitespace-nowrap font-medium transition-all disabled:pointer-events-none disabled:opacity-50 [&_svg]:pointer-events-none [&_svg:not([class*='size-'])]:size-4 shrink-0 [&_svg]:shrink-0 outline-none focus-visible:border-ring focus-visible:ring-ring/50 focus-visible:ring-[3px] aria-invalid:ring-destructive/20 dark:aria-invalid:ring-destructive/40 aria-invalid:border-destructive border bg-background shadow-xs hover:bg-accent hover:text-accent-foreground dark:bg-input/30 dark:border-input dark:hover:bg-input/50 h-8 rounded-md gap-1.5 px-3 has-[>svg]:px-2.5 text-xs"[39m
        [33mdata-slot[39m=[32m"button"[39m
      [36m/>[39m

      Name "E-commerce":
      [36m<button[39m
        [33mclass[39m=[32m"inline-flex items-center justify-center whitespace-nowrap font-medium transition-all disabled:pointer-events-none disabled:opacity-50 [&_svg]:pointer-events-none [&_svg:not([class*='size-'])]:size-4 shrink-0 [&_svg]:shrink-0 outline-none focus-visible:border-ring focus-visible:ring-ring/50 focus-visible:ring-[3px] aria-invalid:ring-destructive/20 dark:aria-invalid:ring-destructive/40 aria-invalid:border-destructive border bg-background shadow-xs hover:bg-accent hover:text-accent-foreground dark:bg-input/30 dark:border-input dark:hover:bg-input/50 h-8 rounded-md gap-1.5 px-3 has-[>svg]:px-2.5 text-xs"[39m
        [33mdata-slot[39m=[32m"button"[39m
      [36m/>[39m

      Name "Education":
      [36m<button[39m
        [33mclass[39m=[32m"inline-flex items-center justify-center whitespace-nowrap font-medium transition-all disabled:pointer-events-none disabled:opacity-50 [&_svg]:pointer-events-none [&_svg:not([class*='size-'])]:size-4 shrink-0 [&_svg]:shrink-0 outline-none focus-visible:border-ring focus-visible:ring-ring/50 focus-visible:ring-[3px] aria-invalid:ring-destructive/20 dark:aria-invalid:ring-destructive/40 aria-invalid:border-destructive border bg-background shadow-xs hover:bg-accent hover:text-accent-foreground dark:bg-input/30 dark:border-input dark:hover:bg-input/50 h-8 rounded-md gap-1.5 px-3 has-[>svg]:px-2.5 text-xs"[39m
        [33mdata-slot[39m=[32m"button"[39m
      [36m/>[39m

      Name "Manufacturing":
      [36m<button[39m
        [33mclass[39m=[32m"inline-flex items-center justify-center whitespace-nowrap font-medium transition-all disabled:pointer-events-none disabled:opacity-50 [&_svg]:pointer-events-none [&_svg:not([class*='size-'])]:size-4 shrink-0 [&_svg]:shrink-0 outline-none focus-visible:border-ring focus-visible:ring-ring/50 focus-visible:ring-[3px] aria-invalid:ring-destructive/20 dark:aria-invalid:ring-destructive/40 aria-invalid:border-destructive border bg-background shadow-xs hover:bg-accent hover:text-accent-foreground dark:bg-input/30 dark:border-input dark:hover:bg-input/50 h-8 rounded-md gap-1.5 px-3 has-[>svg]:px-2.5 text-xs"[39m
        [33mdata-slot[39m=[32m"button"[39m
      [36m/>[39m

      Name "Consulting":
      [36m<button[39m
        [33mclass[39m=[32m"inline-flex items-center justify-center whitespace-nowrap font-medium transition-all disabled:pointer-events-none disabled:opacity-50 [&_svg]:pointer-events-none [&_svg:not([class*='size-'])]:size-4 shrink-0 [&_svg]:shrink-0 outline-none focus-visible:border-ring focus-visible:ring-ring/50 focus-visible:ring-[3px] aria-invalid:ring-destructive/20 dark:aria-invalid:ring-destructive/40 aria-invalid:border-destructive border bg-background shadow-xs hover:bg-accent hover:text-accent-foreground dark:bg-input/30 dark:border-input dark:hover:bg-input/50 h-8 rounded-md gap-1.5 px-3 has-[>svg]:px-2.5 text-xs"[39m
        [33mdata-slot[39m=[32m"button"[39m
      [36m/>[39m

      Name "Media & Entertainment":
      [36m<button[39m
        [33mclass[39m=[32m"inline-flex items-center justify-center whitespace-nowrap font-medium transition-all disabled:pointer-events-none disabled:opacity-50 [&_svg]:pointer-events-none [&_svg:not([class*='size-'])]:size-4 shrink-0 [&_svg]:shrink-0 outline-none focus-visible:border-ring focus-visible:ring-ring/50 focus-visible:ring-[3px] aria-invalid:ring-destructive/20 dark:aria-invalid:ring-destructive/40 aria-invalid:border-destructive border bg-background shadow-xs hover:bg-accent hover:text-accent-foreground dark:bg-input/30 dark:border-input dark:hover:bg-input/50 h-8 rounded-md gap-1.5 px-3 has-[>svg]:px-2.5 text-xs"[39m
        [33mdata-slot[39m=[32m"button"[39m
      [36m/>[39m

      Name "Real Estate":
      [36m<button[39m
        [33mclass[39m=[32m"inline-flex items-center justify-center whitespace-nowrap font-medium transition-all disabled:pointer-events-none disabled:opacity-50 [&_svg]:pointer-events-none [&_svg:not([class*='size-'])]:size-4 shrink-0 [&_svg]:shrink-0 outline-none focus-visible:border-ring focus-visible:ring-ring/50 focus-visible:ring-[3px] aria-invalid:ring-destructive/20 dark:aria-invalid:ring-destructive/40 aria-invalid:border-destructive border bg-background shadow-xs hover:bg-accent hover:text-accent-foreground dark:bg-input/30 dark:border-input dark:hover:bg-input/50 h-8 rounded-md gap-1.5 px-3 has-[>svg]:px-2.5 text-xs"[39m
        [33mdata-slot[39m=[32m"button"[39m
      [36m/>[39m

      Name "Government":
      [36m<button[39m
        [33mclass[39m=[32m"inline-flex items-center justify-center whitespace-nowrap font-medium transition-all disabled:pointer-events-none disabled:opacity-50 [&_svg]:pointer-events-none [&_svg:not([class*='size-'])]:size-4 shrink-0 [&_svg]:shrink-0 outline-none focus-visible:border-ring focus-visible:ring-ring/50 focus-visible:ring-[3px] aria-invalid:ring-destructive/20 dark:aria-invalid:ring-destructive/40 aria-invalid:border-destructive border bg-background shadow-xs hover:bg-accent hover:text-accent-foreground dark:bg-input/30 dark:border-input dark:hover:bg-input/50 h-8 rounded-md gap-1.5 px-3 has-[>svg]:px-2.5 text-xs"[39m
        [33mdata-slot[39m=[32m"button"[39m
      [36m/>[39m

      Name "Non-profit":
      [36m<button[39m
        [33mclass[39m=[32m"inline-flex items-center justify-center whitespace-nowrap font-medium transition-all disabled:pointer-events-none disabled:opacity-50 [&_svg]:pointer-events-none [&_svg:not([class*='size-'])]:size-4 shrink-0 [&_svg]:shrink-0 outline-none focus-visible:border-ring focus-visible:ring-ring/50 focus-visible:ring-[3px] aria-invalid:ring-destructive/20 dark:aria-invalid:ring-destructive/40 aria-invalid:border-destructive border bg-background shadow-xs hover:bg-accent hover:text-accent-foreground dark:bg-input/30 dark:border-input dark:hover:bg-input/50 h-8 rounded-md gap-1.5 px-3 has-[>svg]:px-2.5 text-xs"[39m
        [33mdata-slot[39m=[32m"button"[39m
      [36m/>[39m

      Name "Startups":
      [36m<button[39m
        [33mclass[39m=[32m"inline-flex items-center justify-center whitespace-nowrap font-medium transition-all disabled:pointer-events-none disabled:opacity-50 [&_svg]:pointer-events-none [&_svg:not([class*='size-'])]:size-4 shrink-0 [&_svg]:shrink-0 outline-none focus-visible:border-ring focus-visible:ring-ring/50 focus-visible:ring-[3px] aria-invalid:ring-destructive/20 dark:aria-invalid:ring-destructive/40 aria-invalid:border-destructive border bg-background shadow-xs hover:bg-accent hover:text-accent-foreground dark:bg-input/30 dark:border-input dark:hover:bg-input/50 h-8 rounded-md gap-1.5 px-3 has-[>svg]:px-2.5 text-xs"[39m
        [33mdata-slot[39m=[32m"button"[39m
      [36m/>[39m

      Name "":
      [36m<button[39m
        [33mclass[39m=[32m"inline-flex items-center justify-center whitespace-nowrap text-sm font-medium transition-all disabled:pointer-events-none disabled:opacity-50 [&_svg]:pointer-events-none [&_svg:not([class*='size-'])]:size-4 shrink-0 [&_svg]:shrink-0 outline-none focus-visible:border-ring focus-visible:ring-ring/50 focus-visible:ring-[3px] aria-invalid:ring-destructive/20 dark:aria-invalid:ring-destructive/40 aria-invalid:border-destructive bg-primary text-primary-foreground shadow-xs hover:bg-primary/90 h-8 rounded-md gap-1.5 px-3 has-[>svg]:px-2.5"[39m
        [33mdata-slot[39m=[32m"button"[39m
        [33mdisabled[39m=[32m""[39m
      [36m/>[39m

      Name "":
      [36m<button[39m
        [33mclass[39m=[32m"inline-flex items-center justify-center whitespace-nowrap text-sm font-medium transition-all disabled:pointer-events-none disabled:opacity-50 [&_svg]:pointer-events-none [&_svg:not([class*='size-'])]:size-4 shrink-0 [&_svg]:shrink-0 outline-none focus-visible:border-ring focus-visible:ring-ring/50 focus-visible:ring-[3px] aria-invalid:ring-destructive/20 dark:aria-invalid:ring-destructive/40 aria-invalid:border-destructive bg-primary text-primary-foreground shadow-xs hover:bg-primary/90 h-8 rounded-md gap-1.5 px-3 has-[>svg]:px-2.5"[39m
        [33mdata-slot[39m=[32m"button"[39m
        [33mdisabled[39m=[32m""[39m
      [36m/>[39m

      Name "Back":
      [36m<button[39m
        [33mclass[39m=[32m"inline-flex items-center justify-center gap-2 whitespace-nowrap rounded-md text-sm font-medium transition-all disabled:pointer-events-none disabled:opacity-50 [&_svg]:pointer-events-none [&_svg:not([class*='size-'])]:size-4 shrink-0 [&_svg]:shrink-0 outline-none focus-visible:border-ring focus-visible:ring-ring/50 focus-visible:ring-[3px] aria-invalid:ring-destructive/20 dark:aria-invalid:ring-destructive/40 aria-invalid:border-destructive border bg-background shadow-xs hover:bg-accent hover:text-accent-foreground dark:bg-input/30 dark:border-input dark:hover:bg-input/50 h-9 px-4 py-2 has-[>svg]:px-3"[39m
        [33mdata-slot[39m=[32m"button"[39m
      [36m/>[39m

      Name "Continue":
      [36m<button[39m
        [33mclass[39m=[32m"inline-flex items-center justify-center gap-2 whitespace-nowrap rounded-md text-sm font-medium transition-all disabled:pointer-events-none disabled:opacity-50 [&_svg]:pointer-events-none [&_svg:not([class*='size-'])]:size-4 shrink-0 [&_svg]:shrink-0 outline-none focus-visible:border-ring focus-visible:ring-ring/50 focus-visible:ring-[3px] aria-invalid:ring-destructive/20 dark:aria-invalid:ring-destructive/40 aria-invalid:border-destructive text-primary-foreground shadow-xs h-9 px-4 py-2 has-[>svg]:px-3 bg-green-600 hover:bg-green-700"[39m
        [33mdata-slot[39m=[32m"button"[39m
        [33mdisabled[39m=[32m""[39m
      [36m/>[39m

      --------------------------------------------------
      textbox:

      Name "":
      [36m<input[39m
        [33mclass[39m=[32m"file:text-foreground placeholder:text-muted-foreground selection:bg-primary selection:text-primary-foreground dark:bg-input/30 border-input flex h-9 w-full min-w-0 rounded-md border bg-transparent px-3 py-1 text-base shadow-xs transition-[color,box-shadow] outline-none file:inline-flex file:h-7 file:border-0 file:bg-transparent file:text-sm file:font-medium disabled:pointer-events-none disabled:cursor-not-allowed disabled:opacity-50 md:text-sm focus-visible:border-ring focus-visible:ring-ring/50 focus-visible:ring-[3px] aria-invalid:ring-destructive/20 dark:aria-invalid:ring-destructive/40 aria-invalid:border-destructive"[39m
        [33mdata-slot[39m=[32m"input"[39m
        [33mplaceholder[39m=[32m"Add custom role..."[39m
        [33mvalue[39m=[32m""[39m
      [36m/>[39m

      Name "":
      [36m<input[39m
        [33mclass[39m=[32m"file:text-foreground placeholder:text-muted-foreground selection:bg-primary selection:text-primary-foreground dark:bg-input/30 border-input flex h-9 w-full min-w-0 rounded-md border bg-transparent px-3 py-1 text-base shadow-xs transition-[color,box-shadow] outline-none file:inline-flex file:h-7 file:border-0 file:bg-transparent file:text-sm file:font-medium disabled:pointer-events-none disabled:cursor-not-allowed disabled:opacity-50 md:text-sm focus-visible:border-ring focus-visible:ring-ring/50 focus-visible:ring-[3px] aria-invalid:ring-destructive/20 dark:aria-invalid:ring-destructive/40 aria-invalid:border-destructive"[39m
        [33mdata-slot[39m=[32m"input"[39m
        [33mplaceholder[39m=[32m"Add custom industry..."[39m
        [33mvalue[39m=[32m""[39m
      [36m/>[39m

      Name "":
      [36m<input[39m
        [33mclass[39m=[32m"file:text-foreground placeholder:text-muted-foreground selection:bg-primary selection:text-primary-foreground dark:bg-input/30 border-input flex h-9 w-full min-w-0 rounded-md border bg-transparent px-3 py-1 text-base shadow-xs transition-[color,box-shadow] outline-none file:inline-flex file:h-7 file:border-0 file:bg-transparent file:text-sm file:font-medium disabled:pointer-events-none disabled:cursor-not-allowed disabled:opacity-50 md:text-sm focus-visible:border-ring focus-visible:ring-ring/50 focus-visible:ring-[3px] aria-invalid:ring-destructive/20 dark:aria-invalid:ring-destructive/40 aria-invalid:border-destructive"[39m
        [33mdata-slot[39m=[32m"input"[39m
        [33mplaceholder[39m=[32m"Add location (e.g., San Francisco, Remote, New York)..."[39m
        [33mvalue[39m=[32m""[39m
      [36m/>[39m

      --------------------------------------------------
      radio:

      Name "Entry Level":
      [36m<input[39m
        [33mclass[39m=[32m"h-4 w-4 text-blue-600"[39m
        [33mname[39m=[32m"careerLevel"[39m
        [33mtype[39m=[32m"radio"[39m
        [33mvalue[39m=[32m"entry"[39m
      [36m/>[39m

      Name "Mid Level":
      [36m<input[39m
        [33mclass[39m=[32m"h-4 w-4 text-blue-600"[39m
        [33mname[39m=[32m"careerLevel"[39m
        [33mtype[39m=[32m"radio"[39m
        [33mvalue[39m=[32m"mid"[39m
      [36m/>[39m

      Name "Senior Level":
      [36m<input[39m
        [33mclass[39m=[32m"h-4 w-4 text-blue-600"[39m
        [33mname[39m=[32m"careerLevel"[39m
        [33mtype[39m=[32m"radio"[39m
        [33mvalue[39m=[32m"senior"[39m
      [36m/>[39m

      Name "Lead/Principal":
      [36m<input[39m
        [33mclass[39m=[32m"h-4 w-4 text-blue-600"[39m
        [33mname[39m=[32m"careerLevel"[39m
        [33mtype[39m=[32m"radio"[39m
        [33mvalue[39m=[32m"lead"[39m
      [36m/>[39m

      Name "Executive/C-Level":
      [36m<input[39m
        [33mclass[39m=[32m"h-4 w-4 text-blue-600"[39m
        [33mname[39m=[32m"careerLevel"[39m
        [33mtype[39m=[32m"radio"[39m
        [33mvalue[39m=[32m"executive"[39m
      [36m/>[39m

      Name "0-1 years":
      [36m<input[39m
        [33mclass[39m=[32m"h-4 w-4 text-blue-600"[39m
        [33mname[39m=[32m"yearsOfExperience"[39m
        [33mtype[39m=[32m"radio"[39m
        [33mvalue[39m=[32m"0-1"[39m
      [36m/>[39m

      Name "2-3 years":
      [36m<input[39m
        [33mclass[39m=[32m"h-4 w-4 text-blue-600"[39m
        [33mname[39m=[32m"yearsOfExperience"[39m
        [33mtype[39m=[32m"radio"[39m
        [33mvalue[39m=[32m"2-3"[39m
      [36m/>[39m

      Name "4-5 years":
      [36m<input[39m
        [33mclass[39m=[32m"h-4 w-4 text-blue-600"[39m
        [33mname[39m=[32m"yearsOfExperience"[39m
        [33mtype[39m=[32m"radio"[39m
        [33mvalue[39m=[32m"4-5"[39m
      [36m/>[39m

      Name "6-10 years":
      [36m<input[39m
        [33mclass[39m=[32m"h-4 w-4 text-blue-600"[39m
        [33mname[39m=[32m"yearsOfExperience"[39m
        [33mtype[39m=[32m"radio"[39m
        [33mvalue[39m=[32m"6-10"[39m
      [36m/>[39m

      Name "11-15 years":
      [36m<input[39m
        [33mclass[39m=[32m"h-4 w-4 text-blue-600"[39m
        [33mname[39m=[32m"yearsOfExperience"[39m
        [33mtype[39m=[32m"radio"[39m
        [33mvalue[39m=[32m"11-15"[39m
      [36m/>[39m

      Name "16+ years":
      [36m<input[39m
        [33mclass[39m=[32m"h-4 w-4 text-blue-600"[39m
        [33mname[39m=[32m"yearsOfExperience"[39m
        [33mtype[39m=[32m"radio"[39m
        [33mvalue[39m=[32m"16+"[39m
      [36m/>[39m

      --------------------------------------------------

    Ignored nodes: comments, script, style
    [36m<body>[39m
      [36m<div>[39m
        [36m<div[39m
          [33mclass[39m=[32m"max-w-2xl mx-auto space-y-6"[39m
        [36m>[39m
          [36m<div[39m
            [33mclass[39m=[32m"text-center space-y-4"[39m
          [36m>[39m
            [36m<div[39m
              [33mclass[39m=[32m"flex justify-center"[39m
            [36m>[39m
              [36m<div[39m
                [33mclass[39m=[32m"p-3 bg-green-100 rounded-full"[39m
              [36m>[39m
                [36m<svg[39m
                  [33maria-hidden[39m=[32m"true"[39m
                  [33mclass[39m=[32m"lucide lucide-target h-8 w-8 text-green-600"[39m
                  [33mfill[39m=[32m"none"[39m
                  [33mheight[39m=[32m"24"[39m
                  [33mstroke[39m=[32m"currentColor"[39m
                  [33mstroke-linecap[39m=[32m"round"[39m
                  [33mstroke-linejoin[39m=[32m"round"[39m
                  [33mstroke-width[39m=[32m"2"[39m
                  [33mviewBox[39m=[32m"0 0 24 24"[39m
                  [33mwidth[39m=[32m"24"[39m
                  [33mxmlns[39m=[32m"http://www.w3.org/2000/svg"[39m
                [36m>[39m
                  [36m<circle[39m
                    [33mcx[39m=[32m"12"[39m
                    [33mcy[39m=[32m"12"[39m
                    [33mr[39m=[32m"10"[39m
                  [36m/>[39m
                  [36m<circle[39m
                    [33mcx[39m=[32m"12"[39m
                    [33mcy[39m=[32m"12"[39m
                    [33mr[39m=[32m"6"[39m
                  [36m/>[39m
                  [36m<circle[39m
                    [33mcx[39m=[32m"12"[39m
                    [33mcy[39m=[32m"12"[39m
                    [33mr[39m=[32m"2"[39m
                  [36m/>[39m
                [36m</svg>[39m
              [36m</div>[39m
            [36m</div>[39m
            [36m<h2[39m
              [33mclass[39m=[32m"text-2xl font-bold text-gray-900"[39m
            [36m>[39m
              [0mTell Us About Your Goals[0m
            [36m</h2>[39m
            [36m<p[39m
              [33mclass[39m=[32m"text-gray-600"[39m
            [36m>[39m
              [0mHelp us personalize your experience by sharing your career interests and target roles.[0m
            [36m</p>[39m
          [36m</div>[39m
          [36m<div[39m
            [33mclass[39m=[32m"bg-card text-card-foreground flex flex-col gap-6 rounded-xl border py-6 shadow-sm"[39m
            [33mdata-slot[39m=[32m"card"[39m
          [36m>[39m
            [36m<div[39m
              [33mclass[39m=[32m"@container/card-header grid auto-rows-min grid-rows-[auto_auto] items-start gap-1.5 px-6 has-data-[slot=card-action]:grid-cols-[1fr_auto] [.border-b]:pb-6"[39m
              [33mdata-slot[39m=[32m"card-header"[39m
            [36m>[39m
              [36m<div[39m
                [33mclass[39m=[32m"leading-none font-semibold flex items-center gap-2"[39m
                [33mdata-slot[39m=[32m"card-title"[39m
              [36m>[39m
                [36m<svg[39m
                  [33maria-hidden[39m=[32m"true"[39m
                  [33mclass[39m=[32m"lucide lucide-briefcase h-5 w-5"[39m
                  [33mfill[39m=[32m"none"[39m
                  [33mheight[39m=[32m"24"[39m
                  [33mstroke[39m=[32m"currentColor"[39m
                  [33mstroke-linecap[39m=[32m"round"[39m
                  [33mstroke-linejoin[39m=[32m"round"[39m
                  [33mstroke-width[39m=[32m"2"[39m
                  [33mviewBox[39m=[32m"0 0 24 24"[39m
                  [33mwidth[39m=[32m"24"[39m
                  [33mxmlns[39m=[32m"http://www.w3.org/2000/svg"[39m
                [36m>[39m
                  [36m<path[39m
                    [33md[39m=[32m"M16 20V4a2 2 0 0 0-2-2h-4a2 2 0 0 0-2 2v16"[39m
                  [36m/>[39m
                  [36m<rect[39m
                    [33mheight[39m=[32m"14"[39m
                    [33mrx[39m=[32m"2"[39m
                    [33mwidth[39m=[32m"20"[39m
                    [33mx[39m=[32m"2"[39m
                    [33my[39m=[32m"6"[39m
                  [36m/>[39m
                [36m</svg>[39m
                [0mTarget Roles[0m
              [36m</div>[39m
              [36m<div[39m
                [33mclass[39m=[32m"text-muted-foreground text-sm"[39m
                [33mdata-slot[39m=[32m"card-description"[39m
              [36m>[39m
                [0mWhat management or leadership roles are you interested in?[0m
              [36m</div>[39m
            [36m</div>[39m
            [36m<div[39m
              [33mclass[39m=[32m"px-6 space-y-4"[39m
              [33mdata-slot[39m=[32m"card-content"[39m
            [36m>[39m
              [36m<div[39m
                [33mclass[39m=[32m"space-y-2"[39m
              [36m>[39m
                [36m<label[39m
                  [33mclass[39m=[32m"flex items-center gap-2 select-none group-data-[disabled=true]:pointer-events-none group-data-[disabled=true]:opacity-50 peer-disabled:cursor-not-allowed peer-disabled:opacity-50 text-sm font-medium"[39m
                  [33mdata-slot[39m=[32m"label"[39m
                [36m>[39m
                  [0mPopular Roles[0m
                [36m</label>[39m
                [36m<div[39m
                  [33mclass[39m=[32m"flex flex-wrap gap-2"[39m
                [36m>[39m
                  [36m<button[39m
                    [33mclass[39m=[32m"inline-flex items-center justify-center whitespace-nowrap font-medium transition-all disabled:pointer-events-none disabled:opacity-50 [&_svg]:pointer-events-none [&_svg:not([class*='size-'])]:size-4 shrink-0 [&_svg]:shrink-0 outline-none focus-visible:border-ring focus-visible:ring-ring/50 focus-visible:ring-[3px] aria-invalid:ring-destructive/20 dark:aria-invalid:ring-destructive/40 aria-invalid:border-destructive border bg-background shadow-xs hover:bg-accent hover:text-accent-foreground dark:bg-input/30 dark:border-input dark:hover:bg-input/50 h-8 rounded-md gap-1.5 px-3 has-[>svg]:px-2.5 text-xs"[39m
                    [33mdata-slot[39m=[32m"button"[39m
                  [36m>[39m
                    [0mEngineering Manager[0m
                  [36m</button>[39m
                  [36m<button[39m
                    [33mclass[39m=[32m"inline-flex items-center justify-center whitespace-nowrap font-medium transition-all disabled:pointer-events-none disabled:opacity-50 [&_svg]:pointer-events-none [&_svg:not([class*='size-'])]:size-4 shrink-0 [&_svg]:shrink-0 outline-none focus-visible:border-ring focus-visible:ring-ring/50 focus-visible:ring-[3px] aria-invalid:ring-destructive/20 dark:aria-invalid:ring-destructive/40 aria-invalid:border-destructive border bg-background shadow-xs hover:bg-accent hover:text-accent-foreground dark:bg-input/30 dark:border-input dark:hover:bg-input/50 h-8 rounded-md gap-1.5 px-3 has-[>svg]:px-2.5 text-xs"[39m
                    [33mdata-slot[39m=[32m"button"[39m
                  [36m>[39m
                    [0mProduct Manager[0m
                  [36m</button>[39m
                  [36m<button[39m
                    [33mclass[39m=[32m"inline-flex items-center justify-center whitespace-nowrap font-medium transition-all disabled:pointer-events-none disable...

      54 |     
      55 |     const customIndustryInput = screen.getByPlaceholderText('Add custom industry...');
    > 56 |     const addButtons = screen.getAllByRole('button', { name: /plus/i });
         |                               ^
      57 |     const addIndustryButton = addButtons[1]; // Second plus button is for industries
      58 |     
      59 |     fireEvent.change(customIndustryInput, { target: { value: 'Custom Industry' } });

      at Object.getElementError (node_modules/@testing-library/dom/dist/config.js:37:19)
      at node_modules/@testing-library/dom/dist/query-helpers.js:76:38
      at node_modules/@testing-library/dom/dist/query-helpers.js:109:15
      at Object.getAllByRole (src/components/onboarding/__tests__/job-interests-step.test.tsx:56:31)

  ● JobInterestsStep › enables continue button when form is valid

    TestingLibraryElementError: Unable to find an accessible element with the role "button" and name `/plus/i`

    Here are the accessible roles:

      heading:

      Name "Tell Us About Your Goals":
      [36m<h2[39m
        [33mclass[39m=[32m"text-2xl font-bold text-gray-900"[39m
      [36m/>[39m

      --------------------------------------------------
      paragraph:

      Name "":
      [36m<p[39m
        [33mclass[39m=[32m"text-gray-600"[39m
      [36m/>[39m

      --------------------------------------------------
      button:

      Name "Engineering Manager":
      [36m<button[39m
        [33mclass[39m=[32m"inline-flex items-center justify-center whitespace-nowrap font-medium transition-all disabled:pointer-events-none disabled:opacity-50 [&_svg]:pointer-events-none [&_svg:not([class*='size-'])]:size-4 shrink-0 [&_svg]:shrink-0 outline-none focus-visible:border-ring focus-visible:ring-ring/50 focus-visible:ring-[3px] aria-invalid:ring-destructive/20 dark:aria-invalid:ring-destructive/40 aria-invalid:border-destructive border bg-background shadow-xs hover:bg-accent hover:text-accent-foreground dark:bg-input/30 dark:border-input dark:hover:bg-input/50 h-8 rounded-md gap-1.5 px-3 has-[>svg]:px-2.5 text-xs"[39m
        [33mdata-slot[39m=[32m"button"[39m
      [36m/>[39m

      Name "Product Manager":
      [36m<button[39m
        [33mclass[39m=[32m"inline-flex items-center justify-center whitespace-nowrap font-medium transition-all disabled:pointer-events-none disabled:opacity-50 [&_svg]:pointer-events-none [&_svg:not([class*='size-'])]:size-4 shrink-0 [&_svg]:shrink-0 outline-none focus-visible:border-ring focus-visible:ring-ring/50 focus-visible:ring-[3px] aria-invalid:ring-destructive/20 dark:aria-invalid:ring-destructive/40 aria-invalid:border-destructive border bg-background shadow-xs hover:bg-accent hover:text-accent-foreground dark:bg-input/30 dark:border-input dark:hover:bg-input/50 h-8 rounded-md gap-1.5 px-3 has-[>svg]:px-2.5 text-xs"[39m
        [33mdata-slot[39m=[32m"button"[39m
      [36m/>[39m

      Name "Technical Lead":
      [36m<button[39m
        [33mclass[39m=[32m"inline-flex items-center justify-center whitespace-nowrap font-medium transition-all disabled:pointer-events-none disabled:opacity-50 [&_svg]:pointer-events-none [&_svg:not([class*='size-'])]:size-4 shrink-0 [&_svg]:shrink-0 outline-none focus-visible:border-ring focus-visible:ring-ring/50 focus-visible:ring-[3px] aria-invalid:ring-destructive/20 dark:aria-invalid:ring-destructive/40 aria-invalid:border-destructive border bg-background shadow-xs hover:bg-accent hover:text-accent-foreground dark:bg-input/30 dark:border-input dark:hover:bg-input/50 h-8 rounded-md gap-1.5 px-3 has-[>svg]:px-2.5 text-xs"[39m
        [33mdata-slot[39m=[32m"button"[39m
      [36m/>[39m

      Name "Senior Software Engineer":
      [36m<button[39m
        [33mclass[39m=[32m"inline-flex items-center justify-center whitespace-nowrap font-medium transition-all disabled:pointer-events-none disabled:opacity-50 [&_svg]:pointer-events-none [&_svg:not([class*='size-'])]:size-4 shrink-0 [&_svg]:shrink-0 outline-none focus-visible:border-ring focus-visible:ring-ring/50 focus-visible:ring-[3px] aria-invalid:ring-destructive/20 dark:aria-invalid:ring-destructive/40 aria-invalid:border-destructive border bg-background shadow-xs hover:bg-accent hover:text-accent-foreground dark:bg-input/30 dark:border-input dark:hover:bg-input/50 h-8 rounded-md gap-1.5 px-3 has-[>svg]:px-2.5 text-xs"[39m
        [33mdata-slot[39m=[32m"button"[39m
      [36m/>[39m

      Name "Data Science Manager":
      [36m<button[39m
        [33mclass[39m=[32m"inline-flex items-center justify-center whitespace-nowrap font-medium transition-all disabled:pointer-events-none disabled:opacity-50 [&_svg]:pointer-events-none [&_svg:not([class*='size-'])]:size-4 shrink-0 [&_svg]:shrink-0 outline-none focus-visible:border-ring focus-visible:ring-ring/50 focus-visible:ring-[3px] aria-invalid:ring-destructive/20 dark:aria-invalid:ring-destructive/40 aria-invalid:border-destructive border bg-background shadow-xs hover:bg-accent hover:text-accent-foreground dark:bg-input/30 dark:border-input dark:hover:bg-input/50 h-8 rounded-md gap-1.5 px-3 has-[>svg]:px-2.5 text-xs"[39m
        [33mdata-slot[39m=[32m"button"[39m
      [36m/>[39m

      Name "Marketing Manager":
      [36m<button[39m
        [33mclass[39m=[32m"inline-flex items-center justify-center whitespace-nowrap font-medium transition-all disabled:pointer-events-none disabled:opacity-50 [&_svg]:pointer-events-none [&_svg:not([class*='size-'])]:size-4 shrink-0 [&_svg]:shrink-0 outline-none focus-visible:border-ring focus-visible:ring-ring/50 focus-visible:ring-[3px] aria-invalid:ring-destructive/20 dark:aria-invalid:ring-destructive/40 aria-invalid:border-destructive border bg-background shadow-xs hover:bg-accent hover:text-accent-foreground dark:bg-input/30 dark:border-input dark:hover:bg-input/50 h-8 rounded-md gap-1.5 px-3 has-[>svg]:px-2.5 text-xs"[39m
        [33mdata-slot[39m=[32m"button"[39m
      [36m/>[39m

      Name "Sales Manager":
      [36m<button[39m
        [33mclass[39m=[32m"inline-flex items-center justify-center whitespace-nowrap font-medium transition-all disabled:pointer-events-none disabled:opacity-50 [&_svg]:pointer-events-none [&_svg:not([class*='size-'])]:size-4 shrink-0 [&_svg]:shrink-0 outline-none focus-visible:border-ring focus-visible:ring-ring/50 focus-visible:ring-[3px] aria-invalid:ring-destructive/20 dark:aria-invalid:ring-destructive/40 aria-invalid:border-destructive border bg-background shadow-xs hover:bg-accent hover:text-accent-foreground dark:bg-input/30 dark:border-input dark:hover:bg-input/50 h-8 rounded-md gap-1.5 px-3 has-[>svg]:px-2.5 text-xs"[39m
        [33mdata-slot[39m=[32m"button"[39m
      [36m/>[39m

      Name "Operations Manager":
      [36m<button[39m
        [33mclass[39m=[32m"inline-flex items-center justify-center whitespace-nowrap font-medium transition-all disabled:pointer-events-none disabled:opacity-50 [&_svg]:pointer-events-none [&_svg:not([class*='size-'])]:size-4 shrink-0 [&_svg]:shrink-0 outline-none focus-visible:border-ring focus-visible:ring-ring/50 focus-visible:ring-[3px] aria-invalid:ring-destructive/20 dark:aria-invalid:ring-destructive/40 aria-invalid:border-destructive border bg-background shadow-xs hover:bg-accent hover:text-accent-foreground dark:bg-input/30 dark:border-input dark:hover:bg-input/50 h-8 rounded-md gap-1.5 px-3 has-[>svg]:px-2.5 text-xs"[39m
        [33mdata-slot[39m=[32m"button"[39m
      [36m/>[39m

      Name "Project Manager":
      [36m<button[39m
        [33mclass[39m=[32m"inline-flex items-center justify-center whitespace-nowrap font-medium transition-all disabled:pointer-events-none disabled:opacity-50 [&_svg]:pointer-events-none [&_svg:not([class*='size-'])]:size-4 shrink-0 [&_svg]:shrink-0 outline-none focus-visible:border-ring focus-visible:ring-ring/50 focus-visible:ring-[3px] aria-invalid:ring-destructive/20 dark:aria-invalid:ring-destructive/40 aria-invalid:border-destructive border bg-background shadow-xs hover:bg-accent hover:text-accent-foreground dark:bg-input/30 dark:border-input dark:hover:bg-input/50 h-8 rounded-md gap-1.5 px-3 has-[>svg]:px-2.5 text-xs"[39m
        [33mdata-slot[39m=[32m"button"[39m
      [36m/>[39m

      Name "Design Manager":
      [36m<button[39m
        [33mclass[39m=[32m"inline-flex items-center justify-center whitespace-nowrap font-medium transition-all disabled:pointer-events-none disabled:opacity-50 [&_svg]:pointer-events-none [&_svg:not([class*='size-'])]:size-4 shrink-0 [&_svg]:shrink-0 outline-none focus-visible:border-ring focus-visible:ring-ring/50 focus-visible:ring-[3px] aria-invalid:ring-destructive/20 dark:aria-invalid:ring-destructive/40 aria-invalid:border-destructive border bg-background shadow-xs hover:bg-accent hover:text-accent-foreground dark:bg-input/30 dark:border-input dark:hover:bg-input/50 h-8 rounded-md gap-1.5 px-3 has-[>svg]:px-2.5 text-xs"[39m
        [33mdata-slot[39m=[32m"button"[39m
      [36m/>[39m

      Name "DevOps Manager":
      [36m<button[39m
        [33mclass[39m=[32m"inline-flex items-center justify-center whitespace-nowrap font-medium transition-all disabled:pointer-events-none disabled:opacity-50 [&_svg]:pointer-events-none [&_svg:not([class*='size-'])]:size-4 shrink-0 [&_svg]:shrink-0 outline-none focus-visible:border-ring focus-visible:ring-ring/50 focus-visible:ring-[3px] aria-invalid:ring-destructive/20 dark:aria-invalid:ring-destructive/40 aria-invalid:border-destructive border bg-background shadow-xs hover:bg-accent hover:text-accent-foreground dark:bg-input/30 dark:border-input dark:hover:bg-input/50 h-8 rounded-md gap-1.5 px-3 has-[>svg]:px-2.5 text-xs"[39m
        [33mdata-slot[39m=[32m"button"[39m
      [36m/>[39m

      Name "QA Manager":
      [36m<button[39m
        [33mclass[39m=[32m"inline-flex items-center justify-center whitespace-nowrap font-medium transition-all disabled:pointer-events-none disabled:opacity-50 [&_svg]:pointer-events-none [&_svg:not([class*='size-'])]:size-4 shrink-0 [&_svg]:shrink-0 outline-none focus-visible:border-ring focus-visible:ring-ring/50 focus-visible:ring-[3px] aria-invalid:ring-destructive/20 dark:aria-invalid:ring-destructive/40 aria-invalid:border-destructive border bg-background shadow-xs hover:bg-accent hover:text-accent-foreground dark:bg-input/30 dark:border-input dark:hover:bg-input/50 h-8 rounded-md gap-1.5 px-3 has-[>svg]:px-2.5 text-xs"[39m
        [33mdata-slot[39m=[32m"button"[39m
      [36m/>[39m

      Name "":
      [36m<button[39m
        [33mclass[39m=[32m"inline-flex items-center justify-center whitespace-nowrap text-sm font-medium transition-all disabled:pointer-events-none disabled:opacity-50 [&_svg]:pointer-events-none [&_svg:not([class*='size-'])]:size-4 shrink-0 [&_svg]:shrink-0 outline-none focus-visible:border-ring focus-visible:ring-ring/50 focus-visible:ring-[3px] aria-invalid:ring-destructive/20 dark:aria-invalid:ring-destructive/40 aria-invalid:border-destructive bg-primary text-primary-foreground shadow-xs hover:bg-primary/90 h-8 rounded-md gap-1.5 px-3 has-[>svg]:px-2.5"[39m
        [33mdata-slot[39m=[32m"button"[39m
        [33mdisabled[39m=[32m""[39m
      [36m/>[39m

      Name "Technology":
      [36m<button[39m
        [33mclass[39m=[32m"inline-flex items-center justify-center whitespace-nowrap font-medium transition-all disabled:pointer-events-none disabled:opacity-50 [&_svg]:pointer-events-none [&_svg:not([class*='size-'])]:size-4 shrink-0 [&_svg]:shrink-0 outline-none focus-visible:border-ring focus-visible:ring-ring/50 focus-visible:ring-[3px] aria-invalid:ring-destructive/20 dark:aria-invalid:ring-destructive/40 aria-invalid:border-destructive border bg-background shadow-xs hover:bg-accent hover:text-accent-foreground dark:bg-input/30 dark:border-input dark:hover:bg-input/50 h-8 rounded-md gap-1.5 px-3 has-[>svg]:px-2.5 text-xs"[39m
        [33mdata-slot[39m=[32m"button"[39m
      [36m/>[39m

      Name "Healthcare":
      [36m<button[39m
        [33mclass[39m=[32m"inline-flex items-center justify-center whitespace-nowrap font-medium transition-all disabled:pointer-events-none disabled:opacity-50 [&_svg]:pointer-events-none [&_svg:not([class*='size-'])]:size-4 shrink-0 [&_svg]:shrink-0 outline-none focus-visible:border-ring focus-visible:ring-ring/50 focus-visible:ring-[3px] aria-invalid:ring-destructive/20 dark:aria-invalid:ring-destructive/40 aria-invalid:border-destructive border bg-background shadow-xs hover:bg-accent hover:text-accent-foreground dark:bg-input/30 dark:border-input dark:hover:bg-input/50 h-8 rounded-md gap-1.5 px-3 has-[>svg]:px-2.5 text-xs"[39m
        [33mdata-slot[39m=[32m"button"[39m
      [36m/>[39m

      Name "Finance":
      [36m<button[39m
        [33mclass[39m=[32m"inline-flex items-center justify-center whitespace-nowrap font-medium transition-all disabled:pointer-events-none disabled:opacity-50 [&_svg]:pointer-events-none [&_svg:not([class*='size-'])]:size-4 shrink-0 [&_svg]:shrink-0 outline-none focus-visible:border-ring focus-visible:ring-ring/50 focus-visible:ring-[3px] aria-invalid:ring-destructive/20 dark:aria-invalid:ring-destructive/40 aria-invalid:border-destructive border bg-background shadow-xs hover:bg-accent hover:text-accent-foreground dark:bg-input/30 dark:border-input dark:hover:bg-input/50 h-8 rounded-md gap-1.5 px-3 has-[>svg]:px-2.5 text-xs"[39m
        [33mdata-slot[39m=[32m"button"[39m
      [36m/>[39m

      Name "E-commerce":
      [36m<button[39m
        [33mclass[39m=[32m"inline-flex items-center justify-center whitespace-nowrap font-medium transition-all disabled:pointer-events-none disabled:opacity-50 [&_svg]:pointer-events-none [&_svg:not([class*='size-'])]:size-4 shrink-0 [&_svg]:shrink-0 outline-none focus-visible:border-ring focus-visible:ring-ring/50 focus-visible:ring-[3px] aria-invalid:ring-destructive/20 dark:aria-invalid:ring-destructive/40 aria-invalid:border-destructive border bg-background shadow-xs hover:bg-accent hover:text-accent-foreground dark:bg-input/30 dark:border-input dark:hover:bg-input/50 h-8 rounded-md gap-1.5 px-3 has-[>svg]:px-2.5 text-xs"[39m
        [33mdata-slot[39m=[32m"button"[39m
      [36m/>[39m

      Name "Education":
      [36m<button[39m
        [33mclass[39m=[32m"inline-flex items-center justify-center whitespace-nowrap font-medium transition-all disabled:pointer-events-none disabled:opacity-50 [&_svg]:pointer-events-none [&_svg:not([class*='size-'])]:size-4 shrink-0 [&_svg]:shrink-0 outline-none focus-visible:border-ring focus-visible:ring-ring/50 focus-visible:ring-[3px] aria-invalid:ring-destructive/20 dark:aria-invalid:ring-destructive/40 aria-invalid:border-destructive border bg-background shadow-xs hover:bg-accent hover:text-accent-foreground dark:bg-input/30 dark:border-input dark:hover:bg-input/50 h-8 rounded-md gap-1.5 px-3 has-[>svg]:px-2.5 text-xs"[39m
        [33mdata-slot[39m=[32m"button"[39m
      [36m/>[39m

      Name "Manufacturing":
      [36m<button[39m
        [33mclass[39m=[32m"inline-flex items-center justify-center whitespace-nowrap font-medium transition-all disabled:pointer-events-none disabled:opacity-50 [&_svg]:pointer-events-none [&_svg:not([class*='size-'])]:size-4 shrink-0 [&_svg]:shrink-0 outline-none focus-visible:border-ring focus-visible:ring-ring/50 focus-visible:ring-[3px] aria-invalid:ring-destructive/20 dark:aria-invalid:ring-destructive/40 aria-invalid:border-destructive border bg-background shadow-xs hover:bg-accent hover:text-accent-foreground dark:bg-input/30 dark:border-input dark:hover:bg-input/50 h-8 rounded-md gap-1.5 px-3 has-[>svg]:px-2.5 text-xs"[39m
        [33mdata-slot[39m=[32m"button"[39m
      [36m/>[39m

      Name "Consulting":
      [36m<button[39m
        [33mclass[39m=[32m"inline-flex items-center justify-center whitespace-nowrap font-medium transition-all disabled:pointer-events-none disabled:opacity-50 [&_svg]:pointer-events-none [&_svg:not([class*='size-'])]:size-4 shrink-0 [&_svg]:shrink-0 outline-none focus-visible:border-ring focus-visible:ring-ring/50 focus-visible:ring-[3px] aria-invalid:ring-destructive/20 dark:aria-invalid:ring-destructive/40 aria-invalid:border-destructive border bg-background shadow-xs hover:bg-accent hover:text-accent-foreground dark:bg-input/30 dark:border-input dark:hover:bg-input/50 h-8 rounded-md gap-1.5 px-3 has-[>svg]:px-2.5 text-xs"[39m
        [33mdata-slot[39m=[32m"button"[39m
      [36m/>[39m

      Name "Media & Entertainment":
      [36m<button[39m
        [33mclass[39m=[32m"inline-flex items-center justify-center whitespace-nowrap font-medium transition-all disabled:pointer-events-none disabled:opacity-50 [&_svg]:pointer-events-none [&_svg:not([class*='size-'])]:size-4 shrink-0 [&_svg]:shrink-0 outline-none focus-visible:border-ring focus-visible:ring-ring/50 focus-visible:ring-[3px] aria-invalid:ring-destructive/20 dark:aria-invalid:ring-destructive/40 aria-invalid:border-destructive border bg-background shadow-xs hover:bg-accent hover:text-accent-foreground dark:bg-input/30 dark:border-input dark:hover:bg-input/50 h-8 rounded-md gap-1.5 px-3 has-[>svg]:px-2.5 text-xs"[39m
        [33mdata-slot[39m=[32m"button"[39m
      [36m/>[39m

      Name "Real Estate":
      [36m<button[39m
        [33mclass[39m=[32m"inline-flex items-center justify-center whitespace-nowrap font-medium transition-all disabled:pointer-events-none disabled:opacity-50 [&_svg]:pointer-events-none [&_svg:not([class*='size-'])]:size-4 shrink-0 [&_svg]:shrink-0 outline-none focus-visible:border-ring focus-visible:ring-ring/50 focus-visible:ring-[3px] aria-invalid:ring-destructive/20 dark:aria-invalid:ring-destructive/40 aria-invalid:border-destructive border bg-background shadow-xs hover:bg-accent hover:text-accent-foreground dark:bg-input/30 dark:border-input dark:hover:bg-input/50 h-8 rounded-md gap-1.5 px-3 has-[>svg]:px-2.5 text-xs"[39m
        [33mdata-slot[39m=[32m"button"[39m
      [36m/>[39m

      Name "Government":
      [36m<button[39m
        [33mclass[39m=[32m"inline-flex items-center justify-center whitespace-nowrap font-medium transition-all disabled:pointer-events-none disabled:opacity-50 [&_svg]:pointer-events-none [&_svg:not([class*='size-'])]:size-4 shrink-0 [&_svg]:shrink-0 outline-none focus-visible:border-ring focus-visible:ring-ring/50 focus-visible:ring-[3px] aria-invalid:ring-destructive/20 dark:aria-invalid:ring-destructive/40 aria-invalid:border-destructive border bg-background shadow-xs hover:bg-accent hover:text-accent-foreground dark:bg-input/30 dark:border-input dark:hover:bg-input/50 h-8 rounded-md gap-1.5 px-3 has-[>svg]:px-2.5 text-xs"[39m
        [33mdata-slot[39m=[32m"button"[39m
      [36m/>[39m

      Name "Non-profit":
      [36m<button[39m
        [33mclass[39m=[32m"inline-flex items-center justify-center whitespace-nowrap font-medium transition-all disabled:pointer-events-none disabled:opacity-50 [&_svg]:pointer-events-none [&_svg:not([class*='size-'])]:size-4 shrink-0 [&_svg]:shrink-0 outline-none focus-visible:border-ring focus-visible:ring-ring/50 focus-visible:ring-[3px] aria-invalid:ring-destructive/20 dark:aria-invalid:ring-destructive/40 aria-invalid:border-destructive border bg-background shadow-xs hover:bg-accent hover:text-accent-foreground dark:bg-input/30 dark:border-input dark:hover:bg-input/50 h-8 rounded-md gap-1.5 px-3 has-[>svg]:px-2.5 text-xs"[39m
        [33mdata-slot[39m=[32m"button"[39m
      [36m/>[39m

      Name "Startups":
      [36m<button[39m
        [33mclass[39m=[32m"inline-flex items-center justify-center whitespace-nowrap font-medium transition-all disabled:pointer-events-none disabled:opacity-50 [&_svg]:pointer-events-none [&_svg:not([class*='size-'])]:size-4 shrink-0 [&_svg]:shrink-0 outline-none focus-visible:border-ring focus-visible:ring-ring/50 focus-visible:ring-[3px] aria-invalid:ring-destructive/20 dark:aria-invalid:ring-destructive/40 aria-invalid:border-destructive border bg-background shadow-xs hover:bg-accent hover:text-accent-foreground dark:bg-input/30 dark:border-input dark:hover:bg-input/50 h-8 rounded-md gap-1.5 px-3 has-[>svg]:px-2.5 text-xs"[39m
        [33mdata-slot[39m=[32m"button"[39m
      [36m/>[39m

      Name "":
      [36m<button[39m
        [33mclass[39m=[32m"inline-flex items-center justify-center whitespace-nowrap text-sm font-medium transition-all disabled:pointer-events-none disabled:opacity-50 [&_svg]:pointer-events-none [&_svg:not([class*='size-'])]:size-4 shrink-0 [&_svg]:shrink-0 outline-none focus-visible:border-ring focus-visible:ring-ring/50 focus-visible:ring-[3px] aria-invalid:ring-destructive/20 dark:aria-invalid:ring-destructive/40 aria-invalid:border-destructive bg-primary text-primary-foreground shadow-xs hover:bg-primary/90 h-8 rounded-md gap-1.5 px-3 has-[>svg]:px-2.5"[39m
        [33mdata-slot[39m=[32m"button"[39m
        [33mdisabled[39m=[32m""[39m
      [36m/>[39m

      Name "":
      [36m<button[39m
        [33mclass[39m=[32m"inline-flex items-center justify-center whitespace-nowrap text-sm font-medium transition-all disabled:pointer-events-none disabled:opacity-50 [&_svg]:pointer-events-none [&_svg:not([class*='size-'])]:size-4 shrink-0 [&_svg]:shrink-0 outline-none focus-visible:border-ring focus-visible:ring-ring/50 focus-visible:ring-[3px] aria-invalid:ring-destructive/20 dark:aria-invalid:ring-destructive/40 aria-invalid:border-destructive bg-primary text-primary-foreground shadow-xs hover:bg-primary/90 h-8 rounded-md gap-1.5 px-3 has-[>svg]:px-2.5"[39m
        [33mdata-slot[39m=[32m"button"[39m
        [33mdisabled[39m=[32m""[39m
      [36m/>[39m

      Name "Back":
      [36m<button[39m
        [33mclass[39m=[32m"inline-flex items-center justify-center gap-2 whitespace-nowrap rounded-md text-sm font-medium transition-all disabled:pointer-events-none disabled:opacity-50 [&_svg]:pointer-events-none [&_svg:not([class*='size-'])]:size-4 shrink-0 [&_svg]:shrink-0 outline-none focus-visible:border-ring focus-visible:ring-ring/50 focus-visible:ring-[3px] aria-invalid:ring-destructive/20 dark:aria-invalid:ring-destructive/40 aria-invalid:border-destructive border bg-background shadow-xs hover:bg-accent hover:text-accent-foreground dark:bg-input/30 dark:border-input dark:hover:bg-input/50 h-9 px-4 py-2 has-[>svg]:px-3"[39m
        [33mdata-slot[39m=[32m"button"[39m
      [36m/>[39m

      Name "Continue":
      [36m<button[39m
        [33mclass[39m=[32m"inline-flex items-center justify-center gap-2 whitespace-nowrap rounded-md text-sm font-medium transition-all disabled:pointer-events-none disabled:opacity-50 [&_svg]:pointer-events-none [&_svg:not([class*='size-'])]:size-4 shrink-0 [&_svg]:shrink-0 outline-none focus-visible:border-ring focus-visible:ring-ring/50 focus-visible:ring-[3px] aria-invalid:ring-destructive/20 dark:aria-invalid:ring-destructive/40 aria-invalid:border-destructive text-primary-foreground shadow-xs h-9 px-4 py-2 has-[>svg]:px-3 bg-green-600 hover:bg-green-700"[39m
        [33mdata-slot[39m=[32m"button"[39m
        [33mdisabled[39m=[32m""[39m
      [36m/>[39m

      --------------------------------------------------
      textbox:

      Name "":
      [36m<input[39m
        [33mclass[39m=[32m"file:text-foreground placeholder:text-muted-foreground selection:bg-primary selection:text-primary-foreground dark:bg-input/30 border-input flex h-9 w-full min-w-0 rounded-md border bg-transparent px-3 py-1 text-base shadow-xs transition-[color,box-shadow] outline-none file:inline-flex file:h-7 file:border-0 file:bg-transparent file:text-sm file:font-medium disabled:pointer-events-none disabled:cursor-not-allowed disabled:opacity-50 md:text-sm focus-visible:border-ring focus-visible:ring-ring/50 focus-visible:ring-[3px] aria-invalid:ring-destructive/20 dark:aria-invalid:ring-destructive/40 aria-invalid:border-destructive"[39m
        [33mdata-slot[39m=[32m"input"[39m
        [33mplaceholder[39m=[32m"Add custom role..."[39m
        [33mvalue[39m=[32m""[39m
      [36m/>[39m

      Name "":
      [36m<input[39m
        [33mclass[39m=[32m"file:text-foreground placeholder:text-muted-foreground selection:bg-primary selection:text-primary-foreground dark:bg-input/30 border-input flex h-9 w-full min-w-0 rounded-md border bg-transparent px-3 py-1 text-base shadow-xs transition-[color,box-shadow] outline-none file:inline-flex file:h-7 file:border-0 file:bg-transparent file:text-sm file:font-medium disabled:pointer-events-none disabled:cursor-not-allowed disabled:opacity-50 md:text-sm focus-visible:border-ring focus-visible:ring-ring/50 focus-visible:ring-[3px] aria-invalid:ring-destructive/20 dark:aria-invalid:ring-destructive/40 aria-invalid:border-destructive"[39m
        [33mdata-slot[39m=[32m"input"[39m
        [33mplaceholder[39m=[32m"Add custom industry..."[39m
        [33mvalue[39m=[32m""[39m
      [36m/>[39m

      Name "":
      [36m<input[39m
        [33mclass[39m=[32m"file:text-foreground placeholder:text-muted-foreground selection:bg-primary selection:text-primary-foreground dark:bg-input/30 border-input flex h-9 w-full min-w-0 rounded-md border bg-transparent px-3 py-1 text-base shadow-xs transition-[color,box-shadow] outline-none file:inline-flex file:h-7 file:border-0 file:bg-transparent file:text-sm file:font-medium disabled:pointer-events-none disabled:cursor-not-allowed disabled:opacity-50 md:text-sm focus-visible:border-ring focus-visible:ring-ring/50 focus-visible:ring-[3px] aria-invalid:ring-destructive/20 dark:aria-invalid:ring-destructive/40 aria-invalid:border-destructive"[39m
        [33mdata-slot[39m=[32m"input"[39m
        [33mplaceholder[39m=[32m"Add location (e.g., San Francisco, Remote, New York)..."[39m
        [33mvalue[39m=[32m""[39m
      [36m/>[39m

      --------------------------------------------------
      radio:

      Name "Entry Level":
      [36m<input[39m
        [33mclass[39m=[32m"h-4 w-4 text-blue-600"[39m
        [33mname[39m=[32m"careerLevel"[39m
        [33mtype[39m=[32m"radio"[39m
        [33mvalue[39m=[32m"entry"[39m
      [36m/>[39m

      Name "Mid Level":
      [36m<input[39m
        [33mclass[39m=[32m"h-4 w-4 text-blue-600"[39m
        [33mname[39m=[32m"careerLevel"[39m
        [33mtype[39m=[32m"radio"[39m
        [33mvalue[39m=[32m"mid"[39m
      [36m/>[39m

      Name "Senior Level":
      [36m<input[39m
        [33mclass[39m=[32m"h-4 w-4 text-blue-600"[39m
        [33mname[39m=[32m"careerLevel"[39m
        [33mtype[39m=[32m"radio"[39m
        [33mvalue[39m=[32m"senior"[39m
      [36m/>[39m

      Name "Lead/Principal":
      [36m<input[39m
        [33mclass[39m=[32m"h-4 w-4 text-blue-600"[39m
        [33mname[39m=[32m"careerLevel"[39m
        [33mtype[39m=[32m"radio"[39m
        [33mvalue[39m=[32m"lead"[39m
      [36m/>[39m

      Name "Executive/C-Level":
      [36m<input[39m
        [33mclass[39m=[32m"h-4 w-4 text-blue-600"[39m
        [33mname[39m=[32m"careerLevel"[39m
        [33mtype[39m=[32m"radio"[39m
        [33mvalue[39m=[32m"executive"[39m
      [36m/>[39m

      Name "0-1 years":
      [36m<input[39m
        [33mclass[39m=[32m"h-4 w-4 text-blue-600"[39m
        [33mname[39m=[32m"yearsOfExperience"[39m
        [33mtype[39m=[32m"radio"[39m
        [33mvalue[39m=[32m"0-1"[39m
      [36m/>[39m

      Name "2-3 years":
      [36m<input[39m
        [33mclass[39m=[32m"h-4 w-4 text-blue-600"[39m
        [33mname[39m=[32m"yearsOfExperience"[39m
        [33mtype[39m=[32m"radio"[39m
        [33mvalue[39m=[32m"2-3"[39m
      [36m/>[39m

      Name "4-5 years":
      [36m<input[39m
        [33mclass[39m=[32m"h-4 w-4 text-blue-600"[39m
        [33mname[39m=[32m"yearsOfExperience"[39m
        [33mtype[39m=[32m"radio"[39m
        [33mvalue[39m=[32m"4-5"[39m
      [36m/>[39m

      Name "6-10 years":
      [36m<input[39m
        [33mclass[39m=[32m"h-4 w-4 text-blue-600"[39m
        [33mname[39m=[32m"yearsOfExperience"[39m
        [33mtype[39m=[32m"radio"[39m
        [33mvalue[39m=[32m"6-10"[39m
      [36m/>[39m

      Name "11-15 years":
      [36m<input[39m
        [33mclass[39m=[32m"h-4 w-4 text-blue-600"[39m
        [33mname[39m=[32m"yearsOfExperience"[39m
        [33mtype[39m=[32m"radio"[39m
        [33mvalue[39m=[32m"11-15"[39m
      [36m/>[39m

      Name "16+ years":
      [36m<input[39m
        [33mclass[39m=[32m"h-4 w-4 text-blue-600"[39m
        [33mname[39m=[32m"yearsOfExperience"[39m
        [33mtype[39m=[32m"radio"[39m
        [33mvalue[39m=[32m"16+"[39m
      [36m/>[39m

      --------------------------------------------------

    Ignored nodes: comments, script, style
    [36m<body>[39m
      [36m<div>[39m
        [36m<div[39m
          [33mclass[39m=[32m"max-w-2xl mx-auto space-y-6"[39m
        [36m>[39m
          [36m<div[39m
            [33mclass[39m=[32m"text-center space-y-4"[39m
          [36m>[39m
            [36m<div[39m
              [33mclass[39m=[32m"flex justify-center"[39m
            [36m>[39m
              [36m<div[39m
                [33mclass[39m=[32m"p-3 bg-green-100 rounded-full"[39m
              [36m>[39m
                [36m<svg[39m
                  [33maria-hidden[39m=[32m"true"[39m
                  [33mclass[39m=[32m"lucide lucide-target h-8 w-8 text-green-600"[39m
                  [33mfill[39m=[32m"none"[39m
                  [33mheight[39m=[32m"24"[39m
                  [33mstroke[39m=[32m"currentColor"[39m
                  [33mstroke-linecap[39m=[32m"round"[39m
                  [33mstroke-linejoin[39m=[32m"round"[39m
                  [33mstroke-width[39m=[32m"2"[39m
                  [33mviewBox[39m=[32m"0 0 24 24"[39m
                  [33mwidth[39m=[32m"24"[39m
                  [33mxmlns[39m=[32m"http://www.w3.org/2000/svg"[39m
                [36m>[39m
                  [36m<circle[39m
                    [33mcx[39m=[32m"12"[39m
                    [33mcy[39m=[32m"12"[39m
                    [33mr[39m=[32m"10"[39m
                  [36m/>[39m
                  [36m<circle[39m
                    [33mcx[39m=[32m"12"[39m
                    [33mcy[39m=[32m"12"[39m
                    [33mr[39m=[32m"6"[39m
                  [36m/>[39m
                  [36m<circle[39m
                    [33mcx[39m=[32m"12"[39m
                    [33mcy[39m=[32m"12"[39m
                    [33mr[39m=[32m"2"[39m
                  [36m/>[39m
                [36m</svg>[39m
              [36m</div>[39m
            [36m</div>[39m
            [36m<h2[39m
              [33mclass[39m=[32m"text-2xl font-bold text-gray-900"[39m
            [36m>[39m
              [0mTell Us About Your Goals[0m
            [36m</h2>[39m
            [36m<p[39m
              [33mclass[39m=[32m"text-gray-600"[39m
            [36m>[39m
              [0mHelp us personalize your experience by sharing your career interests and target roles.[0m
            [36m</p>[39m
          [36m</div>[39m
          [36m<div[39m
            [33mclass[39m=[32m"bg-card text-card-foreground flex flex-col gap-6 rounded-xl border py-6 shadow-sm"[39m
            [33mdata-slot[39m=[32m"card"[39m
          [36m>[39m
            [36m<div[39m
              [33mclass[39m=[32m"@container/card-header grid auto-rows-min grid-rows-[auto_auto] items-start gap-1.5 px-6 has-data-[slot=card-action]:grid-cols-[1fr_auto] [.border-b]:pb-6"[39m
              [33mdata-slot[39m=[32m"card-header"[39m
            [36m>[39m
              [36m<div[39m
                [33mclass[39m=[32m"leading-none font-semibold flex items-center gap-2"[39m
                [33mdata-slot[39m=[32m"card-title"[39m
              [36m>[39m
                [36m<svg[39m
                  [33maria-hidden[39m=[32m"true"[39m
                  [33mclass[39m=[32m"lucide lucide-briefcase h-5 w-5"[39m
                  [33mfill[39m=[32m"none"[39m
                  [33mheight[39m=[32m"24"[39m
                  [33mstroke[39m=[32m"currentColor"[39m
                  [33mstroke-linecap[39m=[32m"round"[39m
                  [33mstroke-linejoin[39m=[32m"round"[39m
                  [33mstroke-width[39m=[32m"2"[39m
                  [33mviewBox[39m=[32m"0 0 24 24"[39m
                  [33mwidth[39m=[32m"24"[39m
                  [33mxmlns[39m=[32m"http://www.w3.org/2000/svg"[39m
                [36m>[39m
                  [36m<path[39m
                    [33md[39m=[32m"M16 20V4a2 2 0 0 0-2-2h-4a2 2 0 0 0-2 2v16"[39m
                  [36m/>[39m
                  [36m<rect[39m
                    [33mheight[39m=[32m"14"[39m
                    [33mrx[39m=[32m"2"[39m
                    [33mwidth[39m=[32m"20"[39m
                    [33mx[39m=[32m"2"[39m
                    [33my[39m=[32m"6"[39m
                  [36m/>[39m
                [36m</svg>[39m
                [0mTarget Roles[0m
              [36m</div>[39m
              [36m<div[39m
                [33mclass[39m=[32m"text-muted-foreground text-sm"[39m
                [33mdata-slot[39m=[32m"card-description"[39m
              [36m>[39m
                [0mWhat management or leadership roles are you interested in?[0m
              [36m</div>[39m
            [36m</div>[39m
            [36m<div[39m
              [33mclass[39m=[32m"px-6 space-y-4"[39m
              [33mdata-slot[39m=[32m"card-content"[39m
            [36m>[39m
              [36m<div[39m
                [33mclass[39m=[32m"space-y-2"[39m
              [36m>[39m
                [36m<label[39m
                  [33mclass[39m=[32m"flex items-center gap-2 select-none group-data-[disabled=true]:pointer-events-none group-data-[disabled=true]:opacity-50 peer-disabled:cursor-not-allowed peer-disabled:opacity-50 text-sm font-medium"[39m
                  [33mdata-slot[39m=[32m"label"[39m
                [36m>[39m
                  [0mPopular Roles[0m
                [36m</label>[39m
                [36m<div[39m
                  [33mclass[39m=[32m"flex flex-wrap gap-2"[39m
                [36m>[39m
                  [36m<button[39m
                    [33mclass[39m=[32m"inline-flex items-center justify-center whitespace-nowrap font-medium transition-all disabled:pointer-events-none disabled:opacity-50 [&_svg]:pointer-events-none [&_svg:not([class*='size-'])]:size-4 shrink-0 [&_svg]:shrink-0 outline-none focus-visible:border-ring focus-visible:ring-ring/50 focus-visible:ring-[3px] aria-invalid:ring-destructive/20 dark:aria-invalid:ring-destructive/40 aria-invalid:border-destructive border bg-background shadow-xs hover:bg-accent hover:text-accent-foreground dark:bg-input/30 dark:border-input dark:hover:bg-input/50 h-8 rounded-md gap-1.5 px-3 has-[>svg]:px-2.5 text-xs"[39m
                    [33mdata-slot[39m=[32m"button"[39m
                  [36m>[39m
                    [0mEngineering Manager[0m
                  [36m</button>[39m
                  [36m<button[39m
                    [33mclass[39m=[32m"inline-flex items-center justify-center whitespace-nowrap font-medium transition-all disabled:pointer-events-none disabled:opacity-50 [&_svg]:pointer-events-none [&_svg:not([class*='size-'])]:size-4 shrink-0 [&_svg]:shrink-0 outline-none focus-visible:border-ring focus-visible:ring-ring/50 focus-visible:ring-[3px] aria-invalid:ring-destructive/20 dark:aria-invalid:ring-destructive/40 aria-invalid:border-destructive border bg-background shadow-xs hover:bg-accent hover:text-accent-foreground dark:bg-input/30 dark:border-input dark:hover:bg-input/50 h-8 rounded-md gap-1.5 px-3 has-[>svg]:px-2.5 text-xs"[39m
                    [33mdata-slot[39m=[32m"button"[39m
                  [36m>[39m
                    [0mProduct Manager[0m
                  [36m</button>[39m
                  [36m<button[39m
                    [33mclass[39m=[32m"inline-flex items-center justify-center whitespace-nowrap font-medium transition-all disabled:pointer-events-none disable...

      77 |     // Add a role
      78 |     const customRoleInput = screen.getByPlaceholderText('Add custom role...');
    > 79 |     const addButton = screen.getByRole('button', { name: /plus/i });
         |                              ^
      80 |     fireEvent.change(customRoleInput, { target: { value: 'Test Role' } });
      81 |     fireEvent.click(addButton);
      82 |     

      at Object.getElementError (node_modules/@testing-library/dom/dist/config.js:37:19)
      at node_modules/@testing-library/dom/dist/query-helpers.js:76:38
      at node_modules/@testing-library/dom/dist/query-helpers.js:52:17
      at node_modules/@testing-library/dom/dist/query-helpers.js:95:19
      at Object.getByRole (src/components/onboarding/__tests__/job-interests-step.test.tsx:79:30)

  ● JobInterestsStep › calls onNext with correct data when form is submitted

    TestingLibraryElementError: Unable to find an accessible element with the role "button" and name `/plus/i`

    Here are the accessible roles:

      heading:

      Name "Tell Us About Your Goals":
      [36m<h2[39m
        [33mclass[39m=[32m"text-2xl font-bold text-gray-900"[39m
      [36m/>[39m

      --------------------------------------------------
      paragraph:

      Name "":
      [36m<p[39m
        [33mclass[39m=[32m"text-gray-600"[39m
      [36m/>[39m

      --------------------------------------------------
      button:

      Name "Engineering Manager":
      [36m<button[39m
        [33mclass[39m=[32m"inline-flex items-center justify-center whitespace-nowrap font-medium transition-all disabled:pointer-events-none disabled:opacity-50 [&_svg]:pointer-events-none [&_svg:not([class*='size-'])]:size-4 shrink-0 [&_svg]:shrink-0 outline-none focus-visible:border-ring focus-visible:ring-ring/50 focus-visible:ring-[3px] aria-invalid:ring-destructive/20 dark:aria-invalid:ring-destructive/40 aria-invalid:border-destructive border bg-background shadow-xs hover:bg-accent hover:text-accent-foreground dark:bg-input/30 dark:border-input dark:hover:bg-input/50 h-8 rounded-md gap-1.5 px-3 has-[>svg]:px-2.5 text-xs"[39m
        [33mdata-slot[39m=[32m"button"[39m
      [36m/>[39m

      Name "Product Manager":
      [36m<button[39m
        [33mclass[39m=[32m"inline-flex items-center justify-center whitespace-nowrap font-medium transition-all disabled:pointer-events-none disabled:opacity-50 [&_svg]:pointer-events-none [&_svg:not([class*='size-'])]:size-4 shrink-0 [&_svg]:shrink-0 outline-none focus-visible:border-ring focus-visible:ring-ring/50 focus-visible:ring-[3px] aria-invalid:ring-destructive/20 dark:aria-invalid:ring-destructive/40 aria-invalid:border-destructive border bg-background shadow-xs hover:bg-accent hover:text-accent-foreground dark:bg-input/30 dark:border-input dark:hover:bg-input/50 h-8 rounded-md gap-1.5 px-3 has-[>svg]:px-2.5 text-xs"[39m
        [33mdata-slot[39m=[32m"button"[39m
      [36m/>[39m

      Name "Technical Lead":
      [36m<button[39m
        [33mclass[39m=[32m"inline-flex items-center justify-center whitespace-nowrap font-medium transition-all disabled:pointer-events-none disabled:opacity-50 [&_svg]:pointer-events-none [&_svg:not([class*='size-'])]:size-4 shrink-0 [&_svg]:shrink-0 outline-none focus-visible:border-ring focus-visible:ring-ring/50 focus-visible:ring-[3px] aria-invalid:ring-destructive/20 dark:aria-invalid:ring-destructive/40 aria-invalid:border-destructive border bg-background shadow-xs hover:bg-accent hover:text-accent-foreground dark:bg-input/30 dark:border-input dark:hover:bg-input/50 h-8 rounded-md gap-1.5 px-3 has-[>svg]:px-2.5 text-xs"[39m
        [33mdata-slot[39m=[32m"button"[39m
      [36m/>[39m

      Name "Senior Software Engineer":
      [36m<button[39m
        [33mclass[39m=[32m"inline-flex items-center justify-center whitespace-nowrap font-medium transition-all disabled:pointer-events-none disabled:opacity-50 [&_svg]:pointer-events-none [&_svg:not([class*='size-'])]:size-4 shrink-0 [&_svg]:shrink-0 outline-none focus-visible:border-ring focus-visible:ring-ring/50 focus-visible:ring-[3px] aria-invalid:ring-destructive/20 dark:aria-invalid:ring-destructive/40 aria-invalid:border-destructive border bg-background shadow-xs hover:bg-accent hover:text-accent-foreground dark:bg-input/30 dark:border-input dark:hover:bg-input/50 h-8 rounded-md gap-1.5 px-3 has-[>svg]:px-2.5 text-xs"[39m
        [33mdata-slot[39m=[32m"button"[39m
      [36m/>[39m

      Name "Data Science Manager":
      [36m<button[39m
        [33mclass[39m=[32m"inline-flex items-center justify-center whitespace-nowrap font-medium transition-all disabled:pointer-events-none disabled:opacity-50 [&_svg]:pointer-events-none [&_svg:not([class*='size-'])]:size-4 shrink-0 [&_svg]:shrink-0 outline-none focus-visible:border-ring focus-visible:ring-ring/50 focus-visible:ring-[3px] aria-invalid:ring-destructive/20 dark:aria-invalid:ring-destructive/40 aria-invalid:border-destructive border bg-background shadow-xs hover:bg-accent hover:text-accent-foreground dark:bg-input/30 dark:border-input dark:hover:bg-input/50 h-8 rounded-md gap-1.5 px-3 has-[>svg]:px-2.5 text-xs"[39m
        [33mdata-slot[39m=[32m"button"[39m
      [36m/>[39m

      Name "Marketing Manager":
      [36m<button[39m
        [33mclass[39m=[32m"inline-flex items-center justify-center whitespace-nowrap font-medium transition-all disabled:pointer-events-none disabled:opacity-50 [&_svg]:pointer-events-none [&_svg:not([class*='size-'])]:size-4 shrink-0 [&_svg]:shrink-0 outline-none focus-visible:border-ring focus-visible:ring-ring/50 focus-visible:ring-[3px] aria-invalid:ring-destructive/20 dark:aria-invalid:ring-destructive/40 aria-invalid:border-destructive border bg-background shadow-xs hover:bg-accent hover:text-accent-foreground dark:bg-input/30 dark:border-input dark:hover:bg-input/50 h-8 rounded-md gap-1.5 px-3 has-[>svg]:px-2.5 text-xs"[39m
        [33mdata-slot[39m=[32m"button"[39m
      [36m/>[39m

      Name "Sales Manager":
      [36m<button[39m
        [33mclass[39m=[32m"inline-flex items-center justify-center whitespace-nowrap font-medium transition-all disabled:pointer-events-none disabled:opacity-50 [&_svg]:pointer-events-none [&_svg:not([class*='size-'])]:size-4 shrink-0 [&_svg]:shrink-0 outline-none focus-visible:border-ring focus-visible:ring-ring/50 focus-visible:ring-[3px] aria-invalid:ring-destructive/20 dark:aria-invalid:ring-destructive/40 aria-invalid:border-destructive border bg-background shadow-xs hover:bg-accent hover:text-accent-foreground dark:bg-input/30 dark:border-input dark:hover:bg-input/50 h-8 rounded-md gap-1.5 px-3 has-[>svg]:px-2.5 text-xs"[39m
        [33mdata-slot[39m=[32m"button"[39m
      [36m/>[39m

      Name "Operations Manager":
      [36m<button[39m
        [33mclass[39m=[32m"inline-flex items-center justify-center whitespace-nowrap font-medium transition-all disabled:pointer-events-none disabled:opacity-50 [&_svg]:pointer-events-none [&_svg:not([class*='size-'])]:size-4 shrink-0 [&_svg]:shrink-0 outline-none focus-visible:border-ring focus-visible:ring-ring/50 focus-visible:ring-[3px] aria-invalid:ring-destructive/20 dark:aria-invalid:ring-destructive/40 aria-invalid:border-destructive border bg-background shadow-xs hover:bg-accent hover:text-accent-foreground dark:bg-input/30 dark:border-input dark:hover:bg-input/50 h-8 rounded-md gap-1.5 px-3 has-[>svg]:px-2.5 text-xs"[39m
        [33mdata-slot[39m=[32m"button"[39m
      [36m/>[39m

      Name "Project Manager":
      [36m<button[39m
        [33mclass[39m=[32m"inline-flex items-center justify-center whitespace-nowrap font-medium transition-all disabled:pointer-events-none disabled:opacity-50 [&_svg]:pointer-events-none [&_svg:not([class*='size-'])]:size-4 shrink-0 [&_svg]:shrink-0 outline-none focus-visible:border-ring focus-visible:ring-ring/50 focus-visible:ring-[3px] aria-invalid:ring-destructive/20 dark:aria-invalid:ring-destructive/40 aria-invalid:border-destructive border bg-background shadow-xs hover:bg-accent hover:text-accent-foreground dark:bg-input/30 dark:border-input dark:hover:bg-input/50 h-8 rounded-md gap-1.5 px-3 has-[>svg]:px-2.5 text-xs"[39m
        [33mdata-slot[39m=[32m"button"[39m
      [36m/>[39m

      Name "Design Manager":
      [36m<button[39m
        [33mclass[39m=[32m"inline-flex items-center justify-center whitespace-nowrap font-medium transition-all disabled:pointer-events-none disabled:opacity-50 [&_svg]:pointer-events-none [&_svg:not([class*='size-'])]:size-4 shrink-0 [&_svg]:shrink-0 outline-none focus-visible:border-ring focus-visible:ring-ring/50 focus-visible:ring-[3px] aria-invalid:ring-destructive/20 dark:aria-invalid:ring-destructive/40 aria-invalid:border-destructive border bg-background shadow-xs hover:bg-accent hover:text-accent-foreground dark:bg-input/30 dark:border-input dark:hover:bg-input/50 h-8 rounded-md gap-1.5 px-3 has-[>svg]:px-2.5 text-xs"[39m
        [33mdata-slot[39m=[32m"button"[39m
      [36m/>[39m

      Name "DevOps Manager":
      [36m<button[39m
        [33mclass[39m=[32m"inline-flex items-center justify-center whitespace-nowrap font-medium transition-all disabled:pointer-events-none disabled:opacity-50 [&_svg]:pointer-events-none [&_svg:not([class*='size-'])]:size-4 shrink-0 [&_svg]:shrink-0 outline-none focus-visible:border-ring focus-visible:ring-ring/50 focus-visible:ring-[3px] aria-invalid:ring-destructive/20 dark:aria-invalid:ring-destructive/40 aria-invalid:border-destructive border bg-background shadow-xs hover:bg-accent hover:text-accent-foreground dark:bg-input/30 dark:border-input dark:hover:bg-input/50 h-8 rounded-md gap-1.5 px-3 has-[>svg]:px-2.5 text-xs"[39m
        [33mdata-slot[39m=[32m"button"[39m
      [36m/>[39m

      Name "QA Manager":
      [36m<button[39m
        [33mclass[39m=[32m"inline-flex items-center justify-center whitespace-nowrap font-medium transition-all disabled:pointer-events-none disabled:opacity-50 [&_svg]:pointer-events-none [&_svg:not([class*='size-'])]:size-4 shrink-0 [&_svg]:shrink-0 outline-none focus-visible:border-ring focus-visible:ring-ring/50 focus-visible:ring-[3px] aria-invalid:ring-destructive/20 dark:aria-invalid:ring-destructive/40 aria-invalid:border-destructive border bg-background shadow-xs hover:bg-accent hover:text-accent-foreground dark:bg-input/30 dark:border-input dark:hover:bg-input/50 h-8 rounded-md gap-1.5 px-3 has-[>svg]:px-2.5 text-xs"[39m
        [33mdata-slot[39m=[32m"button"[39m
      [36m/>[39m

      Name "":
      [36m<button[39m
        [33mclass[39m=[32m"inline-flex items-center justify-center whitespace-nowrap text-sm font-medium transition-all disabled:pointer-events-none disabled:opacity-50 [&_svg]:pointer-events-none [&_svg:not([class*='size-'])]:size-4 shrink-0 [&_svg]:shrink-0 outline-none focus-visible:border-ring focus-visible:ring-ring/50 focus-visible:ring-[3px] aria-invalid:ring-destructive/20 dark:aria-invalid:ring-destructive/40 aria-invalid:border-destructive bg-primary text-primary-foreground shadow-xs hover:bg-primary/90 h-8 rounded-md gap-1.5 px-3 has-[>svg]:px-2.5"[39m
        [33mdata-slot[39m=[32m"button"[39m
        [33mdisabled[39m=[32m""[39m
      [36m/>[39m

      Name "Technology":
      [36m<button[39m
        [33mclass[39m=[32m"inline-flex items-center justify-center whitespace-nowrap font-medium transition-all disabled:pointer-events-none disabled:opacity-50 [&_svg]:pointer-events-none [&_svg:not([class*='size-'])]:size-4 shrink-0 [&_svg]:shrink-0 outline-none focus-visible:border-ring focus-visible:ring-ring/50 focus-visible:ring-[3px] aria-invalid:ring-destructive/20 dark:aria-invalid:ring-destructive/40 aria-invalid:border-destructive border bg-background shadow-xs hover:bg-accent hover:text-accent-foreground dark:bg-input/30 dark:border-input dark:hover:bg-input/50 h-8 rounded-md gap-1.5 px-3 has-[>svg]:px-2.5 text-xs"[39m
        [33mdata-slot[39m=[32m"button"[39m
      [36m/>[39m

      Name "Healthcare":
      [36m<button[39m
        [33mclass[39m=[32m"inline-flex items-center justify-center whitespace-nowrap font-medium transition-all disabled:pointer-events-none disabled:opacity-50 [&_svg]:pointer-events-none [&_svg:not([class*='size-'])]:size-4 shrink-0 [&_svg]:shrink-0 outline-none focus-visible:border-ring focus-visible:ring-ring/50 focus-visible:ring-[3px] aria-invalid:ring-destructive/20 dark:aria-invalid:ring-destructive/40 aria-invalid:border-destructive border bg-background shadow-xs hover:bg-accent hover:text-accent-foreground dark:bg-input/30 dark:border-input dark:hover:bg-input/50 h-8 rounded-md gap-1.5 px-3 has-[>svg]:px-2.5 text-xs"[39m
        [33mdata-slot[39m=[32m"button"[39m
      [36m/>[39m

      Name "Finance":
      [36m<button[39m
        [33mclass[39m=[32m"inline-flex items-center justify-center whitespace-nowrap font-medium transition-all disabled:pointer-events-none disabled:opacity-50 [&_svg]:pointer-events-none [&_svg:not([class*='size-'])]:size-4 shrink-0 [&_svg]:shrink-0 outline-none focus-visible:border-ring focus-visible:ring-ring/50 focus-visible:ring-[3px] aria-invalid:ring-destructive/20 dark:aria-invalid:ring-destructive/40 aria-invalid:border-destructive border bg-background shadow-xs hover:bg-accent hover:text-accent-foreground dark:bg-input/30 dark:border-input dark:hover:bg-input/50 h-8 rounded-md gap-1.5 px-3 has-[>svg]:px-2.5 text-xs"[39m
        [33mdata-slot[39m=[32m"button"[39m
      [36m/>[39m

      Name "E-commerce":
      [36m<button[39m
        [33mclass[39m=[32m"inline-flex items-center justify-center whitespace-nowrap font-medium transition-all disabled:pointer-events-none disabled:opacity-50 [&_svg]:pointer-events-none [&_svg:not([class*='size-'])]:size-4 shrink-0 [&_svg]:shrink-0 outline-none focus-visible:border-ring focus-visible:ring-ring/50 focus-visible:ring-[3px] aria-invalid:ring-destructive/20 dark:aria-invalid:ring-destructive/40 aria-invalid:border-destructive border bg-background shadow-xs hover:bg-accent hover:text-accent-foreground dark:bg-input/30 dark:border-input dark:hover:bg-input/50 h-8 rounded-md gap-1.5 px-3 has-[>svg]:px-2.5 text-xs"[39m
        [33mdata-slot[39m=[32m"button"[39m
      [36m/>[39m

      Name "Education":
      [36m<button[39m
        [33mclass[39m=[32m"inline-flex items-center justify-center whitespace-nowrap font-medium transition-all disabled:pointer-events-none disabled:opacity-50 [&_svg]:pointer-events-none [&_svg:not([class*='size-'])]:size-4 shrink-0 [&_svg]:shrink-0 outline-none focus-visible:border-ring focus-visible:ring-ring/50 focus-visible:ring-[3px] aria-invalid:ring-destructive/20 dark:aria-invalid:ring-destructive/40 aria-invalid:border-destructive border bg-background shadow-xs hover:bg-accent hover:text-accent-foreground dark:bg-input/30 dark:border-input dark:hover:bg-input/50 h-8 rounded-md gap-1.5 px-3 has-[>svg]:px-2.5 text-xs"[39m
        [33mdata-slot[39m=[32m"button"[39m
      [36m/>[39m

      Name "Manufacturing":
      [36m<button[39m
        [33mclass[39m=[32m"inline-flex items-center justify-center whitespace-nowrap font-medium transition-all disabled:pointer-events-none disabled:opacity-50 [&_svg]:pointer-events-none [&_svg:not([class*='size-'])]:size-4 shrink-0 [&_svg]:shrink-0 outline-none focus-visible:border-ring focus-visible:ring-ring/50 focus-visible:ring-[3px] aria-invalid:ring-destructive/20 dark:aria-invalid:ring-destructive/40 aria-invalid:border-destructive border bg-background shadow-xs hover:bg-accent hover:text-accent-foreground dark:bg-input/30 dark:border-input dark:hover:bg-input/50 h-8 rounded-md gap-1.5 px-3 has-[>svg]:px-2.5 text-xs"[39m
        [33mdata-slot[39m=[32m"button"[39m
      [36m/>[39m

      Name "Consulting":
      [36m<button[39m
        [33mclass[39m=[32m"inline-flex items-center justify-center whitespace-nowrap font-medium transition-all disabled:pointer-events-none disabled:opacity-50 [&_svg]:pointer-events-none [&_svg:not([class*='size-'])]:size-4 shrink-0 [&_svg]:shrink-0 outline-none focus-visible:border-ring focus-visible:ring-ring/50 focus-visible:ring-[3px] aria-invalid:ring-destructive/20 dark:aria-invalid:ring-destructive/40 aria-invalid:border-destructive border bg-background shadow-xs hover:bg-accent hover:text-accent-foreground dark:bg-input/30 dark:border-input dark:hover:bg-input/50 h-8 rounded-md gap-1.5 px-3 has-[>svg]:px-2.5 text-xs"[39m
        [33mdata-slot[39m=[32m"button"[39m
      [36m/>[39m

      Name "Media & Entertainment":
      [36m<button[39m
        [33mclass[39m=[32m"inline-flex items-center justify-center whitespace-nowrap font-medium transition-all disabled:pointer-events-none disabled:opacity-50 [&_svg]:pointer-events-none [&_svg:not([class*='size-'])]:size-4 shrink-0 [&_svg]:shrink-0 outline-none focus-visible:border-ring focus-visible:ring-ring/50 focus-visible:ring-[3px] aria-invalid:ring-destructive/20 dark:aria-invalid:ring-destructive/40 aria-invalid:border-destructive border bg-background shadow-xs hover:bg-accent hover:text-accent-foreground dark:bg-input/30 dark:border-input dark:hover:bg-input/50 h-8 rounded-md gap-1.5 px-3 has-[>svg]:px-2.5 text-xs"[39m
        [33mdata-slot[39m=[32m"button"[39m
      [36m/>[39m

      Name "Real Estate":
      [36m<button[39m
        [33mclass[39m=[32m"inline-flex items-center justify-center whitespace-nowrap font-medium transition-all disabled:pointer-events-none disabled:opacity-50 [&_svg]:pointer-events-none [&_svg:not([class*='size-'])]:size-4 shrink-0 [&_svg]:shrink-0 outline-none focus-visible:border-ring focus-visible:ring-ring/50 focus-visible:ring-[3px] aria-invalid:ring-destructive/20 dark:aria-invalid:ring-destructive/40 aria-invalid:border-destructive border bg-background shadow-xs hover:bg-accent hover:text-accent-foreground dark:bg-input/30 dark:border-input dark:hover:bg-input/50 h-8 rounded-md gap-1.5 px-3 has-[>svg]:px-2.5 text-xs"[39m
        [33mdata-slot[39m=[32m"button"[39m
      [36m/>[39m

      Name "Government":
      [36m<button[39m
        [33mclass[39m=[32m"inline-flex items-center justify-center whitespace-nowrap font-medium transition-all disabled:pointer-events-none disabled:opacity-50 [&_svg]:pointer-events-none [&_svg:not([class*='size-'])]:size-4 shrink-0 [&_svg]:shrink-0 outline-none focus-visible:border-ring focus-visible:ring-ring/50 focus-visible:ring-[3px] aria-invalid:ring-destructive/20 dark:aria-invalid:ring-destructive/40 aria-invalid:border-destructive border bg-background shadow-xs hover:bg-accent hover:text-accent-foreground dark:bg-input/30 dark:border-input dark:hover:bg-input/50 h-8 rounded-md gap-1.5 px-3 has-[>svg]:px-2.5 text-xs"[39m
        [33mdata-slot[39m=[32m"button"[39m
      [36m/>[39m

      Name "Non-profit":
      [36m<button[39m
        [33mclass[39m=[32m"inline-flex items-center justify-center whitespace-nowrap font-medium transition-all disabled:pointer-events-none disabled:opacity-50 [&_svg]:pointer-events-none [&_svg:not([class*='size-'])]:size-4 shrink-0 [&_svg]:shrink-0 outline-none focus-visible:border-ring focus-visible:ring-ring/50 focus-visible:ring-[3px] aria-invalid:ring-destructive/20 dark:aria-invalid:ring-destructive/40 aria-invalid:border-destructive border bg-background shadow-xs hover:bg-accent hover:text-accent-foreground dark:bg-input/30 dark:border-input dark:hover:bg-input/50 h-8 rounded-md gap-1.5 px-3 has-[>svg]:px-2.5 text-xs"[39m
        [33mdata-slot[39m=[32m"button"[39m
      [36m/>[39m

      Name "Startups":
      [36m<button[39m
        [33mclass[39m=[32m"inline-flex items-center justify-center whitespace-nowrap font-medium transition-all disabled:pointer-events-none disabled:opacity-50 [&_svg]:pointer-events-none [&_svg:not([class*='size-'])]:size-4 shrink-0 [&_svg]:shrink-0 outline-none focus-visible:border-ring focus-visible:ring-ring/50 focus-visible:ring-[3px] aria-invalid:ring-destructive/20 dark:aria-invalid:ring-destructive/40 aria-invalid:border-destructive border bg-background shadow-xs hover:bg-accent hover:text-accent-foreground dark:bg-input/30 dark:border-input dark:hover:bg-input/50 h-8 rounded-md gap-1.5 px-3 has-[>svg]:px-2.5 text-xs"[39m
        [33mdata-slot[39m=[32m"button"[39m
      [36m/>[39m

      Name "":
      [36m<button[39m
        [33mclass[39m=[32m"inline-flex items-center justify-center whitespace-nowrap text-sm font-medium transition-all disabled:pointer-events-none disabled:opacity-50 [&_svg]:pointer-events-none [&_svg:not([class*='size-'])]:size-4 shrink-0 [&_svg]:shrink-0 outline-none focus-visible:border-ring focus-visible:ring-ring/50 focus-visible:ring-[3px] aria-invalid:ring-destructive/20 dark:aria-invalid:ring-destructive/40 aria-invalid:border-destructive bg-primary text-primary-foreground shadow-xs hover:bg-primary/90 h-8 rounded-md gap-1.5 px-3 has-[>svg]:px-2.5"[39m
        [33mdata-slot[39m=[32m"button"[39m
        [33mdisabled[39m=[32m""[39m
      [36m/>[39m

      Name "":
      [36m<button[39m
        [33mclass[39m=[32m"inline-flex items-center justify-center whitespace-nowrap text-sm font-medium transition-all disabled:pointer-events-none disabled:opacity-50 [&_svg]:pointer-events-none [&_svg:not([class*='size-'])]:size-4 shrink-0 [&_svg]:shrink-0 outline-none focus-visible:border-ring focus-visible:ring-ring/50 focus-visible:ring-[3px] aria-invalid:ring-destructive/20 dark:aria-invalid:ring-destructive/40 aria-invalid:border-destructive bg-primary text-primary-foreground shadow-xs hover:bg-primary/90 h-8 rounded-md gap-1.5 px-3 has-[>svg]:px-2.5"[39m
        [33mdata-slot[39m=[32m"button"[39m
        [33mdisabled[39m=[32m""[39m
      [36m/>[39m

      Name "Back":
      [36m<button[39m
        [33mclass[39m=[32m"inline-flex items-center justify-center gap-2 whitespace-nowrap rounded-md text-sm font-medium transition-all disabled:pointer-events-none disabled:opacity-50 [&_svg]:pointer-events-none [&_svg:not([class*='size-'])]:size-4 shrink-0 [&_svg]:shrink-0 outline-none focus-visible:border-ring focus-visible:ring-ring/50 focus-visible:ring-[3px] aria-invalid:ring-destructive/20 dark:aria-invalid:ring-destructive/40 aria-invalid:border-destructive border bg-background shadow-xs hover:bg-accent hover:text-accent-foreground dark:bg-input/30 dark:border-input dark:hover:bg-input/50 h-9 px-4 py-2 has-[>svg]:px-3"[39m
        [33mdata-slot[39m=[32m"button"[39m
      [36m/>[39m

      Name "Continue":
      [36m<button[39m
        [33mclass[39m=[32m"inline-flex items-center justify-center gap-2 whitespace-nowrap rounded-md text-sm font-medium transition-all disabled:pointer-events-none disabled:opacity-50 [&_svg]:pointer-events-none [&_svg:not([class*='size-'])]:size-4 shrink-0 [&_svg]:shrink-0 outline-none focus-visible:border-ring focus-visible:ring-ring/50 focus-visible:ring-[3px] aria-invalid:ring-destructive/20 dark:aria-invalid:ring-destructive/40 aria-invalid:border-destructive text-primary-foreground shadow-xs h-9 px-4 py-2 has-[>svg]:px-3 bg-green-600 hover:bg-green-700"[39m
        [33mdata-slot[39m=[32m"button"[39m
        [33mdisabled[39m=[32m""[39m
      [36m/>[39m

      --------------------------------------------------
      textbox:

      Name "":
      [36m<input[39m
        [33mclass[39m=[32m"file:text-foreground placeholder:text-muted-foreground selection:bg-primary selection:text-primary-foreground dark:bg-input/30 border-input flex h-9 w-full min-w-0 rounded-md border bg-transparent px-3 py-1 text-base shadow-xs transition-[color,box-shadow] outline-none file:inline-flex file:h-7 file:border-0 file:bg-transparent file:text-sm file:font-medium disabled:pointer-events-none disabled:cursor-not-allowed disabled:opacity-50 md:text-sm focus-visible:border-ring focus-visible:ring-ring/50 focus-visible:ring-[3px] aria-invalid:ring-destructive/20 dark:aria-invalid:ring-destructive/40 aria-invalid:border-destructive"[39m
        [33mdata-slot[39m=[32m"input"[39m
        [33mplaceholder[39m=[32m"Add custom role..."[39m
        [33mvalue[39m=[32m""[39m
      [36m/>[39m

      Name "":
      [36m<input[39m
        [33mclass[39m=[32m"file:text-foreground placeholder:text-muted-foreground selection:bg-primary selection:text-primary-foreground dark:bg-input/30 border-input flex h-9 w-full min-w-0 rounded-md border bg-transparent px-3 py-1 text-base shadow-xs transition-[color,box-shadow] outline-none file:inline-flex file:h-7 file:border-0 file:bg-transparent file:text-sm file:font-medium disabled:pointer-events-none disabled:cursor-not-allowed disabled:opacity-50 md:text-sm focus-visible:border-ring focus-visible:ring-ring/50 focus-visible:ring-[3px] aria-invalid:ring-destructive/20 dark:aria-invalid:ring-destructive/40 aria-invalid:border-destructive"[39m
        [33mdata-slot[39m=[32m"input"[39m
        [33mplaceholder[39m=[32m"Add custom industry..."[39m
        [33mvalue[39m=[32m""[39m
      [36m/>[39m

      Name "":
      [36m<input[39m
        [33mclass[39m=[32m"file:text-foreground placeholder:text-muted-foreground selection:bg-primary selection:text-primary-foreground dark:bg-input/30 border-input flex h-9 w-full min-w-0 rounded-md border bg-transparent px-3 py-1 text-base shadow-xs transition-[color,box-shadow] outline-none file:inline-flex file:h-7 file:border-0 file:bg-transparent file:text-sm file:font-medium disabled:pointer-events-none disabled:cursor-not-allowed disabled:opacity-50 md:text-sm focus-visible:border-ring focus-visible:ring-ring/50 focus-visible:ring-[3px] aria-invalid:ring-destructive/20 dark:aria-invalid:ring-destructive/40 aria-invalid:border-destructive"[39m
        [33mdata-slot[39m=[32m"input"[39m
        [33mplaceholder[39m=[32m"Add location (e.g., San Francisco, Remote, New York)..."[39m
        [33mvalue[39m=[32m""[39m
      [36m/>[39m

      --------------------------------------------------
      radio:

      Name "Entry Level":
      [36m<input[39m
        [33mclass[39m=[32m"h-4 w-4 text-blue-600"[39m
        [33mname[39m=[32m"careerLevel"[39m
        [33mtype[39m=[32m"radio"[39m
        [33mvalue[39m=[32m"entry"[39m
      [36m/>[39m

      Name "Mid Level":
      [36m<input[39m
        [33mclass[39m=[32m"h-4 w-4 text-blue-600"[39m
        [33mname[39m=[32m"careerLevel"[39m
        [33mtype[39m=[32m"radio"[39m
        [33mvalue[39m=[32m"mid"[39m
      [36m/>[39m

      Name "Senior Level":
      [36m<input[39m
        [33mclass[39m=[32m"h-4 w-4 text-blue-600"[39m
        [33mname[39m=[32m"careerLevel"[39m
        [33mtype[39m=[32m"radio"[39m
        [33mvalue[39m=[32m"senior"[39m
      [36m/>[39m

      Name "Lead/Principal":
      [36m<input[39m
        [33mclass[39m=[32m"h-4 w-4 text-blue-600"[39m
        [33mname[39m=[32m"careerLevel"[39m
        [33mtype[39m=[32m"radio"[39m
        [33mvalue[39m=[32m"lead"[39m
      [36m/>[39m

      Name "Executive/C-Level":
      [36m<input[39m
        [33mclass[39m=[32m"h-4 w-4 text-blue-600"[39m
        [33mname[39m=[32m"careerLevel"[39m
        [33mtype[39m=[32m"radio"[39m
        [33mvalue[39m=[32m"executive"[39m
      [36m/>[39m

      Name "0-1 years":
      [36m<input[39m
        [33mclass[39m=[32m"h-4 w-4 text-blue-600"[39m
        [33mname[39m=[32m"yearsOfExperience"[39m
        [33mtype[39m=[32m"radio"[39m
        [33mvalue[39m=[32m"0-1"[39m
      [36m/>[39m

      Name "2-3 years":
      [36m<input[39m
        [33mclass[39m=[32m"h-4 w-4 text-blue-600"[39m
        [33mname[39m=[32m"yearsOfExperience"[39m
        [33mtype[39m=[32m"radio"[39m
        [33mvalue[39m=[32m"2-3"[39m
      [36m/>[39m

      Name "4-5 years":
      [36m<input[39m
        [33mclass[39m=[32m"h-4 w-4 text-blue-600"[39m
        [33mname[39m=[32m"yearsOfExperience"[39m
        [33mtype[39m=[32m"radio"[39m
        [33mvalue[39m=[32m"4-5"[39m
      [36m/>[39m

      Name "6-10 years":
      [36m<input[39m
        [33mclass[39m=[32m"h-4 w-4 text-blue-600"[39m
        [33mname[39m=[32m"yearsOfExperience"[39m
        [33mtype[39m=[32m"radio"[39m
        [33mvalue[39m=[32m"6-10"[39m
      [36m/>[39m

      Name "11-15 years":
      [36m<input[39m
        [33mclass[39m=[32m"h-4 w-4 text-blue-600"[39m
        [33mname[39m=[32m"yearsOfExperience"[39m
        [33mtype[39m=[32m"radio"[39m
        [33mvalue[39m=[32m"11-15"[39m
      [36m/>[39m

      Name "16+ years":
      [36m<input[39m
        [33mclass[39m=[32m"h-4 w-4 text-blue-600"[39m
        [33mname[39m=[32m"yearsOfExperience"[39m
        [33mtype[39m=[32m"radio"[39m
        [33mvalue[39m=[32m"16+"[39m
      [36m/>[39m

      --------------------------------------------------

    Ignored nodes: comments, script, style
    [36m<body>[39m
      [36m<div>[39m
        [36m<div[39m
          [33mclass[39m=[32m"max-w-2xl mx-auto space-y-6"[39m
        [36m>[39m
          [36m<div[39m
            [33mclass[39m=[32m"text-center space-y-4"[39m
          [36m>[39m
            [36m<div[39m
              [33mclass[39m=[32m"flex justify-center"[39m
            [36m>[39m
              [36m<div[39m
                [33mclass[39m=[32m"p-3 bg-green-100 rounded-full"[39m
              [36m>[39m
                [36m<svg[39m
                  [33maria-hidden[39m=[32m"true"[39m
                  [33mclass[39m=[32m"lucide lucide-target h-8 w-8 text-green-600"[39m
                  [33mfill[39m=[32m"none"[39m
                  [33mheight[39m=[32m"24"[39m
                  [33mstroke[39m=[32m"currentColor"[39m
                  [33mstroke-linecap[39m=[32m"round"[39m
                  [33mstroke-linejoin[39m=[32m"round"[39m
                  [33mstroke-width[39m=[32m"2"[39m
                  [33mviewBox[39m=[32m"0 0 24 24"[39m
                  [33mwidth[39m=[32m"24"[39m
                  [33mxmlns[39m=[32m"http://www.w3.org/2000/svg"[39m
                [36m>[39m
                  [36m<circle[39m
                    [33mcx[39m=[32m"12"[39m
                    [33mcy[39m=[32m"12"[39m
                    [33mr[39m=[32m"10"[39m
                  [36m/>[39m
                  [36m<circle[39m
                    [33mcx[39m=[32m"12"[39m
                    [33mcy[39m=[32m"12"[39m
                    [33mr[39m=[32m"6"[39m
                  [36m/>[39m
                  [36m<circle[39m
                    [33mcx[39m=[32m"12"[39m
                    [33mcy[39m=[32m"12"[39m
                    [33mr[39m=[32m"2"[39m
                  [36m/>[39m
                [36m</svg>[39m
              [36m</div>[39m
            [36m</div>[39m
            [36m<h2[39m
              [33mclass[39m=[32m"text-2xl font-bold text-gray-900"[39m
            [36m>[39m
              [0mTell Us About Your Goals[0m
            [36m</h2>[39m
            [36m<p[39m
              [33mclass[39m=[32m"text-gray-600"[39m
            [36m>[39m
              [0mHelp us personalize your experience by sharing your career interests and target roles.[0m
            [36m</p>[39m
          [36m</div>[39m
          [36m<div[39m
            [33mclass[39m=[32m"bg-card text-card-foreground flex flex-col gap-6 rounded-xl border py-6 shadow-sm"[39m
            [33mdata-slot[39m=[32m"card"[39m
          [36m>[39m
            [36m<div[39m
              [33mclass[39m=[32m"@container/card-header grid auto-rows-min grid-rows-[auto_auto] items-start gap-1.5 px-6 has-data-[slot=card-action]:grid-cols-[1fr_auto] [.border-b]:pb-6"[39m
              [33mdata-slot[39m=[32m"card-header"[39m
            [36m>[39m
              [36m<div[39m
                [33mclass[39m=[32m"leading-none font-semibold flex items-center gap-2"[39m
                [33mdata-slot[39m=[32m"card-title"[39m
              [36m>[39m
                [36m<svg[39m
                  [33maria-hidden[39m=[32m"true"[39m
                  [33mclass[39m=[32m"lucide lucide-briefcase h-5 w-5"[39m
                  [33mfill[39m=[32m"none"[39m
                  [33mheight[39m=[32m"24"[39m
                  [33mstroke[39m=[32m"currentColor"[39m
                  [33mstroke-linecap[39m=[32m"round"[39m
                  [33mstroke-linejoin[39m=[32m"round"[39m
                  [33mstroke-width[39m=[32m"2"[39m
                  [33mviewBox[39m=[32m"0 0 24 24"[39m
                  [33mwidth[39m=[32m"24"[39m
                  [33mxmlns[39m=[32m"http://www.w3.org/2000/svg"[39m
                [36m>[39m
                  [36m<path[39m
                    [33md[39m=[32m"M16 20V4a2 2 0 0 0-2-2h-4a2 2 0 0 0-2 2v16"[39m
                  [36m/>[39m
                  [36m<rect[39m
                    [33mheight[39m=[32m"14"[39m
                    [33mrx[39m=[32m"2"[39m
                    [33mwidth[39m=[32m"20"[39m
                    [33mx[39m=[32m"2"[39m
                    [33my[39m=[32m"6"[39m
                  [36m/>[39m
                [36m</svg>[39m
                [0mTarget Roles[0m
              [36m</div>[39m
              [36m<div[39m
                [33mclass[39m=[32m"text-muted-foreground text-sm"[39m
                [33mdata-slot[39m=[32m"card-description"[39m
              [36m>[39m
                [0mWhat management or leadership roles are you interested in?[0m
              [36m</div>[39m
            [36m</div>[39m
            [36m<div[39m
              [33mclass[39m=[32m"px-6 space-y-4"[39m
              [33mdata-slot[39m=[32m"card-content"[39m
            [36m>[39m
              [36m<div[39m
                [33mclass[39m=[32m"space-y-2"[39m
              [36m>[39m
                [36m<label[39m
                  [33mclass[39m=[32m"flex items-center gap-2 select-none group-data-[disabled=true]:pointer-events-none group-data-[disabled=true]:opacity-50 peer-disabled:cursor-not-allowed peer-disabled:opacity-50 text-sm font-medium"[39m
                  [33mdata-slot[39m=[32m"label"[39m
                [36m>[39m
                  [0mPopular Roles[0m
                [36m</label>[39m
                [36m<div[39m
                  [33mclass[39m=[32m"flex flex-wrap gap-2"[39m
                [36m>[39m
                  [36m<button[39m
                    [33mclass[39m=[32m"inline-flex items-center justify-center whitespace-nowrap font-medium transition-all disabled:pointer-events-none disabled:opacity-50 [&_svg]:pointer-events-none [&_svg:not([class*='size-'])]:size-4 shrink-0 [&_svg]:shrink-0 outline-none focus-visible:border-ring focus-visible:ring-ring/50 focus-visible:ring-[3px] aria-invalid:ring-destructive/20 dark:aria-invalid:ring-destructive/40 aria-invalid:border-destructive border bg-background shadow-xs hover:bg-accent hover:text-accent-foreground dark:bg-input/30 dark:border-input dark:hover:bg-input/50 h-8 rounded-md gap-1.5 px-3 has-[>svg]:px-2.5 text-xs"[39m
                    [33mdata-slot[39m=[32m"button"[39m
                  [36m>[39m
                    [0mEngineering Manager[0m
                  [36m</button>[39m
                  [36m<button[39m
                    [33mclass[39m=[32m"inline-flex items-center justify-center whitespace-nowrap font-medium transition-all disabled:pointer-events-none disabled:opacity-50 [&_svg]:pointer-events-none [&_svg:not([class*='size-'])]:size-4 shrink-0 [&_svg]:shrink-0 outline-none focus-visible:border-ring focus-visible:ring-ring/50 focus-visible:ring-[3px] aria-invalid:ring-destructive/20 dark:aria-invalid:ring-destructive/40 aria-invalid:border-destructive border bg-background shadow-xs hover:bg-accent hover:text-accent-foreground dark:bg-input/30 dark:border-input dark:hover:bg-input/50 h-8 rounded-md gap-1.5 px-3 has-[>svg]:px-2.5 text-xs"[39m
                    [33mdata-slot[39m=[32m"button"[39m
                  [36m>[39m
                    [0mProduct Manager[0m
                  [36m</button>[39m
                  [36m<button[39m
                    [33mclass[39m=[32m"inline-flex items-center justify-center whitespace-nowrap font-medium transition-all disabled:pointer-events-none disable...

      112 |     // Fill out the form
      113 |     const customRoleInput = screen.getByPlaceholderText('Add custom role...');
    > 114 |     const addButton = screen.getByRole('button', { name: /plus/i });
          |                              ^
      115 |     fireEvent.change(customRoleInput, { target: { value: 'Test Role' } });
      116 |     fireEvent.click(addButton);
      117 |     

      at Object.getElementError (node_modules/@testing-library/dom/dist/config.js:37:19)
      at node_modules/@testing-library/dom/dist/query-helpers.js:76:38
      at node_modules/@testing-library/dom/dist/query-helpers.js:52:17
      at node_modules/@testing-library/dom/dist/query-helpers.js:95:19
      at Object.getByRole (src/components/onboarding/__tests__/job-interests-step.test.tsx:114:30)


Test Suites: 25 failed, 17 passed, 42 total
Tests:       52 failed, 298 passed, 350 total
Snapshots:   0 total
Time:        11.544 s
Ran all test suites.
